2025-10-31T01:54:41.3902353Z Current runner version: '2.328.0'
2025-10-31T01:54:41.3925843Z ##[group]Runner Image Provisioner
2025-10-31T01:54:41.3926628Z Hosted Compute Agent
2025-10-31T01:54:41.3927107Z Version: 20250912.392
2025-10-31T01:54:41.3927688Z Commit: d921fda672a98b64f4f82364647e2f10b2267d0b
2025-10-31T01:54:41.3928325Z Build Date: 2025-09-12T15:23:14Z
2025-10-31T01:54:41.3928879Z ##[endgroup]
2025-10-31T01:54:41.3929388Z ##[group]Operating System
2025-10-31T01:54:41.3929893Z Ubuntu
2025-10-31T01:54:41.3930342Z 24.04.3
2025-10-31T01:54:41.3930728Z LTS
2025-10-31T01:54:41.3931166Z ##[endgroup]
2025-10-31T01:54:41.3931570Z ##[group]Runner Image
2025-10-31T01:54:41.3932060Z Image: ubuntu-24.04
2025-10-31T01:54:41.3932524Z Version: 20250929.60.1
2025-10-31T01:54:41.3933450Z Included Software: https://github.com/actions/runner-images/blob/ubuntu24/20250929.60/images/ubuntu/Ubuntu2404-Readme.md
2025-10-31T01:54:41.3934842Z Image Release: https://github.com/actions/runner-images/releases/tag/ubuntu24%2F20250929.60
2025-10-31T01:54:41.3935834Z ##[endgroup]
2025-10-31T01:54:41.3936896Z ##[group]GITHUB_TOKEN Permissions
2025-10-31T01:54:41.3938709Z Contents: read
2025-10-31T01:54:41.3939182Z Metadata: read
2025-10-31T01:54:41.3939683Z Packages: read
2025-10-31T01:54:41.3940087Z ##[endgroup]
2025-10-31T01:54:41.3942030Z Secret source: Actions
2025-10-31T01:54:41.3942634Z Prepare workflow directory
2025-10-31T01:54:41.4354424Z Prepare all required actions
2025-10-31T01:54:41.4410450Z Getting action download info
2025-10-31T01:54:41.9501558Z Download action repository 'actions/checkout@v4' (SHA:08eba0b27e820071cde6df949e0beb9ba4906955)
2025-10-31T01:54:42.0386298Z Download action repository 'actions/setup-node@v4' (SHA:49933ea5288caeca8642d1e84afbd3f7d6820020)
2025-10-31T01:54:42.1154722Z Download action repository 'microsoft/playwright-github-action@v1' (SHA:91d778e7ba32fe5946d69a20848327c9718cdbc2)
2025-10-31T01:54:42.7948057Z Download action repository 'actions/upload-artifact@v4' (SHA:ea165f8d65b6e75b540449e92b4886f43607fa02)
2025-10-31T01:54:42.9726675Z Complete job name: Run Jest unit tests and Playwright E2E
2025-10-31T01:54:43.0502585Z ##[group]Run actions/checkout@v4
2025-10-31T01:54:43.0504001Z with:
2025-10-31T01:54:43.0504798Z   repository: wilianflima321-glitch/meu-repo
2025-10-31T01:54:43.0506196Z   token: ***
2025-10-31T01:54:43.0506893Z   ssh-strict: true
2025-10-31T01:54:43.0507631Z   ssh-user: git
2025-10-31T01:54:43.0508441Z   persist-credentials: true
2025-10-31T01:54:43.0509341Z   clean: true
2025-10-31T01:54:43.0510118Z   sparse-checkout-cone-mode: true
2025-10-31T01:54:43.0511101Z   fetch-depth: 1
2025-10-31T01:54:43.0511842Z   fetch-tags: false
2025-10-31T01:54:43.0512632Z   show-progress: true
2025-10-31T01:54:43.0513391Z   lfs: false
2025-10-31T01:54:43.0514119Z   submodules: false
2025-10-31T01:54:43.0514945Z   set-safe-directory: true
2025-10-31T01:54:43.0516561Z ##[endgroup]
2025-10-31T01:54:43.1596158Z Syncing repository: wilianflima321-glitch/meu-repo
2025-10-31T01:54:43.1598417Z ##[group]Getting Git version info
2025-10-31T01:54:43.1599492Z Working directory is '/home/runner/work/meu-repo/meu-repo'
2025-10-31T01:54:43.1601892Z [command]/usr/bin/git version
2025-10-31T01:54:43.1646817Z git version 2.51.0
2025-10-31T01:54:43.1667197Z ##[endgroup]
2025-10-31T01:54:43.1681966Z Temporarily overriding HOME='/home/runner/work/_temp/8e40d526-1fbf-40f5-be89-22830f340c9b' before making global git config changes
2025-10-31T01:54:43.1686196Z Adding repository directory to the temporary git global config as a safe directory
2025-10-31T01:54:43.1703045Z [command]/usr/bin/git config --global --add safe.directory /home/runner/work/meu-repo/meu-repo
2025-10-31T01:54:43.1737269Z Deleting the contents of '/home/runner/work/meu-repo/meu-repo'
2025-10-31T01:54:43.1741781Z ##[group]Initializing the repository
2025-10-31T01:54:43.1746965Z [command]/usr/bin/git init /home/runner/work/meu-repo/meu-repo
2025-10-31T01:54:43.1831672Z hint: Using 'master' as the name for the initial branch. This default branch name
2025-10-31T01:54:43.1834969Z hint: is subject to change. To configure the initial branch name to use in all
2025-10-31T01:54:43.1837127Z hint: of your new repositories, which will suppress this warning, call:
2025-10-31T01:54:43.1838515Z hint:
2025-10-31T01:54:43.1839516Z hint: 	git config --global init.defaultBranch <name>
2025-10-31T01:54:43.1840938Z hint:
2025-10-31T01:54:43.1841982Z hint: Names commonly chosen instead of 'master' are 'main', 'trunk' and
2025-10-31T01:54:43.1843771Z hint: 'development'. The just-created branch can be renamed via this command:
2025-10-31T01:54:43.1845413Z hint:
2025-10-31T01:54:43.1846350Z hint: 	git branch -m <name>
2025-10-31T01:54:43.1847221Z hint:
2025-10-31T01:54:43.1848347Z hint: Disable this message with "git config set advice.defaultBranchName false"
2025-10-31T01:54:43.1851276Z Initialized empty Git repository in /home/runner/work/meu-repo/meu-repo/.git/
2025-10-31T01:54:43.1854503Z [command]/usr/bin/git remote add origin https://github.com/wilianflima321-glitch/meu-repo
2025-10-31T01:54:43.1888287Z ##[endgroup]
2025-10-31T01:54:43.1891253Z ##[group]Disabling automatic garbage collection
2025-10-31T01:54:43.1894069Z [command]/usr/bin/git config --local gc.auto 0
2025-10-31T01:54:43.1919061Z ##[endgroup]
2025-10-31T01:54:43.1921711Z ##[group]Setting up auth
2025-10-31T01:54:43.1926347Z [command]/usr/bin/git config --local --name-only --get-regexp core\.sshCommand
2025-10-31T01:54:43.1956767Z [command]/usr/bin/git submodule foreach --recursive sh -c "git config --local --name-only --get-regexp 'core\.sshCommand' && git config --local --unset-all 'core.sshCommand' || :"
2025-10-31T01:54:43.2229989Z [command]/usr/bin/git config --local --name-only --get-regexp http\.https\:\/\/github\.com\/\.extraheader
2025-10-31T01:54:43.2258469Z [command]/usr/bin/git submodule foreach --recursive sh -c "git config --local --name-only --get-regexp 'http\.https\:\/\/github\.com\/\.extraheader' && git config --local --unset-all 'http.https://github.com/.extraheader' || :"
2025-10-31T01:54:43.2437079Z [command]/usr/bin/git config --local http.https://github.com/.extraheader AUTHORIZATION: basic ***
2025-10-31T01:54:43.2468342Z ##[endgroup]
2025-10-31T01:54:43.2470510Z ##[group]Fetching the repository
2025-10-31T01:54:43.2489495Z [command]/usr/bin/git -c protocol.version=2 fetch --no-tags --prune --no-recurse-submodules --depth=1 origin +152537707c363ef094c1391224fa27dbaac10db2:refs/remotes/origin/infra/playwright-ci-ensemble-workflow-fix
2025-10-31T01:54:43.6741033Z From https://github.com/wilianflima321-glitch/meu-repo
2025-10-31T01:54:43.6778713Z  * [new ref]         152537707c363ef094c1391224fa27dbaac10db2 -> origin/infra/playwright-ci-ensemble-workflow-fix
2025-10-31T01:54:43.6784610Z ##[endgroup]
2025-10-31T01:54:43.6797346Z ##[group]Determining the checkout info
2025-10-31T01:54:43.6799774Z ##[endgroup]
2025-10-31T01:54:43.6801139Z [command]/usr/bin/git sparse-checkout disable
2025-10-31T01:54:43.6837599Z [command]/usr/bin/git config --local --unset-all extensions.worktreeConfig
2025-10-31T01:54:43.6884188Z ##[group]Checking out the ref
2025-10-31T01:54:43.6898330Z [command]/usr/bin/git checkout --progress --force -B infra/playwright-ci-ensemble-workflow-fix refs/remotes/origin/infra/playwright-ci-ensemble-workflow-fix
2025-10-31T01:54:43.6954833Z Switched to a new branch 'infra/playwright-ci-ensemble-workflow-fix'
2025-10-31T01:54:43.6961356Z branch 'infra/playwright-ci-ensemble-workflow-fix' set up to track 'origin/infra/playwright-ci-ensemble-workflow-fix'.
2025-10-31T01:54:43.6968655Z ##[endgroup]
2025-10-31T01:54:43.6998509Z [command]/usr/bin/git log -1 --format=%H
2025-10-31T01:54:43.7017451Z 152537707c363ef094c1391224fa27dbaac10db2
2025-10-31T01:54:43.7302602Z ##[group]Run actions/setup-node@v4
2025-10-31T01:54:43.7303663Z with:
2025-10-31T01:54:43.7304428Z   node-version: 18
2025-10-31T01:54:43.7305399Z   always-auth: false
2025-10-31T01:54:43.7306283Z   check-latest: false
2025-10-31T01:54:43.7307470Z   token: ***
2025-10-31T01:54:43.7308250Z ##[endgroup]
2025-10-31T01:54:43.9292821Z Found in cache @ /opt/hostedtoolcache/node/18.20.8/x64
2025-10-31T01:54:43.9298918Z ##[group]Environment details
2025-10-31T01:54:45.7039483Z node: v18.20.8
2025-10-31T01:54:45.7041601Z npm: 10.8.2
2025-10-31T01:54:45.7041956Z yarn: 1.22.22
2025-10-31T01:54:45.7042693Z ##[endgroup]
2025-10-31T01:54:45.7131634Z ##[group]Run # use npm install instead of npm ci because this repository does not include a lockfile
2025-10-31T01:54:45.7132381Z [36;1m# use npm install instead of npm ci because this repository does not include a lockfile[0m
2025-10-31T01:54:45.7132849Z [36;1mnpm install --no-audit --no-fund[0m
2025-10-31T01:54:45.7169933Z shell: /usr/bin/bash -e {0}
2025-10-31T01:54:45.7170204Z ##[endgroup]
2025-10-31T01:54:55.5167657Z 
2025-10-31T01:54:55.5177986Z added 70 packages in 10s
2025-10-31T01:54:55.5297768Z ##[group]Run npm test --silent
2025-10-31T01:54:55.5298060Z [36;1mnpm test --silent[0m
2025-10-31T01:54:55.5316932Z shell: /usr/bin/bash -e {0}
2025-10-31T01:54:55.5317192Z ##[endgroup]
2025-10-31T01:54:55.6664544Z ##[error]Process completed with exit code 1.
2025-10-31T01:54:55.6737202Z ##[group]Run actions/upload-artifact@v4
2025-10-31T01:54:55.6737468Z with:
2025-10-31T01:54:55.6737627Z   name: server-log
2025-10-31T01:54:55.6737819Z   path: tools/llm-mock/server.log
2025-10-31T01:54:55.6738040Z   if-no-files-found: warn
2025-10-31T01:54:55.6738243Z   compression-level: 6
2025-10-31T01:54:55.6738423Z   overwrite: false
2025-10-31T01:54:55.6738610Z   include-hidden-files: false
2025-10-31T01:54:55.6738814Z ##[endgroup]
2025-10-31T01:54:55.9190255Z ##[warning]No files were found with the provided path: tools/llm-mock/server.log. No artifacts will be uploaded.
2025-10-31T01:54:55.9289994Z ##[group]Run actions/upload-artifact@v4
2025-10-31T01:54:55.9290260Z with:
2025-10-31T01:54:55.9290431Z   name: playwright-report
2025-10-31T01:54:55.9290656Z   path: playwright-report
2025-10-31T01:54:55.9290854Z   if-no-files-found: warn
2025-10-31T01:54:55.9291089Z   compression-level: 6
2025-10-31T01:54:55.9291273Z   overwrite: false
2025-10-31T01:54:55.9291490Z   include-hidden-files: false
2025-10-31T01:54:55.9291694Z ##[endgroup]
2025-10-31T01:54:56.1398107Z ##[warning]No files were found with the provided path: playwright-report. No artifacts will be uploaded.
2025-10-31T01:54:56.1540347Z Post job cleanup.
2025-10-31T01:54:56.2416864Z [command]/usr/bin/git version
2025-10-31T01:54:56.2455335Z git version 2.51.0
2025-10-31T01:54:56.2499159Z Temporarily overriding HOME='/home/runner/work/_temp/804b1027-a25b-432f-8244-7b9ffcd23b87' before making global git config changes
2025-10-31T01:54:56.2502261Z Adding repository directory to the temporary git global config as a safe directory
2025-10-31T01:54:56.2506316Z [command]/usr/bin/git config --global --add safe.directory /home/runner/work/meu-repo/meu-repo
2025-10-31T01:54:56.2547313Z [command]/usr/bin/git config --local --name-only --get-regexp core\.sshCommand
2025-10-31T01:54:56.2578817Z [command]/usr/bin/git submodule foreach --recursive sh -c "git config --local --name-only --get-regexp 'core\.sshCommand' && git config --local --unset-all 'core.sshCommand' || :"
2025-10-31T01:54:56.2764402Z [command]/usr/bin/git config --local --name-only --get-regexp http\.https\:\/\/github\.com\/\.extraheader
2025-10-31T01:54:56.2786692Z http.https://github.com/.extraheader
2025-10-31T01:54:56.2799333Z [command]/usr/bin/git config --local --unset-all http.https://github.com/.extraheader
2025-10-31T01:54:56.2828548Z [command]/usr/bin/git submodule foreach --recursive sh -c "git config --local --name-only --get-regexp 'http\.https\:\/\/github\.com\/\.extraheader' && git config --local --unset-all 'http.https://github.com/.extraheader' || :"
2025-10-31T01:54:56.3101869Z Cleaning up orphan processes
