2025-10-31T02:31:38.7614561Z Current runner version: '2.328.0'
2025-10-31T02:31:38.7656237Z ##[group]Runner Image Provisioner
2025-10-31T02:31:38.7657425Z Hosted Compute Agent
2025-10-31T02:31:38.7658622Z Version: 20250912.392
2025-10-31T02:31:38.7659628Z Commit: d921fda672a98b64f4f82364647e2f10b2267d0b
2025-10-31T02:31:38.7660758Z Build Date: 2025-09-12T15:23:14Z
2025-10-31T02:31:38.7661884Z ##[endgroup]
2025-10-31T02:31:38.7662818Z ##[group]Operating System
2025-10-31T02:31:38.7663734Z Ubuntu
2025-10-31T02:31:38.7664796Z 24.04.3
2025-10-31T02:31:38.7665660Z LTS
2025-10-31T02:31:38.7666629Z ##[endgroup]
2025-10-31T02:31:38.7667712Z ##[group]Runner Image
2025-10-31T02:31:38.7668621Z Image: ubuntu-24.04
2025-10-31T02:31:38.7669486Z Version: 20250929.60.1
2025-10-31T02:31:38.7671424Z Included Software: https://github.com/actions/runner-images/blob/ubuntu24/20250929.60/images/ubuntu/Ubuntu2404-Readme.md
2025-10-31T02:31:38.7674201Z Image Release: https://github.com/actions/runner-images/releases/tag/ubuntu24%2F20250929.60
2025-10-31T02:31:38.7676355Z ##[endgroup]
2025-10-31T02:31:38.7678225Z ##[group]GITHUB_TOKEN Permissions
2025-10-31T02:31:38.7680850Z Contents: read
2025-10-31T02:31:38.7681732Z Metadata: read
2025-10-31T02:31:38.7682503Z Packages: read
2025-10-31T02:31:38.7683437Z ##[endgroup]
2025-10-31T02:31:38.7686722Z Secret source: Actions
2025-10-31T02:31:38.7687809Z Prepare workflow directory
2025-10-31T02:31:38.8601350Z Prepare all required actions
2025-10-31T02:31:38.8658791Z Getting action download info
2025-10-31T02:31:39.2987855Z Download action repository 'actions/checkout@v4' (SHA:08eba0b27e820071cde6df949e0beb9ba4906955)
2025-10-31T02:31:39.3988315Z Download action repository 'actions/setup-node@v4' (SHA:49933ea5288caeca8642d1e84afbd3f7d6820020)
2025-10-31T02:31:39.4965524Z Download action repository 'actions/upload-artifact@v4' (SHA:ea165f8d65b6e75b540449e92b4886f43607fa02)
2025-10-31T02:31:39.7090513Z Complete job name: Run Jest unit tests and Playwright E2E
2025-10-31T02:31:39.7788575Z ##[group]Run actions/checkout@v4
2025-10-31T02:31:39.7789516Z with:
2025-10-31T02:31:39.7789986Z   repository: wilianflima321-glitch/meu-repo
2025-10-31T02:31:39.7790776Z   token: ***
2025-10-31T02:31:39.7791181Z   ssh-strict: true
2025-10-31T02:31:39.7791597Z   ssh-user: git
2025-10-31T02:31:39.7792014Z   persist-credentials: true
2025-10-31T02:31:39.7792484Z   clean: true
2025-10-31T02:31:39.7792913Z   sparse-checkout-cone-mode: true
2025-10-31T02:31:39.7793424Z   fetch-depth: 1
2025-10-31T02:31:39.7793832Z   fetch-tags: false
2025-10-31T02:31:39.7794279Z   show-progress: true
2025-10-31T02:31:39.7794711Z   lfs: false
2025-10-31T02:31:39.7795105Z   submodules: false
2025-10-31T02:31:39.7795534Z   set-safe-directory: true
2025-10-31T02:31:39.7796482Z ##[endgroup]
2025-10-31T02:31:39.8971576Z Syncing repository: wilianflima321-glitch/meu-repo
2025-10-31T02:31:39.8974806Z ##[group]Getting Git version info
2025-10-31T02:31:39.8976555Z Working directory is '/home/runner/work/meu-repo/meu-repo'
2025-10-31T02:31:39.8978433Z [command]/usr/bin/git version
2025-10-31T02:31:39.9058249Z git version 2.51.0
2025-10-31T02:31:39.9087952Z ##[endgroup]
2025-10-31T02:31:39.9103317Z Temporarily overriding HOME='/home/runner/work/_temp/29abd612-0a04-426c-b427-70aa448b480f' before making global git config changes
2025-10-31T02:31:39.9107298Z Adding repository directory to the temporary git global config as a safe directory
2025-10-31T02:31:39.9120815Z [command]/usr/bin/git config --global --add safe.directory /home/runner/work/meu-repo/meu-repo
2025-10-31T02:31:39.9160193Z Deleting the contents of '/home/runner/work/meu-repo/meu-repo'
2025-10-31T02:31:39.9164866Z ##[group]Initializing the repository
2025-10-31T02:31:39.9170341Z [command]/usr/bin/git init /home/runner/work/meu-repo/meu-repo
2025-10-31T02:31:39.9311031Z hint: Using 'master' as the name for the initial branch. This default branch name
2025-10-31T02:31:39.9313487Z hint: is subject to change. To configure the initial branch name to use in all
2025-10-31T02:31:39.9316396Z hint: of your new repositories, which will suppress this warning, call:
2025-10-31T02:31:39.9318653Z hint:
2025-10-31T02:31:39.9319583Z hint: 	git config --global init.defaultBranch <name>
2025-10-31T02:31:39.9320748Z hint:
2025-10-31T02:31:39.9321871Z hint: Names commonly chosen instead of 'master' are 'main', 'trunk' and
2025-10-31T02:31:39.9323685Z hint: 'development'. The just-created branch can be renamed via this command:
2025-10-31T02:31:39.9325156Z hint:
2025-10-31T02:31:39.9325901Z hint: 	git branch -m <name>
2025-10-31T02:31:39.9327014Z hint:
2025-10-31T02:31:39.9328107Z hint: Disable this message with "git config set advice.defaultBranchName false"
2025-10-31T02:31:39.9330804Z Initialized empty Git repository in /home/runner/work/meu-repo/meu-repo/.git/
2025-10-31T02:31:39.9334884Z [command]/usr/bin/git remote add origin https://github.com/wilianflima321-glitch/meu-repo
2025-10-31T02:31:39.9374210Z ##[endgroup]
2025-10-31T02:31:39.9375577Z ##[group]Disabling automatic garbage collection
2025-10-31T02:31:39.9378719Z [command]/usr/bin/git config --local gc.auto 0
2025-10-31T02:31:39.9411520Z ##[endgroup]
2025-10-31T02:31:39.9412910Z ##[group]Setting up auth
2025-10-31T02:31:39.9418737Z [command]/usr/bin/git config --local --name-only --get-regexp core\.sshCommand
2025-10-31T02:31:39.9452495Z [command]/usr/bin/git submodule foreach --recursive sh -c "git config --local --name-only --get-regexp 'core\.sshCommand' && git config --local --unset-all 'core.sshCommand' || :"
2025-10-31T02:31:39.9835566Z [command]/usr/bin/git config --local --name-only --get-regexp http\.https\:\/\/github\.com\/\.extraheader
2025-10-31T02:31:39.9868496Z [command]/usr/bin/git submodule foreach --recursive sh -c "git config --local --name-only --get-regexp 'http\.https\:\/\/github\.com\/\.extraheader' && git config --local --unset-all 'http.https://github.com/.extraheader' || :"
2025-10-31T02:31:40.0098668Z [command]/usr/bin/git config --local http.https://github.com/.extraheader AUTHORIZATION: basic ***
2025-10-31T02:31:40.0135227Z ##[endgroup]
2025-10-31T02:31:40.0138087Z ##[group]Fetching the repository
2025-10-31T02:31:40.0155555Z [command]/usr/bin/git -c protocol.version=2 fetch --no-tags --prune --no-recurse-submodules --depth=1 origin +e8fde87320eb833def4120f9f364aae1e70fdcad:refs/remotes/origin/infra/playwright-ci-ensemble-workflow-fix
2025-10-31T02:31:40.4165839Z From https://github.com/wilianflima321-glitch/meu-repo
2025-10-31T02:31:40.4169790Z  * [new ref]         e8fde87320eb833def4120f9f364aae1e70fdcad -> origin/infra/playwright-ci-ensemble-workflow-fix
2025-10-31T02:31:40.4193198Z ##[endgroup]
2025-10-31T02:31:40.4194894Z ##[group]Determining the checkout info
2025-10-31T02:31:40.4198677Z ##[endgroup]
2025-10-31T02:31:40.4201370Z [command]/usr/bin/git sparse-checkout disable
2025-10-31T02:31:40.4244043Z [command]/usr/bin/git config --local --unset-all extensions.worktreeConfig
2025-10-31T02:31:40.4278091Z ##[group]Checking out the ref
2025-10-31T02:31:40.4283189Z [command]/usr/bin/git checkout --progress --force -B infra/playwright-ci-ensemble-workflow-fix refs/remotes/origin/infra/playwright-ci-ensemble-workflow-fix
2025-10-31T02:31:40.4355827Z Switched to a new branch 'infra/playwright-ci-ensemble-workflow-fix'
2025-10-31T02:31:40.4362321Z branch 'infra/playwright-ci-ensemble-workflow-fix' set up to track 'origin/infra/playwright-ci-ensemble-workflow-fix'.
2025-10-31T02:31:40.4372884Z ##[endgroup]
2025-10-31T02:31:40.4403569Z [command]/usr/bin/git log -1 --format=%H
2025-10-31T02:31:40.4426826Z e8fde87320eb833def4120f9f364aae1e70fdcad
2025-10-31T02:31:40.4729271Z ##[group]Run actions/setup-node@v4
2025-10-31T02:31:40.4730371Z with:
2025-10-31T02:31:40.4731150Z   node-version: 18
2025-10-31T02:31:40.4732010Z   always-auth: false
2025-10-31T02:31:40.4732905Z   check-latest: false
2025-10-31T02:31:40.4734055Z   token: ***
2025-10-31T02:31:40.4734861Z ##[endgroup]
2025-10-31T02:31:40.6690690Z Found in cache @ /opt/hostedtoolcache/node/18.20.8/x64
2025-10-31T02:31:40.6693990Z ##[group]Environment details
2025-10-31T02:31:42.8020812Z node: v18.20.8
2025-10-31T02:31:42.8023473Z npm: 10.8.2
2025-10-31T02:31:42.8024382Z yarn: 1.22.22
2025-10-31T02:31:42.8025689Z ##[endgroup]
2025-10-31T02:31:42.8144254Z ##[group]Run # use npm install instead of npm ci because this repository does not include a lockfile
2025-10-31T02:31:42.8144986Z [36;1m# use npm install instead of npm ci because this repository does not include a lockfile[0m
2025-10-31T02:31:42.8145470Z [36;1mnpm install --no-audit --no-fund[0m
2025-10-31T02:31:42.8192333Z shell: /usr/bin/bash -e {0}
2025-10-31T02:31:42.8192639Z ##[endgroup]
2025-10-31T02:31:52.8366996Z 
2025-10-31T02:31:52.8377676Z added 70 packages in 10s
2025-10-31T02:31:52.8612720Z ##[group]Run if [ -f tools/llm-mock/package.json ]; then
2025-10-31T02:31:52.8613482Z [36;1mif [ -f tools/llm-mock/package.json ]; then[0m
2025-10-31T02:31:52.8614139Z [36;1m  echo "Found tools/llm-mock/package.json — installing dependencies"[0m
2025-10-31T02:31:52.8614885Z [36;1m  (cd tools/llm-mock && npm install --no-audit --no-fund)[0m
2025-10-31T02:31:52.8615468Z [36;1melse[0m
2025-10-31T02:31:52.8616158Z [36;1m  echo "No package.json in tools/llm-mock — skipping"[0m
2025-10-31T02:31:52.8616670Z [36;1mfi[0m
2025-10-31T02:31:52.8652699Z shell: /usr/bin/bash -e {0}
2025-10-31T02:31:52.8652957Z ##[endgroup]
2025-10-31T02:31:52.8708912Z Found tools/llm-mock/package.json — installing dependencies
2025-10-31T02:32:13.3230987Z npm warn deprecated inflight@1.0.6: This module is not supported, and leaks memory. Do not use it. Check out lru-cache if you want a good and tested way to coalesce async requests by a key value, which is much more comprehensive and powerful.
2025-10-31T02:32:13.6596687Z npm warn deprecated glob@7.2.3: Glob versions prior to v9 are no longer supported
2025-10-31T02:32:14.7053528Z 
2025-10-31T02:32:14.7054120Z added 364 packages in 22s
2025-10-31T02:32:14.7341997Z ##[group]Run # Run Jest only if the mock package has a package.json and tests configured
2025-10-31T02:32:14.7342575Z [36;1m# Run Jest only if the mock package has a package.json and tests configured[0m
2025-10-31T02:32:14.7342999Z [36;1mif [ -f tools/llm-mock/package.json ]; then[0m
2025-10-31T02:32:14.7343424Z [36;1m  echo "Found tools/llm-mock/package.json — running npm test in that directory"[0m
2025-10-31T02:32:14.7343860Z [36;1m  (cd tools/llm-mock && npm test --silent)[0m
2025-10-31T02:32:14.7344127Z [36;1melse[0m
2025-10-31T02:32:14.7344406Z [36;1m  echo "No package.json in tools/llm-mock — skipping Jest unit tests"[0m
2025-10-31T02:32:14.7344756Z [36;1mfi[0m
2025-10-31T02:32:14.7375929Z shell: /usr/bin/bash -e {0}
2025-10-31T02:32:14.7376412Z ##[endgroup]
2025-10-31T02:32:14.7432879Z Found tools/llm-mock/package.json — running npm test in that directory
2025-10-31T02:32:15.7724189Z PASS __tests__/verifier_magic.test.js
2025-10-31T02:32:15.8191993Z PASS __tests__/physics.test.js
2025-10-31T02:32:15.8204434Z 
2025-10-31T02:32:15.8213163Z Test Suites: 2 passed, 2 total
2025-10-31T02:32:15.8214947Z Tests:       4 passed, 4 total
2025-10-31T02:32:15.8215470Z Snapshots:   0 total
2025-10-31T02:32:15.8215915Z Time:        0.537 s
2025-10-31T02:32:15.8216698Z Ran all test suites.
2025-10-31T02:32:15.9517775Z ##[group]Run # Use playwright CLI to install system deps and browsers. The microsoft/playwright-github-action@v1
2025-10-31T02:32:15.9519017Z [36;1m# Use playwright CLI to install system deps and browsers. The microsoft/playwright-github-action@v1[0m
2025-10-31T02:32:15.9520147Z [36;1m# is deprecated and may fail on some runner images. Prefer npx playwright install --with-deps.[0m
2025-10-31T02:32:15.9520946Z [36;1mnpx playwright install --with-deps[0m
2025-10-31T02:32:15.9521603Z [36;1m# Ensure the chromium browser is installed for the tests (idempotent).[0m
2025-10-31T02:32:15.9522280Z [36;1mnpx playwright install chromium[0m
2025-10-31T02:32:15.9569444Z shell: /usr/bin/bash -e {0}
2025-10-31T02:32:15.9569860Z ##[endgroup]
2025-10-31T02:32:17.0200631Z Installing dependencies...
2025-10-31T02:32:17.0309904Z Switching to root user to install dependencies...
2025-10-31T02:32:17.1759232Z Get:1 file:/etc/apt/apt-mirrors.txt Mirrorlist [144 B]
2025-10-31T02:32:17.2640114Z Hit:2 http://azure.archive.ubuntu.com/ubuntu noble InRelease
2025-10-31T02:32:17.2658572Z Get:6 https://packages.microsoft.com/repos/azure-cli noble InRelease [3564 B]
2025-10-31T02:32:17.2758404Z Get:3 http://azure.archive.ubuntu.com/ubuntu noble-updates InRelease [126 kB]
2025-10-31T02:32:17.2903849Z Get:4 http://azure.archive.ubuntu.com/ubuntu noble-backports InRelease [126 kB]
2025-10-31T02:32:17.2986934Z Get:5 http://azure.archive.ubuntu.com/ubuntu noble-security InRelease [126 kB]
2025-10-31T02:32:17.3024517Z Get:7 https://packages.microsoft.com/ubuntu/24.04/prod noble InRelease [3600 B]
2025-10-31T02:32:17.4799738Z Get:8 https://packages.microsoft.com/repos/azure-cli noble/main amd64 Packages [1629 B]
2025-10-31T02:32:17.5348333Z Get:9 http://azure.archive.ubuntu.com/ubuntu noble-updates/main amd64 Packages [1545 kB]
2025-10-31T02:32:17.5463937Z Get:10 http://azure.archive.ubuntu.com/ubuntu noble-updates/main Translation-en [294 kB]
2025-10-31T02:32:17.5515621Z Get:11 http://azure.archive.ubuntu.com/ubuntu noble-updates/main amd64 Components [175 kB]
2025-10-31T02:32:17.5539192Z Get:12 http://azure.archive.ubuntu.com/ubuntu noble-updates/main amd64 c-n-f Metadata [15.4 kB]
2025-10-31T02:32:17.5597489Z Get:13 http://azure.archive.ubuntu.com/ubuntu noble-updates/universe amd64 Packages [1498 kB]
2025-10-31T02:32:17.5769851Z Get:14 http://azure.archive.ubuntu.com/ubuntu noble-updates/universe Translation-en [303 kB]
2025-10-31T02:32:17.5818270Z Get:15 http://azure.archive.ubuntu.com/ubuntu noble-updates/universe amd64 Components [378 kB]
2025-10-31T02:32:17.5879075Z Get:16 http://azure.archive.ubuntu.com/ubuntu noble-updates/universe amd64 c-n-f Metadata [31.4 kB]
2025-10-31T02:32:17.5918478Z Get:17 http://azure.archive.ubuntu.com/ubuntu noble-updates/restricted amd64 Packages [2175 kB]
2025-10-31T02:32:17.6187383Z Get:18 http://azure.archive.ubuntu.com/ubuntu noble-updates/restricted Translation-en [490 kB]
2025-10-31T02:32:17.6731858Z Get:19 http://azure.archive.ubuntu.com/ubuntu noble-updates/restricted amd64 Components [212 B]
2025-10-31T02:32:17.6740597Z Get:20 http://azure.archive.ubuntu.com/ubuntu noble-updates/restricted amd64 c-n-f Metadata [516 B]
2025-10-31T02:32:17.6783609Z Get:21 http://azure.archive.ubuntu.com/ubuntu noble-updates/multiverse amd64 Packages [30.3 kB]
2025-10-31T02:32:17.6796501Z Get:22 http://azure.archive.ubuntu.com/ubuntu noble-updates/multiverse Translation-en [5564 B]
2025-10-31T02:32:17.6814899Z Get:23 http://azure.archive.ubuntu.com/ubuntu noble-updates/multiverse amd64 Components [940 B]
2025-10-31T02:32:17.6825243Z Get:24 http://azure.archive.ubuntu.com/ubuntu noble-updates/multiverse amd64 c-n-f Metadata [484 B]
2025-10-31T02:32:17.6840958Z Get:25 http://azure.archive.ubuntu.com/ubuntu noble-backports/main amd64 Components [7148 B]
2025-10-31T02:32:17.6870196Z Get:26 http://azure.archive.ubuntu.com/ubuntu noble-backports/universe amd64 Components [11.0 kB]
2025-10-31T02:32:17.6883583Z Get:27 http://azure.archive.ubuntu.com/ubuntu noble-backports/restricted amd64 Components [216 B]
2025-10-31T02:32:17.6889530Z Get:28 http://azure.archive.ubuntu.com/ubuntu noble-backports/multiverse amd64 Components [212 B]
2025-10-31T02:32:17.6942655Z Get:29 http://azure.archive.ubuntu.com/ubuntu noble-security/main amd64 Packages [1270 kB]
2025-10-31T02:32:17.7092107Z Get:30 http://azure.archive.ubuntu.com/ubuntu noble-security/main Translation-en [211 kB]
2025-10-31T02:32:17.7108958Z Get:31 http://azure.archive.ubuntu.com/ubuntu noble-security/main amd64 Components [21.5 kB]
2025-10-31T02:32:17.7146698Z Get:32 http://azure.archive.ubuntu.com/ubuntu noble-security/main amd64 c-n-f Metadata [9008 B]
2025-10-31T02:32:17.7607377Z Get:33 http://azure.archive.ubuntu.com/ubuntu noble-security/universe amd64 Packages [905 kB]
2025-10-31T02:32:17.7729623Z Get:34 http://azure.archive.ubuntu.com/ubuntu noble-security/universe Translation-en [203 kB]
2025-10-31T02:32:17.7767118Z Get:35 http://azure.archive.ubuntu.com/ubuntu noble-security/universe amd64 Components [52.2 kB]
2025-10-31T02:32:17.7803813Z Get:36 http://azure.archive.ubuntu.com/ubuntu noble-security/universe amd64 c-n-f Metadata [19.4 kB]
2025-10-31T02:32:17.7837644Z Get:37 http://azure.archive.ubuntu.com/ubuntu noble-security/restricted amd64 Packages [2080 kB]
2025-10-31T02:32:17.8040805Z Get:38 http://azure.archive.ubuntu.com/ubuntu noble-security/restricted Translation-en [470 kB]
2025-10-31T02:32:17.8133220Z Get:39 http://azure.archive.ubuntu.com/ubuntu noble-security/restricted amd64 Components [208 B]
2025-10-31T02:32:17.8144501Z Get:40 http://azure.archive.ubuntu.com/ubuntu noble-security/restricted amd64 c-n-f Metadata [500 B]
2025-10-31T02:32:17.8149389Z Get:45 https://packages.microsoft.com/ubuntu/24.04/prod noble/main arm64 Packages [48.7 kB]
2025-10-31T02:32:17.8158837Z Get:41 http://azure.archive.ubuntu.com/ubuntu noble-security/multiverse amd64 Packages [27.4 kB]
2025-10-31T02:32:17.8183769Z Get:42 http://azure.archive.ubuntu.com/ubuntu noble-security/multiverse Translation-en [5708 B]
2025-10-31T02:32:17.8191254Z Get:43 http://azure.archive.ubuntu.com/ubuntu noble-security/multiverse amd64 Components [208 B]
2025-10-31T02:32:17.8222283Z Get:44 http://azure.archive.ubuntu.com/ubuntu noble-security/multiverse amd64 c-n-f Metadata [384 B]
2025-10-31T02:32:17.8318487Z Get:46 https://packages.microsoft.com/ubuntu/24.04/prod noble/main armhf Packages [11.1 kB]
2025-10-31T02:32:18.0458230Z Get:47 https://packages.microsoft.com/ubuntu/24.04/prod noble/main amd64 Packages [65.9 kB]
2025-10-31T02:32:26.7951560Z Fetched 12.7 MB in 2s (6935 kB/s)
2025-10-31T02:32:27.5235572Z Reading package lists...
2025-10-31T02:32:27.5495019Z Reading package lists...
2025-10-31T02:32:27.7214557Z Building dependency tree...
2025-10-31T02:32:27.7225734Z Reading state information...
2025-10-31T02:32:27.7371948Z libasound2t64 is already the newest version (1.2.11-1ubuntu0.1).
2025-10-31T02:32:27.7372796Z libasound2t64 set to manually installed.
2025-10-31T02:32:27.7375100Z libatk-bridge2.0-0t64 is already the newest version (2.52.0-1build1).
2025-10-31T02:32:27.7376236Z libatk-bridge2.0-0t64 set to manually installed.
2025-10-31T02:32:27.7380171Z libatk1.0-0t64 is already the newest version (2.52.0-1build1).
2025-10-31T02:32:27.7380823Z libatk1.0-0t64 set to manually installed.
2025-10-31T02:32:27.7381510Z libatspi2.0-0t64 is already the newest version (2.52.0-1build1).
2025-10-31T02:32:27.7382167Z libatspi2.0-0t64 set to manually installed.
2025-10-31T02:32:27.7382817Z libcairo2 is already the newest version (1.18.0-3build1).
2025-10-31T02:32:27.7383415Z libcairo2 set to manually installed.
2025-10-31T02:32:27.7384075Z libcups2t64 is already the newest version (2.4.7-1.2ubuntu7.4).
2025-10-31T02:32:27.7384724Z libcups2t64 set to manually installed.
2025-10-31T02:32:27.7385386Z libdbus-1-3 is already the newest version (1.14.10-4ubuntu4.1).
2025-10-31T02:32:27.7394548Z libdbus-1-3 set to manually installed.
2025-10-31T02:32:27.7395363Z libdrm2 is already the newest version (2.4.122-1~ubuntu0.24.04.1).
2025-10-31T02:32:27.7396181Z libdrm2 set to manually installed.
2025-10-31T02:32:27.7397173Z libgbm1 is already the newest version (25.0.7-0ubuntu0.24.04.2).
2025-10-31T02:32:27.7397820Z libgbm1 set to manually installed.
2025-10-31T02:32:27.7398484Z libglib2.0-0t64 is already the newest version (2.80.0-6ubuntu3.4).
2025-10-31T02:32:27.7399157Z libglib2.0-0t64 set to manually installed.
2025-10-31T02:32:27.7399826Z libnspr4 is already the newest version (2:4.35-1.1build1).
2025-10-31T02:32:27.7400427Z libnspr4 set to manually installed.
2025-10-31T02:32:27.7401030Z libnss3 is already the newest version (2:3.98-1build1).
2025-10-31T02:32:27.7401595Z libnss3 set to manually installed.
2025-10-31T02:32:27.7402260Z libpango-1.0-0 is already the newest version (1.52.1+ds-1build1).
2025-10-31T02:32:27.7402929Z libpango-1.0-0 set to manually installed.
2025-10-31T02:32:27.7403571Z libx11-6 is already the newest version (2:1.8.7-1build1).
2025-10-31T02:32:27.7404157Z libx11-6 set to manually installed.
2025-10-31T02:32:27.7404968Z libxcb1 is already the newest version (1.15-1ubuntu2).
2025-10-31T02:32:27.7405544Z libxcb1 set to manually installed.
2025-10-31T02:32:27.7406368Z libxcomposite1 is already the newest version (1:0.4.5-1build3).
2025-10-31T02:32:27.7407032Z libxcomposite1 set to manually installed.
2025-10-31T02:32:27.7407707Z libxdamage1 is already the newest version (1:1.1.6-1build1).
2025-10-31T02:32:27.7408349Z libxdamage1 set to manually installed.
2025-10-31T02:32:27.7408985Z libxext6 is already the newest version (2:1.3.4-1build2).
2025-10-31T02:32:27.7409584Z libxext6 set to manually installed.
2025-10-31T02:32:27.7410227Z libxfixes3 is already the newest version (1:6.0.0-2build1).
2025-10-31T02:32:27.7410843Z libxfixes3 set to manually installed.
2025-10-31T02:32:27.7411497Z libxkbcommon0 is already the newest version (1.6.0-1build1).
2025-10-31T02:32:27.7412130Z libxkbcommon0 set to manually installed.
2025-10-31T02:32:27.7412792Z libxrandr2 is already the newest version (2:1.5.2-2build1).
2025-10-31T02:32:27.7413340Z libxrandr2 set to manually installed.
2025-10-31T02:32:27.7413954Z libcairo-gobject2 is already the newest version (1.18.0-3build1).
2025-10-31T02:32:27.7414558Z libcairo-gobject2 set to manually installed.
2025-10-31T02:32:27.7415183Z libfontconfig1 is already the newest version (2.15.0-1.1ubuntu2).
2025-10-31T02:32:27.7415778Z libfontconfig1 set to manually installed.
2025-10-31T02:32:27.7416586Z libfreetype6 is already the newest version (2.13.2+dfsg-1build3).
2025-10-31T02:32:27.7417182Z libfreetype6 set to manually installed.
2025-10-31T02:32:27.7417838Z libgdk-pixbuf-2.0-0 is already the newest version (2.42.10+dfsg-3ubuntu3.2).
2025-10-31T02:32:27.7418498Z libgdk-pixbuf-2.0-0 set to manually installed.
2025-10-31T02:32:27.7419105Z libgtk-3-0t64 is already the newest version (3.24.41-4ubuntu1.3).
2025-10-31T02:32:27.7419644Z libgtk-3-0t64 set to manually installed.
2025-10-31T02:32:27.7420261Z libpangocairo-1.0-0 is already the newest version (1.52.1+ds-1build1).
2025-10-31T02:32:27.7420867Z libpangocairo-1.0-0 set to manually installed.
2025-10-31T02:32:27.7421469Z libx11-xcb1 is already the newest version (2:1.8.7-1build1).
2025-10-31T02:32:27.7422000Z libx11-xcb1 set to manually installed.
2025-10-31T02:32:27.7422530Z libxcb-shm0 is already the newest version (1.15-1ubuntu2).
2025-10-31T02:32:27.7423039Z libxcb-shm0 set to manually installed.
2025-10-31T02:32:27.7423578Z libxcursor1 is already the newest version (1:1.2.1-1build1).
2025-10-31T02:32:27.7424117Z libxcursor1 set to manually installed.
2025-10-31T02:32:27.7424629Z libxi6 is already the newest version (2:1.8.1-1build1).
2025-10-31T02:32:27.7425096Z libxi6 set to manually installed.
2025-10-31T02:32:27.7425637Z libxrender1 is already the newest version (1:0.9.10-1.1build1).
2025-10-31T02:32:27.7429428Z libxrender1 set to manually installed.
2025-10-31T02:32:27.7430046Z libicu74 is already the newest version (74.2-1ubuntu3.1).
2025-10-31T02:32:27.7430714Z libatomic1 is already the newest version (14.2.0-4ubuntu2~24.04).
2025-10-31T02:32:27.7431296Z libatomic1 set to manually installed.
2025-10-31T02:32:27.7432080Z libenchant-2-2 is already the newest version (2.3.3-2build2).
2025-10-31T02:32:27.7432675Z libenchant-2-2 set to manually installed.
2025-10-31T02:32:27.7433262Z libepoxy0 is already the newest version (1.5.10-1build1).
2025-10-31T02:32:27.7433797Z libepoxy0 set to manually installed.
2025-10-31T02:32:27.7434410Z libgstreamer1.0-0 is already the newest version (1.24.2-1ubuntu0.1).
2025-10-31T02:32:27.7435015Z libgstreamer1.0-0 set to manually installed.
2025-10-31T02:32:27.7435589Z libharfbuzz0b is already the newest version (8.3.0-2build2).
2025-10-31T02:32:27.7436354Z libharfbuzz0b set to manually installed.
2025-10-31T02:32:27.7436923Z libjpeg-turbo8 is already the newest version (2.1.5-2ubuntu2).
2025-10-31T02:32:27.7437481Z libjpeg-turbo8 set to manually installed.
2025-10-31T02:32:27.7438037Z liblcms2-2 is already the newest version (2.14-2build1).
2025-10-31T02:32:27.7441220Z liblcms2-2 set to manually installed.
2025-10-31T02:32:27.8833671Z libpng16-16t64 is already the newest version (1.6.43-5build1).
2025-10-31T02:32:27.8856582Z libpng16-16t64 set to manually installed.
2025-10-31T02:32:27.8857290Z libwayland-client0 is already the newest version (1.22.0-2.1build1).
2025-10-31T02:32:27.8857982Z libwayland-client0 set to manually installed.
2025-10-31T02:32:27.8858646Z libwayland-egl1 is already the newest version (1.22.0-2.1build1).
2025-10-31T02:32:27.8859251Z libwayland-egl1 set to manually installed.
2025-10-31T02:32:27.8860185Z libwayland-server0 is already the newest version (1.22.0-2.1build1).
2025-10-31T02:32:27.8860914Z libwayland-server0 set to manually installed.
2025-10-31T02:32:27.8861572Z libwebp7 is already the newest version (1.3.2-0.4build3).
2025-10-31T02:32:27.8862157Z libwebp7 set to manually installed.
2025-10-31T02:32:27.8862818Z libwebpdemux2 is already the newest version (1.3.2-0.4build3).
2025-10-31T02:32:27.8863356Z libwebpdemux2 set to manually installed.
2025-10-31T02:32:27.8863777Z libxml2 is already the newest version (2.9.14+dfsg-1.3ubuntu3.5).
2025-10-31T02:32:27.8864166Z libxml2 set to manually installed.
2025-10-31T02:32:27.8864575Z libxslt1.1 is already the newest version (1.1.39-0exp1ubuntu0.24.04.2).
2025-10-31T02:32:27.8864975Z libxslt1.1 set to manually installed.
2025-10-31T02:32:27.8865567Z xvfb is already the newest version (2:21.1.12-1ubuntu1.4).
2025-10-31T02:32:27.8866512Z fonts-noto-color-emoji is already the newest version (2.047-0ubuntu0.24.04.1).
2025-10-31T02:32:27.8867027Z fonts-liberation is already the newest version (1:2.1.5-3).
2025-10-31T02:32:27.8867412Z fonts-liberation set to manually installed.
2025-10-31T02:32:27.8867776Z The following additional packages will be installed:
2025-10-31T02:32:27.8868523Z   glib-networking glib-networking-common glib-networking-services
2025-10-31T02:32:27.8869338Z   gsettings-desktop-schemas libaa1 libabsl20220623t64 libass9 libasyncns0
2025-10-31T02:32:27.8870225Z   libavc1394-0 libavcodec60 libavfilter9 libavformat60 libavtp0 libavutil58
2025-10-31T02:32:27.8871099Z   libblas3 libbluray2 libbs2b0 libcaca0 libcairo-script-interpreter2
2025-10-31T02:32:27.8871585Z   libcdparanoia0 libchromaprint1 libcjson1 libcodec2-1.2 libdav1d7
2025-10-31T02:32:27.8872068Z   libdc1394-25 libdca0 libdecor-0-0 libdirectfb-1.7-7t64 libdv4t64 libdvdnav4
2025-10-31T02:32:27.8872569Z   libdvdread8t64 libegl-mesa0 libegl1 libfaad2 libflac12t64 libfluidsynth3
2025-10-31T02:32:27.8873059Z   libfreeaptx0 libgav1-1 libgme0 libgraphene-1.0-0 libgsm1 libgssdp-1.6-0
2025-10-31T02:32:27.8873913Z   libgstreamer-plugins-good1.0-0 libgtk-4-common libgupnp-1.6-0
2025-10-31T02:32:27.8874710Z   libgupnp-igd-1.6-0 libhwy1t64 libiec61883-0 libimath-3-1-29t64
2025-10-31T02:32:27.8875455Z   libinstpatch-1.0-2 libjack-jackd2-0 libjxl0.7 liblapack3 liblc3-1
2025-10-31T02:32:27.8876174Z   libldacbt-enc2 liblilv-0-0 liblrdf0 libltc11 libmbedcrypto7t64 libmfx1
2025-10-31T02:32:27.8876679Z   libmjpegutils-2.1-0t64 libmodplug1 libmp3lame0 libmpcdec6
2025-10-31T02:32:27.8877137Z   libmpeg2encpp-2.1-0t64 libmpg123-0t64 libmplex2-2.1-0t64 libmysofa1
2025-10-31T02:32:27.8877835Z   libneon27t64 libnice10 libopenal-data libopenal1 libopenexr-3-1-30
2025-10-31T02:32:27.8878280Z   libopenh264-7 libopenmpt0t64 libopenni2-0 liborc-0.4-0t64
2025-10-31T02:32:27.8879055Z   libpipewire-0.3-0t64 libplacebo338 libpocketsphinx3 libpostproc57
2025-10-31T02:32:27.8879942Z   libproxy1v5 libpulse0 libqrencode4 libraptor2-0 librav1e0 libraw1394-11
2025-10-31T02:32:27.8880870Z   librist4 librsvg2-2 librubberband2 libsamplerate0 libsbc1 libsdl2-2.0-0
2025-10-31T02:32:27.8881786Z   libsecret-common libserd-0-0 libshine3 libshout3 libsndfile1 libsndio7.0
2025-10-31T02:32:27.8882659Z   libsord-0-0 libsoundtouch1 libsoup-3.0-0 libsoup-3.0-common libsoxr0
2025-10-31T02:32:27.8883546Z   libspa-0.2-modules libspandsp2t64 libspeex1 libsphinxbase3t64 libsratom-0-0
2025-10-31T02:32:27.8884488Z   libsrt1.5-gnutls libsrtp2-1 libssh-gcrypt-4 libsvtav1enc1d1 libswresample4
2025-10-31T02:32:27.8885728Z   libswscale7 libtag1v5 libtag1v5-vanilla libtheora0 libtwolame0 libudfread0
2025-10-31T02:32:27.8886825Z   libunibreak5 libv4l-0t64 libv4lconvert0t64 libva-drm2 libva-x11-2 libva2
2025-10-31T02:32:27.8887705Z   libvdpau1 libvidstab1.1 libvisual-0.4-0 libvo-aacenc0 libvo-amrwbenc0
2025-10-31T02:32:27.8888612Z   libvorbisenc2 libvpl2 libwavpack1 libwebrtc-audio-processing1 libwildmidi2
2025-10-31T02:32:27.8889544Z   libx265-199 libxcb-xkb1 libxkbcommon-x11-0 libxvidcore4 libyuv0 libzbar0t64
2025-10-31T02:32:27.8890453Z   libzimg2 libzix-0-0 libzvbi-common libzvbi0t64 libzxing3 ocl-icd-libopencl1
2025-10-31T02:32:27.8891331Z   session-migration timgm6mb-soundfont xfonts-encodings xfonts-utils
2025-10-31T02:32:27.8891968Z Suggested packages:
2025-10-31T02:32:27.8892596Z   frei0r-plugins gvfs libcuda1 libnvcuvid1 libnvidia-encode1 libbluray-bdj
2025-10-31T02:32:27.8893490Z   libdirectfb-extra libdv-bin oss-compat libdvdcss2 libvisual-0.4-plugins
2025-10-31T02:32:27.8894347Z   jackd2 liblrdf0-dev libportaudio2 opus-tools pipewire pulseaudio
2025-10-31T02:32:27.8895173Z   raptor2-utils libraw1394-doc librsvg2-bin serdi sndiod sordi speex
2025-10-31T02:32:27.8895938Z   libwildmidi-config opencl-icd fluid-soundfont-gm
2025-10-31T02:32:27.8896686Z Recommended packages:
2025-10-31T02:32:27.8897232Z   fonts-ipafont-mincho fonts-tlwg-loma gstreamer1.0-x libaacs0
2025-10-31T02:32:27.8898032Z   default-libdecor-0-plugin-1 | libdecor-0-plugin-1 gstreamer1.0-gl
2025-10-31T02:32:27.8898941Z   libgtk-4-bin librsvg2-common libgtk-4-media-gstreamer libpipewire-0.3-common
2025-10-31T02:32:27.8899904Z   pocketsphinx-en-us va-driver-all | va-driver vdpau-driver-all | vdpau-driver
2025-10-31T02:32:27.8900626Z   libmagickcore-6.q16-7-extra
2025-10-31T02:32:27.9815523Z The following NEW packages will be installed:
2025-10-31T02:32:27.9821564Z   fonts-freefont-ttf fonts-ipafont-gothic fonts-tlwg-loma-otf fonts-unifont
2025-10-31T02:32:27.9825900Z   fonts-wqy-zenhei glib-networking glib-networking-common
2025-10-31T02:32:27.9827238Z   glib-networking-services gsettings-desktop-schemas gstreamer1.0-libav
2025-10-31T02:32:27.9828430Z   gstreamer1.0-plugins-bad gstreamer1.0-plugins-base gstreamer1.0-plugins-good
2025-10-31T02:32:27.9829572Z   libaa1 libabsl20220623t64 libass9 libasyncns0 libavc1394-0 libavcodec60
2025-10-31T02:32:27.9830546Z   libavfilter9 libavformat60 libavif16 libavtp0 libavutil58 libblas3
2025-10-31T02:32:27.9831702Z   libbluray2 libbs2b0 libcaca0 libcairo-script-interpreter2 libcdparanoia0
2025-10-31T02:32:27.9832848Z   libchromaprint1 libcjson1 libcodec2-1.2 libdav1d7 libdc1394-25 libdca0
2025-10-31T02:32:27.9833858Z   libdecor-0-0 libdirectfb-1.7-7t64 libdv4t64 libdvdnav4 libdvdread8t64
2025-10-31T02:32:27.9834905Z   libegl-mesa0 libegl1 libevent-2.1-7t64 libfaad2 libflac12t64 libflite1
2025-10-31T02:32:27.9836164Z   libfluidsynth3 libfreeaptx0 libgav1-1 libgles2 libgme0 libgraphene-1.0-0
2025-10-31T02:32:27.9837076Z   libgsm1 libgssdp-1.6-0 libgstreamer-gl1.0-0 libgstreamer-plugins-bad1.0-0
2025-10-31T02:32:27.9838008Z   libgstreamer-plugins-base1.0-0 libgstreamer-plugins-good1.0-0 libgtk-4-1
2025-10-31T02:32:27.9839218Z   libgtk-4-common libgupnp-1.6-0 libgupnp-igd-1.6-0 libharfbuzz-icu0
2025-10-31T02:32:27.9840133Z   libhwy1t64 libhyphen0 libiec61883-0 libimath-3-1-29t64 libinstpatch-1.0-2
2025-10-31T02:32:27.9841072Z   libjack-jackd2-0 libjxl0.7 liblapack3 liblc3-1 libldacbt-enc2 liblilv-0-0
2025-10-31T02:32:27.9841924Z   liblrdf0 libltc11 libmanette-0.2-0 libmbedcrypto7t64 libmfx1
2025-10-31T02:32:27.9842711Z   libmjpegutils-2.1-0t64 libmodplug1 libmp3lame0 libmpcdec6
2025-10-31T02:32:27.9843517Z   libmpeg2encpp-2.1-0t64 libmpg123-0t64 libmplex2-2.1-0t64 libmysofa1
2025-10-31T02:32:27.9844380Z   libneon27t64 libnice10 libopenal-data libopenal1 libopenexr-3-1-30
2025-10-31T02:32:27.9845244Z   libopenh264-7 libopenmpt0t64 libopenni2-0 libopus0 liborc-0.4-0t64
2025-10-31T02:32:27.9846281Z   libpipewire-0.3-0t64 libplacebo338 libpocketsphinx3 libpostproc57
2025-10-31T02:32:27.9847218Z   libproxy1v5 libpulse0 libqrencode4 libraptor2-0 librav1e0 libraw1394-11
2025-10-31T02:32:27.9848544Z   librist4 librsvg2-2 librubberband2 libsamplerate0 libsbc1 libsdl2-2.0-0
2025-10-31T02:32:27.9849509Z   libsecret-1-0 libsecret-common libserd-0-0 libshine3 libshout3 libsndfile1
2025-10-31T02:32:27.9850468Z   libsndio7.0 libsord-0-0 libsoundtouch1 libsoup-3.0-0 libsoup-3.0-common
2025-10-31T02:32:27.9851396Z   libsoxr0 libspa-0.2-modules libspandsp2t64 libspeex1 libsphinxbase3t64
2025-10-31T02:32:27.9852337Z   libsratom-0-0 libsrt1.5-gnutls libsrtp2-1 libssh-gcrypt-4 libsvtav1enc1d1
2025-10-31T02:32:27.9853270Z   libswresample4 libswscale7 libtag1v5 libtag1v5-vanilla libtheora0
2025-10-31T02:32:27.9854140Z   libtwolame0 libudfread0 libunibreak5 libv4l-0t64 libv4lconvert0t64
2025-10-31T02:32:27.9855023Z   libva-drm2 libva-x11-2 libva2 libvdpau1 libvidstab1.1 libvisual-0.4-0
2025-10-31T02:32:27.9855933Z   libvo-aacenc0 libvo-amrwbenc0 libvorbisenc2 libvpl2 libvpx9 libwavpack1
2025-10-31T02:32:27.9857085Z   libwebrtc-audio-processing1 libwildmidi2 libwoff1 libx264-164 libx265-199
2025-10-31T02:32:27.9858075Z   libxcb-xkb1 libxkbcommon-x11-0 libxvidcore4 libyuv0 libzbar0t64 libzimg2
2025-10-31T02:32:27.9859048Z   libzix-0-0 libzvbi-common libzvbi0t64 libzxing3 ocl-icd-libopencl1
2025-10-31T02:32:27.9860073Z   session-migration timgm6mb-soundfont xfonts-cyrillic xfonts-encodings
2025-10-31T02:32:27.9860794Z   xfonts-scalable xfonts-utils
2025-10-31T02:32:28.0099709Z 0 upgraded, 179 newly installed, 0 to remove and 43 not upgraded.
2025-10-31T02:32:28.0100413Z Need to get 114 MB of archives.
2025-10-31T02:32:28.0101098Z After this operation, 363 MB of additional disk space will be used.
2025-10-31T02:32:28.0101894Z Get:1 file:/etc/apt/apt-mirrors.txt Mirrorlist [144 B]
2025-10-31T02:32:28.0943629Z Get:2 http://azure.archive.ubuntu.com/ubuntu noble/universe amd64 fonts-ipafont-gothic all 00303-21ubuntu1 [3513 kB]
2025-10-31T02:32:28.4781814Z Get:3 http://azure.archive.ubuntu.com/ubuntu noble/main amd64 fonts-freefont-ttf all 20211204+svn4273-2 [5641 kB]
2025-10-31T02:32:28.9739982Z Get:4 http://azure.archive.ubuntu.com/ubuntu noble/universe amd64 fonts-tlwg-loma-otf all 1:0.7.3-1 [107 kB]
2025-10-31T02:32:29.0157214Z Get:5 http://azure.archive.ubuntu.com/ubuntu noble/universe amd64 fonts-unifont all 1:15.1.01-1build1 [2993 kB]
2025-10-31T02:32:29.2597091Z Get:6 http://azure.archive.ubuntu.com/ubuntu noble/universe amd64 fonts-wqy-zenhei all 0.9.45-8 [7472 kB]
2025-10-31T02:32:30.0401489Z Get:7 http://azure.archive.ubuntu.com/ubuntu noble/main amd64 libproxy1v5 amd64 0.5.4-4build1 [26.5 kB]
2025-10-31T02:32:30.0766539Z Get:8 http://azure.archive.ubuntu.com/ubuntu noble/main amd64 glib-networking-common all 2.80.0-1build1 [6702 B]
2025-10-31T02:32:30.1111330Z Get:9 http://azure.archive.ubuntu.com/ubuntu noble/main amd64 glib-networking-services amd64 2.80.0-1build1 [12.8 kB]
2025-10-31T02:32:30.1477539Z Get:10 http://azure.archive.ubuntu.com/ubuntu noble/main amd64 session-migration amd64 0.3.9build1 [9034 B]
2025-10-31T02:32:30.1832054Z Get:11 http://azure.archive.ubuntu.com/ubuntu noble-updates/main amd64 gsettings-desktop-schemas all 46.1-0ubuntu1 [35.6 kB]
2025-10-31T02:32:30.2158159Z Get:12 http://azure.archive.ubuntu.com/ubuntu noble/main amd64 glib-networking amd64 2.80.0-1build1 [64.1 kB]
2025-10-31T02:32:30.2510941Z Get:13 http://azure.archive.ubuntu.com/ubuntu noble/universe amd64 libva2 amd64 2.20.0-2build1 [66.2 kB]
2025-10-31T02:32:30.2892851Z Get:14 http://azure.archive.ubuntu.com/ubuntu noble/universe amd64 libva-drm2 amd64 2.20.0-2build1 [7124 B]
2025-10-31T02:32:30.3252646Z Get:15 http://azure.archive.ubuntu.com/ubuntu noble/universe amd64 libva-x11-2 amd64 2.20.0-2build1 [12.0 kB]
2025-10-31T02:32:30.3620769Z Get:16 http://azure.archive.ubuntu.com/ubuntu noble/main amd64 libvdpau1 amd64 1.5-2build1 [27.8 kB]
2025-10-31T02:32:30.3952378Z Get:17 http://azure.archive.ubuntu.com/ubuntu noble/universe amd64 libvpl2 amd64 2023.3.0-1build1 [99.8 kB]
2025-10-31T02:32:30.4359561Z Get:18 http://azure.archive.ubuntu.com/ubuntu noble/universe amd64 ocl-icd-libopencl1 amd64 2.3.2-1build1 [38.5 kB]
2025-10-31T02:32:30.4693718Z Get:19 http://azure.archive.ubuntu.com/ubuntu noble/universe amd64 libavutil58 amd64 7:6.1.1-3ubuntu5 [401 kB]
2025-10-31T02:32:30.5837534Z Get:20 http://azure.archive.ubuntu.com/ubuntu noble/universe amd64 libcodec2-1.2 amd64 1.2.0-2build1 [8998 kB]
2025-10-31T02:32:31.2973813Z Get:21 http://azure.archive.ubuntu.com/ubuntu noble/universe amd64 libdav1d7 amd64 1.4.1-1build1 [604 kB]
2025-10-31T02:32:31.3708784Z Get:22 http://azure.archive.ubuntu.com/ubuntu noble/universe amd64 libgsm1 amd64 1.0.22-1build1 [27.8 kB]
2025-10-31T02:32:31.4022940Z Get:23 http://azure.archive.ubuntu.com/ubuntu noble/universe amd64 libhwy1t64 amd64 1.0.7-8.1build1 [584 kB]
2025-10-31T02:32:31.4732195Z Get:24 http://azure.archive.ubuntu.com/ubuntu noble-updates/universe amd64 libjxl0.7 amd64 0.7.0-10.2ubuntu6.1 [1001 kB]
2025-10-31T02:32:31.5772829Z Get:25 http://azure.archive.ubuntu.com/ubuntu noble/main amd64 libmp3lame0 amd64 3.100-6build1 [142 kB]
2025-10-31T02:32:31.6244698Z Get:26 http://azure.archive.ubuntu.com/ubuntu noble/main amd64 libopus0 amd64 1.4-1build1 [208 kB]
2025-10-31T02:32:31.6713345Z Get:27 http://azure.archive.ubuntu.com/ubuntu noble/universe amd64 librav1e0 amd64 0.7.1-2 [1022 kB]
2025-10-31T02:32:31.7900507Z Get:28 http://azure.archive.ubuntu.com/ubuntu noble/main amd64 librsvg2-2 amd64 2.58.0+dfsg-1build1 [2135 kB]
2025-10-31T02:32:32.0188676Z Get:29 http://azure.archive.ubuntu.com/ubuntu noble/universe amd64 libshine3 amd64 3.1.1-2build1 [23.2 kB]
2025-10-31T02:32:32.0501255Z Get:30 http://azure.archive.ubuntu.com/ubuntu noble-updates/main amd64 libspeex1 amd64 1.2.1-2ubuntu2.24.04.1 [59.6 kB]
2025-10-31T02:32:32.0867822Z Get:31 http://azure.archive.ubuntu.com/ubuntu noble/universe amd64 libsvtav1enc1d1 amd64 1.7.0+dfsg-2build1 [2425 kB]
2025-10-31T02:32:32.3489014Z Get:32 http://azure.archive.ubuntu.com/ubuntu noble/universe amd64 libsoxr0 amd64 0.1.3-4build3 [80.0 kB]
2025-10-31T02:32:32.3859487Z Get:33 http://azure.archive.ubuntu.com/ubuntu noble/universe amd64 libswresample4 amd64 7:6.1.1-3ubuntu5 [63.8 kB]
2025-10-31T02:32:32.4214731Z Get:34 http://azure.archive.ubuntu.com/ubuntu noble/main amd64 libtheora0 amd64 1.1.1+dfsg.1-16.1build3 [211 kB]
2025-10-31T02:32:32.4650899Z Get:35 http://azure.archive.ubuntu.com/ubuntu noble/main amd64 libtwolame0 amd64 0.4.0-2build3 [52.3 kB]
2025-10-31T02:32:32.5033181Z Get:36 http://azure.archive.ubuntu.com/ubuntu noble/main amd64 libvorbisenc2 amd64 1.3.7-1build3 [80.8 kB]
2025-10-31T02:32:32.5437350Z Get:37 http://azure.archive.ubuntu.com/ubuntu noble-updates/main amd64 libvpx9 amd64 1.14.0-1ubuntu2.2 [1143 kB]
2025-10-31T02:32:32.6779361Z Get:38 http://azure.archive.ubuntu.com/ubuntu noble/universe amd64 libx264-164 amd64 2:0.164.3108+git31e19f9-1 [604 kB]
2025-10-31T02:32:32.8089870Z Get:39 http://azure.archive.ubuntu.com/ubuntu noble/universe amd64 libx265-199 amd64 3.5-2build1 [1226 kB]
2025-10-31T02:32:32.9617359Z Get:40 http://azure.archive.ubuntu.com/ubuntu noble/universe amd64 libxvidcore4 amd64 2:1.3.7-1build1 [219 kB]
2025-10-31T02:32:33.0146416Z Get:41 http://azure.archive.ubuntu.com/ubuntu noble/universe amd64 libzvbi-common all 0.2.42-2 [42.4 kB]
2025-10-31T02:32:33.0509590Z Get:42 http://azure.archive.ubuntu.com/ubuntu noble/universe amd64 libzvbi0t64 amd64 0.2.42-2 [261 kB]
2025-10-31T02:32:33.1174050Z Get:43 http://azure.archive.ubuntu.com/ubuntu noble/universe amd64 libavcodec60 amd64 7:6.1.1-3ubuntu5 [5851 kB]
2025-10-31T02:32:33.8450328Z Get:44 http://azure.archive.ubuntu.com/ubuntu noble/universe amd64 libunibreak5 amd64 5.1-2build1 [25.0 kB]
2025-10-31T02:32:33.8940041Z Get:45 http://azure.archive.ubuntu.com/ubuntu noble/universe amd64 libass9 amd64 1:0.17.1-2build1 [104 kB]
2025-10-31T02:32:33.9407525Z Get:46 http://azure.archive.ubuntu.com/ubuntu noble/universe amd64 libudfread0 amd64 1.1.2-1build1 [19.0 kB]
2025-10-31T02:32:33.9767405Z Get:47 http://azure.archive.ubuntu.com/ubuntu noble/universe amd64 libbluray2 amd64 1:1.3.4-1build1 [159 kB]
2025-10-31T02:32:34.0266226Z Get:48 http://azure.archive.ubuntu.com/ubuntu noble/universe amd64 libchromaprint1 amd64 1.5.1-5 [30.5 kB]
2025-10-31T02:32:34.0646953Z Get:49 http://azure.archive.ubuntu.com/ubuntu noble/universe amd64 libgme0 amd64 0.6.3-7build1 [134 kB]
2025-10-31T02:32:34.1140445Z Get:50 http://azure.archive.ubuntu.com/ubuntu noble-updates/main amd64 libmpg123-0t64 amd64 1.32.5-1ubuntu1.1 [169 kB]
2025-10-31T02:32:34.1631609Z Get:51 http://azure.archive.ubuntu.com/ubuntu noble/universe amd64 libopenmpt0t64 amd64 0.7.3-1.1build3 [647 kB]
2025-10-31T02:32:34.2738732Z Get:52 http://azure.archive.ubuntu.com/ubuntu noble/universe amd64 libcjson1 amd64 1.7.17-1 [24.8 kB]
2025-10-31T02:32:34.3070936Z Get:53 http://azure.archive.ubuntu.com/ubuntu noble/universe amd64 libmbedcrypto7t64 amd64 2.28.8-1 [209 kB]
2025-10-31T02:32:34.3578184Z Get:54 http://azure.archive.ubuntu.com/ubuntu noble/universe amd64 librist4 amd64 0.2.10+dfsg-2 [74.9 kB]
2025-10-31T02:32:34.3929630Z Get:55 http://azure.archive.ubuntu.com/ubuntu noble/universe amd64 libsrt1.5-gnutls amd64 1.5.3-1build2 [316 kB]
2025-10-31T02:32:34.4580291Z Get:56 http://azure.archive.ubuntu.com/ubuntu noble-updates/main amd64 libssh-gcrypt-4 amd64 0.10.6-2ubuntu0.1 [224 kB]
2025-10-31T02:32:34.5983553Z Get:57 http://azure.archive.ubuntu.com/ubuntu noble/universe amd64 libavformat60 amd64 7:6.1.1-3ubuntu5 [1153 kB]
2025-10-31T02:32:34.8098058Z Get:58 http://azure.archive.ubuntu.com/ubuntu noble/universe amd64 libbs2b0 amd64 3.1.0+dfsg-7build1 [10.6 kB]
2025-10-31T02:32:34.8435757Z Get:59 http://azure.archive.ubuntu.com/ubuntu noble/universe amd64 libflite1 amd64 2.2-6build3 [13.6 MB]
2025-10-31T02:32:36.5179444Z Get:60 http://azure.archive.ubuntu.com/ubuntu noble/universe amd64 libserd-0-0 amd64 0.32.2-1 [43.6 kB]
2025-10-31T02:32:36.5554013Z Get:61 http://azure.archive.ubuntu.com/ubuntu noble/universe amd64 libzix-0-0 amd64 0.4.2-2build1 [23.6 kB]
2025-10-31T02:32:36.5902984Z Get:62 http://azure.archive.ubuntu.com/ubuntu noble/universe amd64 libsord-0-0 amd64 0.16.16-2build1 [15.8 kB]
2025-10-31T02:32:36.6261818Z Get:63 http://azure.archive.ubuntu.com/ubuntu noble/universe amd64 libsratom-0-0 amd64 0.6.16-1build1 [17.3 kB]
2025-10-31T02:32:36.6650208Z Get:64 http://azure.archive.ubuntu.com/ubuntu noble/universe amd64 liblilv-0-0 amd64 0.24.22-1build1 [41.0 kB]
2025-10-31T02:32:36.7061063Z Get:65 http://azure.archive.ubuntu.com/ubuntu noble/universe amd64 libmysofa1 amd64 1.3.2+dfsg-2ubuntu2 [1158 kB]
2025-10-31T02:32:36.9380881Z Get:66 http://azure.archive.ubuntu.com/ubuntu noble/universe amd64 libplacebo338 amd64 6.338.2-2build1 [2654 kB]
2025-10-31T02:32:37.2548535Z Get:67 http://azure.archive.ubuntu.com/ubuntu noble-updates/main amd64 libblas3 amd64 3.12.0-3build1.1 [238 kB]
2025-10-31T02:32:37.3143195Z Get:68 http://azure.archive.ubuntu.com/ubuntu noble-updates/main amd64 liblapack3 amd64 3.12.0-3build1.1 [2646 kB]
2025-10-31T02:32:37.6496298Z Get:69 http://azure.archive.ubuntu.com/ubuntu noble/main amd64 libasyncns0 amd64 0.8-6build4 [11.3 kB]
2025-10-31T02:32:37.6818138Z Get:70 http://azure.archive.ubuntu.com/ubuntu noble/main amd64 libflac12t64 amd64 1.4.3+ds-2.1ubuntu2 [197 kB]
2025-10-31T02:32:37.7567747Z Get:71 http://azure.archive.ubuntu.com/ubuntu noble-updates/main amd64 libsndfile1 amd64 1.2.2-1ubuntu5.24.04.1 [209 kB]
2025-10-31T02:32:37.8059638Z Get:72 http://azure.archive.ubuntu.com/ubuntu noble-updates/main amd64 libpulse0 amd64 1:16.1+dfsg1-2ubuntu10.1 [292 kB]
2025-10-31T02:32:37.8739422Z Get:73 http://azure.archive.ubuntu.com/ubuntu noble/universe amd64 libsphinxbase3t64 amd64 0.8+5prealpha+1-17build2 [126 kB]
2025-10-31T02:32:37.9207176Z Get:74 http://azure.archive.ubuntu.com/ubuntu noble/universe amd64 libpocketsphinx3 amd64 0.8.0+real5prealpha+1-15ubuntu5 [133 kB]
2025-10-31T02:32:37.9669467Z Get:75 http://azure.archive.ubuntu.com/ubuntu noble/universe amd64 libpostproc57 amd64 7:6.1.1-3ubuntu5 [49.9 kB]
2025-10-31T02:32:38.0489817Z Get:76 http://azure.archive.ubuntu.com/ubuntu noble/main amd64 libsamplerate0 amd64 0.2.2-4build1 [1344 kB]
2025-10-31T02:32:38.1981476Z Get:77 http://azure.archive.ubuntu.com/ubuntu noble/universe amd64 librubberband2 amd64 3.3.0+dfsg-2build1 [130 kB]
2025-10-31T02:32:38.2463081Z Get:78 http://azure.archive.ubuntu.com/ubuntu noble/universe amd64 libswscale7 amd64 7:6.1.1-3ubuntu5 [193 kB]
2025-10-31T02:32:38.2999537Z Get:79 http://azure.archive.ubuntu.com/ubuntu noble/universe amd64 libvidstab1.1 amd64 1.1.0-2build1 [38.5 kB]
2025-10-31T02:32:38.3370762Z Get:80 http://azure.archive.ubuntu.com/ubuntu noble/universe amd64 libzimg2 amd64 3.0.5+ds1-1build1 [254 kB]
2025-10-31T02:32:38.3965080Z Get:81 http://azure.archive.ubuntu.com/ubuntu noble/universe amd64 libavfilter9 amd64 7:6.1.1-3ubuntu5 [4235 kB]
2025-10-31T02:32:38.8693602Z Get:82 http://azure.archive.ubuntu.com/ubuntu noble-updates/main amd64 liborc-0.4-0t64 amd64 1:0.4.38-1ubuntu0.1 [207 kB]
2025-10-31T02:32:38.9242588Z Get:83 http://azure.archive.ubuntu.com/ubuntu noble-updates/main amd64 libgstreamer-plugins-base1.0-0 amd64 1.24.2-1ubuntu0.3 [862 kB]
2025-10-31T02:32:39.0404424Z Get:84 http://azure.archive.ubuntu.com/ubuntu noble/universe amd64 gstreamer1.0-libav amd64 1.24.1-1build1 [103 kB]
2025-10-31T02:32:39.0846179Z Get:85 http://azure.archive.ubuntu.com/ubuntu noble/main amd64 libcdparanoia0 amd64 3.10.2+debian-14build3 [48.5 kB]
2025-10-31T02:32:39.1251923Z Get:86 http://azure.archive.ubuntu.com/ubuntu noble/main amd64 libvisual-0.4-0 amd64 0.4.2-2build1 [115 kB]
2025-10-31T02:32:39.1732731Z Get:87 http://azure.archive.ubuntu.com/ubuntu noble-updates/main amd64 gstreamer1.0-plugins-base amd64 1.24.2-1ubuntu0.3 [721 kB]
2025-10-31T02:32:39.2784371Z Get:88 http://azure.archive.ubuntu.com/ubuntu noble/main amd64 libaa1 amd64 1.4p5-51.1 [49.9 kB]
2025-10-31T02:32:39.3166243Z Get:89 http://azure.archive.ubuntu.com/ubuntu noble/main amd64 libraw1394-11 amd64 2.1.2-2build3 [26.2 kB]
2025-10-31T02:32:39.3547015Z Get:90 http://azure.archive.ubuntu.com/ubuntu noble/main amd64 libavc1394-0 amd64 0.5.4-5build3 [15.4 kB]
2025-10-31T02:32:39.3911041Z Get:91 http://azure.archive.ubuntu.com/ubuntu noble/main amd64 libcaca0 amd64 0.99.beta20-4build2 [208 kB]
2025-10-31T02:32:39.4508803Z Get:92 http://azure.archive.ubuntu.com/ubuntu noble/main amd64 libdv4t64 amd64 1.0.0-17.1build1 [63.2 kB]
2025-10-31T02:32:39.4940936Z Get:93 http://azure.archive.ubuntu.com/ubuntu noble-updates/main amd64 libgstreamer-plugins-good1.0-0 amd64 1.24.2-1ubuntu1.2 [33.0 kB]
2025-10-31T02:32:39.5314348Z Get:94 http://azure.archive.ubuntu.com/ubuntu noble/main amd64 libiec61883-0 amd64 1.2.0-6build1 [24.5 kB]
2025-10-31T02:32:39.6101247Z Get:95 http://azure.archive.ubuntu.com/ubuntu noble/main amd64 libshout3 amd64 2.4.6-1build2 [50.3 kB]
2025-10-31T02:32:39.6490891Z Get:96 http://azure.archive.ubuntu.com/ubuntu noble/main amd64 libtag1v5-vanilla amd64 1.13.1-1build1 [326 kB]
2025-10-31T02:32:39.7188454Z Get:97 http://azure.archive.ubuntu.com/ubuntu noble/main amd64 libtag1v5 amd64 1.13.1-1build1 [11.7 kB]
2025-10-31T02:32:39.7544304Z Get:98 http://azure.archive.ubuntu.com/ubuntu noble/main amd64 libv4lconvert0t64 amd64 1.26.1-4build3 [87.6 kB]
2025-10-31T02:32:39.7969830Z Get:99 http://azure.archive.ubuntu.com/ubuntu noble/main amd64 libv4l-0t64 amd64 1.26.1-4build3 [46.9 kB]
2025-10-31T02:32:39.8385851Z Get:100 http://azure.archive.ubuntu.com/ubuntu noble/main amd64 libwavpack1 amd64 5.6.0-1build1 [84.6 kB]
2025-10-31T02:32:39.8822042Z Get:101 http://azure.archive.ubuntu.com/ubuntu noble-updates/main amd64 libsoup-3.0-common all 3.4.4-5ubuntu0.5 [11.3 kB]
2025-10-31T02:32:39.9140041Z Get:102 http://azure.archive.ubuntu.com/ubuntu noble-updates/main amd64 libsoup-3.0-0 amd64 3.4.4-5ubuntu0.5 [291 kB]
2025-10-31T02:32:39.9843823Z Get:103 http://azure.archive.ubuntu.com/ubuntu noble-updates/main amd64 gstreamer1.0-plugins-good amd64 1.24.2-1ubuntu1.2 [2238 kB]
2025-10-31T02:32:40.0553146Z Get:104 http://azure.archive.ubuntu.com/ubuntu noble-updates/main amd64 libabsl20220623t64 amd64 20220623.1-3.1ubuntu3.2 [423 kB]
2025-10-31T02:32:40.0950601Z Get:105 http://azure.archive.ubuntu.com/ubuntu noble/universe amd64 libgav1-1 amd64 0.18.0-1build3 [357 kB]
2025-10-31T02:32:40.1525680Z Get:106 http://azure.archive.ubuntu.com/ubuntu noble/universe amd64 libyuv0 amd64 0.0~git202401110.af6ac82-1 [178 kB]
2025-10-31T02:32:40.2175165Z Get:107 http://azure.archive.ubuntu.com/ubuntu noble/universe amd64 libavif16 amd64 1.0.4-1ubuntu3 [91.2 kB]
2025-10-31T02:32:40.2561030Z Get:108 http://azure.archive.ubuntu.com/ubuntu noble/universe amd64 libavtp0 amd64 0.2.0-1build1 [6414 B]
2025-10-31T02:32:40.2933196Z Get:109 http://azure.archive.ubuntu.com/ubuntu noble/main amd64 libcairo-script-interpreter2 amd64 1.18.0-3build1 [60.3 kB]
2025-10-31T02:32:40.3321718Z Get:110 http://azure.archive.ubuntu.com/ubuntu noble/universe amd64 libdc1394-25 amd64 2.2.6-4build1 [90.1 kB]
2025-10-31T02:32:40.3704771Z Get:111 http://azure.archive.ubuntu.com/ubuntu noble/main amd64 libdecor-0-0 amd64 0.2.2-1build2 [16.5 kB]
2025-10-31T02:32:40.4094251Z Get:112 http://azure.archive.ubuntu.com/ubuntu noble/main amd64 libgles2 amd64 1.7.0-1build1 [17.1 kB]
2025-10-31T02:32:40.4464622Z Get:113 http://azure.archive.ubuntu.com/ubuntu noble/universe amd64 libdirectfb-1.7-7t64 amd64 1.7.7-11.1ubuntu2 [1035 kB]
2025-10-31T02:32:40.4957801Z Get:114 http://azure.archive.ubuntu.com/ubuntu noble/universe amd64 libdvdread8t64 amd64 6.1.3-1.1build1 [54.7 kB]
2025-10-31T02:32:40.5332267Z Get:115 http://azure.archive.ubuntu.com/ubuntu noble/universe amd64 libdvdnav4 amd64 6.1.1-3build1 [39.5 kB]
2025-10-31T02:32:40.5707695Z Get:116 http://azure.archive.ubuntu.com/ubuntu noble-updates/main amd64 libegl-mesa0 amd64 25.0.7-0ubuntu0.24.04.2 [124 kB]
2025-10-31T02:32:40.6098041Z Get:117 http://azure.archive.ubuntu.com/ubuntu noble/main amd64 libevent-2.1-7t64 amd64 2.1.12-stable-9ubuntu2 [145 kB]
2025-10-31T02:32:40.6438275Z Get:118 http://azure.archive.ubuntu.com/ubuntu noble/universe amd64 libfaad2 amd64 2.11.1-1build1 [207 kB]
2025-10-31T02:32:40.6777549Z Get:119 http://azure.archive.ubuntu.com/ubuntu noble/universe amd64 libinstpatch-1.0-2 amd64 1.1.6-1build2 [251 kB]
2025-10-31T02:32:40.7129616Z Get:120 http://azure.archive.ubuntu.com/ubuntu noble/main amd64 libjack-jackd2-0 amd64 1.9.21~dfsg-3ubuntu3 [289 kB]
2025-10-31T02:32:40.8094382Z Get:121 http://azure.archive.ubuntu.com/ubuntu noble/main amd64 libwebrtc-audio-processing1 amd64 0.3.1-0ubuntu6 [290 kB]
2025-10-31T02:32:40.8490614Z Get:122 http://azure.archive.ubuntu.com/ubuntu noble-updates/main amd64 libspa-0.2-modules amd64 1.0.5-1ubuntu3.1 [626 kB]
2025-10-31T02:32:40.8933229Z Get:123 http://azure.archive.ubuntu.com/ubuntu noble-updates/main amd64 libpipewire-0.3-0t64 amd64 1.0.5-1ubuntu3.1 [252 kB]
2025-10-31T02:32:40.9334873Z Get:124 http://azure.archive.ubuntu.com/ubuntu noble-updates/main amd64 libsdl2-2.0-0 amd64 2.30.0+dfsg-1ubuntu3.1 [686 kB]
2025-10-31T02:32:40.9897588Z Get:125 http://azure.archive.ubuntu.com/ubuntu noble/universe amd64 timgm6mb-soundfont all 1.3-5 [5427 kB]
2025-10-31T02:32:41.1324070Z Get:126 http://azure.archive.ubuntu.com/ubuntu noble/universe amd64 libfluidsynth3 amd64 2.3.4-1build3 [249 kB]
2025-10-31T02:32:41.1776474Z Get:127 http://azure.archive.ubuntu.com/ubuntu noble/main amd64 libfreeaptx0 amd64 0.1.1-2build1 [13.5 kB]
2025-10-31T02:32:41.2152126Z Get:128 http://azure.archive.ubuntu.com/ubuntu noble/main amd64 libgraphene-1.0-0 amd64 1.10.8-3build2 [46.2 kB]
2025-10-31T02:32:41.2531004Z Get:129 http://azure.archive.ubuntu.com/ubuntu noble/main amd64 libgssdp-1.6-0 amd64 1.6.3-1build3 [40.4 kB]
2025-10-31T02:32:41.2909616Z Get:130 http://azure.archive.ubuntu.com/ubuntu noble/main amd64 libegl1 amd64 1.7.0-1build1 [28.7 kB]
2025-10-31T02:32:41.3286681Z Get:131 http://azure.archive.ubuntu.com/ubuntu noble-updates/main amd64 libgstreamer-gl1.0-0 amd64 1.24.2-1ubuntu0.3 [214 kB]
2025-10-31T02:32:41.3716394Z Get:132 http://azure.archive.ubuntu.com/ubuntu noble-updates/main amd64 libgtk-4-common all 4.14.5+ds-0ubuntu0.5 [1497 kB]
2025-10-31T02:32:41.4325671Z Get:133 http://azure.archive.ubuntu.com/ubuntu noble-updates/main amd64 libgtk-4-1 amd64 4.14.5+ds-0ubuntu0.5 [3293 kB]
2025-10-31T02:32:41.5215925Z Get:134 http://azure.archive.ubuntu.com/ubuntu noble/main amd64 libgupnp-1.6-0 amd64 1.6.6-1build3 [92.7 kB]
2025-10-31T02:32:41.5597575Z Get:135 http://azure.archive.ubuntu.com/ubuntu noble/universe amd64 libgupnp-igd-1.6-0 amd64 1.6.0-3build3 [16.5 kB]
2025-10-31T02:32:41.5977184Z Get:136 http://azure.archive.ubuntu.com/ubuntu noble/main amd64 libharfbuzz-icu0 amd64 8.3.0-2build2 [13.3 kB]
2025-10-31T02:32:41.6366861Z Get:137 http://azure.archive.ubuntu.com/ubuntu noble/main amd64 libhyphen0 amd64 2.8.8-7build3 [26.5 kB]
2025-10-31T02:32:41.6742778Z Get:138 http://azure.archive.ubuntu.com/ubuntu noble/universe amd64 libimath-3-1-29t64 amd64 3.1.9-3.1ubuntu2 [72.2 kB]
2025-10-31T02:32:41.7546310Z Get:139 http://azure.archive.ubuntu.com/ubuntu noble/main amd64 liblc3-1 amd64 1.0.4-3build1 [69.7 kB]
2025-10-31T02:32:41.7923660Z Get:140 http://azure.archive.ubuntu.com/ubuntu noble/main amd64 libldacbt-enc2 amd64 2.0.2.3+git20200429+ed310a0-4ubuntu2 [27.1 kB]
2025-10-31T02:32:41.8291440Z Get:141 http://azure.archive.ubuntu.com/ubuntu noble-updates/main amd64 libraptor2-0 amd64 2.0.16-3ubuntu0.1 [165 kB]
2025-10-31T02:32:41.8685553Z Get:142 http://azure.archive.ubuntu.com/ubuntu noble/universe amd64 liblrdf0 amd64 0.6.1-4build1 [18.5 kB]
2025-10-31T02:32:41.9063211Z Get:143 http://azure.archive.ubuntu.com/ubuntu noble/universe amd64 libltc11 amd64 1.3.2-1build1 [13.0 kB]
2025-10-31T02:32:41.9450661Z Get:144 http://azure.archive.ubuntu.com/ubuntu noble/main amd64 libmanette-0.2-0 amd64 0.2.7-1build2 [30.6 kB]
2025-10-31T02:32:41.9839692Z Get:145 http://azure.archive.ubuntu.com/ubuntu noble/universe amd64 libmfx1 amd64 22.5.4-1 [3124 kB]
2025-10-31T02:32:42.0565600Z Get:146 http://azure.archive.ubuntu.com/ubuntu noble/universe amd64 libmjpegutils-2.1-0t64 amd64 1:2.1.0+debian-8.1build1 [25.5 kB]
2025-10-31T02:32:42.0949811Z Get:147 http://azure.archive.ubuntu.com/ubuntu noble/universe amd64 libmodplug1 amd64 1:0.8.9.0-3build1 [166 kB]
2025-10-31T02:32:42.1403394Z Get:148 http://azure.archive.ubuntu.com/ubuntu noble/universe amd64 libmpcdec6 amd64 2:0.1~r495-2build1 [32.7 kB]
2025-10-31T02:32:42.1781352Z Get:149 http://azure.archive.ubuntu.com/ubuntu noble/universe amd64 libmpeg2encpp-2.1-0t64 amd64 1:2.1.0+debian-8.1build1 [75.6 kB]
2025-10-31T02:32:42.2165525Z Get:150 http://azure.archive.ubuntu.com/ubuntu noble/universe amd64 libmplex2-2.1-0t64 amd64 1:2.1.0+debian-8.1build1 [46.1 kB]
2025-10-31T02:32:42.2559430Z Get:151 http://azure.archive.ubuntu.com/ubuntu noble/universe amd64 libneon27t64 amd64 0.33.0-1.1build3 [102 kB]
2025-10-31T02:32:42.2965633Z Get:152 http://azure.archive.ubuntu.com/ubuntu noble/universe amd64 libnice10 amd64 0.1.21-2build3 [157 kB]
2025-10-31T02:32:42.3388408Z Get:153 http://azure.archive.ubuntu.com/ubuntu noble/universe amd64 libopenal-data all 1:1.23.1-4build1 [161 kB]
2025-10-31T02:32:42.3812531Z Get:154 http://azure.archive.ubuntu.com/ubuntu noble/universe amd64 libopenexr-3-1-30 amd64 3.1.5-5.1build3 [1004 kB]
2025-10-31T02:32:42.4288299Z Get:155 http://azure.archive.ubuntu.com/ubuntu noble/universe amd64 libopenh264-7 amd64 2.4.1+dfsg-1 [409 kB]
2025-10-31T02:32:42.4700836Z Get:156 http://azure.archive.ubuntu.com/ubuntu noble/universe amd64 libopenni2-0 amd64 2.2.0.33+dfsg-18 [370 kB]
2025-10-31T02:32:42.5118553Z Get:157 http://azure.archive.ubuntu.com/ubuntu noble/universe amd64 libqrencode4 amd64 4.1.1-1build2 [25.0 kB]
2025-10-31T02:32:42.5963872Z Get:158 http://azure.archive.ubuntu.com/ubuntu noble/main amd64 libsecret-common all 0.21.4-1build3 [4962 B]
2025-10-31T02:32:42.6337575Z Get:159 http://azure.archive.ubuntu.com/ubuntu noble/main amd64 libsecret-1-0 amd64 0.21.4-1build3 [116 kB]
2025-10-31T02:32:42.6696714Z Get:160 http://azure.archive.ubuntu.com/ubuntu noble/universe amd64 libsndio7.0 amd64 1.9.0-0.3build3 [29.6 kB]
2025-10-31T02:32:42.7058173Z Get:161 http://azure.archive.ubuntu.com/ubuntu noble/universe amd64 libsoundtouch1 amd64 2.3.2+ds1-1build1 [60.5 kB]
2025-10-31T02:32:42.7451187Z Get:162 http://azure.archive.ubuntu.com/ubuntu noble/universe amd64 libspandsp2t64 amd64 0.0.6+dfsg-2.1build1 [311 kB]
2025-10-31T02:32:42.7827890Z Get:163 http://azure.archive.ubuntu.com/ubuntu noble/universe amd64 libsrtp2-1 amd64 2.5.0-3build1 [41.9 kB]
2025-10-31T02:32:42.8201037Z Get:164 http://azure.archive.ubuntu.com/ubuntu noble/universe amd64 libwildmidi2 amd64 0.4.3-1build3 [68.5 kB]
2025-10-31T02:32:42.8560247Z Get:165 http://azure.archive.ubuntu.com/ubuntu noble/main amd64 libwoff1 amd64 1.0.2-2build1 [45.3 kB]
2025-10-31T02:32:42.8909214Z Get:166 http://azure.archive.ubuntu.com/ubuntu noble/main amd64 libxcb-xkb1 amd64 1.15-1ubuntu2 [32.3 kB]
2025-10-31T02:32:42.9262532Z Get:167 http://azure.archive.ubuntu.com/ubuntu noble/main amd64 libxkbcommon-x11-0 amd64 1.6.0-1build1 [14.5 kB]
2025-10-31T02:32:42.9633032Z Get:168 http://azure.archive.ubuntu.com/ubuntu noble/universe amd64 libzbar0t64 amd64 0.23.93-4build3 [123 kB]
2025-10-31T02:32:42.9984268Z Get:169 http://azure.archive.ubuntu.com/ubuntu noble/universe amd64 libzxing3 amd64 2.2.1-3 [583 kB]
2025-10-31T02:32:43.0408273Z Get:170 http://azure.archive.ubuntu.com/ubuntu noble/main amd64 xfonts-encodings all 1:1.0.5-0ubuntu2 [578 kB]
2025-10-31T02:32:43.0911601Z Get:171 http://azure.archive.ubuntu.com/ubuntu noble/main amd64 xfonts-utils amd64 1:7.7+6build3 [94.4 kB]
2025-10-31T02:32:43.1323072Z Get:172 http://azure.archive.ubuntu.com/ubuntu noble/universe amd64 xfonts-cyrillic all 1:1.0.5+nmu1 [384 kB]
2025-10-31T02:32:43.1740588Z Get:173 http://azure.archive.ubuntu.com/ubuntu noble/main amd64 xfonts-scalable all 1:1.0.3-1.3 [304 kB]
2025-10-31T02:32:43.2144817Z Get:174 http://azure.archive.ubuntu.com/ubuntu noble/universe amd64 libgstreamer-plugins-bad1.0-0 amd64 1.24.2-1ubuntu4 [797 kB]
2025-10-31T02:32:43.3282556Z Get:175 http://azure.archive.ubuntu.com/ubuntu noble/universe amd64 libdca0 amd64 0.0.7-2build1 [93.8 kB]
2025-10-31T02:32:43.4164601Z Get:176 http://azure.archive.ubuntu.com/ubuntu noble/universe amd64 libopenal1 amd64 1:1.23.1-4build1 [540 kB]
2025-10-31T02:32:43.4632935Z Get:177 http://azure.archive.ubuntu.com/ubuntu noble/main amd64 libsbc1 amd64 2.0-1build1 [33.9 kB]
2025-10-31T02:32:43.4983169Z Get:178 http://azure.archive.ubuntu.com/ubuntu noble/universe amd64 libvo-aacenc0 amd64 0.1.3-2build1 [67.8 kB]
2025-10-31T02:32:43.5332280Z Get:179 http://azure.archive.ubuntu.com/ubuntu noble/universe amd64 libvo-amrwbenc0 amd64 0.1.3-2build1 [76.7 kB]
2025-10-31T02:32:43.5680987Z Get:180 http://azure.archive.ubuntu.com/ubuntu noble/universe amd64 gstreamer1.0-plugins-bad amd64 1.24.2-1ubuntu4 [3081 kB]
2025-10-31T02:32:44.0676601Z Fetched 114 MB in 16s (7284 kB/s)
2025-10-31T02:32:44.1268101Z Selecting previously unselected package fonts-ipafont-gothic.
2025-10-31T02:32:44.1693094Z (Reading database ... 
2025-10-31T02:32:44.1693556Z (Reading database ... 5%
2025-10-31T02:32:44.1693939Z (Reading database ... 10%
2025-10-31T02:32:44.1694340Z (Reading database ... 15%
2025-10-31T02:32:44.1694718Z (Reading database ... 20%
2025-10-31T02:32:44.1695132Z (Reading database ... 25%
2025-10-31T02:32:44.1695526Z (Reading database ... 30%
2025-10-31T02:32:44.1696351Z (Reading database ... 35%
2025-10-31T02:32:44.1696739Z (Reading database ... 40%
2025-10-31T02:32:44.1697464Z (Reading database ... 45%
2025-10-31T02:32:44.1697923Z (Reading database ... 50%
2025-10-31T02:32:44.2244711Z (Reading database ... 55%
2025-10-31T02:32:44.5113169Z (Reading database ... 60%
2025-10-31T02:32:44.6679338Z (Reading database ... 65%
2025-10-31T02:32:44.7533652Z (Reading database ... 70%
2025-10-31T02:32:44.8517294Z (Reading database ... 75%
2025-10-31T02:32:45.2564686Z (Reading database ... 80%
2025-10-31T02:32:45.8581423Z (Reading database ... 85%
2025-10-31T02:32:46.3963528Z (Reading database ... 90%
2025-10-31T02:32:46.9399329Z (Reading database ... 95%
2025-10-31T02:32:46.9400263Z (Reading database ... 100%
2025-10-31T02:32:46.9401743Z (Reading database ... 214596 files and directories currently installed.)
2025-10-31T02:32:46.9448026Z Preparing to unpack .../000-fonts-ipafont-gothic_00303-21ubuntu1_all.deb ...
2025-10-31T02:32:46.9542650Z Unpacking fonts-ipafont-gothic (00303-21ubuntu1) ...
2025-10-31T02:32:47.1915418Z Selecting previously unselected package fonts-freefont-ttf.
2025-10-31T02:32:47.2046634Z Preparing to unpack .../001-fonts-freefont-ttf_20211204+svn4273-2_all.deb ...
2025-10-31T02:32:47.2059554Z Unpacking fonts-freefont-ttf (20211204+svn4273-2) ...
2025-10-31T02:32:47.2977297Z Selecting previously unselected package fonts-tlwg-loma-otf.
2025-10-31T02:32:47.3107760Z Preparing to unpack .../002-fonts-tlwg-loma-otf_1%3a0.7.3-1_all.deb ...
2025-10-31T02:32:47.3118386Z Unpacking fonts-tlwg-loma-otf (1:0.7.3-1) ...
2025-10-31T02:32:47.3378396Z Selecting previously unselected package fonts-unifont.
2025-10-31T02:32:47.3508436Z Preparing to unpack .../003-fonts-unifont_1%3a15.1.01-1build1_all.deb ...
2025-10-31T02:32:47.3522310Z Unpacking fonts-unifont (1:15.1.01-1build1) ...
2025-10-31T02:32:47.4811299Z Selecting previously unselected package fonts-wqy-zenhei.
2025-10-31T02:32:47.4943149Z Preparing to unpack .../004-fonts-wqy-zenhei_0.9.45-8_all.deb ...
2025-10-31T02:32:47.5088711Z Unpacking fonts-wqy-zenhei (0.9.45-8) ...
2025-10-31T02:32:47.9857085Z Selecting previously unselected package libproxy1v5:amd64.
2025-10-31T02:32:47.9988658Z Preparing to unpack .../005-libproxy1v5_0.5.4-4build1_amd64.deb ...
2025-10-31T02:32:48.0023571Z Unpacking libproxy1v5:amd64 (0.5.4-4build1) ...
2025-10-31T02:32:48.0284383Z Selecting previously unselected package glib-networking-common.
2025-10-31T02:32:48.0414688Z Preparing to unpack .../006-glib-networking-common_2.80.0-1build1_all.deb ...
2025-10-31T02:32:48.0425701Z Unpacking glib-networking-common (2.80.0-1build1) ...
2025-10-31T02:32:48.0650938Z Selecting previously unselected package glib-networking-services.
2025-10-31T02:32:48.0780764Z Preparing to unpack .../007-glib-networking-services_2.80.0-1build1_amd64.deb ...
2025-10-31T02:32:48.0791578Z Unpacking glib-networking-services (2.80.0-1build1) ...
2025-10-31T02:32:48.1029035Z Selecting previously unselected package session-migration.
2025-10-31T02:32:48.1157192Z Preparing to unpack .../008-session-migration_0.3.9build1_amd64.deb ...
2025-10-31T02:32:48.1171911Z Unpacking session-migration (0.3.9build1) ...
2025-10-31T02:32:48.1512872Z Selecting previously unselected package gsettings-desktop-schemas.
2025-10-31T02:32:48.1641015Z Preparing to unpack .../009-gsettings-desktop-schemas_46.1-0ubuntu1_all.deb ...
2025-10-31T02:32:48.1688202Z Unpacking gsettings-desktop-schemas (46.1-0ubuntu1) ...
2025-10-31T02:32:48.1982789Z Selecting previously unselected package glib-networking:amd64.
2025-10-31T02:32:48.2108894Z Preparing to unpack .../010-glib-networking_2.80.0-1build1_amd64.deb ...
2025-10-31T02:32:48.2127483Z Unpacking glib-networking:amd64 (2.80.0-1build1) ...
2025-10-31T02:32:48.2390469Z Selecting previously unselected package libva2:amd64.
2025-10-31T02:32:48.2514808Z Preparing to unpack .../011-libva2_2.20.0-2build1_amd64.deb ...
2025-10-31T02:32:48.2529922Z Unpacking libva2:amd64 (2.20.0-2build1) ...
2025-10-31T02:32:48.2783370Z Selecting previously unselected package libva-drm2:amd64.
2025-10-31T02:32:48.2910213Z Preparing to unpack .../012-libva-drm2_2.20.0-2build1_amd64.deb ...
2025-10-31T02:32:48.2945164Z Unpacking libva-drm2:amd64 (2.20.0-2build1) ...
2025-10-31T02:32:48.3197033Z Selecting previously unselected package libva-x11-2:amd64.
2025-10-31T02:32:48.3320019Z Preparing to unpack .../013-libva-x11-2_2.20.0-2build1_amd64.deb ...
2025-10-31T02:32:48.3335731Z Unpacking libva-x11-2:amd64 (2.20.0-2build1) ...
2025-10-31T02:32:48.3607346Z Selecting previously unselected package libvdpau1:amd64.
2025-10-31T02:32:48.3721837Z Preparing to unpack .../014-libvdpau1_1.5-2build1_amd64.deb ...
2025-10-31T02:32:48.3736880Z Unpacking libvdpau1:amd64 (1.5-2build1) ...
2025-10-31T02:32:48.3983203Z Selecting previously unselected package libvpl2.
2025-10-31T02:32:48.4112209Z Preparing to unpack .../015-libvpl2_2023.3.0-1build1_amd64.deb ...
2025-10-31T02:32:48.4129041Z Unpacking libvpl2 (2023.3.0-1build1) ...
2025-10-31T02:32:48.4394679Z Selecting previously unselected package ocl-icd-libopencl1:amd64.
2025-10-31T02:32:48.4557226Z Preparing to unpack .../016-ocl-icd-libopencl1_2.3.2-1build1_amd64.deb ...
2025-10-31T02:32:48.4613315Z Unpacking ocl-icd-libopencl1:amd64 (2.3.2-1build1) ...
2025-10-31T02:32:48.5160041Z Selecting previously unselected package libavutil58:amd64.
2025-10-31T02:32:48.5342081Z Preparing to unpack .../017-libavutil58_7%3a6.1.1-3ubuntu5_amd64.deb ...
2025-10-31T02:32:48.6252597Z Unpacking libavutil58:amd64 (7:6.1.1-3ubuntu5) ...
2025-10-31T02:32:48.6520764Z Selecting previously unselected package libcodec2-1.2:amd64.
2025-10-31T02:32:48.6652138Z Preparing to unpack .../018-libcodec2-1.2_1.2.0-2build1_amd64.deb ...
2025-10-31T02:32:48.6660805Z Unpacking libcodec2-1.2:amd64 (1.2.0-2build1) ...
2025-10-31T02:32:48.7504712Z Selecting previously unselected package libdav1d7:amd64.
2025-10-31T02:32:48.7635278Z Preparing to unpack .../019-libdav1d7_1.4.1-1build1_amd64.deb ...
2025-10-31T02:32:48.7653800Z Unpacking libdav1d7:amd64 (1.4.1-1build1) ...
2025-10-31T02:32:48.7972445Z Selecting previously unselected package libgsm1:amd64.
2025-10-31T02:32:48.8104072Z Preparing to unpack .../020-libgsm1_1.0.22-1build1_amd64.deb ...
2025-10-31T02:32:48.8117345Z Unpacking libgsm1:amd64 (1.0.22-1build1) ...
2025-10-31T02:32:48.8376829Z Selecting previously unselected package libhwy1t64:amd64.
2025-10-31T02:32:48.8486853Z Preparing to unpack .../021-libhwy1t64_1.0.7-8.1build1_amd64.deb ...
2025-10-31T02:32:48.8498418Z Unpacking libhwy1t64:amd64 (1.0.7-8.1build1) ...
2025-10-31T02:32:48.8870200Z Selecting previously unselected package libjxl0.7:amd64.
2025-10-31T02:32:48.9000173Z Preparing to unpack .../022-libjxl0.7_0.7.0-10.2ubuntu6.1_amd64.deb ...
2025-10-31T02:32:48.9014100Z Unpacking libjxl0.7:amd64 (0.7.0-10.2ubuntu6.1) ...
2025-10-31T02:32:48.9397725Z Selecting previously unselected package libmp3lame0:amd64.
2025-10-31T02:32:48.9515867Z Preparing to unpack .../023-libmp3lame0_3.100-6build1_amd64.deb ...
2025-10-31T02:32:48.9527546Z Unpacking libmp3lame0:amd64 (3.100-6build1) ...
2025-10-31T02:32:48.9777291Z Selecting previously unselected package libopus0:amd64.
2025-10-31T02:32:48.9905253Z Preparing to unpack .../024-libopus0_1.4-1build1_amd64.deb ...
2025-10-31T02:32:48.9919378Z Unpacking libopus0:amd64 (1.4-1build1) ...
2025-10-31T02:32:49.0192070Z Selecting previously unselected package librav1e0:amd64.
2025-10-31T02:32:49.0321567Z Preparing to unpack .../025-librav1e0_0.7.1-2_amd64.deb ...
2025-10-31T02:32:49.0332944Z Unpacking librav1e0:amd64 (0.7.1-2) ...
2025-10-31T02:32:49.0737912Z Selecting previously unselected package librsvg2-2:amd64.
2025-10-31T02:32:49.0868693Z Preparing to unpack .../026-librsvg2-2_2.58.0+dfsg-1build1_amd64.deb ...
2025-10-31T02:32:49.0878146Z Unpacking librsvg2-2:amd64 (2.58.0+dfsg-1build1) ...
2025-10-31T02:32:49.1396310Z Selecting previously unselected package libshine3:amd64.
2025-10-31T02:32:49.1527356Z Preparing to unpack .../027-libshine3_3.1.1-2build1_amd64.deb ...
2025-10-31T02:32:49.1548114Z Unpacking libshine3:amd64 (3.1.1-2build1) ...
2025-10-31T02:32:49.1791787Z Selecting previously unselected package libspeex1:amd64.
2025-10-31T02:32:49.1921269Z Preparing to unpack .../028-libspeex1_1.2.1-2ubuntu2.24.04.1_amd64.deb ...
2025-10-31T02:32:49.1931300Z Unpacking libspeex1:amd64 (1.2.1-2ubuntu2.24.04.1) ...
2025-10-31T02:32:49.2149881Z Selecting previously unselected package libsvtav1enc1d1:amd64.
2025-10-31T02:32:49.2283263Z Preparing to unpack .../029-libsvtav1enc1d1_1.7.0+dfsg-2build1_amd64.deb ...
2025-10-31T02:32:49.2294460Z Unpacking libsvtav1enc1d1:amd64 (1.7.0+dfsg-2build1) ...
2025-10-31T02:32:49.2860829Z Selecting previously unselected package libsoxr0:amd64.
2025-10-31T02:32:49.2992946Z Preparing to unpack .../030-libsoxr0_0.1.3-4build3_amd64.deb ...
2025-10-31T02:32:49.3009147Z Unpacking libsoxr0:amd64 (0.1.3-4build3) ...
2025-10-31T02:32:49.3276901Z Selecting previously unselected package libswresample4:amd64.
2025-10-31T02:32:49.3392888Z Preparing to unpack .../031-libswresample4_7%3a6.1.1-3ubuntu5_amd64.deb ...
2025-10-31T02:32:49.3402468Z Unpacking libswresample4:amd64 (7:6.1.1-3ubuntu5) ...
2025-10-31T02:32:49.3663704Z Selecting previously unselected package libtheora0:amd64.
2025-10-31T02:32:49.3794470Z Preparing to unpack .../032-libtheora0_1.1.1+dfsg.1-16.1build3_amd64.deb ...
2025-10-31T02:32:49.3804519Z Unpacking libtheora0:amd64 (1.1.1+dfsg.1-16.1build3) ...
2025-10-31T02:32:49.4057268Z Selecting previously unselected package libtwolame0:amd64.
2025-10-31T02:32:49.4179177Z Preparing to unpack .../033-libtwolame0_0.4.0-2build3_amd64.deb ...
2025-10-31T02:32:49.4189209Z Unpacking libtwolame0:amd64 (0.4.0-2build3) ...
2025-10-31T02:32:49.4420110Z Selecting previously unselected package libvorbisenc2:amd64.
2025-10-31T02:32:49.4556718Z Preparing to unpack .../034-libvorbisenc2_1.3.7-1build3_amd64.deb ...
2025-10-31T02:32:49.4566967Z Unpacking libvorbisenc2:amd64 (1.3.7-1build3) ...
2025-10-31T02:32:49.4849680Z Selecting previously unselected package libvpx9:amd64.
2025-10-31T02:32:49.4980000Z Preparing to unpack .../035-libvpx9_1.14.0-1ubuntu2.2_amd64.deb ...
2025-10-31T02:32:49.4989895Z Unpacking libvpx9:amd64 (1.14.0-1ubuntu2.2) ...
2025-10-31T02:32:49.5377769Z Selecting previously unselected package libx264-164:amd64.
2025-10-31T02:32:49.5491523Z Preparing to unpack .../036-libx264-164_2%3a0.164.3108+git31e19f9-1_amd64.deb ...
2025-10-31T02:32:49.5499784Z Unpacking libx264-164:amd64 (2:0.164.3108+git31e19f9-1) ...
2025-10-31T02:32:49.5817197Z Selecting previously unselected package libx265-199:amd64.
2025-10-31T02:32:49.5936691Z Preparing to unpack .../037-libx265-199_3.5-2build1_amd64.deb ...
2025-10-31T02:32:49.5959060Z Unpacking libx265-199:amd64 (3.5-2build1) ...
2025-10-31T02:32:49.6711711Z Selecting previously unselected package libxvidcore4:amd64.
2025-10-31T02:32:49.6844419Z Preparing to unpack .../038-libxvidcore4_2%3a1.3.7-1build1_amd64.deb ...
2025-10-31T02:32:49.6853558Z Unpacking libxvidcore4:amd64 (2:1.3.7-1build1) ...
2025-10-31T02:32:49.7094027Z Selecting previously unselected package libzvbi-common.
2025-10-31T02:32:49.7224717Z Preparing to unpack .../039-libzvbi-common_0.2.42-2_all.deb ...
2025-10-31T02:32:49.7235145Z Unpacking libzvbi-common (0.2.42-2) ...
2025-10-31T02:32:49.7708873Z Selecting previously unselected package libzvbi0t64:amd64.
2025-10-31T02:32:49.7840273Z Preparing to unpack .../040-libzvbi0t64_0.2.42-2_amd64.deb ...
2025-10-31T02:32:49.7847474Z Unpacking libzvbi0t64:amd64 (0.2.42-2) ...
2025-10-31T02:32:49.8101650Z Selecting previously unselected package libavcodec60:amd64.
2025-10-31T02:32:49.8231571Z Preparing to unpack .../041-libavcodec60_7%3a6.1.1-3ubuntu5_amd64.deb ...
2025-10-31T02:32:49.8241608Z Unpacking libavcodec60:amd64 (7:6.1.1-3ubuntu5) ...
2025-10-31T02:32:49.9171385Z Selecting previously unselected package libunibreak5:amd64.
2025-10-31T02:32:49.9303380Z Preparing to unpack .../042-libunibreak5_5.1-2build1_amd64.deb ...
2025-10-31T02:32:49.9314530Z Unpacking libunibreak5:amd64 (5.1-2build1) ...
2025-10-31T02:32:49.9542245Z Selecting previously unselected package libass9:amd64.
2025-10-31T02:32:49.9672809Z Preparing to unpack .../043-libass9_1%3a0.17.1-2build1_amd64.deb ...
2025-10-31T02:32:49.9686858Z Unpacking libass9:amd64 (1:0.17.1-2build1) ...
2025-10-31T02:32:49.9923651Z Selecting previously unselected package libudfread0:amd64.
2025-10-31T02:32:50.0053861Z Preparing to unpack .../044-libudfread0_1.1.2-1build1_amd64.deb ...
2025-10-31T02:32:50.0068760Z Unpacking libudfread0:amd64 (1.1.2-1build1) ...
2025-10-31T02:32:50.0287322Z Selecting previously unselected package libbluray2:amd64.
2025-10-31T02:32:50.0414030Z Preparing to unpack .../045-libbluray2_1%3a1.3.4-1build1_amd64.deb ...
2025-10-31T02:32:50.0424057Z Unpacking libbluray2:amd64 (1:1.3.4-1build1) ...
2025-10-31T02:32:50.0681452Z Selecting previously unselected package libchromaprint1:amd64.
2025-10-31T02:32:50.0811012Z Preparing to unpack .../046-libchromaprint1_1.5.1-5_amd64.deb ...
2025-10-31T02:32:50.0825047Z Unpacking libchromaprint1:amd64 (1.5.1-5) ...
2025-10-31T02:32:50.1064608Z Selecting previously unselected package libgme0:amd64.
2025-10-31T02:32:50.1191363Z Preparing to unpack .../047-libgme0_0.6.3-7build1_amd64.deb ...
2025-10-31T02:32:50.1203453Z Unpacking libgme0:amd64 (0.6.3-7build1) ...
2025-10-31T02:32:50.1443399Z Selecting previously unselected package libmpg123-0t64:amd64.
2025-10-31T02:32:50.1570559Z Preparing to unpack .../048-libmpg123-0t64_1.32.5-1ubuntu1.1_amd64.deb ...
2025-10-31T02:32:50.1584695Z Unpacking libmpg123-0t64:amd64 (1.32.5-1ubuntu1.1) ...
2025-10-31T02:32:50.1851094Z Selecting previously unselected package libopenmpt0t64:amd64.
2025-10-31T02:32:50.1978092Z Preparing to unpack .../049-libopenmpt0t64_0.7.3-1.1build3_amd64.deb ...
2025-10-31T02:32:50.1989151Z Unpacking libopenmpt0t64:amd64 (0.7.3-1.1build3) ...
2025-10-31T02:32:50.2298044Z Selecting previously unselected package libcjson1:amd64.
2025-10-31T02:32:50.2414708Z Preparing to unpack .../050-libcjson1_1.7.17-1_amd64.deb ...
2025-10-31T02:32:50.2428109Z Unpacking libcjson1:amd64 (1.7.17-1) ...
2025-10-31T02:32:50.2667146Z Selecting previously unselected package libmbedcrypto7t64:amd64.
2025-10-31T02:32:50.2775940Z Preparing to unpack .../051-libmbedcrypto7t64_2.28.8-1_amd64.deb ...
2025-10-31T02:32:50.2789294Z Unpacking libmbedcrypto7t64:amd64 (2.28.8-1) ...
2025-10-31T02:32:50.3039822Z Selecting previously unselected package librist4:amd64.
2025-10-31T02:32:50.3168700Z Preparing to unpack .../052-librist4_0.2.10+dfsg-2_amd64.deb ...
2025-10-31T02:32:50.3178341Z Unpacking librist4:amd64 (0.2.10+dfsg-2) ...
2025-10-31T02:32:50.3399501Z Selecting previously unselected package libsrt1.5-gnutls:amd64.
2025-10-31T02:32:50.3527274Z Preparing to unpack .../053-libsrt1.5-gnutls_1.5.3-1build2_amd64.deb ...
2025-10-31T02:32:50.3536791Z Unpacking libsrt1.5-gnutls:amd64 (1.5.3-1build2) ...
2025-10-31T02:32:50.3795068Z Selecting previously unselected package libssh-gcrypt-4:amd64.
2025-10-31T02:32:50.3923320Z Preparing to unpack .../054-libssh-gcrypt-4_0.10.6-2ubuntu0.1_amd64.deb ...
2025-10-31T02:32:50.3934151Z Unpacking libssh-gcrypt-4:amd64 (0.10.6-2ubuntu0.1) ...
2025-10-31T02:32:50.4195243Z Selecting previously unselected package libavformat60:amd64.
2025-10-31T02:32:50.4322237Z Preparing to unpack .../055-libavformat60_7%3a6.1.1-3ubuntu5_amd64.deb ...
2025-10-31T02:32:50.4332119Z Unpacking libavformat60:amd64 (7:6.1.1-3ubuntu5) ...
2025-10-31T02:32:50.4691129Z Selecting previously unselected package libbs2b0:amd64.
2025-10-31T02:32:50.4822573Z Preparing to unpack .../056-libbs2b0_3.1.0+dfsg-7build1_amd64.deb ...
2025-10-31T02:32:50.4832555Z Unpacking libbs2b0:amd64 (3.1.0+dfsg-7build1) ...
2025-10-31T02:32:50.5086264Z Selecting previously unselected package libflite1:amd64.
2025-10-31T02:32:50.5218535Z Preparing to unpack .../057-libflite1_2.2-6build3_amd64.deb ...
2025-10-31T02:32:50.5227391Z Unpacking libflite1:amd64 (2.2-6build3) ...
2025-10-31T02:32:50.6478943Z Selecting previously unselected package libserd-0-0:amd64.
2025-10-31T02:32:50.6609364Z Preparing to unpack .../058-libserd-0-0_0.32.2-1_amd64.deb ...
2025-10-31T02:32:50.6626126Z Unpacking libserd-0-0:amd64 (0.32.2-1) ...
2025-10-31T02:32:50.6860212Z Selecting previously unselected package libzix-0-0:amd64.
2025-10-31T02:32:50.6989844Z Preparing to unpack .../059-libzix-0-0_0.4.2-2build1_amd64.deb ...
2025-10-31T02:32:50.6997978Z Unpacking libzix-0-0:amd64 (0.4.2-2build1) ...
2025-10-31T02:32:50.7227253Z Selecting previously unselected package libsord-0-0:amd64.
2025-10-31T02:32:50.7352228Z Preparing to unpack .../060-libsord-0-0_0.16.16-2build1_amd64.deb ...
2025-10-31T02:32:50.7367993Z Unpacking libsord-0-0:amd64 (0.16.16-2build1) ...
2025-10-31T02:32:50.7650927Z Selecting previously unselected package libsratom-0-0:amd64.
2025-10-31T02:32:50.7779032Z Preparing to unpack .../061-libsratom-0-0_0.6.16-1build1_amd64.deb ...
2025-10-31T02:32:50.7789180Z Unpacking libsratom-0-0:amd64 (0.6.16-1build1) ...
2025-10-31T02:32:50.8018303Z Selecting previously unselected package liblilv-0-0:amd64.
2025-10-31T02:32:50.8136529Z Preparing to unpack .../062-liblilv-0-0_0.24.22-1build1_amd64.deb ...
2025-10-31T02:32:50.8149984Z Unpacking liblilv-0-0:amd64 (0.24.22-1build1) ...
2025-10-31T02:32:50.8377695Z Selecting previously unselected package libmysofa1:amd64.
2025-10-31T02:32:50.8506811Z Preparing to unpack .../063-libmysofa1_1.3.2+dfsg-2ubuntu2_amd64.deb ...
2025-10-31T02:32:50.8521537Z Unpacking libmysofa1:amd64 (1.3.2+dfsg-2ubuntu2) ...
2025-10-31T02:32:50.8802126Z Selecting previously unselected package libplacebo338:amd64.
2025-10-31T02:32:50.8932628Z Preparing to unpack .../064-libplacebo338_6.338.2-2build1_amd64.deb ...
2025-10-31T02:32:50.8941086Z Unpacking libplacebo338:amd64 (6.338.2-2build1) ...
2025-10-31T02:32:50.9579798Z Selecting previously unselected package libblas3:amd64.
2025-10-31T02:32:50.9710871Z Preparing to unpack .../065-libblas3_3.12.0-3build1.1_amd64.deb ...
2025-10-31T02:32:50.9739744Z Unpacking libblas3:amd64 (3.12.0-3build1.1) ...
2025-10-31T02:32:51.0008343Z Selecting previously unselected package liblapack3:amd64.
2025-10-31T02:32:51.0140014Z Preparing to unpack .../066-liblapack3_3.12.0-3build1.1_amd64.deb ...
2025-10-31T02:32:51.0171992Z Unpacking liblapack3:amd64 (3.12.0-3build1.1) ...
2025-10-31T02:32:51.0754119Z Selecting previously unselected package libasyncns0:amd64.
2025-10-31T02:32:51.0887523Z Preparing to unpack .../067-libasyncns0_0.8-6build4_amd64.deb ...
2025-10-31T02:32:51.0898780Z Unpacking libasyncns0:amd64 (0.8-6build4) ...
2025-10-31T02:32:51.1131698Z Selecting previously unselected package libflac12t64:amd64.
2025-10-31T02:32:51.1264936Z Preparing to unpack .../068-libflac12t64_1.4.3+ds-2.1ubuntu2_amd64.deb ...
2025-10-31T02:32:51.1271861Z Unpacking libflac12t64:amd64 (1.4.3+ds-2.1ubuntu2) ...
2025-10-31T02:32:51.1526791Z Selecting previously unselected package libsndfile1:amd64.
2025-10-31T02:32:51.1659515Z Preparing to unpack .../069-libsndfile1_1.2.2-1ubuntu5.24.04.1_amd64.deb ...
2025-10-31T02:32:51.1667871Z Unpacking libsndfile1:amd64 (1.2.2-1ubuntu5.24.04.1) ...
2025-10-31T02:32:51.1972356Z Selecting previously unselected package libpulse0:amd64.
2025-10-31T02:32:51.2104378Z Preparing to unpack .../070-libpulse0_1%3a16.1+dfsg1-2ubuntu10.1_amd64.deb ...
2025-10-31T02:32:51.2172833Z Unpacking libpulse0:amd64 (1:16.1+dfsg1-2ubuntu10.1) ...
2025-10-31T02:32:51.2458860Z Selecting previously unselected package libsphinxbase3t64:amd64.
2025-10-31T02:32:51.2590393Z Preparing to unpack .../071-libsphinxbase3t64_0.8+5prealpha+1-17build2_amd64.deb ...
2025-10-31T02:32:51.2600433Z Unpacking libsphinxbase3t64:amd64 (0.8+5prealpha+1-17build2) ...
2025-10-31T02:32:51.2866614Z Selecting previously unselected package libpocketsphinx3:amd64.
2025-10-31T02:32:51.2999928Z Preparing to unpack .../072-libpocketsphinx3_0.8.0+real5prealpha+1-15ubuntu5_amd64.deb ...
2025-10-31T02:32:51.3014487Z Unpacking libpocketsphinx3:amd64 (0.8.0+real5prealpha+1-15ubuntu5) ...
2025-10-31T02:32:51.3267574Z Selecting previously unselected package libpostproc57:amd64.
2025-10-31T02:32:51.3388735Z Preparing to unpack .../073-libpostproc57_7%3a6.1.1-3ubuntu5_amd64.deb ...
2025-10-31T02:32:51.3396572Z Unpacking libpostproc57:amd64 (7:6.1.1-3ubuntu5) ...
2025-10-31T02:32:51.3660884Z Selecting previously unselected package libsamplerate0:amd64.
2025-10-31T02:32:51.3792751Z Preparing to unpack .../074-libsamplerate0_0.2.2-4build1_amd64.deb ...
2025-10-31T02:32:51.3803437Z Unpacking libsamplerate0:amd64 (0.2.2-4build1) ...
2025-10-31T02:32:51.4111478Z Selecting previously unselected package librubberband2:amd64.
2025-10-31T02:32:51.4243088Z Preparing to unpack .../075-librubberband2_3.3.0+dfsg-2build1_amd64.deb ...
2025-10-31T02:32:51.4254996Z Unpacking librubberband2:amd64 (3.3.0+dfsg-2build1) ...
2025-10-31T02:32:51.4489592Z Selecting previously unselected package libswscale7:amd64.
2025-10-31T02:32:51.4624577Z Preparing to unpack .../076-libswscale7_7%3a6.1.1-3ubuntu5_amd64.deb ...
2025-10-31T02:32:51.4648595Z Unpacking libswscale7:amd64 (7:6.1.1-3ubuntu5) ...
2025-10-31T02:32:51.4900171Z Selecting previously unselected package libvidstab1.1:amd64.
2025-10-31T02:32:51.5031699Z Preparing to unpack .../077-libvidstab1.1_1.1.0-2build1_amd64.deb ...
2025-10-31T02:32:51.5042047Z Unpacking libvidstab1.1:amd64 (1.1.0-2build1) ...
2025-10-31T02:32:51.5278989Z Selecting previously unselected package libzimg2:amd64.
2025-10-31T02:32:51.5409860Z Preparing to unpack .../078-libzimg2_3.0.5+ds1-1build1_amd64.deb ...
2025-10-31T02:32:51.5423972Z Unpacking libzimg2:amd64 (3.0.5+ds1-1build1) ...
2025-10-31T02:32:51.5687523Z Selecting previously unselected package libavfilter9:amd64.
2025-10-31T02:32:51.5807588Z Preparing to unpack .../079-libavfilter9_7%3a6.1.1-3ubuntu5_amd64.deb ...
2025-10-31T02:32:51.5818346Z Unpacking libavfilter9:amd64 (7:6.1.1-3ubuntu5) ...
2025-10-31T02:32:51.6603066Z Selecting previously unselected package liborc-0.4-0t64:amd64.
2025-10-31T02:32:51.6734682Z Preparing to unpack .../080-liborc-0.4-0t64_1%3a0.4.38-1ubuntu0.1_amd64.deb ...
2025-10-31T02:32:51.6747768Z Unpacking liborc-0.4-0t64:amd64 (1:0.4.38-1ubuntu0.1) ...
2025-10-31T02:32:51.7022271Z Selecting previously unselected package libgstreamer-plugins-base1.0-0:amd64.
2025-10-31T02:32:51.7153921Z Preparing to unpack .../081-libgstreamer-plugins-base1.0-0_1.24.2-1ubuntu0.3_amd64.deb ...
2025-10-31T02:32:51.7166439Z Unpacking libgstreamer-plugins-base1.0-0:amd64 (1.24.2-1ubuntu0.3) ...
2025-10-31T02:32:51.7655510Z Selecting previously unselected package gstreamer1.0-libav:amd64.
2025-10-31T02:32:51.7789626Z Preparing to unpack .../082-gstreamer1.0-libav_1.24.1-1build1_amd64.deb ...
2025-10-31T02:32:51.7799188Z Unpacking gstreamer1.0-libav:amd64 (1.24.1-1build1) ...
2025-10-31T02:32:51.8031238Z Selecting previously unselected package libcdparanoia0:amd64.
2025-10-31T02:32:51.8163746Z Preparing to unpack .../083-libcdparanoia0_3.10.2+debian-14build3_amd64.deb ...
2025-10-31T02:32:51.8177349Z Unpacking libcdparanoia0:amd64 (3.10.2+debian-14build3) ...
2025-10-31T02:32:51.8411829Z Selecting previously unselected package libvisual-0.4-0:amd64.
2025-10-31T02:32:51.8543469Z Preparing to unpack .../084-libvisual-0.4-0_0.4.2-2build1_amd64.deb ...
2025-10-31T02:32:51.8555115Z Unpacking libvisual-0.4-0:amd64 (0.4.2-2build1) ...
2025-10-31T02:32:51.8782841Z Selecting previously unselected package gstreamer1.0-plugins-base:amd64.
2025-10-31T02:32:51.8913530Z Preparing to unpack .../085-gstreamer1.0-plugins-base_1.24.2-1ubuntu0.3_amd64.deb ...
2025-10-31T02:32:51.8928370Z Unpacking gstreamer1.0-plugins-base:amd64 (1.24.2-1ubuntu0.3) ...
2025-10-31T02:32:51.9263732Z Selecting previously unselected package libaa1:amd64.
2025-10-31T02:32:51.9394385Z Preparing to unpack .../086-libaa1_1.4p5-51.1_amd64.deb ...
2025-10-31T02:32:51.9406309Z Unpacking libaa1:amd64 (1.4p5-51.1) ...
2025-10-31T02:32:51.9628095Z Selecting previously unselected package libraw1394-11:amd64.
2025-10-31T02:32:51.9757721Z Preparing to unpack .../087-libraw1394-11_2.1.2-2build3_amd64.deb ...
2025-10-31T02:32:51.9768845Z Unpacking libraw1394-11:amd64 (2.1.2-2build3) ...
2025-10-31T02:32:51.9987302Z Selecting previously unselected package libavc1394-0:amd64.
2025-10-31T02:32:52.0107335Z Preparing to unpack .../088-libavc1394-0_0.5.4-5build3_amd64.deb ...
2025-10-31T02:32:52.0118392Z Unpacking libavc1394-0:amd64 (0.5.4-5build3) ...
2025-10-31T02:32:52.0337558Z Selecting previously unselected package libcaca0:amd64.
2025-10-31T02:32:52.0457280Z Preparing to unpack .../089-libcaca0_0.99.beta20-4build2_amd64.deb ...
2025-10-31T02:32:52.0468419Z Unpacking libcaca0:amd64 (0.99.beta20-4build2) ...
2025-10-31T02:32:52.0730089Z Selecting previously unselected package libdv4t64:amd64.
2025-10-31T02:32:52.0859834Z Preparing to unpack .../090-libdv4t64_1.0.0-17.1build1_amd64.deb ...
2025-10-31T02:32:52.0868623Z Unpacking libdv4t64:amd64 (1.0.0-17.1build1) ...
2025-10-31T02:32:52.1098218Z Selecting previously unselected package libgstreamer-plugins-good1.0-0:amd64.
2025-10-31T02:32:52.1226887Z Preparing to unpack .../091-libgstreamer-plugins-good1.0-0_1.24.2-1ubuntu1.2_amd64.deb ...
2025-10-31T02:32:52.1239188Z Unpacking libgstreamer-plugins-good1.0-0:amd64 (1.24.2-1ubuntu1.2) ...
2025-10-31T02:32:52.1477766Z Selecting previously unselected package libiec61883-0:amd64.
2025-10-31T02:32:52.1603313Z Preparing to unpack .../092-libiec61883-0_1.2.0-6build1_amd64.deb ...
2025-10-31T02:32:52.1613214Z Unpacking libiec61883-0:amd64 (1.2.0-6build1) ...
2025-10-31T02:32:52.1866288Z Selecting previously unselected package libshout3:amd64.
2025-10-31T02:32:52.2000682Z Preparing to unpack .../093-libshout3_2.4.6-1build2_amd64.deb ...
2025-10-31T02:32:52.2014444Z Unpacking libshout3:amd64 (2.4.6-1build2) ...
2025-10-31T02:32:52.2257409Z Selecting previously unselected package libtag1v5-vanilla:amd64.
2025-10-31T02:32:52.2391905Z Preparing to unpack .../094-libtag1v5-vanilla_1.13.1-1build1_amd64.deb ...
2025-10-31T02:32:52.2399143Z Unpacking libtag1v5-vanilla:amd64 (1.13.1-1build1) ...
2025-10-31T02:32:52.2661873Z Selecting previously unselected package libtag1v5:amd64.
2025-10-31T02:32:52.2793241Z Preparing to unpack .../095-libtag1v5_1.13.1-1build1_amd64.deb ...
2025-10-31T02:32:52.2807326Z Unpacking libtag1v5:amd64 (1.13.1-1build1) ...
2025-10-31T02:32:52.3067456Z Selecting previously unselected package libv4lconvert0t64:amd64.
2025-10-31T02:32:52.3185426Z Preparing to unpack .../096-libv4lconvert0t64_1.26.1-4build3_amd64.deb ...
2025-10-31T02:32:52.3195415Z Unpacking libv4lconvert0t64:amd64 (1.26.1-4build3) ...
2025-10-31T02:32:52.3447346Z Selecting previously unselected package libv4l-0t64:amd64.
2025-10-31T02:32:52.3574112Z Preparing to unpack .../097-libv4l-0t64_1.26.1-4build3_amd64.deb ...
2025-10-31T02:32:52.3585931Z Unpacking libv4l-0t64:amd64 (1.26.1-4build3) ...
2025-10-31T02:32:52.3831605Z Selecting previously unselected package libwavpack1:amd64.
2025-10-31T02:32:52.3961037Z Preparing to unpack .../098-libwavpack1_5.6.0-1build1_amd64.deb ...
2025-10-31T02:32:52.3980859Z Unpacking libwavpack1:amd64 (5.6.0-1build1) ...
2025-10-31T02:32:52.4209165Z Selecting previously unselected package libsoup-3.0-common.
2025-10-31T02:32:52.4338706Z Preparing to unpack .../099-libsoup-3.0-common_3.4.4-5ubuntu0.5_all.deb ...
2025-10-31T02:32:52.4348133Z Unpacking libsoup-3.0-common (3.4.4-5ubuntu0.5) ...
2025-10-31T02:32:52.4613844Z Selecting previously unselected package libsoup-3.0-0:amd64.
2025-10-31T02:32:52.4747847Z Preparing to unpack .../100-libsoup-3.0-0_3.4.4-5ubuntu0.5_amd64.deb ...
2025-10-31T02:32:52.4759941Z Unpacking libsoup-3.0-0:amd64 (3.4.4-5ubuntu0.5) ...
2025-10-31T02:32:52.5072567Z Selecting previously unselected package gstreamer1.0-plugins-good:amd64.
2025-10-31T02:32:52.5205828Z Preparing to unpack .../101-gstreamer1.0-plugins-good_1.24.2-1ubuntu1.2_amd64.deb ...
2025-10-31T02:32:52.5217758Z Unpacking gstreamer1.0-plugins-good:amd64 (1.24.2-1ubuntu1.2) ...
2025-10-31T02:32:52.5861918Z Selecting previously unselected package libabsl20220623t64:amd64.
2025-10-31T02:32:52.5994763Z Preparing to unpack .../102-libabsl20220623t64_20220623.1-3.1ubuntu3.2_amd64.deb ...
2025-10-31T02:32:52.6005080Z Unpacking libabsl20220623t64:amd64 (20220623.1-3.1ubuntu3.2) ...
2025-10-31T02:32:52.6454195Z Selecting previously unselected package libgav1-1:amd64.
2025-10-31T02:32:52.6587210Z Preparing to unpack .../103-libgav1-1_0.18.0-1build3_amd64.deb ...
2025-10-31T02:32:52.6595611Z Unpacking libgav1-1:amd64 (0.18.0-1build3) ...
2025-10-31T02:32:52.6864346Z Selecting previously unselected package libyuv0:amd64.
2025-10-31T02:32:52.6994735Z Preparing to unpack .../104-libyuv0_0.0~git202401110.af6ac82-1_amd64.deb ...
2025-10-31T02:32:52.7005923Z Unpacking libyuv0:amd64 (0.0~git202401110.af6ac82-1) ...
2025-10-31T02:32:52.7267487Z Selecting previously unselected package libavif16:amd64.
2025-10-31T02:32:52.7383421Z Preparing to unpack .../105-libavif16_1.0.4-1ubuntu3_amd64.deb ...
2025-10-31T02:32:52.7393036Z Unpacking libavif16:amd64 (1.0.4-1ubuntu3) ...
2025-10-31T02:32:52.7624062Z Selecting previously unselected package libavtp0:amd64.
2025-10-31T02:32:52.7754479Z Preparing to unpack .../106-libavtp0_0.2.0-1build1_amd64.deb ...
2025-10-31T02:32:52.7763766Z Unpacking libavtp0:amd64 (0.2.0-1build1) ...
2025-10-31T02:32:52.7991892Z Selecting previously unselected package libcairo-script-interpreter2:amd64.
2025-10-31T02:32:52.8120947Z Preparing to unpack .../107-libcairo-script-interpreter2_1.18.0-3build1_amd64.deb ...
2025-10-31T02:32:52.8136505Z Unpacking libcairo-script-interpreter2:amd64 (1.18.0-3build1) ...
2025-10-31T02:32:52.8361583Z Selecting previously unselected package libdc1394-25:amd64.
2025-10-31T02:32:52.8488923Z Preparing to unpack .../108-libdc1394-25_2.2.6-4build1_amd64.deb ...
2025-10-31T02:32:52.8508067Z Unpacking libdc1394-25:amd64 (2.2.6-4build1) ...
2025-10-31T02:32:52.8762650Z Selecting previously unselected package libdecor-0-0:amd64.
2025-10-31T02:32:52.8890717Z Preparing to unpack .../109-libdecor-0-0_0.2.2-1build2_amd64.deb ...
2025-10-31T02:32:52.8900665Z Unpacking libdecor-0-0:amd64 (0.2.2-1build2) ...
2025-10-31T02:32:52.9157231Z Selecting previously unselected package libgles2:amd64.
2025-10-31T02:32:52.9265036Z Preparing to unpack .../110-libgles2_1.7.0-1build1_amd64.deb ...
2025-10-31T02:32:52.9274046Z Unpacking libgles2:amd64 (1.7.0-1build1) ...
2025-10-31T02:32:52.9517099Z Selecting previously unselected package libdirectfb-1.7-7t64:amd64.
2025-10-31T02:32:52.9631944Z Preparing to unpack .../111-libdirectfb-1.7-7t64_1.7.7-11.1ubuntu2_amd64.deb ...
2025-10-31T02:32:52.9640195Z Unpacking libdirectfb-1.7-7t64:amd64 (1.7.7-11.1ubuntu2) ...
2025-10-31T02:32:53.0102608Z Selecting previously unselected package libdvdread8t64:amd64.
2025-10-31T02:32:53.0233541Z Preparing to unpack .../112-libdvdread8t64_6.1.3-1.1build1_amd64.deb ...
2025-10-31T02:32:53.0248760Z Unpacking libdvdread8t64:amd64 (6.1.3-1.1build1) ...
2025-10-31T02:32:53.0492487Z Selecting previously unselected package libdvdnav4:amd64.
2025-10-31T02:32:53.0623728Z Preparing to unpack .../113-libdvdnav4_6.1.1-3build1_amd64.deb ...
2025-10-31T02:32:53.0649569Z Unpacking libdvdnav4:amd64 (6.1.1-3build1) ...
2025-10-31T02:32:53.0918501Z Selecting previously unselected package libegl-mesa0:amd64.
2025-10-31T02:32:53.1048777Z Preparing to unpack .../114-libegl-mesa0_25.0.7-0ubuntu0.24.04.2_amd64.deb ...
2025-10-31T02:32:53.1057916Z Unpacking libegl-mesa0:amd64 (25.0.7-0ubuntu0.24.04.2) ...
2025-10-31T02:32:53.1343489Z Selecting previously unselected package libevent-2.1-7t64:amd64.
2025-10-31T02:32:53.1473396Z Preparing to unpack .../115-libevent-2.1-7t64_2.1.12-stable-9ubuntu2_amd64.deb ...
2025-10-31T02:32:53.1489073Z Unpacking libevent-2.1-7t64:amd64 (2.1.12-stable-9ubuntu2) ...
2025-10-31T02:32:53.1738222Z Selecting previously unselected package libfaad2:amd64.
2025-10-31T02:32:53.1868438Z Preparing to unpack .../116-libfaad2_2.11.1-1build1_amd64.deb ...
2025-10-31T02:32:53.1887036Z Unpacking libfaad2:amd64 (2.11.1-1build1) ...
2025-10-31T02:32:53.2149236Z Selecting previously unselected package libinstpatch-1.0-2:amd64.
2025-10-31T02:32:53.2277925Z Preparing to unpack .../117-libinstpatch-1.0-2_1.1.6-1build2_amd64.deb ...
2025-10-31T02:32:53.2297087Z Unpacking libinstpatch-1.0-2:amd64 (1.1.6-1build2) ...
2025-10-31T02:32:53.2579659Z Selecting previously unselected package libjack-jackd2-0:amd64.
2025-10-31T02:32:53.2709194Z Preparing to unpack .../118-libjack-jackd2-0_1.9.21~dfsg-3ubuntu3_amd64.deb ...
2025-10-31T02:32:53.2722519Z Unpacking libjack-jackd2-0:amd64 (1.9.21~dfsg-3ubuntu3) ...
2025-10-31T02:32:53.3011978Z Selecting previously unselected package libwebrtc-audio-processing1:amd64.
2025-10-31T02:32:53.3142776Z Preparing to unpack .../119-libwebrtc-audio-processing1_0.3.1-0ubuntu6_amd64.deb ...
2025-10-31T02:32:53.3164579Z Unpacking libwebrtc-audio-processing1:amd64 (0.3.1-0ubuntu6) ...
2025-10-31T02:32:53.3413601Z Selecting previously unselected package libspa-0.2-modules:amd64.
2025-10-31T02:32:53.3548113Z Preparing to unpack .../120-libspa-0.2-modules_1.0.5-1ubuntu3.1_amd64.deb ...
2025-10-31T02:32:53.3558298Z Unpacking libspa-0.2-modules:amd64 (1.0.5-1ubuntu3.1) ...
2025-10-31T02:32:53.3929068Z Selecting previously unselected package libpipewire-0.3-0t64:amd64.
2025-10-31T02:32:53.4060743Z Preparing to unpack .../121-libpipewire-0.3-0t64_1.0.5-1ubuntu3.1_amd64.deb ...
2025-10-31T02:32:53.4068404Z Unpacking libpipewire-0.3-0t64:amd64 (1.0.5-1ubuntu3.1) ...
2025-10-31T02:32:53.4367534Z Selecting previously unselected package libsdl2-2.0-0:amd64.
2025-10-31T02:32:53.4491880Z Preparing to unpack .../122-libsdl2-2.0-0_2.30.0+dfsg-1ubuntu3.1_amd64.deb ...
2025-10-31T02:32:53.4505201Z Unpacking libsdl2-2.0-0:amd64 (2.30.0+dfsg-1ubuntu3.1) ...
2025-10-31T02:32:53.4828924Z Selecting previously unselected package timgm6mb-soundfont.
2025-10-31T02:32:53.4964837Z Preparing to unpack .../123-timgm6mb-soundfont_1.3-5_all.deb ...
2025-10-31T02:32:53.4974809Z Unpacking timgm6mb-soundfont (1.3-5) ...
2025-10-31T02:32:53.8468678Z Selecting previously unselected package libfluidsynth3:amd64.
2025-10-31T02:32:53.8603486Z Preparing to unpack .../124-libfluidsynth3_2.3.4-1build3_amd64.deb ...
2025-10-31T02:32:53.8611587Z Unpacking libfluidsynth3:amd64 (2.3.4-1build3) ...
2025-10-31T02:32:53.8856782Z Selecting previously unselected package libfreeaptx0:amd64.
2025-10-31T02:32:53.8988624Z Preparing to unpack .../125-libfreeaptx0_0.1.1-2build1_amd64.deb ...
2025-10-31T02:32:53.8998798Z Unpacking libfreeaptx0:amd64 (0.1.1-2build1) ...
2025-10-31T02:32:53.9234105Z Selecting previously unselected package libgraphene-1.0-0:amd64.
2025-10-31T02:32:53.9364632Z Preparing to unpack .../126-libgraphene-1.0-0_1.10.8-3build2_amd64.deb ...
2025-10-31T02:32:53.9374498Z Unpacking libgraphene-1.0-0:amd64 (1.10.8-3build2) ...
2025-10-31T02:32:53.9608436Z Selecting previously unselected package libgssdp-1.6-0:amd64.
2025-10-31T02:32:53.9733208Z Preparing to unpack .../127-libgssdp-1.6-0_1.6.3-1build3_amd64.deb ...
2025-10-31T02:32:53.9744466Z Unpacking libgssdp-1.6-0:amd64 (1.6.3-1build3) ...
2025-10-31T02:32:53.9975943Z Selecting previously unselected package libegl1:amd64.
2025-10-31T02:32:54.0108904Z Preparing to unpack .../128-libegl1_1.7.0-1build1_amd64.deb ...
2025-10-31T02:32:54.0118826Z Unpacking libegl1:amd64 (1.7.0-1build1) ...
2025-10-31T02:32:54.0360160Z Selecting previously unselected package libgstreamer-gl1.0-0:amd64.
2025-10-31T02:32:54.0490905Z Preparing to unpack .../129-libgstreamer-gl1.0-0_1.24.2-1ubuntu0.3_amd64.deb ...
2025-10-31T02:32:54.0502932Z Unpacking libgstreamer-gl1.0-0:amd64 (1.24.2-1ubuntu0.3) ...
2025-10-31T02:32:54.0738630Z Selecting previously unselected package libgtk-4-common.
2025-10-31T02:32:54.0870951Z Preparing to unpack .../130-libgtk-4-common_4.14.5+ds-0ubuntu0.5_all.deb ...
2025-10-31T02:32:54.0882322Z Unpacking libgtk-4-common (4.14.5+ds-0ubuntu0.5) ...
2025-10-31T02:32:54.1423472Z Selecting previously unselected package libgtk-4-1:amd64.
2025-10-31T02:32:54.1555808Z Preparing to unpack .../131-libgtk-4-1_4.14.5+ds-0ubuntu0.5_amd64.deb ...
2025-10-31T02:32:54.1565855Z Unpacking libgtk-4-1:amd64 (4.14.5+ds-0ubuntu0.5) ...
2025-10-31T02:32:54.2289407Z Selecting previously unselected package libgupnp-1.6-0:amd64.
2025-10-31T02:32:54.2423324Z Preparing to unpack .../132-libgupnp-1.6-0_1.6.6-1build3_amd64.deb ...
2025-10-31T02:32:54.2431460Z Unpacking libgupnp-1.6-0:amd64 (1.6.6-1build3) ...
2025-10-31T02:32:54.2664971Z Selecting previously unselected package libgupnp-igd-1.6-0:amd64.
2025-10-31T02:32:54.2797031Z Preparing to unpack .../133-libgupnp-igd-1.6-0_1.6.0-3build3_amd64.deb ...
2025-10-31T02:32:54.2808133Z Unpacking libgupnp-igd-1.6-0:amd64 (1.6.0-3build3) ...
2025-10-31T02:32:54.3025478Z Selecting previously unselected package libharfbuzz-icu0:amd64.
2025-10-31T02:32:54.3157152Z Preparing to unpack .../134-libharfbuzz-icu0_8.3.0-2build2_amd64.deb ...
2025-10-31T02:32:54.3167905Z Unpacking libharfbuzz-icu0:amd64 (8.3.0-2build2) ...
2025-10-31T02:32:54.3384789Z Selecting previously unselected package libhyphen0:amd64.
2025-10-31T02:32:54.3515589Z Preparing to unpack .../135-libhyphen0_2.8.8-7build3_amd64.deb ...
2025-10-31T02:32:54.3530362Z Unpacking libhyphen0:amd64 (2.8.8-7build3) ...
2025-10-31T02:32:54.3750484Z Selecting previously unselected package libimath-3-1-29t64:amd64.
2025-10-31T02:32:54.3881418Z Preparing to unpack .../136-libimath-3-1-29t64_3.1.9-3.1ubuntu2_amd64.deb ...
2025-10-31T02:32:54.3894719Z Unpacking libimath-3-1-29t64:amd64 (3.1.9-3.1ubuntu2) ...
2025-10-31T02:32:54.4152893Z Selecting previously unselected package liblc3-1:amd64.
2025-10-31T02:32:54.4282411Z Preparing to unpack .../137-liblc3-1_1.0.4-3build1_amd64.deb ...
2025-10-31T02:32:54.4297767Z Unpacking liblc3-1:amd64 (1.0.4-3build1) ...
2025-10-31T02:32:54.4523730Z Selecting previously unselected package libldacbt-enc2:amd64.
2025-10-31T02:32:54.4653404Z Preparing to unpack .../138-libldacbt-enc2_2.0.2.3+git20200429+ed310a0-4ubuntu2_amd64.deb ...
2025-10-31T02:32:54.4667823Z Unpacking libldacbt-enc2:amd64 (2.0.2.3+git20200429+ed310a0-4ubuntu2) ...
2025-10-31T02:32:54.4897056Z Selecting previously unselected package libraptor2-0:amd64.
2025-10-31T02:32:54.5028958Z Preparing to unpack .../139-libraptor2-0_2.0.16-3ubuntu0.1_amd64.deb ...
2025-10-31T02:32:54.5043688Z Unpacking libraptor2-0:amd64 (2.0.16-3ubuntu0.1) ...
2025-10-31T02:32:54.5297178Z Selecting previously unselected package liblrdf0:amd64.
2025-10-31T02:32:54.5428240Z Preparing to unpack .../140-liblrdf0_0.6.1-4build1_amd64.deb ...
2025-10-31T02:32:54.5450610Z Unpacking liblrdf0:amd64 (0.6.1-4build1) ...
2025-10-31T02:32:54.5690774Z Selecting previously unselected package libltc11:amd64.
2025-10-31T02:32:54.5821044Z Preparing to unpack .../141-libltc11_1.3.2-1build1_amd64.deb ...
2025-10-31T02:32:54.5834487Z Unpacking libltc11:amd64 (1.3.2-1build1) ...
2025-10-31T02:32:54.6142619Z Selecting previously unselected package libmanette-0.2-0:amd64.
2025-10-31T02:32:54.6272707Z Preparing to unpack .../142-libmanette-0.2-0_0.2.7-1build2_amd64.deb ...
2025-10-31T02:32:54.6287703Z Unpacking libmanette-0.2-0:amd64 (0.2.7-1build2) ...
2025-10-31T02:32:54.6523820Z Selecting previously unselected package libmfx1:amd64.
2025-10-31T02:32:54.6654956Z Preparing to unpack .../143-libmfx1_22.5.4-1_amd64.deb ...
2025-10-31T02:32:54.6669525Z Unpacking libmfx1:amd64 (22.5.4-1) ...
2025-10-31T02:32:54.7854463Z Selecting previously unselected package libmjpegutils-2.1-0t64:amd64.
2025-10-31T02:32:54.7987183Z Preparing to unpack .../144-libmjpegutils-2.1-0t64_1%3a2.1.0+debian-8.1build1_amd64.deb ...
2025-10-31T02:32:54.7995394Z Unpacking libmjpegutils-2.1-0t64:amd64 (1:2.1.0+debian-8.1build1) ...
2025-10-31T02:32:54.8236840Z Selecting previously unselected package libmodplug1:amd64.
2025-10-31T02:32:54.8367562Z Preparing to unpack .../145-libmodplug1_1%3a0.8.9.0-3build1_amd64.deb ...
2025-10-31T02:32:54.8383923Z Unpacking libmodplug1:amd64 (1:0.8.9.0-3build1) ...
2025-10-31T02:32:54.8637630Z Selecting previously unselected package libmpcdec6:amd64.
2025-10-31T02:32:54.8767082Z Preparing to unpack .../146-libmpcdec6_2%3a0.1~r495-2build1_amd64.deb ...
2025-10-31T02:32:54.8779033Z Unpacking libmpcdec6:amd64 (2:0.1~r495-2build1) ...
2025-10-31T02:32:54.9002305Z Selecting previously unselected package libmpeg2encpp-2.1-0t64:amd64.
2025-10-31T02:32:54.9132638Z Preparing to unpack .../147-libmpeg2encpp-2.1-0t64_1%3a2.1.0+debian-8.1build1_amd64.deb ...
2025-10-31T02:32:54.9144154Z Unpacking libmpeg2encpp-2.1-0t64:amd64 (1:2.1.0+debian-8.1build1) ...
2025-10-31T02:32:54.9378070Z Selecting previously unselected package libmplex2-2.1-0t64:amd64.
2025-10-31T02:32:54.9508958Z Preparing to unpack .../148-libmplex2-2.1-0t64_1%3a2.1.0+debian-8.1build1_amd64.deb ...
2025-10-31T02:32:54.9520253Z Unpacking libmplex2-2.1-0t64:amd64 (1:2.1.0+debian-8.1build1) ...
2025-10-31T02:32:54.9762219Z Selecting previously unselected package libneon27t64:amd64.
2025-10-31T02:32:54.9892380Z Preparing to unpack .../149-libneon27t64_0.33.0-1.1build3_amd64.deb ...
2025-10-31T02:32:54.9907158Z Unpacking libneon27t64:amd64 (0.33.0-1.1build3) ...
2025-10-31T02:32:55.0165884Z Selecting previously unselected package libnice10:amd64.
2025-10-31T02:32:55.0294193Z Preparing to unpack .../150-libnice10_0.1.21-2build3_amd64.deb ...
2025-10-31T02:32:55.0308014Z Unpacking libnice10:amd64 (0.1.21-2build3) ...
2025-10-31T02:32:55.0549673Z Selecting previously unselected package libopenal-data.
2025-10-31T02:32:55.0678174Z Preparing to unpack .../151-libopenal-data_1%3a1.23.1-4build1_all.deb ...
2025-10-31T02:32:55.0686691Z Unpacking libopenal-data (1:1.23.1-4build1) ...
2025-10-31T02:32:55.0960616Z Selecting previously unselected package libopenexr-3-1-30:amd64.
2025-10-31T02:32:55.1087863Z Preparing to unpack .../152-libopenexr-3-1-30_3.1.5-5.1build3_amd64.deb ...
2025-10-31T02:32:55.1098165Z Unpacking libopenexr-3-1-30:amd64 (3.1.5-5.1build3) ...
2025-10-31T02:32:55.1519475Z Selecting previously unselected package libopenh264-7:amd64.
2025-10-31T02:32:55.1649056Z Preparing to unpack .../153-libopenh264-7_2.4.1+dfsg-1_amd64.deb ...
2025-10-31T02:32:55.1660317Z Unpacking libopenh264-7:amd64 (2.4.1+dfsg-1) ...
2025-10-31T02:32:55.1944677Z Selecting previously unselected package libopenni2-0:amd64.
2025-10-31T02:32:55.2074156Z Preparing to unpack .../154-libopenni2-0_2.2.0.33+dfsg-18_amd64.deb ...
2025-10-31T02:32:55.2107992Z Unpacking libopenni2-0:amd64 (2.2.0.33+dfsg-18) ...
2025-10-31T02:32:55.2414217Z Selecting previously unselected package libqrencode4:amd64.
2025-10-31T02:32:55.2544005Z Preparing to unpack .../155-libqrencode4_4.1.1-1build2_amd64.deb ...
2025-10-31T02:32:55.2553064Z Unpacking libqrencode4:amd64 (4.1.1-1build2) ...
2025-10-31T02:32:55.2773921Z Selecting previously unselected package libsecret-common.
2025-10-31T02:32:55.2904070Z Preparing to unpack .../156-libsecret-common_0.21.4-1build3_all.deb ...
2025-10-31T02:32:55.2917888Z Unpacking libsecret-common (0.21.4-1build3) ...
2025-10-31T02:32:55.3180316Z Selecting previously unselected package libsecret-1-0:amd64.
2025-10-31T02:32:55.3307929Z Preparing to unpack .../157-libsecret-1-0_0.21.4-1build3_amd64.deb ...
2025-10-31T02:32:55.3322666Z Unpacking libsecret-1-0:amd64 (0.21.4-1build3) ...
2025-10-31T02:32:55.3588084Z Selecting previously unselected package libsndio7.0:amd64.
2025-10-31T02:32:55.3714830Z Preparing to unpack .../158-libsndio7.0_1.9.0-0.3build3_amd64.deb ...
2025-10-31T02:32:55.3729453Z Unpacking libsndio7.0:amd64 (1.9.0-0.3build3) ...
2025-10-31T02:32:55.3954348Z Selecting previously unselected package libsoundtouch1:amd64.
2025-10-31T02:32:55.4084473Z Preparing to unpack .../159-libsoundtouch1_2.3.2+ds1-1build1_amd64.deb ...
2025-10-31T02:32:55.4094841Z Unpacking libsoundtouch1:amd64 (2.3.2+ds1-1build1) ...
2025-10-31T02:32:55.4332374Z Selecting previously unselected package libspandsp2t64:amd64.
2025-10-31T02:32:55.4461726Z Preparing to unpack .../160-libspandsp2t64_0.0.6+dfsg-2.1build1_amd64.deb ...
2025-10-31T02:32:55.4481172Z Unpacking libspandsp2t64:amd64 (0.0.6+dfsg-2.1build1) ...
2025-10-31T02:32:55.4761537Z Selecting previously unselected package libsrtp2-1:amd64.
2025-10-31T02:32:55.4888863Z Preparing to unpack .../161-libsrtp2-1_2.5.0-3build1_amd64.deb ...
2025-10-31T02:32:55.4902513Z Unpacking libsrtp2-1:amd64 (2.5.0-3build1) ...
2025-10-31T02:32:55.5171295Z Selecting previously unselected package libwildmidi2:amd64.
2025-10-31T02:32:55.5304339Z Preparing to unpack .../162-libwildmidi2_0.4.3-1build3_amd64.deb ...
2025-10-31T02:32:55.5315824Z Unpacking libwildmidi2:amd64 (0.4.3-1build3) ...
2025-10-31T02:32:55.5543810Z Selecting previously unselected package libwoff1:amd64.
2025-10-31T02:32:55.5676256Z Preparing to unpack .../163-libwoff1_1.0.2-2build1_amd64.deb ...
2025-10-31T02:32:55.5686464Z Unpacking libwoff1:amd64 (1.0.2-2build1) ...
2025-10-31T02:32:55.5943040Z Selecting previously unselected package libxcb-xkb1:amd64.
2025-10-31T02:32:55.6072075Z Preparing to unpack .../164-libxcb-xkb1_1.15-1ubuntu2_amd64.deb ...
2025-10-31T02:32:55.6087251Z Unpacking libxcb-xkb1:amd64 (1.15-1ubuntu2) ...
2025-10-31T02:32:55.6496908Z Selecting previously unselected package libxkbcommon-x11-0:amd64.
2025-10-31T02:32:55.6592456Z Preparing to unpack .../165-libxkbcommon-x11-0_1.6.0-1build1_amd64.deb ...
2025-10-31T02:32:55.6601657Z Unpacking libxkbcommon-x11-0:amd64 (1.6.0-1build1) ...
2025-10-31T02:32:55.6827670Z Selecting previously unselected package libzbar0t64:amd64.
2025-10-31T02:32:55.6956956Z Preparing to unpack .../166-libzbar0t64_0.23.93-4build3_amd64.deb ...
2025-10-31T02:32:55.6971234Z Unpacking libzbar0t64:amd64 (0.23.93-4build3) ...
2025-10-31T02:32:55.7217294Z Selecting previously unselected package libzxing3:amd64.
2025-10-31T02:32:55.7341609Z Preparing to unpack .../167-libzxing3_2.2.1-3_amd64.deb ...
2025-10-31T02:32:55.7354514Z Unpacking libzxing3:amd64 (2.2.1-3) ...
2025-10-31T02:32:55.7622505Z Selecting previously unselected package xfonts-encodings.
2025-10-31T02:32:55.7753514Z Preparing to unpack .../168-xfonts-encodings_1%3a1.0.5-0ubuntu2_all.deb ...
2025-10-31T02:32:55.7768716Z Unpacking xfonts-encodings (1:1.0.5-0ubuntu2) ...
2025-10-31T02:32:55.8099721Z Selecting previously unselected package xfonts-utils.
2025-10-31T02:32:55.8230651Z Preparing to unpack .../169-xfonts-utils_1%3a7.7+6build3_amd64.deb ...
2025-10-31T02:32:55.8240066Z Unpacking xfonts-utils (1:7.7+6build3) ...
2025-10-31T02:32:55.8908769Z Selecting previously unselected package xfonts-cyrillic.
2025-10-31T02:32:55.9037267Z Preparing to unpack .../170-xfonts-cyrillic_1%3a1.0.5+nmu1_all.deb ...
2025-10-31T02:32:55.9045500Z Unpacking xfonts-cyrillic (1:1.0.5+nmu1) ...
2025-10-31T02:32:55.9413242Z Selecting previously unselected package xfonts-scalable.
2025-10-31T02:32:55.9542715Z Preparing to unpack .../171-xfonts-scalable_1%3a1.0.3-1.3_all.deb ...
2025-10-31T02:32:55.9555340Z Unpacking xfonts-scalable (1:1.0.3-1.3) ...
2025-10-31T02:32:55.9817554Z Selecting previously unselected package libgstreamer-plugins-bad1.0-0:amd64.
2025-10-31T02:32:55.9947368Z Preparing to unpack .../172-libgstreamer-plugins-bad1.0-0_1.24.2-1ubuntu4_amd64.deb ...
2025-10-31T02:32:55.9953346Z Unpacking libgstreamer-plugins-bad1.0-0:amd64 (1.24.2-1ubuntu4) ...
2025-10-31T02:32:56.0369754Z Selecting previously unselected package libdca0:amd64.
2025-10-31T02:32:56.0499168Z Preparing to unpack .../173-libdca0_0.0.7-2build1_amd64.deb ...
2025-10-31T02:32:56.0508433Z Unpacking libdca0:amd64 (0.0.7-2build1) ...
2025-10-31T02:32:56.0757916Z Selecting previously unselected package libopenal1:amd64.
2025-10-31T02:32:56.0889450Z Preparing to unpack .../174-libopenal1_1%3a1.23.1-4build1_amd64.deb ...
2025-10-31T02:32:56.0902029Z Unpacking libopenal1:amd64 (1:1.23.1-4build1) ...
2025-10-31T02:32:56.1198429Z Selecting previously unselected package libsbc1:amd64.
2025-10-31T02:32:56.1328411Z Preparing to unpack .../175-libsbc1_2.0-1build1_amd64.deb ...
2025-10-31T02:32:56.1342098Z Unpacking libsbc1:amd64 (2.0-1build1) ...
2025-10-31T02:32:56.1567264Z Selecting previously unselected package libvo-aacenc0:amd64.
2025-10-31T02:32:56.1697390Z Preparing to unpack .../176-libvo-aacenc0_0.1.3-2build1_amd64.deb ...
2025-10-31T02:32:56.1708500Z Unpacking libvo-aacenc0:amd64 (0.1.3-2build1) ...
2025-10-31T02:32:56.1951581Z Selecting previously unselected package libvo-amrwbenc0:amd64.
2025-10-31T02:32:56.2079507Z Preparing to unpack .../177-libvo-amrwbenc0_0.1.3-2build1_amd64.deb ...
2025-10-31T02:32:56.2089929Z Unpacking libvo-amrwbenc0:amd64 (0.1.3-2build1) ...
2025-10-31T02:32:56.2313710Z Selecting previously unselected package gstreamer1.0-plugins-bad:amd64.
2025-10-31T02:32:56.2443284Z Preparing to unpack .../178-gstreamer1.0-plugins-bad_1.24.2-1ubuntu4_amd64.deb ...
2025-10-31T02:32:56.2461120Z Unpacking gstreamer1.0-plugins-bad:amd64 (1.24.2-1ubuntu4) ...
2025-10-31T02:32:56.4330983Z Setting up libgme0:amd64 (0.6.3-7build1) ...
2025-10-31T02:32:56.4359326Z Setting up libchromaprint1:amd64 (1.5.1-5) ...
2025-10-31T02:32:56.4396876Z Setting up libssh-gcrypt-4:amd64 (0.10.6-2ubuntu0.1) ...
2025-10-31T02:32:56.4433411Z Setting up libhwy1t64:amd64 (1.0.7-8.1build1) ...
2025-10-31T02:32:56.4468321Z Setting up libcairo-script-interpreter2:amd64 (1.18.0-3build1) ...
2025-10-31T02:32:56.4494619Z Setting up libfreeaptx0:amd64 (0.1.1-2build1) ...
2025-10-31T02:32:56.4529407Z Setting up libdvdread8t64:amd64 (6.1.3-1.1build1) ...
2025-10-31T02:32:56.4565602Z Setting up libudfread0:amd64 (1.1.2-1build1) ...
2025-10-31T02:32:56.4593830Z Setting up libmodplug1:amd64 (1:0.8.9.0-3build1) ...
2025-10-31T02:32:56.4627414Z Setting up libcdparanoia0:amd64 (3.10.2+debian-14build3) ...
2025-10-31T02:32:56.4672531Z Setting up libvo-amrwbenc0:amd64 (0.1.3-2build1) ...
2025-10-31T02:32:56.4713664Z Setting up session-migration (0.3.9build1) ...
2025-10-31T02:32:56.6018547Z Created symlink /etc/systemd/user/graphical-session-pre.target.wants/session-migration.service → /usr/lib/systemd/user/session-migration.service.
2025-10-31T02:32:56.6020005Z 
2025-10-31T02:32:56.6058937Z Setting up libraw1394-11:amd64 (2.1.2-2build3) ...
2025-10-31T02:32:56.6093860Z Setting up libsbc1:amd64 (2.0-1build1) ...
2025-10-31T02:32:56.6120816Z Setting up libproxy1v5:amd64 (0.5.4-4build1) ...
2025-10-31T02:32:56.6152180Z Setting up libneon27t64:amd64 (0.33.0-1.1build3) ...
2025-10-31T02:32:56.6184128Z Setting up libtag1v5-vanilla:amd64 (1.13.1-1build1) ...
2025-10-31T02:32:56.6212489Z Setting up libharfbuzz-icu0:amd64 (8.3.0-2build2) ...
2025-10-31T02:32:56.6242462Z Setting up libopenni2-0:amd64 (2.2.0.33+dfsg-18) ...
2025-10-31T02:32:56.6496896Z Setting up libspeex1:amd64 (1.2.1-2ubuntu2.24.04.1) ...
2025-10-31T02:32:56.6522507Z Setting up libshine3:amd64 (3.1.1-2build1) ...
2025-10-31T02:32:56.6560631Z Setting up libcaca0:amd64 (0.99.beta20-4build2) ...
2025-10-31T02:32:56.6586393Z Setting up libvpl2 (2023.3.0-1build1) ...
2025-10-31T02:32:56.6620951Z Setting up libv4lconvert0t64:amd64 (1.26.1-4build3) ...
2025-10-31T02:32:56.6657177Z Setting up libx264-164:amd64 (2:0.164.3108+git31e19f9-1) ...
2025-10-31T02:32:56.6682607Z Setting up libtwolame0:amd64 (0.4.0-2build3) ...
2025-10-31T02:32:56.6712613Z Setting up libmbedcrypto7t64:amd64 (2.28.8-1) ...
2025-10-31T02:32:56.6745552Z Setting up libwoff1:amd64 (1.0.2-2build1) ...
2025-10-31T02:32:56.6776504Z Setting up liblc3-1:amd64 (1.0.4-3build1) ...
2025-10-31T02:32:56.6804513Z Setting up libqrencode4:amd64 (4.1.1-1build2) ...
2025-10-31T02:32:56.6835578Z Setting up libhyphen0:amd64 (2.8.8-7build3) ...
2025-10-31T02:32:56.6860912Z Setting up libgsm1:amd64 (1.0.22-1build1) ...
2025-10-31T02:32:56.6888292Z Setting up libvisual-0.4-0:amd64 (0.4.2-2build1) ...
2025-10-31T02:32:56.6915573Z Setting up libsoxr0:amd64 (0.1.3-4build3) ...
2025-10-31T02:32:56.6948380Z Setting up libzix-0-0:amd64 (0.4.2-2build1) ...
2025-10-31T02:32:56.6981233Z Setting up libcodec2-1.2:amd64 (1.2.0-2build1) ...
2025-10-31T02:32:56.7009487Z Setting up libmanette-0.2-0:amd64 (0.2.7-1build2) ...
2025-10-31T02:32:56.7039467Z Setting up libsrtp2-1:amd64 (2.5.0-3build1) ...
2025-10-31T02:32:56.7077845Z Setting up libmysofa1:amd64 (1.3.2+dfsg-2ubuntu2) ...
2025-10-31T02:32:56.7115240Z Setting up libraptor2-0:amd64 (2.0.16-3ubuntu0.1) ...
2025-10-31T02:32:56.7139368Z Setting up libldacbt-enc2:amd64 (2.0.2.3+git20200429+ed310a0-4ubuntu2) ...
2025-10-31T02:32:56.7166377Z Setting up fonts-wqy-zenhei (0.9.45-8) ...
2025-10-31T02:32:56.7299637Z Setting up libwebrtc-audio-processing1:amd64 (0.3.1-0ubuntu6) ...
2025-10-31T02:32:56.7333827Z Setting up fonts-freefont-ttf (20211204+svn4273-2) ...
2025-10-31T02:32:56.7369919Z Setting up libevent-2.1-7t64:amd64 (2.1.12-stable-9ubuntu2) ...
2025-10-31T02:32:56.7399149Z Setting up libsvtav1enc1d1:amd64 (1.7.0+dfsg-2build1) ...
2025-10-31T02:32:56.7444619Z Setting up libsoup-3.0-common (3.4.4-5ubuntu0.5) ...
2025-10-31T02:32:56.7469622Z Setting up libmpg123-0t64:amd64 (1.32.5-1ubuntu1.1) ...
2025-10-31T02:32:56.7497570Z Setting up libcjson1:amd64 (1.7.17-1) ...
2025-10-31T02:32:56.7529328Z Setting up libxvidcore4:amd64 (2:1.3.7-1build1) ...
2025-10-31T02:32:56.7555435Z Setting up libmpcdec6:amd64 (2:0.1~r495-2build1) ...
2025-10-31T02:32:56.7607959Z Setting up libmjpegutils-2.1-0t64:amd64 (1:2.1.0+debian-8.1build1) ...
2025-10-31T02:32:56.7649259Z Setting up librav1e0:amd64 (0.7.1-2) ...
2025-10-31T02:32:56.7678754Z Setting up liborc-0.4-0t64:amd64 (1:0.4.38-1ubuntu0.1) ...
2025-10-31T02:32:56.7712133Z Setting up libxcb-xkb1:amd64 (1.15-1ubuntu2) ...
2025-10-31T02:32:56.7737496Z Setting up libvo-aacenc0:amd64 (0.1.3-2build1) ...
2025-10-31T02:32:56.7762681Z Setting up librist4:amd64 (0.2.10+dfsg-2) ...
2025-10-31T02:32:56.7798662Z Setting up librsvg2-2:amd64 (2.58.0+dfsg-1build1) ...
2025-10-31T02:32:56.7826779Z Setting up libblas3:amd64 (3.12.0-3build1.1) ...
2025-10-31T02:32:56.7891158Z update-alternatives: using /usr/lib/x86_64-linux-gnu/blas/libblas.so.3 to provide /usr/lib/x86_64-linux-gnu/libblas.so.3 (libblas.so.3-x86_64-linux-gnu) in auto mode
2025-10-31T02:32:56.7914074Z Setting up libegl-mesa0:amd64 (25.0.7-0ubuntu0.24.04.2) ...
2025-10-31T02:32:56.7945142Z Setting up libsoundtouch1:amd64 (2.3.2+ds1-1build1) ...
2025-10-31T02:32:56.7978907Z Setting up libplacebo338:amd64 (6.338.2-2build1) ...
2025-10-31T02:32:56.8011172Z Setting up libgles2:amd64 (1.7.0-1build1) ...
2025-10-31T02:32:56.8051469Z Setting up fonts-tlwg-loma-otf (1:0.7.3-1) ...
2025-10-31T02:32:56.8078850Z Setting up libva2:amd64 (2.20.0-2build1) ...
2025-10-31T02:32:56.8110911Z Setting up libspa-0.2-modules:amd64 (1.0.5-1ubuntu3.1) ...
2025-10-31T02:32:56.8140129Z Setting up libzxing3:amd64 (2.2.1-3) ...
2025-10-31T02:32:56.8164437Z Setting up xfonts-encodings (1:1.0.5-0ubuntu2) ...
2025-10-31T02:32:56.8203582Z Setting up libopus0:amd64 (1.4-1build1) ...
2025-10-31T02:32:56.8232126Z Setting up libfaad2:amd64 (2.11.1-1build1) ...
2025-10-31T02:32:56.8274092Z Setting up libxkbcommon-x11-0:amd64 (1.6.0-1build1) ...
2025-10-31T02:32:56.8314654Z Setting up libdc1394-25:amd64 (2.2.6-4build1) ...
2025-10-31T02:32:56.8342539Z Setting up libimath-3-1-29t64:amd64 (3.1.9-3.1ubuntu2) ...
2025-10-31T02:32:56.8376593Z Setting up libunibreak5:amd64 (5.1-2build1) ...
2025-10-31T02:32:56.8413768Z Setting up libdv4t64:amd64 (1.0.0-17.1build1) ...
2025-10-31T02:32:56.8447442Z Setting up libjxl0.7:amd64 (0.7.0-10.2ubuntu6.1) ...
2025-10-31T02:32:56.8483010Z Setting up libopenh264-7:amd64 (2.4.1+dfsg-1) ...
2025-10-31T02:32:56.8519278Z Setting up libltc11:amd64 (1.3.2-1build1) ...
2025-10-31T02:32:56.8551419Z Setting up libx265-199:amd64 (3.5-2build1) ...
2025-10-31T02:32:56.8589196Z Setting up libv4l-0t64:amd64 (1.26.1-4build3) ...
2025-10-31T02:32:56.8622200Z Setting up libavtp0:amd64 (0.2.0-1build1) ...
2025-10-31T02:32:56.8657260Z Setting up libsndio7.0:amd64 (1.9.0-0.3build3) ...
2025-10-31T02:32:56.8703963Z Setting up libdirectfb-1.7-7t64:amd64 (1.7.7-11.1ubuntu2) ...
2025-10-31T02:32:56.8852850Z Setting up libspandsp2t64:amd64 (0.0.6+dfsg-2.1build1) ...
2025-10-31T02:32:56.8888215Z Setting up libvidstab1.1:amd64 (1.1.0-2build1) ...
2025-10-31T02:32:56.8912762Z Setting up libvpx9:amd64 (1.14.0-1ubuntu2.2) ...
2025-10-31T02:32:56.8934110Z Setting up libsrt1.5-gnutls:amd64 (1.5.3-1build2) ...
2025-10-31T02:32:56.8958211Z Setting up libtag1v5:amd64 (1.13.1-1build1) ...
2025-10-31T02:32:56.8982755Z Setting up libflite1:amd64 (2.2-6build3) ...
2025-10-31T02:32:56.9019484Z Setting up libdav1d7:amd64 (1.4.1-1build1) ...
2025-10-31T02:32:56.9050170Z Setting up libva-drm2:amd64 (2.20.0-2build1) ...
2025-10-31T02:32:56.9080092Z Setting up fonts-ipafont-gothic (00303-21ubuntu1) ...
2025-10-31T02:32:56.9158833Z update-alternatives: using /usr/share/fonts/opentype/ipafont-gothic/ipag.ttf to provide /usr/share/fonts/truetype/fonts-japanese-gothic.ttf (fonts-japanese-gothic.ttf) in auto mode
2025-10-31T02:32:56.9179256Z Setting up ocl-icd-libopencl1:amd64 (2.3.2-1build1) ...
2025-10-31T02:32:56.9208301Z Setting up libasyncns0:amd64 (0.8-6build4) ...
2025-10-31T02:32:56.9237345Z Setting up libwildmidi2:amd64 (0.4.3-1build3) ...
2025-10-31T02:32:56.9265741Z Setting up libvdpau1:amd64 (1.5-2build1) ...
2025-10-31T02:32:56.9303450Z Setting up libwavpack1:amd64 (5.6.0-1build1) ...
2025-10-31T02:32:56.9336683Z Setting up libbs2b0:amd64 (3.1.0+dfsg-7build1) ...
2025-10-31T02:32:56.9367247Z Setting up libtheora0:amd64 (1.1.1+dfsg.1-16.1build3) ...
2025-10-31T02:32:56.9396247Z Setting up libegl1:amd64 (1.7.0-1build1) ...
2025-10-31T02:32:56.9432378Z Setting up libdecor-0-0:amd64 (0.2.2-1build2) ...
2025-10-31T02:32:56.9465195Z Setting up libdca0:amd64 (0.0.7-2build1) ...
2025-10-31T02:32:56.9498671Z Setting up libzimg2:amd64 (3.0.5+ds1-1build1) ...
2025-10-31T02:32:56.9528460Z Setting up libopenal-data (1:1.23.1-4build1) ...
2025-10-31T02:32:56.9567842Z Setting up libabsl20220623t64:amd64 (20220623.1-3.1ubuntu3.2) ...
2025-10-31T02:32:56.9594651Z Setting up libflac12t64:amd64 (1.4.3+ds-2.1ubuntu2) ...
2025-10-31T02:32:56.9626487Z Setting up libgtk-4-common (4.14.5+ds-0ubuntu0.5) ...
2025-10-31T02:32:56.9655736Z Setting up libmpeg2encpp-2.1-0t64:amd64 (1:2.1.0+debian-8.1build1) ...
2025-10-31T02:32:56.9681690Z Setting up glib-networking-common (2.80.0-1build1) ...
2025-10-31T02:32:56.9704226Z Setting up libmfx1:amd64 (22.5.4-1) ...
2025-10-31T02:32:56.9727222Z Setting up libbluray2:amd64 (1:1.3.4-1build1) ...
2025-10-31T02:32:56.9753315Z Setting up libsamplerate0:amd64 (0.2.2-4build1) ...
2025-10-31T02:32:56.9777400Z Setting up timgm6mb-soundfont (1.3-5) ...
2025-10-31T02:32:56.9874862Z update-alternatives: using /usr/share/sounds/sf2/TimGM6mb.sf2 to provide /usr/share/sounds/sf2/default-GM.sf2 (default-GM.sf2) in auto mode
2025-10-31T02:32:56.9921009Z update-alternatives: using /usr/share/sounds/sf2/TimGM6mb.sf2 to provide /usr/share/sounds/sf3/default-GM.sf3 (default-GM.sf3) in auto mode
2025-10-31T02:32:56.9945867Z Setting up libva-x11-2:amd64 (2.20.0-2build1) ...
2025-10-31T02:32:56.9971636Z Setting up libyuv0:amd64 (0.0~git202401110.af6ac82-1) ...
2025-10-31T02:32:57.0000173Z Setting up libmplex2-2.1-0t64:amd64 (1:2.1.0+debian-8.1build1) ...
2025-10-31T02:32:57.0031566Z Setting up libpipewire-0.3-0t64:amd64 (1.0.5-1ubuntu3.1) ...
2025-10-31T02:32:57.0063278Z Setting up libopenmpt0t64:amd64 (0.7.3-1.1build3) ...
2025-10-31T02:32:57.0101260Z Setting up libzvbi-common (0.2.42-2) ...
2025-10-31T02:32:57.0128802Z Setting up libsecret-common (0.21.4-1build3) ...
2025-10-31T02:32:57.0156746Z Setting up libmp3lame0:amd64 (3.100-6build1) ...
2025-10-31T02:32:57.0183142Z Setting up libgraphene-1.0-0:amd64 (1.10.8-3build2) ...
2025-10-31T02:32:57.0214183Z Setting up libvorbisenc2:amd64 (1.3.7-1build3) ...
2025-10-31T02:32:57.0247016Z Setting up libdvdnav4:amd64 (6.1.1-3build1) ...
2025-10-31T02:32:57.0277528Z Setting up fonts-unifont (1:15.1.01-1build1) ...
2025-10-31T02:32:57.0306831Z Setting up libaa1:amd64 (1.4p5-51.1) ...
2025-10-31T02:32:57.0335437Z Setting up libiec61883-0:amd64 (1.2.0-6build1) ...
2025-10-31T02:32:57.0364627Z Setting up libserd-0-0:amd64 (0.32.2-1) ...
2025-10-31T02:32:57.0399000Z Setting up libavc1394-0:amd64 (0.5.4-5build3) ...
2025-10-31T02:32:57.0430991Z Setting up gsettings-desktop-schemas (46.1-0ubuntu1) ...
2025-10-31T02:32:57.0464596Z Setting up glib-networking-services (2.80.0-1build1) ...
2025-10-31T02:32:57.0499956Z Setting up liblapack3:amd64 (3.12.0-3build1.1) ...
2025-10-31T02:32:57.0569356Z update-alternatives: using /usr/lib/x86_64-linux-gnu/lapack/liblapack.so.3 to provide /usr/lib/x86_64-linux-gnu/liblapack.so.3 (liblapack.so.3-x86_64-linux-gnu) in auto mode
2025-10-31T02:32:57.0591364Z Setting up libzvbi0t64:amd64 (0.2.42-2) ...
2025-10-31T02:32:57.0631283Z Setting up liblrdf0:amd64 (0.6.1-4build1) ...
2025-10-31T02:32:57.0669033Z Setting up libzbar0t64:amd64 (0.23.93-4build3) ...
2025-10-31T02:32:57.0700890Z Setting up libgstreamer-plugins-base1.0-0:amd64 (1.24.2-1ubuntu0.3) ...
2025-10-31T02:32:57.0732411Z Setting up libavutil58:amd64 (7:6.1.1-3ubuntu5) ...
2025-10-31T02:32:57.0771887Z Setting up libopenal1:amd64 (1:1.23.1-4build1) ...
2025-10-31T02:32:57.0798112Z Setting up xfonts-utils (1:7.7+6build3) ...
2025-10-31T02:32:57.0849501Z Setting up libsecret-1-0:amd64 (0.21.4-1build3) ...
2025-10-31T02:32:57.0886159Z Setting up libgstreamer-plugins-good1.0-0:amd64 (1.24.2-1ubuntu1.2) ...
2025-10-31T02:32:57.0914526Z Setting up libgstreamer-gl1.0-0:amd64 (1.24.2-1ubuntu0.3) ...
2025-10-31T02:32:57.0962305Z Setting up gstreamer1.0-plugins-base:amd64 (1.24.2-1ubuntu0.3) ...
2025-10-31T02:32:57.0994437Z Setting up libass9:amd64 (1:0.17.1-2build1) ...
2025-10-31T02:32:57.1029605Z Setting up libswresample4:amd64 (7:6.1.1-3ubuntu5) ...
2025-10-31T02:32:57.1063206Z Setting up libopenexr-3-1-30:amd64 (3.1.5-5.1build3) ...
2025-10-31T02:32:57.1103572Z Setting up libshout3:amd64 (2.4.6-1build2) ...
2025-10-31T02:32:57.1136534Z Setting up libgav1-1:amd64 (0.18.0-1build3) ...
2025-10-31T02:32:57.1172052Z Setting up libavcodec60:amd64 (7:6.1.1-3ubuntu5) ...
2025-10-31T02:32:57.1198103Z Setting up librubberband2:amd64 (3.3.0+dfsg-2build1) ...
2025-10-31T02:32:57.1227714Z Setting up libjack-jackd2-0:amd64 (1.9.21~dfsg-3ubuntu3) ...
2025-10-31T02:32:57.1427446Z Setting up libsord-0-0:amd64 (0.16.16-2build1) ...
2025-10-31T02:32:57.1452224Z Setting up xfonts-cyrillic (1:1.0.5+nmu1) ...
2025-10-31T02:32:57.1994864Z Setting up libpostproc57:amd64 (7:6.1.1-3ubuntu5) ...
2025-10-31T02:32:57.2028815Z Setting up libsratom-0-0:amd64 (0.6.16-1build1) ...
2025-10-31T02:32:57.2079973Z Setting up libsndfile1:amd64 (1.2.2-1ubuntu5.24.04.1) ...
2025-10-31T02:32:57.2106375Z Setting up liblilv-0-0:amd64 (0.24.22-1build1) ...
2025-10-31T02:32:57.2133301Z Setting up libinstpatch-1.0-2:amd64 (1.1.6-1build2) ...
2025-10-31T02:32:57.2163322Z Setting up xfonts-scalable (1:1.0.3-1.3) ...
2025-10-31T02:32:57.2489045Z Setting up libswscale7:amd64 (7:6.1.1-3ubuntu5) ...
2025-10-31T02:32:57.2520872Z Setting up libavif16:amd64 (1.0.4-1ubuntu3) ...
2025-10-31T02:32:57.2560660Z Setting up libpulse0:amd64 (1:16.1+dfsg1-2ubuntu10.1) ...
2025-10-31T02:32:57.2640797Z Setting up libavformat60:amd64 (7:6.1.1-3ubuntu5) ...
2025-10-31T02:32:57.2669594Z Setting up libsphinxbase3t64:amd64 (0.8+5prealpha+1-17build2) ...
2025-10-31T02:32:57.2817135Z Setting up libsdl2-2.0-0:amd64 (2.30.0+dfsg-1ubuntu3.1) ...
2025-10-31T02:32:57.2850387Z Setting up libfluidsynth3:amd64 (2.3.4-1build3) ...
2025-10-31T02:32:57.2884766Z Setting up libpocketsphinx3:amd64 (0.8.0+real5prealpha+1-15ubuntu5) ...
2025-10-31T02:32:57.2916277Z Setting up libavfilter9:amd64 (7:6.1.1-3ubuntu5) ...
2025-10-31T02:32:57.2951219Z Setting up gstreamer1.0-libav:amd64 (1.24.1-1build1) ...
2025-10-31T02:32:57.3214387Z Processing triggers for fontconfig (2.15.0-1.1ubuntu2) ...
2025-10-31T02:32:57.4757509Z Processing triggers for libc-bin (2.39-0ubuntu8.6) ...
2025-10-31T02:32:59.2387004Z Processing triggers for man-db (2.12.0-4build2) ...
2025-10-31T02:33:16.4313559Z Processing triggers for libglib2.0-0t64:amd64 (2.80.0-6ubuntu3.4) ...
2025-10-31T02:33:16.4719512Z Setting up libgtk-4-1:amd64 (4.14.5+ds-0ubuntu0.5) ...
2025-10-31T02:33:16.5940126Z Setting up glib-networking:amd64 (2.80.0-1build1) ...
2025-10-31T02:33:16.5988800Z Setting up libsoup-3.0-0:amd64 (3.4.4-5ubuntu0.5) ...
2025-10-31T02:33:16.6030425Z Setting up libgssdp-1.6-0:amd64 (1.6.3-1build3) ...
2025-10-31T02:33:16.6112042Z Setting up gstreamer1.0-plugins-good:amd64 (1.24.2-1ubuntu1.2) ...
2025-10-31T02:33:16.6143683Z Setting up libgupnp-1.6-0:amd64 (1.6.6-1build3) ...
2025-10-31T02:33:16.6208433Z Setting up libgupnp-igd-1.6-0:amd64 (1.6.0-3build3) ...
2025-10-31T02:33:16.6250382Z Setting up libnice10:amd64 (0.1.21-2build3) ...
2025-10-31T02:33:16.6303886Z Setting up libgstreamer-plugins-bad1.0-0:amd64 (1.24.2-1ubuntu4) ...
2025-10-31T02:33:16.6356482Z Setting up gstreamer1.0-plugins-bad:amd64 (1.24.2-1ubuntu4) ...
2025-10-31T02:33:16.6382741Z Processing triggers for libc-bin (2.39-0ubuntu8.6) ...
2025-10-31T02:33:17.6986276Z 
2025-10-31T02:33:17.6987429Z Running kernel seems to be up-to-date.
2025-10-31T02:33:17.6987961Z 
2025-10-31T02:33:17.6988220Z Restarting services...
2025-10-31T02:33:17.7065446Z 
2025-10-31T02:33:17.7066412Z Service restarts being deferred:
2025-10-31T02:33:17.7071867Z  systemctl restart hosted-compute-agent.service
2025-10-31T02:33:17.7072568Z 
2025-10-31T02:33:17.7072927Z No containers need to be restarted.
2025-10-31T02:33:17.7073965Z 
2025-10-31T02:33:17.7074292Z No user sessions are running outdated binaries.
2025-10-31T02:33:17.7074642Z 
2025-10-31T02:33:17.7075114Z No VM guests are running outdated hypervisor (qemu) binaries on this host.
2025-10-31T02:33:18.6894448Z Downloading Chromium 141.0.7390.37 (playwright build v1194) from https://cdn.playwright.dev/dbazure/download/playwright/builds/chromium/1194/chromium-linux.zip
2025-10-31T02:33:18.9352424Z |                                                                                |   0% of 173.9 MiB
2025-10-31T02:33:19.2733255Z |■■■■■■■■                                                                        |  10% of 173.9 MiB
2025-10-31T02:33:19.4233055Z |■■■■■■■■■■■■■■■■                                                                |  20% of 173.9 MiB
2025-10-31T02:33:19.5686549Z |■■■■■■■■■■■■■■■■■■■■■■■■                                                        |  30% of 173.9 MiB
2025-10-31T02:33:19.6980825Z |■■■■■■■■■■■■■■■■■■■■■■■■■■■■■■■■                                                |  40% of 173.9 MiB
2025-10-31T02:33:19.8242978Z |■■■■■■■■■■■■■■■■■■■■■■■■■■■■■■■■■■■■■■■■                                        |  50% of 173.9 MiB
2025-10-31T02:33:19.9700699Z |■■■■■■■■■■■■■■■■■■■■■■■■■■■■■■■■■■■■■■■■■■■■■■■■                                |  60% of 173.9 MiB
2025-10-31T02:33:20.0915292Z |■■■■■■■■■■■■■■■■■■■■■■■■■■■■■■■■■■■■■■■■■■■■■■■■■■■■■■■■                        |  70% of 173.9 MiB
2025-10-31T02:33:20.2138464Z |■■■■■■■■■■■■■■■■■■■■■■■■■■■■■■■■■■■■■■■■■■■■■■■■■■■■■■■■■■■■■■■■                |  80% of 173.9 MiB
2025-10-31T02:33:20.3353483Z |■■■■■■■■■■■■■■■■■■■■■■■■■■■■■■■■■■■■■■■■■■■■■■■■■■■■■■■■■■■■■■■■■■■■■■■■        |  90% of 173.9 MiB
2025-10-31T02:33:20.4577425Z |■■■■■■■■■■■■■■■■■■■■■■■■■■■■■■■■■■■■■■■■■■■■■■■■■■■■■■■■■■■■■■■■■■■■■■■■■■■■■■■■| 100% of 173.9 MiB
2025-10-31T02:33:25.7197637Z Chromium 141.0.7390.37 (playwright build v1194) downloaded to /home/runner/.cache/ms-playwright/chromium-1194
2025-10-31T02:33:25.7203910Z Downloading Chromium Headless Shell 141.0.7390.37 (playwright build v1194) from https://cdn.playwright.dev/dbazure/download/playwright/builds/chromium/1194/chromium-headless-shell-linux.zip
2025-10-31T02:33:26.0062994Z |                                                                                |   0% of 104.3 MiB
2025-10-31T02:33:26.2824493Z |■■■■■■■■                                                                        |  10% of 104.3 MiB
2025-10-31T02:33:26.4095467Z |■■■■■■■■■■■■■■■■                                                                |  20% of 104.3 MiB
2025-10-31T02:33:26.5338218Z |■■■■■■■■■■■■■■■■■■■■■■■■                                                        |  30% of 104.3 MiB
2025-10-31T02:33:26.6542617Z |■■■■■■■■■■■■■■■■■■■■■■■■■■■■■■■■                                                |  40% of 104.3 MiB
2025-10-31T02:33:26.7518162Z |■■■■■■■■■■■■■■■■■■■■■■■■■■■■■■■■■■■■■■■■                                        |  50% of 104.3 MiB
2025-10-31T02:33:26.8488446Z |■■■■■■■■■■■■■■■■■■■■■■■■■■■■■■■■■■■■■■■■■■■■■■■■                                |  60% of 104.3 MiB
2025-10-31T02:33:26.9333855Z |■■■■■■■■■■■■■■■■■■■■■■■■■■■■■■■■■■■■■■■■■■■■■■■■■■■■■■■■                        |  70% of 104.3 MiB
2025-10-31T02:33:27.0190026Z |■■■■■■■■■■■■■■■■■■■■■■■■■■■■■■■■■■■■■■■■■■■■■■■■■■■■■■■■■■■■■■■■                |  80% of 104.3 MiB
2025-10-31T02:33:27.1003144Z |■■■■■■■■■■■■■■■■■■■■■■■■■■■■■■■■■■■■■■■■■■■■■■■■■■■■■■■■■■■■■■■■■■■■■■■■        |  90% of 104.3 MiB
2025-10-31T02:33:27.2109810Z |■■■■■■■■■■■■■■■■■■■■■■■■■■■■■■■■■■■■■■■■■■■■■■■■■■■■■■■■■■■■■■■■■■■■■■■■■■■■■■■■| 100% of 104.3 MiB
2025-10-31T02:33:30.3164957Z Chromium Headless Shell 141.0.7390.37 (playwright build v1194) downloaded to /home/runner/.cache/ms-playwright/chromium_headless_shell-1194
2025-10-31T02:33:30.3174821Z Downloading Firefox 142.0.1 (playwright build v1495) from https://cdn.playwright.dev/dbazure/download/playwright/builds/firefox/1495/firefox-ubuntu-24.04.zip
2025-10-31T02:33:30.6433055Z |                                                                                |   0% of 96.7 MiB
2025-10-31T02:33:30.8812114Z |■■■■■■■■                                                                        |  10% of 96.7 MiB
2025-10-31T02:33:30.9744508Z |■■■■■■■■■■■■■■■■                                                                |  20% of 96.7 MiB
2025-10-31T02:33:31.0568403Z |■■■■■■■■■■■■■■■■■■■■■■■■                                                        |  30% of 96.7 MiB
2025-10-31T02:33:31.1469350Z |■■■■■■■■■■■■■■■■■■■■■■■■■■■■■■■■                                                |  40% of 96.7 MiB
2025-10-31T02:33:31.2304567Z |■■■■■■■■■■■■■■■■■■■■■■■■■■■■■■■■■■■■■■■■                                        |  50% of 96.7 MiB
2025-10-31T02:33:31.3035334Z |■■■■■■■■■■■■■■■■■■■■■■■■■■■■■■■■■■■■■■■■■■■■■■■■                                |  60% of 96.7 MiB
2025-10-31T02:33:31.3725244Z |■■■■■■■■■■■■■■■■■■■■■■■■■■■■■■■■■■■■■■■■■■■■■■■■■■■■■■■■                        |  70% of 96.7 MiB
2025-10-31T02:33:31.4413327Z |■■■■■■■■■■■■■■■■■■■■■■■■■■■■■■■■■■■■■■■■■■■■■■■■■■■■■■■■■■■■■■■■                |  80% of 96.7 MiB
2025-10-31T02:33:31.5048284Z |■■■■■■■■■■■■■■■■■■■■■■■■■■■■■■■■■■■■■■■■■■■■■■■■■■■■■■■■■■■■■■■■■■■■■■■■        |  90% of 96.7 MiB
2025-10-31T02:33:31.5697017Z |■■■■■■■■■■■■■■■■■■■■■■■■■■■■■■■■■■■■■■■■■■■■■■■■■■■■■■■■■■■■■■■■■■■■■■■■■■■■■■■■| 100% of 96.7 MiB
2025-10-31T02:33:34.0705063Z Firefox 142.0.1 (playwright build v1495) downloaded to /home/runner/.cache/ms-playwright/firefox-1495
2025-10-31T02:33:34.0708543Z Downloading Webkit 26.0 (playwright build v2215) from https://cdn.playwright.dev/dbazure/download/playwright/builds/webkit/2215/webkit-ubuntu-24.04.zip
2025-10-31T02:33:34.3134483Z |                                                                                |   0% of 94.6 MiB
2025-10-31T02:33:34.5683556Z |■■■■■■■■                                                                        |  10% of 94.6 MiB
2025-10-31T02:33:34.6610777Z |■■■■■■■■■■■■■■■■                                                                |  20% of 94.6 MiB
2025-10-31T02:33:34.7446829Z |■■■■■■■■■■■■■■■■■■■■■■■■                                                        |  30% of 94.6 MiB
2025-10-31T02:33:34.8282469Z |■■■■■■■■■■■■■■■■■■■■■■■■■■■■■■■■                                                |  40% of 94.6 MiB
2025-10-31T02:33:34.9165351Z |■■■■■■■■■■■■■■■■■■■■■■■■■■■■■■■■■■■■■■■■                                        |  50% of 94.6 MiB
2025-10-31T02:33:34.9992293Z |■■■■■■■■■■■■■■■■■■■■■■■■■■■■■■■■■■■■■■■■■■■■■■■■                                |  60% of 94.6 MiB
2025-10-31T02:33:35.0715429Z |■■■■■■■■■■■■■■■■■■■■■■■■■■■■■■■■■■■■■■■■■■■■■■■■■■■■■■■■                        |  70% of 94.6 MiB
2025-10-31T02:33:35.1401504Z |■■■■■■■■■■■■■■■■■■■■■■■■■■■■■■■■■■■■■■■■■■■■■■■■■■■■■■■■■■■■■■■■                |  80% of 94.6 MiB
2025-10-31T02:33:35.2090094Z |■■■■■■■■■■■■■■■■■■■■■■■■■■■■■■■■■■■■■■■■■■■■■■■■■■■■■■■■■■■■■■■■■■■■■■■■        |  90% of 94.6 MiB
2025-10-31T02:33:35.2759059Z |■■■■■■■■■■■■■■■■■■■■■■■■■■■■■■■■■■■■■■■■■■■■■■■■■■■■■■■■■■■■■■■■■■■■■■■■■■■■■■■■| 100% of 94.6 MiB
2025-10-31T02:33:37.7125418Z Webkit 26.0 (playwright build v2215) downloaded to /home/runner/.cache/ms-playwright/webkit-2215
2025-10-31T02:33:37.7130369Z Downloading FFMPEG playwright build v1011 from https://cdn.playwright.dev/dbazure/download/playwright/builds/ffmpeg/1011/ffmpeg-linux.zip
2025-10-31T02:33:37.9496168Z |                                                                                |   0% of 2.3 MiB
2025-10-31T02:33:38.0125096Z |■■■■■■■■                                                                        |  10% of 2.3 MiB
2025-10-31T02:33:38.0357894Z |■■■■■■■■■■■■■■■■                                                                |  20% of 2.3 MiB
2025-10-31T02:33:38.0538190Z |■■■■■■■■■■■■■■■■■■■■■■■■                                                        |  30% of 2.3 MiB
2025-10-31T02:33:38.0600419Z |■■■■■■■■■■■■■■■■■■■■■■■■■■■■■■■■                                                |  40% of 2.3 MiB
2025-10-31T02:33:38.0652063Z |■■■■■■■■■■■■■■■■■■■■■■■■■■■■■■■■■■■■■■■■                                        |  50% of 2.3 MiB
2025-10-31T02:33:38.0794261Z |■■■■■■■■■■■■■■■■■■■■■■■■■■■■■■■■■■■■■■■■■■■■■■■■                                |  60% of 2.3 MiB
2025-10-31T02:33:38.0826608Z |■■■■■■■■■■■■■■■■■■■■■■■■■■■■■■■■■■■■■■■■■■■■■■■■■■■■■■■■                        |  70% of 2.3 MiB
2025-10-31T02:33:38.0859191Z |■■■■■■■■■■■■■■■■■■■■■■■■■■■■■■■■■■■■■■■■■■■■■■■■■■■■■■■■■■■■■■■■                |  80% of 2.3 MiB
2025-10-31T02:33:38.0889270Z |■■■■■■■■■■■■■■■■■■■■■■■■■■■■■■■■■■■■■■■■■■■■■■■■■■■■■■■■■■■■■■■■■■■■■■■■        |  90% of 2.3 MiB
2025-10-31T02:33:38.0920720Z |■■■■■■■■■■■■■■■■■■■■■■■■■■■■■■■■■■■■■■■■■■■■■■■■■■■■■■■■■■■■■■■■■■■■■■■■■■■■■■■■| 100% of 2.3 MiB
2025-10-31T02:33:38.1757324Z FFMPEG playwright build v1011 downloaded to /home/runner/.cache/ms-playwright/ffmpeg-1011
2025-10-31T02:33:39.9172840Z ##[group]Run # start server in background and capture logs
2025-10-31T02:33:39.9173261Z [36;1m# start server in background and capture logs[0m
2025-10-31T02:33:39.9173791Z [36;1mnohup node tools/llm-mock/server.js > tools/llm-mock/server.log 2>&1 & echo $! > tools/llm-mock/server.pid || true[0m
2025-10-31T02:33:39.9174341Z [36;1m# install wait-on and wait for server to accept connections[0m
2025-10-31T02:33:39.9174663Z [36;1mnpm i -g wait-on || true[0m
2025-10-31T02:33:39.9175085Z [36;1mnpx wait-on http://127.0.0.1:8010 --timeout 30000 || (cat tools/llm-mock/server.log && exit 1)[0m
2025-10-31T02:33:39.9208544Z shell: /usr/bin/bash -e {0}
2025-10-31T02:33:39.9208803Z ##[endgroup]
2025-10-31T02:33:41.9880402Z npm warn EBADENGINE Unsupported engine {
2025-10-31T02:33:41.9882735Z npm warn EBADENGINE   package: 'joi@18.0.1',
2025-10-31T02:33:41.9898733Z npm warn EBADENGINE   required: { node: '>= 20' },
2025-10-31T02:33:41.9899633Z npm warn EBADENGINE   current: { node: 'v18.20.8', npm: '10.8.2' }
2025-10-31T02:33:41.9900244Z npm warn EBADENGINE }
2025-10-31T02:33:43.2505661Z 
2025-10-31T02:33:43.2508680Z added 36 packages in 3s
2025-10-31T02:33:43.2515798Z 
2025-10-31T02:33:43.2516332Z 7 packages are looking for funding
2025-10-31T02:33:43.2516885Z   run `npm fund` for details
2025-10-31T02:33:43.9472594Z ##[group]Run # Run Playwright tests and generate an HTML report in playwright-report
2025-10-31T02:33:43.9473576Z [36;1m# Run Playwright tests and generate an HTML report in playwright-report[0m
2025-10-31T02:33:43.9474493Z [36;1mnpx playwright test --project=chromium --reporter=html || true[0m
2025-10-31T02:33:43.9516883Z shell: /usr/bin/bash -e {0}
2025-10-31T02:33:43.9517121Z ##[endgroup]
2025-10-31T02:33:45.2044745Z Error: Project(s) "chromium" not found. Available projects: ""
2025-10-31T02:33:45.2047795Z     at filterProjects (/home/runner/work/meu-repo/meu-repo/node_modules/playwright/lib/runner/projectUtils.js:80:11)
2025-10-31T02:33:45.2049241Z     at runTests (/home/runner/work/meu-repo/meu-repo/node_modules/playwright/lib/program.js:217:42)
2025-10-31T02:33:45.2050635Z     at async i.<anonymous> (/home/runner/work/meu-repo/meu-repo/node_modules/playwright/lib/program.js:71:7)
2025-10-31T02:33:45.2311556Z ##[group]Run actions/upload-artifact@v4
2025-10-31T02:33:45.2311827Z with:
2025-10-31T02:33:45.2311993Z   name: server-log
2025-10-31T02:33:45.2312197Z   path: tools/llm-mock/server.log
2025-10-31T02:33:45.2312426Z   if-no-files-found: warn
2025-10-31T02:33:45.2312636Z   compression-level: 6
2025-10-31T02:33:45.2312828Z   overwrite: false
2025-10-31T02:33:45.2313020Z   include-hidden-files: false
2025-10-31T02:33:45.2313229Z ##[endgroup]
2025-10-31T02:33:45.4567923Z With the provided path, there will be 1 file uploaded
2025-10-31T02:33:45.4573544Z Artifact name is valid!
2025-10-31T02:33:45.4575188Z Root directory input is valid!
2025-10-31T02:33:45.6665180Z Beginning upload of artifact content to blob storage
2025-10-31T02:33:45.8717741Z Uploaded bytes 247
2025-10-31T02:33:45.9238367Z Finished uploading artifact content to blob storage!
2025-10-31T02:33:45.9242337Z SHA256 digest of uploaded artifact zip is d393a51ed3a9ca80032d212ce1e5a33ab9769685d973612a384032c00be390c9
2025-10-31T02:33:45.9244289Z Finalizing artifact upload
2025-10-31T02:33:46.0491002Z Artifact server-log.zip successfully finalized. Artifact ID 4425297064
2025-10-31T02:33:46.0492225Z Artifact server-log has been successfully uploaded! Final size is 247 bytes. Artifact ID is 4425297064
2025-10-31T02:33:46.0501446Z Artifact download URL: https://github.com/wilianflima321-glitch/meu-repo/actions/runs/18960887735/artifacts/4425297064
2025-10-31T02:33:46.0603099Z ##[group]Run actions/upload-artifact@v4
2025-10-31T02:33:46.0603366Z with:
2025-10-31T02:33:46.0603734Z   name: playwright-report
2025-10-31T02:33:46.0603963Z   path: playwright-report
2025-10-31T02:33:46.0604173Z   if-no-files-found: warn
2025-10-31T02:33:46.0604383Z   compression-level: 6
2025-10-31T02:33:46.0604588Z   overwrite: false
2025-10-31T02:33:46.0604783Z   include-hidden-files: false
2025-10-31T02:33:46.0605006Z ##[endgroup]
2025-10-31T02:33:46.2835167Z ##[warning]No files were found with the provided path: playwright-report. No artifacts will be uploaded.
2025-10-31T02:33:46.2967628Z Post job cleanup.
2025-10-31T02:33:46.4597106Z Post job cleanup.
2025-10-31T02:33:46.5612223Z [command]/usr/bin/git version
2025-10-31T02:33:46.5653555Z git version 2.51.0
2025-10-31T02:33:46.5700205Z Temporarily overriding HOME='/home/runner/work/_temp/d496eb6a-129b-4431-9497-e066b2c7a47c' before making global git config changes
2025-10-31T02:33:46.5702243Z Adding repository directory to the temporary git global config as a safe directory
2025-10-31T02:33:46.5706900Z [command]/usr/bin/git config --global --add safe.directory /home/runner/work/meu-repo/meu-repo
2025-10-31T02:33:46.5752532Z [command]/usr/bin/git config --local --name-only --get-regexp core\.sshCommand
2025-10-31T02:33:46.5789522Z [command]/usr/bin/git submodule foreach --recursive sh -c "git config --local --name-only --get-regexp 'core\.sshCommand' && git config --local --unset-all 'core.sshCommand' || :"
2025-10-31T02:33:46.6030342Z [command]/usr/bin/git config --local --name-only --get-regexp http\.https\:\/\/github\.com\/\.extraheader
2025-10-31T02:33:46.6053293Z http.https://github.com/.extraheader
2025-10-31T02:33:46.6069014Z [command]/usr/bin/git config --local --unset-all http.https://github.com/.extraheader
2025-10-31T02:33:46.6103033Z [command]/usr/bin/git submodule foreach --recursive sh -c "git config --local --name-only --get-regexp 'http\.https\:\/\/github\.com\/\.extraheader' && git config --local --unset-all 'http.https://github.com/.extraheader' || :"
2025-10-31T02:33:46.6431853Z Cleaning up orphan processes
2025-10-31T02:33:46.6694900Z Terminate orphan process: pid (5778) (node)
