2025-10-29T18:53:41.3938754Z Current runner version: '2.328.0'
2025-10-29T18:53:41.3971414Z ##[group]Runner Image Provisioner
2025-10-29T18:53:41.3972847Z Hosted Compute Agent
2025-10-29T18:53:41.3973597Z Version: 20250912.392
2025-10-29T18:53:41.3974459Z Commit: d921fda672a98b64f4f82364647e2f10b2267d0b
2025-10-29T18:53:41.3975505Z Build Date: 2025-09-12T15:23:14Z
2025-10-29T18:53:41.3976379Z ##[endgroup]
2025-10-29T18:53:41.3977138Z ##[group]Operating System
2025-10-29T18:53:41.3978467Z Ubuntu
2025-10-29T18:53:41.3998615Z 24.04.3
2025-10-29T18:53:41.3999405Z LTS
2025-10-29T18:53:41.4000153Z ##[endgroup]
2025-10-29T18:53:41.4000839Z ##[group]Runner Image
2025-10-29T18:53:41.4001898Z Image: ubuntu-24.04
2025-10-29T18:53:41.4002671Z Version: 20250929.60.1
2025-10-29T18:53:41.4004355Z Included Software: https://github.com/actions/runner-images/blob/ubuntu24/20250929.60/images/ubuntu/Ubuntu2404-Readme.md
2025-10-29T18:53:41.4007122Z Image Release: https://github.com/actions/runner-images/releases/tag/ubuntu24%2F20250929.60
2025-10-29T18:53:41.4008779Z ##[endgroup]
2025-10-29T18:53:41.4010535Z ##[group]GITHUB_TOKEN Permissions
2025-10-29T18:53:41.4013511Z Contents: read
2025-10-29T18:53:41.4014301Z Metadata: read
2025-10-29T18:53:41.4015080Z Packages: read
2025-10-29T18:53:41.4015757Z ##[endgroup]
2025-10-29T18:53:41.4018723Z Secret source: Actions
2025-10-29T18:53:41.4019609Z Prepare workflow directory
2025-10-29T18:53:41.4823813Z Prepare all required actions
2025-10-29T18:53:41.4882378Z Getting action download info
2025-10-29T18:53:41.9570340Z Download action repository 'actions/checkout@v4' (SHA:08eba0b27e820071cde6df949e0beb9ba4906955)
2025-10-29T18:53:42.1077590Z Download action repository 'actions/setup-node@v4' (SHA:49933ea5288caeca8642d1e84afbd3f7d6820020)
2025-10-29T18:53:42.1865434Z Download action repository 'microsoft/playwright-github-action@v1' (SHA:91d778e7ba32fe5946d69a20848327c9718cdbc2)
2025-10-29T18:53:42.5888887Z Download action repository 'actions/upload-artifact@v4' (SHA:ea165f8d65b6e75b540449e92b4886f43607fa02)
2025-10-29T18:53:42.7651808Z Complete job name: Run Jest unit tests and Playwright E2E
2025-10-29T18:53:42.8436986Z ##[group]Run actions/checkout@v4
2025-10-29T18:53:42.8437876Z with:
2025-10-29T18:53:42.8438367Z   repository: wilianflima321-glitch/meu-repo
2025-10-29T18:53:42.8439229Z   token: ***
2025-10-29T18:53:42.8439655Z   ssh-strict: true
2025-10-29T18:53:42.8440087Z   ssh-user: git
2025-10-29T18:53:42.8440537Z   persist-credentials: true
2025-10-29T18:53:42.8441039Z   clean: true
2025-10-29T18:53:42.8441490Z   sparse-checkout-cone-mode: true
2025-10-29T18:53:42.8442176Z   fetch-depth: 1
2025-10-29T18:53:42.8442640Z   fetch-tags: false
2025-10-29T18:53:42.8443094Z   show-progress: true
2025-10-29T18:53:42.8443529Z   lfs: false
2025-10-29T18:53:42.8443928Z   submodules: false
2025-10-29T18:53:42.8444356Z   set-safe-directory: true
2025-10-29T18:53:42.8445457Z ##[endgroup]
2025-10-29T18:53:42.9531986Z Syncing repository: wilianflima321-glitch/meu-repo
2025-10-29T18:53:42.9543822Z ##[group]Getting Git version info
2025-10-29T18:53:42.9545485Z Working directory is '/home/runner/work/meu-repo/meu-repo'
2025-10-29T18:53:42.9547444Z [command]/usr/bin/git version
2025-10-29T18:53:42.9597646Z git version 2.51.0
2025-10-29T18:53:42.9625521Z ##[endgroup]
2025-10-29T18:53:42.9653826Z Temporarily overriding HOME='/home/runner/work/_temp/ea5bd771-720f-4a9b-b62f-410b88c2f5c9' before making global git config changes
2025-10-29T18:53:42.9657120Z Adding repository directory to the temporary git global config as a safe directory
2025-10-29T18:53:42.9662218Z [command]/usr/bin/git config --global --add safe.directory /home/runner/work/meu-repo/meu-repo
2025-10-29T18:53:42.9697396Z Deleting the contents of '/home/runner/work/meu-repo/meu-repo'
2025-10-29T18:53:42.9703007Z ##[group]Initializing the repository
2025-10-29T18:53:42.9707776Z [command]/usr/bin/git init /home/runner/work/meu-repo/meu-repo
2025-10-29T18:53:42.9796600Z hint: Using 'master' as the name for the initial branch. This default branch name
2025-10-29T18:53:42.9802198Z hint: is subject to change. To configure the initial branch name to use in all
2025-10-29T18:53:42.9804337Z hint: of your new repositories, which will suppress this warning, call:
2025-10-29T18:53:42.9805574Z hint:
2025-10-29T18:53:42.9806544Z hint: 	git config --global init.defaultBranch <name>
2025-10-29T18:53:42.9818001Z hint:
2025-10-29T18:53:42.9819106Z hint: Names commonly chosen instead of 'master' are 'main', 'trunk' and
2025-10-29T18:53:42.9820736Z hint: 'development'. The just-created branch can be renamed via this command:
2025-10-29T18:53:42.9822172Z hint:
2025-10-29T18:53:42.9822901Z hint: 	git branch -m <name>
2025-10-29T18:53:42.9823691Z hint:
2025-10-29T18:53:42.9824818Z hint: Disable this message with "git config set advice.defaultBranchName false"
2025-10-29T18:53:42.9826708Z Initialized empty Git repository in /home/runner/work/meu-repo/meu-repo/.git/
2025-10-29T18:53:42.9829528Z [command]/usr/bin/git remote add origin https://github.com/wilianflima321-glitch/meu-repo
2025-10-29T18:53:42.9860771Z ##[endgroup]
2025-10-29T18:53:42.9863307Z ##[group]Disabling automatic garbage collection
2025-10-29T18:53:42.9867999Z [command]/usr/bin/git config --local gc.auto 0
2025-10-29T18:53:42.9900492Z ##[endgroup]
2025-10-29T18:53:42.9902383Z ##[group]Setting up auth
2025-10-29T18:53:42.9908470Z [command]/usr/bin/git config --local --name-only --get-regexp core\.sshCommand
2025-10-29T18:53:42.9940939Z [command]/usr/bin/git submodule foreach --recursive sh -c "git config --local --name-only --get-regexp 'core\.sshCommand' && git config --local --unset-all 'core.sshCommand' || :"
2025-10-29T18:53:43.0222363Z [command]/usr/bin/git config --local --name-only --get-regexp http\.https\:\/\/github\.com\/\.extraheader
2025-10-29T18:53:43.0252469Z [command]/usr/bin/git submodule foreach --recursive sh -c "git config --local --name-only --get-regexp 'http\.https\:\/\/github\.com\/\.extraheader' && git config --local --unset-all 'http.https://github.com/.extraheader' || :"
2025-10-29T18:53:43.0438958Z [command]/usr/bin/git config --local http.https://github.com/.extraheader AUTHORIZATION: basic ***
2025-10-29T18:53:43.0479248Z ##[endgroup]
2025-10-29T18:53:43.0482253Z ##[group]Fetching the repository
2025-10-29T18:53:43.0490746Z [command]/usr/bin/git -c protocol.version=2 fetch --no-tags --prune --no-recurse-submodules --depth=1 origin +a5e8ccc6597fd55372ad61ac55dec3810f683e38:refs/remotes/origin/infra/playwright-ci-ensemble-workflow-fix
2025-10-29T18:53:43.3244326Z From https://github.com/wilianflima321-glitch/meu-repo
2025-10-29T18:53:43.3250079Z  * [new ref]         a5e8ccc6597fd55372ad61ac55dec3810f683e38 -> origin/infra/playwright-ci-ensemble-workflow-fix
2025-10-29T18:53:43.3275487Z ##[endgroup]
2025-10-29T18:53:43.3278564Z ##[group]Determining the checkout info
2025-10-29T18:53:43.3280706Z ##[endgroup]
2025-10-29T18:53:43.3284345Z [command]/usr/bin/git sparse-checkout disable
2025-10-29T18:53:43.3454843Z [command]/usr/bin/git config --local --unset-all extensions.worktreeConfig
2025-10-29T18:53:43.3459500Z ##[group]Checking out the ref
2025-10-29T18:53:43.3463894Z [command]/usr/bin/git checkout --progress --force -B infra/playwright-ci-ensemble-workflow-fix refs/remotes/origin/infra/playwright-ci-ensemble-workflow-fix
2025-10-29T18:53:43.3470270Z Switched to a new branch 'infra/playwright-ci-ensemble-workflow-fix'
2025-10-29T18:53:43.3475878Z branch 'infra/playwright-ci-ensemble-workflow-fix' set up to track 'origin/infra/playwright-ci-ensemble-workflow-fix'.
2025-10-29T18:53:43.3485387Z ##[endgroup]
2025-10-29T18:53:43.3520152Z [command]/usr/bin/git log -1 --format=%H
2025-10-29T18:53:43.3542622Z a5e8ccc6597fd55372ad61ac55dec3810f683e38
2025-10-29T18:53:43.3898642Z ##[group]Run actions/setup-node@v4
2025-10-29T18:53:43.3900378Z with:
2025-10-29T18:53:43.3901748Z   node-version: 18
2025-10-29T18:53:43.3903157Z   always-auth: false
2025-10-29T18:53:43.3904584Z   check-latest: false
2025-10-29T18:53:43.3906327Z   token: ***
2025-10-29T18:53:43.3907516Z ##[endgroup]
2025-10-29T18:53:43.5942362Z Found in cache @ /opt/hostedtoolcache/node/18.20.8/x64
2025-10-29T18:53:43.5948582Z ##[group]Environment details
2025-10-29T18:53:46.5351354Z node: v18.20.8
2025-10-29T18:53:46.5362768Z npm: 10.8.2
2025-10-29T18:53:46.5365348Z yarn: 1.22.22
2025-10-29T18:53:46.5366890Z ##[endgroup]
2025-10-29T18:53:46.5468630Z ##[group]Run npm ci
2025-10-29T18:53:46.5468997Z [36;1mnpm ci[0m
2025-10-29T18:53:46.5591126Z shell: /usr/bin/bash -e {0}
2025-10-29T18:53:46.5591459Z ##[endgroup]
2025-10-29T18:53:51.2474688Z npm error code EUSAGE
2025-10-29T18:53:51.2476900Z npm error
2025-10-29T18:53:51.2477781Z npm error The `npm ci` command can only install with an existing package-lock.json or
2025-10-29T18:53:51.2478830Z npm error npm-shrinkwrap.json with lockfileVersion >= 1. Run an install with npm@5 or
2025-10-29T18:53:51.2479912Z npm error later to generate a package-lock.json file, then try again.
2025-10-29T18:53:51.2480534Z npm error
2025-10-29T18:53:51.2481013Z npm error Clean install a project
2025-10-29T18:53:51.2481484Z npm error
2025-10-29T18:53:51.2482175Z npm error Usage:
2025-10-29T18:53:51.2482545Z npm error npm ci
2025-10-29T18:53:51.2482865Z npm error
2025-10-29T18:53:51.2483208Z npm error Options:
2025-10-29T18:53:51.2484086Z npm error [--install-strategy <hoisted|nested|shallow|linked>] [--legacy-bundling]
2025-10-29T18:53:51.2485173Z npm error [--global-style] [--omit <dev|optional|peer> [--omit <dev|optional|peer> ...]]
2025-10-29T18:53:51.2486210Z npm error [--include <prod|dev|optional|peer> [--include <prod|dev|optional|peer> ...]]
2025-10-29T18:53:51.2487753Z npm error [--strict-peer-deps] [--foreground-scripts] [--ignore-scripts] [--no-audit]
2025-10-29T18:53:51.2488651Z npm error [--no-bin-links] [--no-fund] [--dry-run]
2025-10-29T18:53:51.2489553Z npm error [-w|--workspace <workspace-name> [-w|--workspace <workspace-name> ...]]
2025-10-29T18:53:51.2490426Z npm error [-ws|--workspaces] [--include-workspace-root] [--install-links]
2025-10-29T18:53:51.2490947Z npm error
2025-10-29T18:53:51.2491705Z npm error aliases: clean-install, ic, install-clean, isntall-clean
2025-10-29T18:53:51.2492989Z npm error
2025-10-29T18:53:51.2493528Z npm error Run "npm help ci" for more info
2025-10-29T18:53:51.2495332Z npm error A complete log of this run can be found in: /home/runner/.npm/_logs/2025-10-29T18_53_46_629Z-debug-0.log
2025-10-29T18:53:51.2542717Z ##[error]Process completed with exit code 1.
2025-10-29T18:53:51.2623512Z ##[group]Run actions/upload-artifact@v4
2025-10-29T18:53:51.2623781Z with:
2025-10-29T18:53:51.2623953Z   name: server-log
2025-10-29T18:53:51.2624152Z   path: tools/llm-mock/server.log
2025-10-29T18:53:51.2624379Z   if-no-files-found: warn
2025-10-29T18:53:51.2624593Z   compression-level: 6
2025-10-29T18:53:51.2624776Z   overwrite: false
2025-10-29T18:53:51.2624965Z   include-hidden-files: false
2025-10-29T18:53:51.2625170Z ##[endgroup]
2025-10-29T18:53:51.4898854Z ##[warning]No files were found with the provided path: tools/llm-mock/server.log. No artifacts will be uploaded.
2025-10-29T18:53:51.4986649Z ##[group]Run actions/upload-artifact@v4
2025-10-29T18:53:51.4986927Z with:
2025-10-29T18:53:51.4987101Z   name: playwright-report
2025-10-29T18:53:51.4987315Z   path: playwright-report
2025-10-29T18:53:51.4987515Z   if-no-files-found: warn
2025-10-29T18:53:51.4987718Z   compression-level: 6
2025-10-29T18:53:51.4987898Z   overwrite: false
2025-10-29T18:53:51.4988085Z   include-hidden-files: false
2025-10-29T18:53:51.4988294Z ##[endgroup]
2025-10-29T18:53:51.7174716Z ##[warning]No files were found with the provided path: playwright-report. No artifacts will be uploaded.
2025-10-29T18:53:51.7324323Z Post job cleanup.
2025-10-29T18:53:51.8232610Z [command]/usr/bin/git version
2025-10-29T18:53:51.8273447Z git version 2.51.0
2025-10-29T18:53:51.8318994Z Temporarily overriding HOME='/home/runner/work/_temp/b981df5a-d497-4578-adda-2c51a83d5225' before making global git config changes
2025-10-29T18:53:51.8321943Z Adding repository directory to the temporary git global config as a safe directory
2025-10-29T18:53:51.8326142Z [command]/usr/bin/git config --global --add safe.directory /home/runner/work/meu-repo/meu-repo
2025-10-29T18:53:51.8370427Z [command]/usr/bin/git config --local --name-only --get-regexp core\.sshCommand
2025-10-29T18:53:51.8404823Z [command]/usr/bin/git submodule foreach --recursive sh -c "git config --local --name-only --get-regexp 'core\.sshCommand' && git config --local --unset-all 'core.sshCommand' || :"
2025-10-29T18:53:51.8605169Z [command]/usr/bin/git config --local --name-only --get-regexp http\.https\:\/\/github\.com\/\.extraheader
2025-10-29T18:53:51.8631314Z http.https://github.com/.extraheader
2025-10-29T18:53:51.8646205Z [command]/usr/bin/git config --local --unset-all http.https://github.com/.extraheader
2025-10-29T18:53:51.8678369Z [command]/usr/bin/git submodule foreach --recursive sh -c "git config --local --name-only --get-regexp 'http\.https\:\/\/github\.com\/\.extraheader' && git config --local --unset-all 'http.https://github.com/.extraheader' || :"
2025-10-29T18:53:51.8966972Z Cleaning up orphan processes
