2025-10-31T02:17:32.9000794Z Current runner version: '2.328.0'
2025-10-31T02:17:32.9024164Z ##[group]Runner Image Provisioner
2025-10-31T02:17:32.9024938Z Hosted Compute Agent
2025-10-31T02:17:32.9025566Z Version: 20250912.392
2025-10-31T02:17:32.9026148Z Commit: d921fda672a98b64f4f82364647e2f10b2267d0b
2025-10-31T02:17:32.9026838Z Build Date: 2025-09-12T15:23:14Z
2025-10-31T02:17:32.9027385Z ##[endgroup]
2025-10-31T02:17:32.9028021Z ##[group]Operating System
2025-10-31T02:17:32.9028548Z Ubuntu
2025-10-31T02:17:32.9029004Z 24.04.3
2025-10-31T02:17:32.9029536Z LTS
2025-10-31T02:17:32.9030242Z ##[endgroup]
2025-10-31T02:17:32.9030832Z ##[group]Runner Image
2025-10-31T02:17:32.9031454Z Image: ubuntu-24.04
2025-10-31T02:17:32.9031965Z Version: 20250929.60.1
2025-10-31T02:17:32.9032926Z Included Software: https://github.com/actions/runner-images/blob/ubuntu24/20250929.60/images/ubuntu/Ubuntu2404-Readme.md
2025-10-31T02:17:32.9034522Z Image Release: https://github.com/actions/runner-images/releases/tag/ubuntu24%2F20250929.60
2025-10-31T02:17:32.9035465Z ##[endgroup]
2025-10-31T02:17:32.9036623Z ##[group]GITHUB_TOKEN Permissions
2025-10-31T02:17:32.9038421Z Contents: read
2025-10-31T02:17:32.9039002Z Metadata: read
2025-10-31T02:17:32.9039519Z Packages: read
2025-10-31T02:17:32.9040342Z ##[endgroup]
2025-10-31T02:17:32.9042452Z Secret source: Actions
2025-10-31T02:17:32.9043169Z Prepare workflow directory
2025-10-31T02:17:32.9454948Z Prepare all required actions
2025-10-31T02:17:32.9511437Z Getting action download info
2025-10-31T02:17:33.4681088Z Download action repository 'actions/checkout@v4' (SHA:08eba0b27e820071cde6df949e0beb9ba4906955)
2025-10-31T02:17:33.6353703Z Download action repository 'actions/setup-node@v4' (SHA:49933ea5288caeca8642d1e84afbd3f7d6820020)
2025-10-31T02:17:33.7370558Z Download action repository 'actions/upload-artifact@v4' (SHA:ea165f8d65b6e75b540449e92b4886f43607fa02)
2025-10-31T02:17:33.9819245Z Complete job name: Run Jest unit tests and Playwright E2E
2025-10-31T02:17:34.0618467Z ##[group]Run actions/checkout@v4
2025-10-31T02:17:34.0619837Z with:
2025-10-31T02:17:34.0621070Z   repository: wilianflima321-glitch/meu-repo
2025-10-31T02:17:34.0622501Z   token: ***
2025-10-31T02:17:34.0623255Z   ssh-strict: true
2025-10-31T02:17:34.0624053Z   ssh-user: git
2025-10-31T02:17:34.0624871Z   persist-credentials: true
2025-10-31T02:17:34.0625783Z   clean: true
2025-10-31T02:17:34.0626604Z   sparse-checkout-cone-mode: true
2025-10-31T02:17:34.0627613Z   fetch-depth: 1
2025-10-31T02:17:34.0628397Z   fetch-tags: false
2025-10-31T02:17:34.0629221Z   show-progress: true
2025-10-31T02:17:34.0630163Z   lfs: false
2025-10-31T02:17:34.0630936Z   submodules: false
2025-10-31T02:17:34.0631786Z   set-safe-directory: true
2025-10-31T02:17:34.0633062Z ##[endgroup]
2025-10-31T02:17:34.1818864Z Syncing repository: wilianflima321-glitch/meu-repo
2025-10-31T02:17:34.1823418Z ##[group]Getting Git version info
2025-10-31T02:17:34.1828429Z Working directory is '/home/runner/work/meu-repo/meu-repo'
2025-10-31T02:17:34.1832381Z [command]/usr/bin/git version
2025-10-31T02:17:34.2036891Z git version 2.51.0
2025-10-31T02:17:34.2068928Z ##[endgroup]
2025-10-31T02:17:34.2084024Z Temporarily overriding HOME='/home/runner/work/_temp/09dbd5fd-2845-4964-b742-8dceb81e6300' before making global git config changes
2025-10-31T02:17:34.2089263Z Adding repository directory to the temporary git global config as a safe directory
2025-10-31T02:17:34.2094310Z [command]/usr/bin/git config --global --add safe.directory /home/runner/work/meu-repo/meu-repo
2025-10-31T02:17:34.2144529Z Deleting the contents of '/home/runner/work/meu-repo/meu-repo'
2025-10-31T02:17:34.2148490Z ##[group]Initializing the repository
2025-10-31T02:17:34.2154423Z [command]/usr/bin/git init /home/runner/work/meu-repo/meu-repo
2025-10-31T02:17:34.2309653Z hint: Using 'master' as the name for the initial branch. This default branch name
2025-10-31T02:17:34.2313178Z hint: is subject to change. To configure the initial branch name to use in all
2025-10-31T02:17:34.2316257Z hint: of your new repositories, which will suppress this warning, call:
2025-10-31T02:17:34.2318815Z hint:
2025-10-31T02:17:34.2320662Z hint: 	git config --global init.defaultBranch <name>
2025-10-31T02:17:34.2322712Z hint:
2025-10-31T02:17:34.2324669Z hint: Names commonly chosen instead of 'master' are 'main', 'trunk' and
2025-10-31T02:17:34.2327917Z hint: 'development'. The just-created branch can be renamed via this command:
2025-10-31T02:17:34.2330686Z hint:
2025-10-31T02:17:34.2331965Z hint: 	git branch -m <name>
2025-10-31T02:17:34.2333491Z hint:
2025-10-31T02:17:34.2335919Z hint: Disable this message with "git config set advice.defaultBranchName false"
2025-10-31T02:17:34.2339323Z Initialized empty Git repository in /home/runner/work/meu-repo/meu-repo/.git/
2025-10-31T02:17:34.2344619Z [command]/usr/bin/git remote add origin https://github.com/wilianflima321-glitch/meu-repo
2025-10-31T02:17:34.2381240Z ##[endgroup]
2025-10-31T02:17:34.2383687Z ##[group]Disabling automatic garbage collection
2025-10-31T02:17:34.2387384Z [command]/usr/bin/git config --local gc.auto 0
2025-10-31T02:17:34.2421573Z ##[endgroup]
2025-10-31T02:17:34.2423883Z ##[group]Setting up auth
2025-10-31T02:17:34.2429512Z [command]/usr/bin/git config --local --name-only --get-regexp core\.sshCommand
2025-10-31T02:17:34.2465710Z [command]/usr/bin/git submodule foreach --recursive sh -c "git config --local --name-only --get-regexp 'core\.sshCommand' && git config --local --unset-all 'core.sshCommand' || :"
2025-10-31T02:17:34.2830797Z [command]/usr/bin/git config --local --name-only --get-regexp http\.https\:\/\/github\.com\/\.extraheader
2025-10-31T02:17:34.2866145Z [command]/usr/bin/git submodule foreach --recursive sh -c "git config --local --name-only --get-regexp 'http\.https\:\/\/github\.com\/\.extraheader' && git config --local --unset-all 'http.https://github.com/.extraheader' || :"
2025-10-31T02:17:34.3099261Z [command]/usr/bin/git config --local http.https://github.com/.extraheader AUTHORIZATION: basic ***
2025-10-31T02:17:34.3137371Z ##[endgroup]
2025-10-31T02:17:34.3141356Z ##[group]Fetching the repository
2025-10-31T02:17:34.3161324Z [command]/usr/bin/git -c protocol.version=2 fetch --no-tags --prune --no-recurse-submodules --depth=1 origin +be29664bfa4b93846eefd9f386b0eb8b07538e74:refs/remotes/origin/infra/playwright-ci-ensemble-workflow-fix
2025-10-31T02:17:34.7853437Z From https://github.com/wilianflima321-glitch/meu-repo
2025-10-31T02:17:34.7863312Z  * [new ref]         be29664bfa4b93846eefd9f386b0eb8b07538e74 -> origin/infra/playwright-ci-ensemble-workflow-fix
2025-10-31T02:17:34.7886158Z ##[endgroup]
2025-10-31T02:17:34.7887356Z ##[group]Determining the checkout info
2025-10-31T02:17:34.7888363Z ##[endgroup]
2025-10-31T02:17:34.7894167Z [command]/usr/bin/git sparse-checkout disable
2025-10-31T02:17:34.7940981Z [command]/usr/bin/git config --local --unset-all extensions.worktreeConfig
2025-10-31T02:17:34.7972095Z ##[group]Checking out the ref
2025-10-31T02:17:34.7976204Z [command]/usr/bin/git checkout --progress --force -B infra/playwright-ci-ensemble-workflow-fix refs/remotes/origin/infra/playwright-ci-ensemble-workflow-fix
2025-10-31T02:17:34.8053469Z Switched to a new branch 'infra/playwright-ci-ensemble-workflow-fix'
2025-10-31T02:17:34.8057486Z branch 'infra/playwright-ci-ensemble-workflow-fix' set up to track 'origin/infra/playwright-ci-ensemble-workflow-fix'.
2025-10-31T02:17:34.8065347Z ##[endgroup]
2025-10-31T02:17:34.8101356Z [command]/usr/bin/git log -1 --format=%H
2025-10-31T02:17:34.8124578Z be29664bfa4b93846eefd9f386b0eb8b07538e74
2025-10-31T02:17:34.8358393Z ##[group]Run actions/setup-node@v4
2025-10-31T02:17:34.8358750Z with:
2025-10-31T02:17:34.8358960Z   node-version: 18
2025-10-31T02:17:34.8359224Z   always-auth: false
2025-10-31T02:17:34.8359456Z   check-latest: false
2025-10-31T02:17:34.8360069Z   token: ***
2025-10-31T02:17:34.8360302Z ##[endgroup]
2025-10-31T02:17:35.0553520Z Found in cache @ /opt/hostedtoolcache/node/18.20.8/x64
2025-10-31T02:17:35.0555165Z ##[group]Environment details
2025-10-31T02:17:37.1918553Z node: v18.20.8
2025-10-31T02:17:37.1920993Z npm: 10.8.2
2025-10-31T02:17:37.1922374Z yarn: 1.22.22
2025-10-31T02:17:37.1923511Z ##[endgroup]
2025-10-31T02:17:37.2035976Z ##[group]Run # use npm install instead of npm ci because this repository does not include a lockfile
2025-10-31T02:17:37.2036683Z [36;1m# use npm install instead of npm ci because this repository does not include a lockfile[0m
2025-10-31T02:17:37.2037155Z [36;1mnpm install --no-audit --no-fund[0m
2025-10-31T02:17:37.2147811Z shell: /usr/bin/bash -e {0}
2025-10-31T02:17:37.2148120Z ##[endgroup]
2025-10-31T02:17:49.2842552Z 
2025-10-31T02:17:49.2868114Z added 70 packages in 12s
2025-10-31T02:17:49.3108037Z ##[group]Run if [ -f tools/llm-mock/package.json ]; then
2025-10-31T02:17:49.3108783Z [36;1mif [ -f tools/llm-mock/package.json ]; then[0m
2025-10-31T02:17:49.3109544Z [36;1m  echo "Found tools/llm-mock/package.json — installing dependencies"[0m
2025-10-31T02:17:49.3110539Z [36;1m  (cd tools/llm-mock && npm install --no-audit --no-fund)[0m
2025-10-31T02:17:49.3111064Z [36;1melse[0m
2025-10-31T02:17:49.3111468Z [36;1m  echo "No package.json in tools/llm-mock — skipping"[0m
2025-10-31T02:17:49.3111962Z [36;1mfi[0m
2025-10-31T02:17:49.3148337Z shell: /usr/bin/bash -e {0}
2025-10-31T02:17:49.3148588Z ##[endgroup]
2025-10-31T02:17:49.3208995Z Found tools/llm-mock/package.json — installing dependencies
2025-10-31T02:18:14.7919586Z npm warn deprecated inflight@1.0.6: This module is not supported, and leaks memory. Do not use it. Check out lru-cache if you want a good and tested way to coalesce async requests by a key value, which is much more comprehensive and powerful.
2025-10-31T02:18:15.2251308Z npm warn deprecated glob@7.2.3: Glob versions prior to v9 are no longer supported
2025-10-31T02:18:16.1779566Z 
2025-10-31T02:18:16.1780895Z added 339 packages in 27s
2025-10-31T02:18:16.2059755Z ##[group]Run # Run Jest only if the mock package has a package.json and tests configured
2025-10-31T02:18:16.2067330Z [36;1m# Run Jest only if the mock package has a package.json and tests configured[0m
2025-10-31T02:18:16.2067779Z [36;1mif [ -f tools/llm-mock/package.json ]; then[0m
2025-10-31T02:18:16.2068204Z [36;1m  echo "Found tools/llm-mock/package.json — running npm test in that directory"[0m
2025-10-31T02:18:16.2068657Z [36;1m  (cd tools/llm-mock && npm test --silent)[0m
2025-10-31T02:18:16.2068928Z [36;1melse[0m
2025-10-31T02:18:16.2069214Z [36;1m  echo "No package.json in tools/llm-mock — skipping Jest unit tests"[0m
2025-10-31T02:18:16.2069566Z [36;1mfi[0m
2025-10-31T02:18:16.2101477Z shell: /usr/bin/bash -e {0}
2025-10-31T02:18:16.2101708Z ##[endgroup]
2025-10-31T02:18:16.2154414Z Found tools/llm-mock/package.json — running npm test in that directory
2025-10-31T02:18:17.2154904Z PASS __tests__/verifier_magic.test.js
2025-10-31T02:18:17.2571855Z PASS __tests__/physics.test.js
2025-10-31T02:18:17.2585530Z 
2025-10-31T02:18:17.2597840Z Test Suites: 2 passed, 2 total
2025-10-31T02:18:17.2602476Z Tests:       4 passed, 4 total
2025-10-31T02:18:17.2606842Z Snapshots:   0 total
2025-10-31T02:18:17.2607532Z Time:        0.523 s
2025-10-31T02:18:17.2608084Z Ran all test suites.
2025-10-31T02:18:17.3791432Z ##[group]Run # Use playwright CLI to install system deps and browsers. The microsoft/playwright-github-action@v1
2025-10-31T02:18:17.3792183Z [36;1m# Use playwright CLI to install system deps and browsers. The microsoft/playwright-github-action@v1[0m
2025-10-31T02:18:17.3792815Z [36;1m# is deprecated and may fail on some runner images. Prefer npx playwright install --with-deps.[0m
2025-10-31T02:18:17.3793276Z [36;1mnpx playwright install --with-deps[0m
2025-10-31T02:18:17.3793636Z [36;1m# Ensure the chromium browser is installed for the tests (idempotent).[0m
2025-10-31T02:18:17.3794005Z [36;1mnpx playwright install chromium[0m
2025-10-31T02:18:17.3825857Z shell: /usr/bin/bash -e {0}
2025-10-31T02:18:17.3826082Z ##[endgroup]
2025-10-31T02:18:18.5031181Z Installing dependencies...
2025-10-31T02:18:18.5155848Z Switching to root user to install dependencies...
2025-10-31T02:18:18.6142900Z Get:1 file:/etc/apt/apt-mirrors.txt Mirrorlist [144 B]
2025-10-31T02:18:18.6772338Z Get:6 https://packages.microsoft.com/repos/azure-cli noble InRelease [3564 B]
2025-10-31T02:18:18.7031976Z Get:7 https://packages.microsoft.com/ubuntu/24.04/prod noble InRelease [3600 B]
2025-10-31T02:18:18.8044123Z Hit:2 http://azure.archive.ubuntu.com/ubuntu noble InRelease
2025-10-31T02:18:18.8071530Z Get:3 http://azure.archive.ubuntu.com/ubuntu noble-updates InRelease [126 kB]
2025-10-31T02:18:18.8199061Z Get:4 http://azure.archive.ubuntu.com/ubuntu noble-backports InRelease [126 kB]
2025-10-31T02:18:18.8235860Z Get:5 http://azure.archive.ubuntu.com/ubuntu noble-security InRelease [126 kB]
2025-10-31T02:18:18.8620269Z Get:8 https://packages.microsoft.com/repos/azure-cli noble/main amd64 Packages [1629 B]
2025-10-31T02:18:18.9214855Z Get:9 https://packages.microsoft.com/ubuntu/24.04/prod noble/main amd64 Packages [65.9 kB]
2025-10-31T02:18:18.9331068Z Get:10 https://packages.microsoft.com/ubuntu/24.04/prod noble/main armhf Packages [11.1 kB]
2025-10-31T02:18:18.9382987Z Get:11 https://packages.microsoft.com/ubuntu/24.04/prod noble/main arm64 Packages [48.7 kB]
2025-10-31T02:18:19.0228018Z Get:12 http://azure.archive.ubuntu.com/ubuntu noble-updates/main amd64 Packages [1545 kB]
2025-10-31T02:18:19.0479685Z Get:13 http://azure.archive.ubuntu.com/ubuntu noble-updates/main Translation-en [294 kB]
2025-10-31T02:18:19.0533691Z Get:14 http://azure.archive.ubuntu.com/ubuntu noble-updates/main amd64 Components [175 kB]
2025-10-31T02:18:19.0540331Z Get:15 http://azure.archive.ubuntu.com/ubuntu noble-updates/main amd64 c-n-f Metadata [15.4 kB]
2025-10-31T02:18:19.0583496Z Get:16 http://azure.archive.ubuntu.com/ubuntu noble-updates/universe amd64 Packages [1498 kB]
2025-10-31T02:18:19.0744324Z Get:17 http://azure.archive.ubuntu.com/ubuntu noble-updates/universe Translation-en [303 kB]
2025-10-31T02:18:19.0838275Z Get:18 http://azure.archive.ubuntu.com/ubuntu noble-updates/universe amd64 Components [378 kB]
2025-10-31T02:18:19.0923889Z Get:19 http://azure.archive.ubuntu.com/ubuntu noble-updates/universe amd64 c-n-f Metadata [31.4 kB]
2025-10-31T02:18:19.0925424Z Get:20 http://azure.archive.ubuntu.com/ubuntu noble-updates/restricted amd64 Packages [2175 kB]
2025-10-31T02:18:19.1192691Z Get:21 http://azure.archive.ubuntu.com/ubuntu noble-updates/restricted Translation-en [490 kB]
2025-10-31T02:18:19.1633834Z Get:22 http://azure.archive.ubuntu.com/ubuntu noble-updates/restricted amd64 Components [212 B]
2025-10-31T02:18:19.1641978Z Get:23 http://azure.archive.ubuntu.com/ubuntu noble-updates/restricted amd64 c-n-f Metadata [516 B]
2025-10-31T02:18:19.1647869Z Get:24 http://azure.archive.ubuntu.com/ubuntu noble-updates/multiverse amd64 Packages [30.3 kB]
2025-10-31T02:18:19.1734638Z Get:25 http://azure.archive.ubuntu.com/ubuntu noble-updates/multiverse Translation-en [5564 B]
2025-10-31T02:18:19.1735985Z Get:26 http://azure.archive.ubuntu.com/ubuntu noble-updates/multiverse amd64 Components [940 B]
2025-10-31T02:18:19.1737265Z Get:27 http://azure.archive.ubuntu.com/ubuntu noble-updates/multiverse amd64 c-n-f Metadata [484 B]
2025-10-31T02:18:19.1738960Z Get:28 http://azure.archive.ubuntu.com/ubuntu noble-backports/main amd64 Components [7148 B]
2025-10-31T02:18:19.1752750Z Get:29 http://azure.archive.ubuntu.com/ubuntu noble-backports/universe amd64 Components [11.0 kB]
2025-10-31T02:18:19.1756957Z Get:30 http://azure.archive.ubuntu.com/ubuntu noble-backports/restricted amd64 Components [216 B]
2025-10-31T02:18:19.1758219Z Get:31 http://azure.archive.ubuntu.com/ubuntu noble-backports/multiverse amd64 Components [212 B]
2025-10-31T02:18:19.1784065Z Get:32 http://azure.archive.ubuntu.com/ubuntu noble-security/main amd64 Packages [1270 kB]
2025-10-31T02:18:19.1852060Z Get:33 http://azure.archive.ubuntu.com/ubuntu noble-security/main Translation-en [211 kB]
2025-10-31T02:18:19.1881906Z Get:34 http://azure.archive.ubuntu.com/ubuntu noble-security/main amd64 Components [21.5 kB]
2025-10-31T02:18:19.1967421Z Get:35 http://azure.archive.ubuntu.com/ubuntu noble-security/main amd64 c-n-f Metadata [9008 B]
2025-10-31T02:18:19.2435258Z Get:36 http://azure.archive.ubuntu.com/ubuntu noble-security/universe amd64 Packages [905 kB]
2025-10-31T02:18:19.2493558Z Get:37 http://azure.archive.ubuntu.com/ubuntu noble-security/universe Translation-en [203 kB]
2025-10-31T02:18:19.2526623Z Get:38 http://azure.archive.ubuntu.com/ubuntu noble-security/universe amd64 Components [52.2 kB]
2025-10-31T02:18:19.2534734Z Get:39 http://azure.archive.ubuntu.com/ubuntu noble-security/universe amd64 c-n-f Metadata [19.4 kB]
2025-10-31T02:18:19.2553284Z Get:40 http://azure.archive.ubuntu.com/ubuntu noble-security/restricted amd64 Packages [2080 kB]
2025-10-31T02:18:19.2682648Z Get:41 http://azure.archive.ubuntu.com/ubuntu noble-security/restricted Translation-en [470 kB]
2025-10-31T02:18:19.2725395Z Get:42 http://azure.archive.ubuntu.com/ubuntu noble-security/restricted amd64 Components [208 B]
2025-10-31T02:18:19.2754954Z Get:43 http://azure.archive.ubuntu.com/ubuntu noble-security/restricted amd64 c-n-f Metadata [500 B]
2025-10-31T02:18:19.2769758Z Get:44 http://azure.archive.ubuntu.com/ubuntu noble-security/multiverse amd64 Packages [27.4 kB]
2025-10-31T02:18:19.2786755Z Get:45 http://azure.archive.ubuntu.com/ubuntu noble-security/multiverse Translation-en [5708 B]
2025-10-31T02:18:19.2802793Z Get:46 http://azure.archive.ubuntu.com/ubuntu noble-security/multiverse amd64 Components [208 B]
2025-10-31T02:18:19.2811165Z Get:47 http://azure.archive.ubuntu.com/ubuntu noble-security/multiverse amd64 c-n-f Metadata [384 B]
2025-10-31T02:18:28.0281601Z Fetched 12.7 MB in 2s (7064 kB/s)
2025-10-31T02:18:28.8037489Z Reading package lists...
2025-10-31T02:18:28.8317290Z Reading package lists...
2025-10-31T02:18:29.0665413Z Building dependency tree...
2025-10-31T02:18:29.0675050Z Reading state information...
2025-10-31T02:18:29.0935671Z libasound2t64 is already the newest version (1.2.11-1ubuntu0.1).
2025-10-31T02:18:29.0940673Z libasound2t64 set to manually installed.
2025-10-31T02:18:29.0941407Z libatk-bridge2.0-0t64 is already the newest version (2.52.0-1build1).
2025-10-31T02:18:29.0942074Z libatk-bridge2.0-0t64 set to manually installed.
2025-10-31T02:18:29.0942695Z libatk1.0-0t64 is already the newest version (2.52.0-1build1).
2025-10-31T02:18:29.0943247Z libatk1.0-0t64 set to manually installed.
2025-10-31T02:18:29.0943833Z libatspi2.0-0t64 is already the newest version (2.52.0-1build1).
2025-10-31T02:18:29.0944389Z libatspi2.0-0t64 set to manually installed.
2025-10-31T02:18:29.0944931Z libcairo2 is already the newest version (1.18.0-3build1).
2025-10-31T02:18:29.0945442Z libcairo2 set to manually installed.
2025-10-31T02:18:29.0945992Z libcups2t64 is already the newest version (2.4.7-1.2ubuntu7.4).
2025-10-31T02:18:29.0946537Z libcups2t64 set to manually installed.
2025-10-31T02:18:29.0947088Z libdbus-1-3 is already the newest version (1.14.10-4ubuntu4.1).
2025-10-31T02:18:29.0947609Z libdbus-1-3 set to manually installed.
2025-10-31T02:18:29.0948189Z libdrm2 is already the newest version (2.4.122-1~ubuntu0.24.04.1).
2025-10-31T02:18:29.0948719Z libdrm2 set to manually installed.
2025-10-31T02:18:29.0949670Z libgbm1 is already the newest version (25.0.7-0ubuntu0.24.04.2).
2025-10-31T02:18:29.0950402Z libgbm1 set to manually installed.
2025-10-31T02:18:29.0950962Z libglib2.0-0t64 is already the newest version (2.80.0-6ubuntu3.4).
2025-10-31T02:18:29.0951531Z libglib2.0-0t64 set to manually installed.
2025-10-31T02:18:29.0952107Z libnspr4 is already the newest version (2:4.35-1.1build1).
2025-10-31T02:18:29.0952622Z libnspr4 set to manually installed.
2025-10-31T02:18:29.0953133Z libnss3 is already the newest version (2:3.98-1build1).
2025-10-31T02:18:29.0953618Z libnss3 set to manually installed.
2025-10-31T02:18:29.0954188Z libpango-1.0-0 is already the newest version (1.52.1+ds-1build1).
2025-10-31T02:18:29.0954749Z libpango-1.0-0 set to manually installed.
2025-10-31T02:18:29.0955290Z libx11-6 is already the newest version (2:1.8.7-1build1).
2025-10-31T02:18:29.0955789Z libx11-6 set to manually installed.
2025-10-31T02:18:29.0956518Z libxcb1 is already the newest version (1.15-1ubuntu2).
2025-10-31T02:18:29.0957015Z libxcb1 set to manually installed.
2025-10-31T02:18:29.0957585Z libxcomposite1 is already the newest version (1:0.4.5-1build3).
2025-10-31T02:18:29.0958146Z libxcomposite1 set to manually installed.
2025-10-31T02:18:29.0958725Z libxdamage1 is already the newest version (1:1.1.6-1build1).
2025-10-31T02:18:29.0959253Z libxdamage1 set to manually installed.
2025-10-31T02:18:29.0959792Z libxext6 is already the newest version (2:1.3.4-1build2).
2025-10-31T02:18:29.0960467Z libxext6 set to manually installed.
2025-10-31T02:18:29.0960999Z libxfixes3 is already the newest version (1:6.0.0-2build1).
2025-10-31T02:18:29.0961525Z libxfixes3 set to manually installed.
2025-10-31T02:18:29.0962080Z libxkbcommon0 is already the newest version (1.6.0-1build1).
2025-10-31T02:18:29.0962627Z libxkbcommon0 set to manually installed.
2025-10-31T02:18:29.0963192Z libxrandr2 is already the newest version (2:1.5.2-2build1).
2025-10-31T02:18:29.0963717Z libxrandr2 set to manually installed.
2025-10-31T02:18:29.0964309Z libcairo-gobject2 is already the newest version (1.18.0-3build1).
2025-10-31T02:18:29.0964907Z libcairo-gobject2 set to manually installed.
2025-10-31T02:18:29.0965520Z libfontconfig1 is already the newest version (2.15.0-1.1ubuntu2).
2025-10-31T02:18:29.0966090Z libfontconfig1 set to manually installed.
2025-10-31T02:18:29.0966694Z libfreetype6 is already the newest version (2.13.2+dfsg-1build3).
2025-10-31T02:18:29.0967251Z libfreetype6 set to manually installed.
2025-10-31T02:18:29.0967914Z libgdk-pixbuf-2.0-0 is already the newest version (2.42.10+dfsg-3ubuntu3.2).
2025-10-31T02:18:29.0968574Z libgdk-pixbuf-2.0-0 set to manually installed.
2025-10-31T02:18:29.0969184Z libgtk-3-0t64 is already the newest version (3.24.41-4ubuntu1.3).
2025-10-31T02:18:29.0969742Z libgtk-3-0t64 set to manually installed.
2025-10-31T02:18:29.0981029Z libpangocairo-1.0-0 is already the newest version (1.52.1+ds-1build1).
2025-10-31T02:18:29.0981717Z libpangocairo-1.0-0 set to manually installed.
2025-10-31T02:18:29.0982352Z libx11-xcb1 is already the newest version (2:1.8.7-1build1).
2025-10-31T02:18:29.0982893Z libx11-xcb1 set to manually installed.
2025-10-31T02:18:29.0983440Z libxcb-shm0 is already the newest version (1.15-1ubuntu2).
2025-10-31T02:18:29.0983962Z libxcb-shm0 set to manually installed.
2025-10-31T02:18:29.0984524Z libxcursor1 is already the newest version (1:1.2.1-1build1).
2025-10-31T02:18:29.0985058Z libxcursor1 set to manually installed.
2025-10-31T02:18:29.0985589Z libxi6 is already the newest version (2:1.8.1-1build1).
2025-10-31T02:18:29.0986079Z libxi6 set to manually installed.
2025-10-31T02:18:29.0986645Z libxrender1 is already the newest version (1:0.9.10-1.1build1).
2025-10-31T02:18:29.0987319Z libxrender1 set to manually installed.
2025-10-31T02:18:29.0987895Z libicu74 is already the newest version (74.2-1ubuntu3.1).
2025-10-31T02:18:29.0988558Z libatomic1 is already the newest version (14.2.0-4ubuntu2~24.04).
2025-10-31T02:18:29.0989117Z libatomic1 set to manually installed.
2025-10-31T02:18:29.0990079Z libenchant-2-2 is already the newest version (2.3.3-2build2).
2025-10-31T02:18:29.0990673Z libenchant-2-2 set to manually installed.
2025-10-31T02:18:29.0991237Z libepoxy0 is already the newest version (1.5.10-1build1).
2025-10-31T02:18:29.0991756Z libepoxy0 set to manually installed.
2025-10-31T02:18:29.0992388Z libgstreamer1.0-0 is already the newest version (1.24.2-1ubuntu0.1).
2025-10-31T02:18:29.0992990Z libgstreamer1.0-0 set to manually installed.
2025-10-31T02:18:29.0993587Z libharfbuzz0b is already the newest version (8.3.0-2build2).
2025-10-31T02:18:29.0994139Z libharfbuzz0b set to manually installed.
2025-10-31T02:18:29.0994718Z libjpeg-turbo8 is already the newest version (2.1.5-2ubuntu2).
2025-10-31T02:18:29.0995286Z libjpeg-turbo8 set to manually installed.
2025-10-31T02:18:29.0995836Z liblcms2-2 is already the newest version (2.14-2build1).
2025-10-31T02:18:29.0999697Z liblcms2-2 set to manually installed.
2025-10-31T02:18:29.3057675Z libpng16-16t64 is already the newest version (1.6.43-5build1).
2025-10-31T02:18:29.3059528Z libpng16-16t64 set to manually installed.
2025-10-31T02:18:29.3062385Z libwayland-client0 is already the newest version (1.22.0-2.1build1).
2025-10-31T02:18:29.3064210Z libwayland-client0 set to manually installed.
2025-10-31T02:18:29.3065895Z libwayland-egl1 is already the newest version (1.22.0-2.1build1).
2025-10-31T02:18:29.3067551Z libwayland-egl1 set to manually installed.
2025-10-31T02:18:29.3069285Z libwayland-server0 is already the newest version (1.22.0-2.1build1).
2025-10-31T02:18:29.3071158Z libwayland-server0 set to manually installed.
2025-10-31T02:18:29.3072870Z libwebp7 is already the newest version (1.3.2-0.4build3).
2025-10-31T02:18:29.3074490Z libwebp7 set to manually installed.
2025-10-31T02:18:29.3076126Z libwebpdemux2 is already the newest version (1.3.2-0.4build3).
2025-10-31T02:18:29.3077715Z libwebpdemux2 set to manually installed.
2025-10-31T02:18:29.3078976Z libxml2 is already the newest version (2.9.14+dfsg-1.3ubuntu3.5).
2025-10-31T02:18:29.3079856Z libxml2 set to manually installed.
2025-10-31T02:18:29.3080721Z libxslt1.1 is already the newest version (1.1.39-0exp1ubuntu0.24.04.2).
2025-10-31T02:18:29.3081404Z libxslt1.1 set to manually installed.
2025-10-31T02:18:29.3082134Z xvfb is already the newest version (2:21.1.12-1ubuntu1.4).
2025-10-31T02:18:29.3082856Z fonts-noto-color-emoji is already the newest version (2.047-0ubuntu0.24.04.1).
2025-10-31T02:18:29.3083578Z fonts-liberation is already the newest version (1:2.1.5-3).
2025-10-31T02:18:29.3084144Z fonts-liberation set to manually installed.
2025-10-31T02:18:29.3084843Z The following additional packages will be installed:
2025-10-31T02:18:29.3085561Z   glib-networking glib-networking-common glib-networking-services
2025-10-31T02:18:29.3087496Z   gsettings-desktop-schemas libaa1 libabsl20220623t64 libass9 libasyncns0
2025-10-31T02:18:29.3089371Z   libavc1394-0 libavcodec60 libavfilter9 libavformat60 libavtp0 libavutil58
2025-10-31T02:18:29.3090430Z   libblas3 libbluray2 libbs2b0 libcaca0 libcairo-script-interpreter2
2025-10-31T02:18:29.3091230Z   libcdparanoia0 libchromaprint1 libcjson1 libcodec2-1.2 libdav1d7
2025-10-31T02:18:29.3092052Z   libdc1394-25 libdca0 libdecor-0-0 libdirectfb-1.7-7t64 libdv4t64 libdvdnav4
2025-10-31T02:18:29.3092885Z   libdvdread8t64 libegl-mesa0 libegl1 libfaad2 libflac12t64 libfluidsynth3
2025-10-31T02:18:29.3093707Z   libfreeaptx0 libgav1-1 libgme0 libgraphene-1.0-0 libgsm1 libgssdp-1.6-0
2025-10-31T02:18:29.3094468Z   libgstreamer-plugins-good1.0-0 libgtk-4-common libgupnp-1.6-0
2025-10-31T02:18:29.3095197Z   libgupnp-igd-1.6-0 libhwy1t64 libiec61883-0 libimath-3-1-29t64
2025-10-31T02:18:29.3095944Z   libinstpatch-1.0-2 libjack-jackd2-0 libjxl0.7 liblapack3 liblc3-1
2025-10-31T02:18:29.3096758Z   libldacbt-enc2 liblilv-0-0 liblrdf0 libltc11 libmbedcrypto7t64 libmfx1
2025-10-31T02:18:29.3097608Z   libmjpegutils-2.1-0t64 libmodplug1 libmp3lame0 libmpcdec6
2025-10-31T02:18:29.3098392Z   libmpeg2encpp-2.1-0t64 libmpg123-0t64 libmplex2-2.1-0t64 libmysofa1
2025-10-31T02:18:29.3099604Z   libneon27t64 libnice10 libopenal-data libopenal1 libopenexr-3-1-30
2025-10-31T02:18:29.3100669Z   libopenh264-7 libopenmpt0t64 libopenni2-0 liborc-0.4-0t64
2025-10-31T02:18:29.3101453Z   libpipewire-0.3-0t64 libplacebo338 libpocketsphinx3 libpostproc57
2025-10-31T02:18:29.3102297Z   libproxy1v5 libpulse0 libqrencode4 libraptor2-0 librav1e0 libraw1394-11
2025-10-31T02:18:29.3103157Z   librist4 librsvg2-2 librubberband2 libsamplerate0 libsbc1 libsdl2-2.0-0
2025-10-31T02:18:29.3104024Z   libsecret-common libserd-0-0 libshine3 libshout3 libsndfile1 libsndio7.0
2025-10-31T02:18:29.3104879Z   libsord-0-0 libsoundtouch1 libsoup-3.0-0 libsoup-3.0-common libsoxr0
2025-10-31T02:18:29.3105736Z   libspa-0.2-modules libspandsp2t64 libspeex1 libsphinxbase3t64 libsratom-0-0
2025-10-31T02:18:29.3106645Z   libsrt1.5-gnutls libsrtp2-1 libssh-gcrypt-4 libsvtav1enc1d1 libswresample4
2025-10-31T02:18:29.3107817Z   libswscale7 libtag1v5 libtag1v5-vanilla libtheora0 libtwolame0 libudfread0
2025-10-31T02:18:29.3108726Z   libunibreak5 libv4l-0t64 libv4lconvert0t64 libva-drm2 libva-x11-2 libva2
2025-10-31T02:18:29.3109594Z   libvdpau1 libvidstab1.1 libvisual-0.4-0 libvo-aacenc0 libvo-amrwbenc0
2025-10-31T02:18:29.3110634Z   libvorbisenc2 libvpl2 libwavpack1 libwebrtc-audio-processing1 libwildmidi2
2025-10-31T02:18:29.3111479Z   libx265-199 libxcb-xkb1 libxkbcommon-x11-0 libxvidcore4 libyuv0 libzbar0t64
2025-10-31T02:18:29.3112339Z   libzimg2 libzix-0-0 libzvbi-common libzvbi0t64 libzxing3 ocl-icd-libopencl1
2025-10-31T02:18:29.3113175Z   session-migration timgm6mb-soundfont xfonts-encodings xfonts-utils
2025-10-31T02:18:29.3113795Z Suggested packages:
2025-10-31T02:18:29.3114405Z   frei0r-plugins gvfs libcuda1 libnvcuvid1 libnvidia-encode1 libbluray-bdj
2025-10-31T02:18:29.3115308Z   libdirectfb-extra libdv-bin oss-compat libdvdcss2 libvisual-0.4-plugins
2025-10-31T02:18:29.3116153Z   jackd2 liblrdf0-dev libportaudio2 opus-tools pipewire pulseaudio
2025-10-31T02:18:29.3116979Z   raptor2-utils libraw1394-doc librsvg2-bin serdi sndiod sordi speex
2025-10-31T02:18:29.3117716Z   libwildmidi-config opencl-icd fluid-soundfont-gm
2025-10-31T02:18:29.3118233Z Recommended packages:
2025-10-31T02:18:29.3118784Z   fonts-ipafont-mincho fonts-tlwg-loma gstreamer1.0-x libaacs0
2025-10-31T02:18:29.3119554Z   default-libdecor-0-plugin-1 | libdecor-0-plugin-1 gstreamer1.0-gl
2025-10-31T02:18:29.3120626Z   libgtk-4-bin librsvg2-common libgtk-4-media-gstreamer libpipewire-0.3-common
2025-10-31T02:18:29.3121562Z   pocketsphinx-en-us va-driver-all | va-driver vdpau-driver-all | vdpau-driver
2025-10-31T02:18:29.3122223Z   libmagickcore-6.q16-7-extra
2025-10-31T02:18:29.4087180Z The following NEW packages will be installed:
2025-10-31T02:18:29.4089252Z   fonts-freefont-ttf fonts-ipafont-gothic fonts-tlwg-loma-otf fonts-unifont
2025-10-31T02:18:29.4090688Z   fonts-wqy-zenhei glib-networking glib-networking-common
2025-10-31T02:18:29.4091559Z   glib-networking-services gsettings-desktop-schemas gstreamer1.0-libav
2025-10-31T02:18:29.4092647Z   gstreamer1.0-plugins-bad gstreamer1.0-plugins-base gstreamer1.0-plugins-good
2025-10-31T02:18:29.4093653Z   libaa1 libabsl20220623t64 libass9 libasyncns0 libavc1394-0 libavcodec60
2025-10-31T02:18:29.4094528Z   libavfilter9 libavformat60 libavif16 libavtp0 libavutil58 libblas3
2025-10-31T02:18:29.4095430Z   libbluray2 libbs2b0 libcaca0 libcairo-script-interpreter2 libcdparanoia0
2025-10-31T02:18:29.4096429Z   libchromaprint1 libcjson1 libcodec2-1.2 libdav1d7 libdc1394-25 libdca0
2025-10-31T02:18:29.4097371Z   libdecor-0-0 libdirectfb-1.7-7t64 libdv4t64 libdvdnav4 libdvdread8t64
2025-10-31T02:18:29.4098277Z   libegl-mesa0 libegl1 libevent-2.1-7t64 libfaad2 libflac12t64 libflite1
2025-10-31T02:18:29.4099763Z   libfluidsynth3 libfreeaptx0 libgav1-1 libgles2 libgme0 libgraphene-1.0-0
2025-10-31T02:18:29.4100999Z   libgsm1 libgssdp-1.6-0 libgstreamer-gl1.0-0 libgstreamer-plugins-bad1.0-0
2025-10-31T02:18:29.4101831Z   libgstreamer-plugins-base1.0-0 libgstreamer-plugins-good1.0-0 libgtk-4-1
2025-10-31T02:18:29.4103007Z   libgtk-4-common libgupnp-1.6-0 libgupnp-igd-1.6-0 libharfbuzz-icu0
2025-10-31T02:18:29.4103769Z   libhwy1t64 libhyphen0 libiec61883-0 libimath-3-1-29t64 libinstpatch-1.0-2
2025-10-31T02:18:29.4104582Z   libjack-jackd2-0 libjxl0.7 liblapack3 liblc3-1 libldacbt-enc2 liblilv-0-0
2025-10-31T02:18:29.4105315Z   liblrdf0 libltc11 libmanette-0.2-0 libmbedcrypto7t64 libmfx1
2025-10-31T02:18:29.4105993Z   libmjpegutils-2.1-0t64 libmodplug1 libmp3lame0 libmpcdec6
2025-10-31T02:18:29.4106689Z   libmpeg2encpp-2.1-0t64 libmpg123-0t64 libmplex2-2.1-0t64 libmysofa1
2025-10-31T02:18:29.4107446Z   libneon27t64 libnice10 libopenal-data libopenal1 libopenexr-3-1-30
2025-10-31T02:18:29.4108210Z   libopenh264-7 libopenmpt0t64 libopenni2-0 libopus0 liborc-0.4-0t64
2025-10-31T02:18:29.4108975Z   libpipewire-0.3-0t64 libplacebo338 libpocketsphinx3 libpostproc57
2025-10-31T02:18:29.4109780Z   libproxy1v5 libpulse0 libqrencode4 libraptor2-0 librav1e0 libraw1394-11
2025-10-31T02:18:29.4110998Z   librist4 librsvg2-2 librubberband2 libsamplerate0 libsbc1 libsdl2-2.0-0
2025-10-31T02:18:29.4111872Z   libsecret-1-0 libsecret-common libserd-0-0 libshine3 libshout3 libsndfile1
2025-10-31T02:18:29.4112739Z   libsndio7.0 libsord-0-0 libsoundtouch1 libsoup-3.0-0 libsoup-3.0-common
2025-10-31T02:18:29.4113556Z   libsoxr0 libspa-0.2-modules libspandsp2t64 libspeex1 libsphinxbase3t64
2025-10-31T02:18:29.4114418Z   libsratom-0-0 libsrt1.5-gnutls libsrtp2-1 libssh-gcrypt-4 libsvtav1enc1d1
2025-10-31T02:18:29.4115230Z   libswresample4 libswscale7 libtag1v5 libtag1v5-vanilla libtheora0
2025-10-31T02:18:29.4116008Z   libtwolame0 libudfread0 libunibreak5 libv4l-0t64 libv4lconvert0t64
2025-10-31T02:18:29.4116800Z   libva-drm2 libva-x11-2 libva2 libvdpau1 libvidstab1.1 libvisual-0.4-0
2025-10-31T02:18:29.4117599Z   libvo-aacenc0 libvo-amrwbenc0 libvorbisenc2 libvpl2 libvpx9 libwavpack1
2025-10-31T02:18:29.4118473Z   libwebrtc-audio-processing1 libwildmidi2 libwoff1 libx264-164 libx265-199
2025-10-31T02:18:29.4119351Z   libxcb-xkb1 libxkbcommon-x11-0 libxvidcore4 libyuv0 libzbar0t64 libzimg2
2025-10-31T02:18:29.4121218Z   libzix-0-0 libzvbi-common libzvbi0t64 libzxing3 ocl-icd-libopencl1
2025-10-31T02:18:29.4122060Z   session-migration timgm6mb-soundfont xfonts-cyrillic xfonts-encodings
2025-10-31T02:18:29.4122766Z   xfonts-scalable xfonts-utils
2025-10-31T02:18:29.4408888Z 0 upgraded, 179 newly installed, 0 to remove and 43 not upgraded.
2025-10-31T02:18:29.4411015Z Need to get 114 MB of archives.
2025-10-31T02:18:29.4412779Z After this operation, 363 MB of additional disk space will be used.
2025-10-31T02:18:29.4414640Z Get:1 file:/etc/apt/apt-mirrors.txt Mirrorlist [144 B]
2025-10-31T02:18:29.5195598Z Get:2 http://azure.archive.ubuntu.com/ubuntu noble/universe amd64 fonts-ipafont-gothic all 00303-21ubuntu1 [3513 kB]
2025-10-31T02:18:29.8227414Z Get:3 http://azure.archive.ubuntu.com/ubuntu noble/main amd64 fonts-freefont-ttf all 20211204+svn4273-2 [5641 kB]
2025-10-31T02:18:29.9668595Z Get:4 http://azure.archive.ubuntu.com/ubuntu noble/universe amd64 fonts-tlwg-loma-otf all 1:0.7.3-1 [107 kB]
2025-10-31T02:18:30.0148638Z Get:5 http://azure.archive.ubuntu.com/ubuntu noble/universe amd64 fonts-unifont all 1:15.1.01-1build1 [2993 kB]
2025-10-31T02:18:30.4195237Z Get:6 http://azure.archive.ubuntu.com/ubuntu noble/universe amd64 fonts-wqy-zenhei all 0.9.45-8 [7472 kB]
2025-10-31T02:18:30.5721776Z Get:7 http://azure.archive.ubuntu.com/ubuntu noble/main amd64 libproxy1v5 amd64 0.5.4-4build1 [26.5 kB]
2025-10-31T02:18:30.6247914Z Get:8 http://azure.archive.ubuntu.com/ubuntu noble/main amd64 glib-networking-common all 2.80.0-1build1 [6702 B]
2025-10-31T02:18:30.6869272Z Get:9 http://azure.archive.ubuntu.com/ubuntu noble/main amd64 glib-networking-services amd64 2.80.0-1build1 [12.8 kB]
2025-10-31T02:18:30.7391951Z Get:10 http://azure.archive.ubuntu.com/ubuntu noble/main amd64 session-migration amd64 0.3.9build1 [9034 B]
2025-10-31T02:18:30.7916438Z Get:11 http://azure.archive.ubuntu.com/ubuntu noble-updates/main amd64 gsettings-desktop-schemas all 46.1-0ubuntu1 [35.6 kB]
2025-10-31T02:18:30.8436397Z Get:12 http://azure.archive.ubuntu.com/ubuntu noble/main amd64 glib-networking amd64 2.80.0-1build1 [64.1 kB]
2025-10-31T02:18:30.8976122Z Get:13 http://azure.archive.ubuntu.com/ubuntu noble/universe amd64 libva2 amd64 2.20.0-2build1 [66.2 kB]
2025-10-31T02:18:30.9524608Z Get:14 http://azure.archive.ubuntu.com/ubuntu noble/universe amd64 libva-drm2 amd64 2.20.0-2build1 [7124 B]
2025-10-31T02:18:30.9992446Z Get:15 http://azure.archive.ubuntu.com/ubuntu noble/universe amd64 libva-x11-2 amd64 2.20.0-2build1 [12.0 kB]
2025-10-31T02:18:31.0470756Z Get:16 http://azure.archive.ubuntu.com/ubuntu noble/main amd64 libvdpau1 amd64 1.5-2build1 [27.8 kB]
2025-10-31T02:18:31.0947736Z Get:17 http://azure.archive.ubuntu.com/ubuntu noble/universe amd64 libvpl2 amd64 2023.3.0-1build1 [99.8 kB]
2025-10-31T02:18:31.1437748Z Get:18 http://azure.archive.ubuntu.com/ubuntu noble/universe amd64 ocl-icd-libopencl1 amd64 2.3.2-1build1 [38.5 kB]
2025-10-31T02:18:31.1966666Z Get:19 http://azure.archive.ubuntu.com/ubuntu noble/universe amd64 libavutil58 amd64 7:6.1.1-3ubuntu5 [401 kB]
2025-10-31T02:18:31.2525725Z Get:20 http://azure.archive.ubuntu.com/ubuntu noble/universe amd64 libcodec2-1.2 amd64 1.2.0-2build1 [8998 kB]
2025-10-31T02:18:31.5195663Z Get:21 http://azure.archive.ubuntu.com/ubuntu noble/universe amd64 libdav1d7 amd64 1.4.1-1build1 [604 kB]
2025-10-31T02:18:31.5767104Z Get:22 http://azure.archive.ubuntu.com/ubuntu noble/universe amd64 libgsm1 amd64 1.0.22-1build1 [27.8 kB]
2025-10-31T02:18:31.6296940Z Get:23 http://azure.archive.ubuntu.com/ubuntu noble/universe amd64 libhwy1t64 amd64 1.0.7-8.1build1 [584 kB]
2025-10-31T02:18:31.6860713Z Get:24 http://azure.archive.ubuntu.com/ubuntu noble-updates/universe amd64 libjxl0.7 amd64 0.7.0-10.2ubuntu6.1 [1001 kB]
2025-10-31T02:18:31.7520563Z Get:25 http://azure.archive.ubuntu.com/ubuntu noble/main amd64 libmp3lame0 amd64 3.100-6build1 [142 kB]
2025-10-31T02:18:31.8053322Z Get:26 http://azure.archive.ubuntu.com/ubuntu noble/main amd64 libopus0 amd64 1.4-1build1 [208 kB]
2025-10-31T02:18:31.8677993Z Get:27 http://azure.archive.ubuntu.com/ubuntu noble/universe amd64 librav1e0 amd64 0.7.1-2 [1022 kB]
2025-10-31T02:18:31.9301528Z Get:28 http://azure.archive.ubuntu.com/ubuntu noble/main amd64 librsvg2-2 amd64 2.58.0+dfsg-1build1 [2135 kB]
2025-10-31T02:18:31.9954558Z Get:29 http://azure.archive.ubuntu.com/ubuntu noble/universe amd64 libshine3 amd64 3.1.1-2build1 [23.2 kB]
2025-10-31T02:18:32.0504432Z Get:30 http://azure.archive.ubuntu.com/ubuntu noble-updates/main amd64 libspeex1 amd64 1.2.1-2ubuntu2.24.04.1 [59.6 kB]
2025-10-31T02:18:32.0984471Z Get:31 http://azure.archive.ubuntu.com/ubuntu noble/universe amd64 libsvtav1enc1d1 amd64 1.7.0+dfsg-2build1 [2425 kB]
2025-10-31T02:18:32.1684772Z Get:32 http://azure.archive.ubuntu.com/ubuntu noble/universe amd64 libsoxr0 amd64 0.1.3-4build3 [80.0 kB]
2025-10-31T02:18:32.2165318Z Get:33 http://azure.archive.ubuntu.com/ubuntu noble/universe amd64 libswresample4 amd64 7:6.1.1-3ubuntu5 [63.8 kB]
2025-10-31T02:18:32.2750177Z Get:34 http://azure.archive.ubuntu.com/ubuntu noble/main amd64 libtheora0 amd64 1.1.1+dfsg.1-16.1build3 [211 kB]
2025-10-31T02:18:32.3236197Z Get:35 http://azure.archive.ubuntu.com/ubuntu noble/main amd64 libtwolame0 amd64 0.4.0-2build3 [52.3 kB]
2025-10-31T02:18:32.3706811Z Get:36 http://azure.archive.ubuntu.com/ubuntu noble/main amd64 libvorbisenc2 amd64 1.3.7-1build3 [80.8 kB]
2025-10-31T02:18:32.4201663Z Get:37 http://azure.archive.ubuntu.com/ubuntu noble-updates/main amd64 libvpx9 amd64 1.14.0-1ubuntu2.2 [1143 kB]
2025-10-31T02:18:32.4725181Z Get:38 http://azure.archive.ubuntu.com/ubuntu noble/universe amd64 libx264-164 amd64 2:0.164.3108+git31e19f9-1 [604 kB]
2025-10-31T02:18:32.5259394Z Get:39 http://azure.archive.ubuntu.com/ubuntu noble/universe amd64 libx265-199 amd64 3.5-2build1 [1226 kB]
2025-10-31T02:18:32.5816346Z Get:40 http://azure.archive.ubuntu.com/ubuntu noble/universe amd64 libxvidcore4 amd64 2:1.3.7-1build1 [219 kB]
2025-10-31T02:18:32.6306876Z Get:41 http://azure.archive.ubuntu.com/ubuntu noble/universe amd64 libzvbi-common all 0.2.42-2 [42.4 kB]
2025-10-31T02:18:32.6776975Z Get:42 http://azure.archive.ubuntu.com/ubuntu noble/universe amd64 libzvbi0t64 amd64 0.2.42-2 [261 kB]
2025-10-31T02:18:32.7274221Z Get:43 http://azure.archive.ubuntu.com/ubuntu noble/universe amd64 libavcodec60 amd64 7:6.1.1-3ubuntu5 [5851 kB]
2025-10-31T02:18:32.8672898Z Get:44 http://azure.archive.ubuntu.com/ubuntu noble/universe amd64 libunibreak5 amd64 5.1-2build1 [25.0 kB]
2025-10-31T02:18:32.9200120Z Get:45 http://azure.archive.ubuntu.com/ubuntu noble/universe amd64 libass9 amd64 1:0.17.1-2build1 [104 kB]
2025-10-31T02:18:32.9733922Z Get:46 http://azure.archive.ubuntu.com/ubuntu noble/universe amd64 libudfread0 amd64 1.1.2-1build1 [19.0 kB]
2025-10-31T02:18:33.0258307Z Get:47 http://azure.archive.ubuntu.com/ubuntu noble/universe amd64 libbluray2 amd64 1:1.3.4-1build1 [159 kB]
2025-10-31T02:18:33.0789265Z Get:48 http://azure.archive.ubuntu.com/ubuntu noble/universe amd64 libchromaprint1 amd64 1.5.1-5 [30.5 kB]
2025-10-31T02:18:33.1315546Z Get:49 http://azure.archive.ubuntu.com/ubuntu noble/universe amd64 libgme0 amd64 0.6.3-7build1 [134 kB]
2025-10-31T02:18:33.1847400Z Get:50 http://azure.archive.ubuntu.com/ubuntu noble-updates/main amd64 libmpg123-0t64 amd64 1.32.5-1ubuntu1.1 [169 kB]
2025-10-31T02:18:33.2383569Z Get:51 http://azure.archive.ubuntu.com/ubuntu noble/universe amd64 libopenmpt0t64 amd64 0.7.3-1.1build3 [647 kB]
2025-10-31T02:18:33.3004476Z Get:52 http://azure.archive.ubuntu.com/ubuntu noble/universe amd64 libcjson1 amd64 1.7.17-1 [24.8 kB]
2025-10-31T02:18:33.3531621Z Get:53 http://azure.archive.ubuntu.com/ubuntu noble/universe amd64 libmbedcrypto7t64 amd64 2.28.8-1 [209 kB]
2025-10-31T02:18:33.4071405Z Get:54 http://azure.archive.ubuntu.com/ubuntu noble/universe amd64 librist4 amd64 0.2.10+dfsg-2 [74.9 kB]
2025-10-31T02:18:33.4595953Z Get:55 http://azure.archive.ubuntu.com/ubuntu noble/universe amd64 libsrt1.5-gnutls amd64 1.5.3-1build2 [316 kB]
2025-10-31T02:18:33.5157405Z Get:56 http://azure.archive.ubuntu.com/ubuntu noble-updates/main amd64 libssh-gcrypt-4 amd64 0.10.6-2ubuntu0.1 [224 kB]
2025-10-31T02:18:33.5702226Z Get:57 http://azure.archive.ubuntu.com/ubuntu noble/universe amd64 libavformat60 amd64 7:6.1.1-3ubuntu5 [1153 kB]
2025-10-31T02:18:33.6404337Z Get:58 http://azure.archive.ubuntu.com/ubuntu noble/universe amd64 libbs2b0 amd64 3.1.0+dfsg-7build1 [10.6 kB]
2025-10-31T02:18:33.6930258Z Get:59 http://azure.archive.ubuntu.com/ubuntu noble/universe amd64 libflite1 amd64 2.2-6build3 [13.6 MB]
2025-10-31T02:18:33.9640191Z Get:60 http://azure.archive.ubuntu.com/ubuntu noble/universe amd64 libserd-0-0 amd64 0.32.2-1 [43.6 kB]
2025-10-31T02:18:34.0167094Z Get:61 http://azure.archive.ubuntu.com/ubuntu noble/universe amd64 libzix-0-0 amd64 0.4.2-2build1 [23.6 kB]
2025-10-31T02:18:34.0693446Z Get:62 http://azure.archive.ubuntu.com/ubuntu noble/universe amd64 libsord-0-0 amd64 0.16.16-2build1 [15.8 kB]
2025-10-31T02:18:34.1251108Z Get:63 http://azure.archive.ubuntu.com/ubuntu noble/universe amd64 libsratom-0-0 amd64 0.6.16-1build1 [17.3 kB]
2025-10-31T02:18:34.1774095Z Get:64 http://azure.archive.ubuntu.com/ubuntu noble/universe amd64 liblilv-0-0 amd64 0.24.22-1build1 [41.0 kB]
2025-10-31T02:18:34.2362220Z Get:65 http://azure.archive.ubuntu.com/ubuntu noble/universe amd64 libmysofa1 amd64 1.3.2+dfsg-2ubuntu2 [1158 kB]
2025-10-31T02:18:34.3174319Z Get:66 http://azure.archive.ubuntu.com/ubuntu noble/universe amd64 libplacebo338 amd64 6.338.2-2build1 [2654 kB]
2025-10-31T02:18:34.4233826Z Get:67 http://azure.archive.ubuntu.com/ubuntu noble-updates/main amd64 libblas3 amd64 3.12.0-3build1.1 [238 kB]
2025-10-31T02:18:34.4851672Z Get:68 http://azure.archive.ubuntu.com/ubuntu noble-updates/main amd64 liblapack3 amd64 3.12.0-3build1.1 [2646 kB]
2025-10-31T02:18:34.5853104Z Get:69 http://azure.archive.ubuntu.com/ubuntu noble/main amd64 libasyncns0 amd64 0.8-6build4 [11.3 kB]
2025-10-31T02:18:34.6324002Z Get:70 http://azure.archive.ubuntu.com/ubuntu noble/main amd64 libflac12t64 amd64 1.4.3+ds-2.1ubuntu2 [197 kB]
2025-10-31T02:18:34.6810919Z Get:71 http://azure.archive.ubuntu.com/ubuntu noble-updates/main amd64 libsndfile1 amd64 1.2.2-1ubuntu5.24.04.1 [209 kB]
2025-10-31T02:18:34.7300287Z Get:72 http://azure.archive.ubuntu.com/ubuntu noble-updates/main amd64 libpulse0 amd64 1:16.1+dfsg1-2ubuntu10.1 [292 kB]
2025-10-31T02:18:34.7787078Z Get:73 http://azure.archive.ubuntu.com/ubuntu noble/universe amd64 libsphinxbase3t64 amd64 0.8+5prealpha+1-17build2 [126 kB]
2025-10-31T02:18:34.8277550Z Get:74 http://azure.archive.ubuntu.com/ubuntu noble/universe amd64 libpocketsphinx3 amd64 0.8.0+real5prealpha+1-15ubuntu5 [133 kB]
2025-10-31T02:18:34.8755451Z Get:75 http://azure.archive.ubuntu.com/ubuntu noble/universe amd64 libpostproc57 amd64 7:6.1.1-3ubuntu5 [49.9 kB]
2025-10-31T02:18:34.9251755Z Get:76 http://azure.archive.ubuntu.com/ubuntu noble/main amd64 libsamplerate0 amd64 0.2.2-4build1 [1344 kB]
2025-10-31T02:18:34.9821363Z Get:77 http://azure.archive.ubuntu.com/ubuntu noble/universe amd64 librubberband2 amd64 3.3.0+dfsg-2build1 [130 kB]
2025-10-31T02:18:35.0305109Z Get:78 http://azure.archive.ubuntu.com/ubuntu noble/universe amd64 libswscale7 amd64 7:6.1.1-3ubuntu5 [193 kB]
2025-10-31T02:18:35.0903894Z Get:79 http://azure.archive.ubuntu.com/ubuntu noble/universe amd64 libvidstab1.1 amd64 1.1.0-2build1 [38.5 kB]
2025-10-31T02:18:35.1522073Z Get:80 http://azure.archive.ubuntu.com/ubuntu noble/universe amd64 libzimg2 amd64 3.0.5+ds1-1build1 [254 kB]
2025-10-31T02:18:35.2139568Z Get:81 http://azure.archive.ubuntu.com/ubuntu noble/universe amd64 libavfilter9 amd64 7:6.1.1-3ubuntu5 [4235 kB]
2025-10-31T02:18:35.3499319Z Get:82 http://azure.archive.ubuntu.com/ubuntu noble-updates/main amd64 liborc-0.4-0t64 amd64 1:0.4.38-1ubuntu0.1 [207 kB]
2025-10-31T02:18:35.4109686Z Get:83 http://azure.archive.ubuntu.com/ubuntu noble-updates/main amd64 libgstreamer-plugins-base1.0-0 amd64 1.24.2-1ubuntu0.3 [862 kB]
2025-10-31T02:18:35.4896041Z Get:84 http://azure.archive.ubuntu.com/ubuntu noble/universe amd64 gstreamer1.0-libav amd64 1.24.1-1build1 [103 kB]
2025-10-31T02:18:35.5494406Z Get:85 http://azure.archive.ubuntu.com/ubuntu noble/main amd64 libcdparanoia0 amd64 3.10.2+debian-14build3 [48.5 kB]
2025-10-31T02:18:35.6078315Z Get:86 http://azure.archive.ubuntu.com/ubuntu noble/main amd64 libvisual-0.4-0 amd64 0.4.2-2build1 [115 kB]
2025-10-31T02:18:35.6726669Z Get:87 http://azure.archive.ubuntu.com/ubuntu noble-updates/main amd64 gstreamer1.0-plugins-base amd64 1.24.2-1ubuntu0.3 [721 kB]
2025-10-31T02:18:35.7382684Z Get:88 http://azure.archive.ubuntu.com/ubuntu noble/main amd64 libaa1 amd64 1.4p5-51.1 [49.9 kB]
2025-10-31T02:18:35.7977201Z Get:89 http://azure.archive.ubuntu.com/ubuntu noble/main amd64 libraw1394-11 amd64 2.1.2-2build3 [26.2 kB]
2025-10-31T02:18:35.8561296Z Get:90 http://azure.archive.ubuntu.com/ubuntu noble/main amd64 libavc1394-0 amd64 0.5.4-5build3 [15.4 kB]
2025-10-31T02:18:35.9148033Z Get:91 http://azure.archive.ubuntu.com/ubuntu noble/main amd64 libcaca0 amd64 0.99.beta20-4build2 [208 kB]
2025-10-31T02:18:35.9758557Z Get:92 http://azure.archive.ubuntu.com/ubuntu noble/main amd64 libdv4t64 amd64 1.0.0-17.1build1 [63.2 kB]
2025-10-31T02:18:36.0353861Z Get:93 http://azure.archive.ubuntu.com/ubuntu noble-updates/main amd64 libgstreamer-plugins-good1.0-0 amd64 1.24.2-1ubuntu1.2 [33.0 kB]
2025-10-31T02:18:36.0945727Z Get:94 http://azure.archive.ubuntu.com/ubuntu noble/main amd64 libiec61883-0 amd64 1.2.0-6build1 [24.5 kB]
2025-10-31T02:18:36.1530700Z Get:95 http://azure.archive.ubuntu.com/ubuntu noble/main amd64 libshout3 amd64 2.4.6-1build2 [50.3 kB]
2025-10-31T02:18:36.2122499Z Get:96 http://azure.archive.ubuntu.com/ubuntu noble/main amd64 libtag1v5-vanilla amd64 1.13.1-1build1 [326 kB]
2025-10-31T02:18:36.2749779Z Get:97 http://azure.archive.ubuntu.com/ubuntu noble/main amd64 libtag1v5 amd64 1.13.1-1build1 [11.7 kB]
2025-10-31T02:18:36.3337167Z Get:98 http://azure.archive.ubuntu.com/ubuntu noble/main amd64 libv4lconvert0t64 amd64 1.26.1-4build3 [87.6 kB]
2025-10-31T02:18:36.3999859Z Get:99 http://azure.archive.ubuntu.com/ubuntu noble/main amd64 libv4l-0t64 amd64 1.26.1-4build3 [46.9 kB]
2025-10-31T02:18:36.4596297Z Get:100 http://azure.archive.ubuntu.com/ubuntu noble/main amd64 libwavpack1 amd64 5.6.0-1build1 [84.6 kB]
2025-10-31T02:18:36.5191993Z Get:101 http://azure.archive.ubuntu.com/ubuntu noble-updates/main amd64 libsoup-3.0-common all 3.4.4-5ubuntu0.5 [11.3 kB]
2025-10-31T02:18:36.5777243Z Get:102 http://azure.archive.ubuntu.com/ubuntu noble-updates/main amd64 libsoup-3.0-0 amd64 3.4.4-5ubuntu0.5 [291 kB]
2025-10-31T02:18:36.6361068Z Get:103 http://azure.archive.ubuntu.com/ubuntu noble-updates/main amd64 gstreamer1.0-plugins-good amd64 1.24.2-1ubuntu1.2 [2238 kB]
2025-10-31T02:18:36.7034467Z Get:104 http://azure.archive.ubuntu.com/ubuntu noble-updates/main amd64 libabsl20220623t64 amd64 20220623.1-3.1ubuntu3.2 [423 kB]
2025-10-31T02:18:36.7586367Z Get:105 http://azure.archive.ubuntu.com/ubuntu noble/universe amd64 libgav1-1 amd64 0.18.0-1build3 [357 kB]
2025-10-31T02:18:36.8187678Z Get:106 http://azure.archive.ubuntu.com/ubuntu noble/universe amd64 libyuv0 amd64 0.0~git202401110.af6ac82-1 [178 kB]
2025-10-31T02:18:36.8733293Z Get:107 http://azure.archive.ubuntu.com/ubuntu noble/universe amd64 libavif16 amd64 1.0.4-1ubuntu3 [91.2 kB]
2025-10-31T02:18:36.9265433Z Get:108 http://azure.archive.ubuntu.com/ubuntu noble/universe amd64 libavtp0 amd64 0.2.0-1build1 [6414 B]
2025-10-31T02:18:36.9791357Z Get:109 http://azure.archive.ubuntu.com/ubuntu noble/main amd64 libcairo-script-interpreter2 amd64 1.18.0-3build1 [60.3 kB]
2025-10-31T02:18:37.0322547Z Get:110 http://azure.archive.ubuntu.com/ubuntu noble/universe amd64 libdc1394-25 amd64 2.2.6-4build1 [90.1 kB]
2025-10-31T02:18:37.0872102Z Get:111 http://azure.archive.ubuntu.com/ubuntu noble/main amd64 libdecor-0-0 amd64 0.2.2-1build2 [16.5 kB]
2025-10-31T02:18:37.1403603Z Get:112 http://azure.archive.ubuntu.com/ubuntu noble/main amd64 libgles2 amd64 1.7.0-1build1 [17.1 kB]
2025-10-31T02:18:37.1968692Z Get:113 http://azure.archive.ubuntu.com/ubuntu noble/universe amd64 libdirectfb-1.7-7t64 amd64 1.7.7-11.1ubuntu2 [1035 kB]
2025-10-31T02:18:37.2867275Z Get:114 http://azure.archive.ubuntu.com/ubuntu noble/universe amd64 libdvdread8t64 amd64 6.1.3-1.1build1 [54.7 kB]
2025-10-31T02:18:37.3402967Z Get:115 http://azure.archive.ubuntu.com/ubuntu noble/universe amd64 libdvdnav4 amd64 6.1.1-3build1 [39.5 kB]
2025-10-31T02:18:37.3946443Z Get:116 http://azure.archive.ubuntu.com/ubuntu noble-updates/main amd64 libegl-mesa0 amd64 25.0.7-0ubuntu0.24.04.2 [124 kB]
2025-10-31T02:18:37.4482533Z Get:117 http://azure.archive.ubuntu.com/ubuntu noble/main amd64 libevent-2.1-7t64 amd64 2.1.12-stable-9ubuntu2 [145 kB]
2025-10-31T02:18:37.5025265Z Get:118 http://azure.archive.ubuntu.com/ubuntu noble/universe amd64 libfaad2 amd64 2.11.1-1build1 [207 kB]
2025-10-31T02:18:37.5568786Z Get:119 http://azure.archive.ubuntu.com/ubuntu noble/universe amd64 libinstpatch-1.0-2 amd64 1.1.6-1build2 [251 kB]
2025-10-31T02:18:37.6204925Z Get:120 http://azure.archive.ubuntu.com/ubuntu noble/main amd64 libjack-jackd2-0 amd64 1.9.21~dfsg-3ubuntu3 [289 kB]
2025-10-31T02:18:37.6759008Z Get:121 http://azure.archive.ubuntu.com/ubuntu noble/main amd64 libwebrtc-audio-processing1 amd64 0.3.1-0ubuntu6 [290 kB]
2025-10-31T02:18:37.7306776Z Get:122 http://azure.archive.ubuntu.com/ubuntu noble-updates/main amd64 libspa-0.2-modules amd64 1.0.5-1ubuntu3.1 [626 kB]
2025-10-31T02:18:37.8018290Z Get:123 http://azure.archive.ubuntu.com/ubuntu noble-updates/main amd64 libpipewire-0.3-0t64 amd64 1.0.5-1ubuntu3.1 [252 kB]
2025-10-31T02:18:37.8564697Z Get:124 http://azure.archive.ubuntu.com/ubuntu noble-updates/main amd64 libsdl2-2.0-0 amd64 2.30.0+dfsg-1ubuntu3.1 [686 kB]
2025-10-31T02:18:37.9136426Z Get:125 http://azure.archive.ubuntu.com/ubuntu noble/universe amd64 timgm6mb-soundfont all 1.3-5 [5427 kB]
2025-10-31T02:18:38.0671440Z Get:126 http://azure.archive.ubuntu.com/ubuntu noble/universe amd64 libfluidsynth3 amd64 2.3.4-1build3 [249 kB]
2025-10-31T02:18:38.1220369Z Get:127 http://azure.archive.ubuntu.com/ubuntu noble/main amd64 libfreeaptx0 amd64 0.1.1-2build1 [13.5 kB]
2025-10-31T02:18:38.1749445Z Get:128 http://azure.archive.ubuntu.com/ubuntu noble/main amd64 libgraphene-1.0-0 amd64 1.10.8-3build2 [46.2 kB]
2025-10-31T02:18:38.2277332Z Get:129 http://azure.archive.ubuntu.com/ubuntu noble/main amd64 libgssdp-1.6-0 amd64 1.6.3-1build3 [40.4 kB]
2025-10-31T02:18:38.2812454Z Get:130 http://azure.archive.ubuntu.com/ubuntu noble/main amd64 libegl1 amd64 1.7.0-1build1 [28.7 kB]
2025-10-31T02:18:38.3347314Z Get:131 http://azure.archive.ubuntu.com/ubuntu noble-updates/main amd64 libgstreamer-gl1.0-0 amd64 1.24.2-1ubuntu0.3 [214 kB]
2025-10-31T02:18:38.3898739Z Get:132 http://azure.archive.ubuntu.com/ubuntu noble-updates/main amd64 libgtk-4-common all 4.14.5+ds-0ubuntu0.5 [1497 kB]
2025-10-31T02:18:38.4824939Z Get:133 http://azure.archive.ubuntu.com/ubuntu noble-updates/main amd64 libgtk-4-1 amd64 4.14.5+ds-0ubuntu0.5 [3293 kB]
2025-10-31T02:18:38.5883716Z Get:134 http://azure.archive.ubuntu.com/ubuntu noble/main amd64 libgupnp-1.6-0 amd64 1.6.6-1build3 [92.7 kB]
2025-10-31T02:18:38.6416912Z Get:135 http://azure.archive.ubuntu.com/ubuntu noble/universe amd64 libgupnp-igd-1.6-0 amd64 1.6.0-3build3 [16.5 kB]
2025-10-31T02:18:38.6953852Z Get:136 http://azure.archive.ubuntu.com/ubuntu noble/main amd64 libharfbuzz-icu0 amd64 8.3.0-2build2 [13.3 kB]
2025-10-31T02:18:38.7563642Z Get:137 http://azure.archive.ubuntu.com/ubuntu noble/main amd64 libhyphen0 amd64 2.8.8-7build3 [26.5 kB]
2025-10-31T02:18:38.8148057Z Get:138 http://azure.archive.ubuntu.com/ubuntu noble/universe amd64 libimath-3-1-29t64 amd64 3.1.9-3.1ubuntu2 [72.2 kB]
2025-10-31T02:18:38.8759657Z Get:139 http://azure.archive.ubuntu.com/ubuntu noble/main amd64 liblc3-1 amd64 1.0.4-3build1 [69.7 kB]
2025-10-31T02:18:38.9292621Z Get:140 http://azure.archive.ubuntu.com/ubuntu noble/main amd64 libldacbt-enc2 amd64 2.0.2.3+git20200429+ed310a0-4ubuntu2 [27.1 kB]
2025-10-31T02:18:39.0333252Z Get:141 http://azure.archive.ubuntu.com/ubuntu noble-updates/main amd64 libraptor2-0 amd64 2.0.16-3ubuntu0.1 [165 kB]
2025-10-31T02:18:39.2795962Z Get:142 http://azure.archive.ubuntu.com/ubuntu noble/universe amd64 liblrdf0 amd64 0.6.1-4build1 [18.5 kB]
2025-10-31T02:18:39.3342126Z Get:143 http://azure.archive.ubuntu.com/ubuntu noble/universe amd64 libltc11 amd64 1.3.2-1build1 [13.0 kB]
2025-10-31T02:18:39.3880285Z Get:144 http://azure.archive.ubuntu.com/ubuntu noble/main amd64 libmanette-0.2-0 amd64 0.2.7-1build2 [30.6 kB]
2025-10-31T02:18:39.4455814Z Get:145 http://azure.archive.ubuntu.com/ubuntu noble/universe amd64 libmfx1 amd64 22.5.4-1 [3124 kB]
2025-10-31T02:18:39.7195287Z Get:146 http://azure.archive.ubuntu.com/ubuntu noble/universe amd64 libmjpegutils-2.1-0t64 amd64 1:2.1.0+debian-8.1build1 [25.5 kB]
2025-10-31T02:18:39.7783331Z Get:147 http://azure.archive.ubuntu.com/ubuntu noble/universe amd64 libmodplug1 amd64 1:0.8.9.0-3build1 [166 kB]
2025-10-31T02:18:39.8331823Z Get:148 http://azure.archive.ubuntu.com/ubuntu noble/universe amd64 libmpcdec6 amd64 2:0.1~r495-2build1 [32.7 kB]
2025-10-31T02:18:39.8864348Z Get:149 http://azure.archive.ubuntu.com/ubuntu noble/universe amd64 libmpeg2encpp-2.1-0t64 amd64 1:2.1.0+debian-8.1build1 [75.6 kB]
2025-10-31T02:18:39.9611620Z Get:150 http://azure.archive.ubuntu.com/ubuntu noble/universe amd64 libmplex2-2.1-0t64 amd64 1:2.1.0+debian-8.1build1 [46.1 kB]
2025-10-31T02:18:40.0143718Z Get:151 http://azure.archive.ubuntu.com/ubuntu noble/universe amd64 libneon27t64 amd64 0.33.0-1.1build3 [102 kB]
2025-10-31T02:18:40.0674782Z Get:152 http://azure.archive.ubuntu.com/ubuntu noble/universe amd64 libnice10 amd64 0.1.21-2build3 [157 kB]
2025-10-31T02:18:40.1209507Z Get:153 http://azure.archive.ubuntu.com/ubuntu noble/universe amd64 libopenal-data all 1:1.23.1-4build1 [161 kB]
2025-10-31T02:18:40.1748068Z Get:154 http://azure.archive.ubuntu.com/ubuntu noble/universe amd64 libopenexr-3-1-30 amd64 3.1.5-5.1build3 [1004 kB]
2025-10-31T02:18:40.2376673Z Get:155 http://azure.archive.ubuntu.com/ubuntu noble/universe amd64 libopenh264-7 amd64 2.4.1+dfsg-1 [409 kB]
2025-10-31T02:18:40.2929569Z Get:156 http://azure.archive.ubuntu.com/ubuntu noble/universe amd64 libopenni2-0 amd64 2.2.0.33+dfsg-18 [370 kB]
2025-10-31T02:18:40.3485605Z Get:157 http://azure.archive.ubuntu.com/ubuntu noble/universe amd64 libqrencode4 amd64 4.1.1-1build2 [25.0 kB]
2025-10-31T02:18:40.4015971Z Get:158 http://azure.archive.ubuntu.com/ubuntu noble/main amd64 libsecret-common all 0.21.4-1build3 [4962 B]
2025-10-31T02:18:40.4540194Z Get:159 http://azure.archive.ubuntu.com/ubuntu noble/main amd64 libsecret-1-0 amd64 0.21.4-1build3 [116 kB]
2025-10-31T02:18:40.5073012Z Get:160 http://azure.archive.ubuntu.com/ubuntu noble/universe amd64 libsndio7.0 amd64 1.9.0-0.3build3 [29.6 kB]
2025-10-31T02:18:40.5602273Z Get:161 http://azure.archive.ubuntu.com/ubuntu noble/universe amd64 libsoundtouch1 amd64 2.3.2+ds1-1build1 [60.5 kB]
2025-10-31T02:18:40.6134886Z Get:162 http://azure.archive.ubuntu.com/ubuntu noble/universe amd64 libspandsp2t64 amd64 0.0.6+dfsg-2.1build1 [311 kB]
2025-10-31T02:18:40.6693394Z Get:163 http://azure.archive.ubuntu.com/ubuntu noble/universe amd64 libsrtp2-1 amd64 2.5.0-3build1 [41.9 kB]
2025-10-31T02:18:40.7223215Z Get:164 http://azure.archive.ubuntu.com/ubuntu noble/universe amd64 libwildmidi2 amd64 0.4.3-1build3 [68.5 kB]
2025-10-31T02:18:40.7754108Z Get:165 http://azure.archive.ubuntu.com/ubuntu noble/main amd64 libwoff1 amd64 1.0.2-2build1 [45.3 kB]
2025-10-31T02:18:40.8285202Z Get:166 http://azure.archive.ubuntu.com/ubuntu noble/main amd64 libxcb-xkb1 amd64 1.15-1ubuntu2 [32.3 kB]
2025-10-31T02:18:40.8815895Z Get:167 http://azure.archive.ubuntu.com/ubuntu noble/main amd64 libxkbcommon-x11-0 amd64 1.6.0-1build1 [14.5 kB]
2025-10-31T02:18:40.9344208Z Get:168 http://azure.archive.ubuntu.com/ubuntu noble/universe amd64 libzbar0t64 amd64 0.23.93-4build3 [123 kB]
2025-10-31T02:18:40.9890347Z Get:169 http://azure.archive.ubuntu.com/ubuntu noble/universe amd64 libzxing3 amd64 2.2.1-3 [583 kB]
2025-10-31T02:18:41.0457352Z Get:170 http://azure.archive.ubuntu.com/ubuntu noble/main amd64 xfonts-encodings all 1:1.0.5-0ubuntu2 [578 kB]
2025-10-31T02:18:41.1053039Z Get:171 http://azure.archive.ubuntu.com/ubuntu noble/main amd64 xfonts-utils amd64 1:7.7+6build3 [94.4 kB]
2025-10-31T02:18:41.1587020Z Get:172 http://azure.archive.ubuntu.com/ubuntu noble/universe amd64 xfonts-cyrillic all 1:1.0.5+nmu1 [384 kB]
2025-10-31T02:18:41.2138951Z Get:173 http://azure.archive.ubuntu.com/ubuntu noble/main amd64 xfonts-scalable all 1:1.0.3-1.3 [304 kB]
2025-10-31T02:18:41.2686020Z Get:174 http://azure.archive.ubuntu.com/ubuntu noble/universe amd64 libgstreamer-plugins-bad1.0-0 amd64 1.24.2-1ubuntu4 [797 kB]
2025-10-31T02:18:41.3331585Z Get:175 http://azure.archive.ubuntu.com/ubuntu noble/universe amd64 libdca0 amd64 0.0.7-2build1 [93.8 kB]
2025-10-31T02:18:41.3866442Z Get:176 http://azure.archive.ubuntu.com/ubuntu noble/universe amd64 libopenal1 amd64 1:1.23.1-4build1 [540 kB]
2025-10-31T02:18:41.4554108Z Get:177 http://azure.archive.ubuntu.com/ubuntu noble/main amd64 libsbc1 amd64 2.0-1build1 [33.9 kB]
2025-10-31T02:18:41.5087944Z Get:178 http://azure.archive.ubuntu.com/ubuntu noble/universe amd64 libvo-aacenc0 amd64 0.1.3-2build1 [67.8 kB]
2025-10-31T02:18:41.5620389Z Get:179 http://azure.archive.ubuntu.com/ubuntu noble/universe amd64 libvo-amrwbenc0 amd64 0.1.3-2build1 [76.7 kB]
2025-10-31T02:18:41.6207411Z Get:180 http://azure.archive.ubuntu.com/ubuntu noble/universe amd64 gstreamer1.0-plugins-bad amd64 1.24.2-1ubuntu4 [3081 kB]
2025-10-31T02:18:42.0858502Z Fetched 114 MB in 12s (9322 kB/s)
2025-10-31T02:18:42.1513282Z Selecting previously unselected package fonts-ipafont-gothic.
2025-10-31T02:18:42.2841612Z (Reading database ... 
2025-10-31T02:18:42.2842005Z (Reading database ... 5%
2025-10-31T02:18:42.2842320Z (Reading database ... 10%
2025-10-31T02:18:42.2842554Z (Reading database ... 15%
2025-10-31T02:18:42.2842790Z (Reading database ... 20%
2025-10-31T02:18:42.2843009Z (Reading database ... 25%
2025-10-31T02:18:42.2843217Z (Reading database ... 30%
2025-10-31T02:18:42.2843463Z (Reading database ... 35%
2025-10-31T02:18:42.2843682Z (Reading database ... 40%
2025-10-31T02:18:42.2844119Z (Reading database ... 45%
2025-10-31T02:18:42.2844342Z (Reading database ... 50%
2025-10-31T02:18:42.3658772Z (Reading database ... 55%
2025-10-31T02:18:42.8920566Z (Reading database ... 60%
2025-10-31T02:18:43.3873774Z (Reading database ... 65%
2025-10-31T02:18:43.8529545Z (Reading database ... 70%
2025-10-31T02:18:44.3406581Z (Reading database ... 75%
2025-10-31T02:18:44.8557902Z (Reading database ... 80%
2025-10-31T02:18:45.4205714Z (Reading database ... 85%
2025-10-31T02:18:46.0121145Z (Reading database ... 90%
2025-10-31T02:18:46.5926167Z (Reading database ... 95%
2025-10-31T02:18:46.5927799Z (Reading database ... 100%
2025-10-31T02:18:46.5928588Z (Reading database ... 214596 files and directories currently installed.)
2025-10-31T02:18:46.5974826Z Preparing to unpack .../000-fonts-ipafont-gothic_00303-21ubuntu1_all.deb ...
2025-10-31T02:18:46.6073322Z Unpacking fonts-ipafont-gothic (00303-21ubuntu1) ...
2025-10-31T02:18:46.8557427Z Selecting previously unselected package fonts-freefont-ttf.
2025-10-31T02:18:46.8695651Z Preparing to unpack .../001-fonts-freefont-ttf_20211204+svn4273-2_all.deb ...
2025-10-31T02:18:46.8708159Z Unpacking fonts-freefont-ttf (20211204+svn4273-2) ...
2025-10-31T02:18:46.9748495Z Selecting previously unselected package fonts-tlwg-loma-otf.
2025-10-31T02:18:46.9886016Z Preparing to unpack .../002-fonts-tlwg-loma-otf_1%3a0.7.3-1_all.deb ...
2025-10-31T02:18:46.9902034Z Unpacking fonts-tlwg-loma-otf (1:0.7.3-1) ...
2025-10-31T02:18:47.0183639Z Selecting previously unselected package fonts-unifont.
2025-10-31T02:18:47.0319664Z Preparing to unpack .../003-fonts-unifont_1%3a15.1.01-1build1_all.deb ...
2025-10-31T02:18:47.0338641Z Unpacking fonts-unifont (1:15.1.01-1build1) ...
2025-10-31T02:18:47.1651173Z Selecting previously unselected package fonts-wqy-zenhei.
2025-10-31T02:18:47.1788282Z Preparing to unpack .../004-fonts-wqy-zenhei_0.9.45-8_all.deb ...
2025-10-31T02:18:47.1958980Z Unpacking fonts-wqy-zenhei (0.9.45-8) ...
2025-10-31T02:18:47.7018232Z Selecting previously unselected package libproxy1v5:amd64.
2025-10-31T02:18:47.7157854Z Preparing to unpack .../005-libproxy1v5_0.5.4-4build1_amd64.deb ...
2025-10-31T02:18:47.7214895Z Unpacking libproxy1v5:amd64 (0.5.4-4build1) ...
2025-10-31T02:18:47.7615774Z Selecting previously unselected package glib-networking-common.
2025-10-31T02:18:47.7756230Z Preparing to unpack .../006-glib-networking-common_2.80.0-1build1_all.deb ...
2025-10-31T02:18:47.7772951Z Unpacking glib-networking-common (2.80.0-1build1) ...
2025-10-31T02:18:47.8048341Z Selecting previously unselected package glib-networking-services.
2025-10-31T02:18:47.8188016Z Preparing to unpack .../007-glib-networking-services_2.80.0-1build1_amd64.deb ...
2025-10-31T02:18:47.8204929Z Unpacking glib-networking-services (2.80.0-1build1) ...
2025-10-31T02:18:47.8461990Z Selecting previously unselected package session-migration.
2025-10-31T02:18:47.8602270Z Preparing to unpack .../008-session-migration_0.3.9build1_amd64.deb ...
2025-10-31T02:18:47.8617785Z Unpacking session-migration (0.3.9build1) ...
2025-10-31T02:18:47.9064565Z Selecting previously unselected package gsettings-desktop-schemas.
2025-10-31T02:18:47.9203298Z Preparing to unpack .../009-gsettings-desktop-schemas_46.1-0ubuntu1_all.deb ...
2025-10-31T02:18:47.9217587Z Unpacking gsettings-desktop-schemas (46.1-0ubuntu1) ...
2025-10-31T02:18:47.9613237Z Selecting previously unselected package glib-networking:amd64.
2025-10-31T02:18:47.9757144Z Preparing to unpack .../010-glib-networking_2.80.0-1build1_amd64.deb ...
2025-10-31T02:18:47.9771563Z Unpacking glib-networking:amd64 (2.80.0-1build1) ...
2025-10-31T02:18:48.0057695Z Selecting previously unselected package libva2:amd64.
2025-10-31T02:18:48.0201248Z Preparing to unpack .../011-libva2_2.20.0-2build1_amd64.deb ...
2025-10-31T02:18:48.0216768Z Unpacking libva2:amd64 (2.20.0-2build1) ...
2025-10-31T02:18:48.0500247Z Selecting previously unselected package libva-drm2:amd64.
2025-10-31T02:18:48.0651636Z Preparing to unpack .../012-libva-drm2_2.20.0-2build1_amd64.deb ...
2025-10-31T02:18:48.0663199Z Unpacking libva-drm2:amd64 (2.20.0-2build1) ...
2025-10-31T02:18:48.0931705Z Selecting previously unselected package libva-x11-2:amd64.
2025-10-31T02:18:48.1072045Z Preparing to unpack .../013-libva-x11-2_2.20.0-2build1_amd64.deb ...
2025-10-31T02:18:48.1112231Z Unpacking libva-x11-2:amd64 (2.20.0-2build1) ...
2025-10-31T02:18:48.1385605Z Selecting previously unselected package libvdpau1:amd64.
2025-10-31T02:18:48.1525459Z Preparing to unpack .../014-libvdpau1_1.5-2build1_amd64.deb ...
2025-10-31T02:18:48.1537131Z Unpacking libvdpau1:amd64 (1.5-2build1) ...
2025-10-31T02:18:48.1798228Z Selecting previously unselected package libvpl2.
2025-10-31T02:18:48.1937724Z Preparing to unpack .../015-libvpl2_2023.3.0-1build1_amd64.deb ...
2025-10-31T02:18:48.1950708Z Unpacking libvpl2 (2023.3.0-1build1) ...
2025-10-31T02:18:48.2276164Z Selecting previously unselected package ocl-icd-libopencl1:amd64.
2025-10-31T02:18:48.2416668Z Preparing to unpack .../016-ocl-icd-libopencl1_2.3.2-1build1_amd64.deb ...
2025-10-31T02:18:48.2427195Z Unpacking ocl-icd-libopencl1:amd64 (2.3.2-1build1) ...
2025-10-31T02:18:48.2934000Z Selecting previously unselected package libavutil58:amd64.
2025-10-31T02:18:48.3076159Z Preparing to unpack .../017-libavutil58_7%3a6.1.1-3ubuntu5_amd64.deb ...
2025-10-31T02:18:48.3090367Z Unpacking libavutil58:amd64 (7:6.1.1-3ubuntu5) ...
2025-10-31T02:18:48.3464568Z Selecting previously unselected package libcodec2-1.2:amd64.
2025-10-31T02:18:48.3599673Z Preparing to unpack .../018-libcodec2-1.2_1.2.0-2build1_amd64.deb ...
2025-10-31T02:18:48.3613222Z Unpacking libcodec2-1.2:amd64 (1.2.0-2build1) ...
2025-10-31T02:18:48.4503163Z Selecting previously unselected package libdav1d7:amd64.
2025-10-31T02:18:48.4636925Z Preparing to unpack .../019-libdav1d7_1.4.1-1build1_amd64.deb ...
2025-10-31T02:18:48.4649209Z Unpacking libdav1d7:amd64 (1.4.1-1build1) ...
2025-10-31T02:18:48.4979248Z Selecting previously unselected package libgsm1:amd64.
2025-10-31T02:18:48.5114247Z Preparing to unpack .../020-libgsm1_1.0.22-1build1_amd64.deb ...
2025-10-31T02:18:48.5126182Z Unpacking libgsm1:amd64 (1.0.22-1build1) ...
2025-10-31T02:18:48.5378618Z Selecting previously unselected package libhwy1t64:amd64.
2025-10-31T02:18:48.5512700Z Preparing to unpack .../021-libhwy1t64_1.0.7-8.1build1_amd64.deb ...
2025-10-31T02:18:48.5528252Z Unpacking libhwy1t64:amd64 (1.0.7-8.1build1) ...
2025-10-31T02:18:48.5915540Z Selecting previously unselected package libjxl0.7:amd64.
2025-10-31T02:18:48.6051342Z Preparing to unpack .../022-libjxl0.7_0.7.0-10.2ubuntu6.1_amd64.deb ...
2025-10-31T02:18:48.6062883Z Unpacking libjxl0.7:amd64 (0.7.0-10.2ubuntu6.1) ...
2025-10-31T02:18:48.6487572Z Selecting previously unselected package libmp3lame0:amd64.
2025-10-31T02:18:48.6624866Z Preparing to unpack .../023-libmp3lame0_3.100-6build1_amd64.deb ...
2025-10-31T02:18:48.6639052Z Unpacking libmp3lame0:amd64 (3.100-6build1) ...
2025-10-31T02:18:48.6933167Z Selecting previously unselected package libopus0:amd64.
2025-10-31T02:18:48.7068553Z Preparing to unpack .../024-libopus0_1.4-1build1_amd64.deb ...
2025-10-31T02:18:48.7082766Z Unpacking libopus0:amd64 (1.4-1build1) ...
2025-10-31T02:18:48.7355524Z Selecting previously unselected package librav1e0:amd64.
2025-10-31T02:18:48.7491691Z Preparing to unpack .../025-librav1e0_0.7.1-2_amd64.deb ...
2025-10-31T02:18:48.7506992Z Unpacking librav1e0:amd64 (0.7.1-2) ...
2025-10-31T02:18:48.7916925Z Selecting previously unselected package librsvg2-2:amd64.
2025-10-31T02:18:48.8052618Z Preparing to unpack .../026-librsvg2-2_2.58.0+dfsg-1build1_amd64.deb ...
2025-10-31T02:18:48.8066271Z Unpacking librsvg2-2:amd64 (2.58.0+dfsg-1build1) ...
2025-10-31T02:18:48.8636774Z Selecting previously unselected package libshine3:amd64.
2025-10-31T02:18:48.8771222Z Preparing to unpack .../027-libshine3_3.1.1-2build1_amd64.deb ...
2025-10-31T02:18:48.8786250Z Unpacking libshine3:amd64 (3.1.1-2build1) ...
2025-10-31T02:18:48.9087176Z Selecting previously unselected package libspeex1:amd64.
2025-10-31T02:18:48.9222988Z Preparing to unpack .../028-libspeex1_1.2.1-2ubuntu2.24.04.1_amd64.deb ...
2025-10-31T02:18:48.9233904Z Unpacking libspeex1:amd64 (1.2.1-2ubuntu2.24.04.1) ...
2025-10-31T02:18:48.9484108Z Selecting previously unselected package libsvtav1enc1d1:amd64.
2025-10-31T02:18:48.9619601Z Preparing to unpack .../029-libsvtav1enc1d1_1.7.0+dfsg-2build1_amd64.deb ...
2025-10-31T02:18:48.9641097Z Unpacking libsvtav1enc1d1:amd64 (1.7.0+dfsg-2build1) ...
2025-10-31T02:18:49.0343708Z Selecting previously unselected package libsoxr0:amd64.
2025-10-31T02:18:49.0476417Z Preparing to unpack .../030-libsoxr0_0.1.3-4build3_amd64.deb ...
2025-10-31T02:18:49.0491577Z Unpacking libsoxr0:amd64 (0.1.3-4build3) ...
2025-10-31T02:18:49.0748647Z Selecting previously unselected package libswresample4:amd64.
2025-10-31T02:18:49.0881822Z Preparing to unpack .../031-libswresample4_7%3a6.1.1-3ubuntu5_amd64.deb ...
2025-10-31T02:18:49.0891623Z Unpacking libswresample4:amd64 (7:6.1.1-3ubuntu5) ...
2025-10-31T02:18:49.1153029Z Selecting previously unselected package libtheora0:amd64.
2025-10-31T02:18:49.1290709Z Preparing to unpack .../032-libtheora0_1.1.1+dfsg.1-16.1build3_amd64.deb ...
2025-10-31T02:18:49.1303527Z Unpacking libtheora0:amd64 (1.1.1+dfsg.1-16.1build3) ...
2025-10-31T02:18:49.1612175Z Selecting previously unselected package libtwolame0:amd64.
2025-10-31T02:18:49.1746615Z Preparing to unpack .../033-libtwolame0_0.4.0-2build3_amd64.deb ...
2025-10-31T02:18:49.1761670Z Unpacking libtwolame0:amd64 (0.4.0-2build3) ...
2025-10-31T02:18:49.2014279Z Selecting previously unselected package libvorbisenc2:amd64.
2025-10-31T02:18:49.2146868Z Preparing to unpack .../034-libvorbisenc2_1.3.7-1build3_amd64.deb ...
2025-10-31T02:18:49.2158544Z Unpacking libvorbisenc2:amd64 (1.3.7-1build3) ...
2025-10-31T02:18:49.2473303Z Selecting previously unselected package libvpx9:amd64.
2025-10-31T02:18:49.2605831Z Preparing to unpack .../035-libvpx9_1.14.0-1ubuntu2.2_amd64.deb ...
2025-10-31T02:18:49.2617447Z Unpacking libvpx9:amd64 (1.14.0-1ubuntu2.2) ...
2025-10-31T02:18:49.3010645Z Selecting previously unselected package libx264-164:amd64.
2025-10-31T02:18:49.3144826Z Preparing to unpack .../036-libx264-164_2%3a0.164.3108+git31e19f9-1_amd64.deb ...
2025-10-31T02:18:49.3154041Z Unpacking libx264-164:amd64 (2:0.164.3108+git31e19f9-1) ...
2025-10-31T02:18:49.3491941Z Selecting previously unselected package libx265-199:amd64.
2025-10-31T02:18:49.3623830Z Preparing to unpack .../037-libx265-199_3.5-2build1_amd64.deb ...
2025-10-31T02:18:49.3637873Z Unpacking libx265-199:amd64 (3.5-2build1) ...
2025-10-31T02:18:49.4431413Z Selecting previously unselected package libxvidcore4:amd64.
2025-10-31T02:18:49.4563495Z Preparing to unpack .../038-libxvidcore4_2%3a1.3.7-1build1_amd64.deb ...
2025-10-31T02:18:49.4579301Z Unpacking libxvidcore4:amd64 (2:1.3.7-1build1) ...
2025-10-31T02:18:49.4827535Z Selecting previously unselected package libzvbi-common.
2025-10-31T02:18:49.4961610Z Preparing to unpack .../039-libzvbi-common_0.2.42-2_all.deb ...
2025-10-31T02:18:49.4976385Z Unpacking libzvbi-common (0.2.42-2) ...
2025-10-31T02:18:49.5755542Z Selecting previously unselected package libzvbi0t64:amd64.
2025-10-31T02:18:49.5891016Z Preparing to unpack .../040-libzvbi0t64_0.2.42-2_amd64.deb ...
2025-10-31T02:18:49.5910589Z Unpacking libzvbi0t64:amd64 (0.2.42-2) ...
2025-10-31T02:18:49.6209213Z Selecting previously unselected package libavcodec60:amd64.
2025-10-31T02:18:49.6343668Z Preparing to unpack .../041-libavcodec60_7%3a6.1.1-3ubuntu5_amd64.deb ...
2025-10-31T02:18:49.6356387Z Unpacking libavcodec60:amd64 (7:6.1.1-3ubuntu5) ...
2025-10-31T02:18:49.7312516Z Selecting previously unselected package libunibreak5:amd64.
2025-10-31T02:18:49.7448279Z Preparing to unpack .../042-libunibreak5_5.1-2build1_amd64.deb ...
2025-10-31T02:18:49.7458801Z Unpacking libunibreak5:amd64 (5.1-2build1) ...
2025-10-31T02:18:49.7708256Z Selecting previously unselected package libass9:amd64.
2025-10-31T02:18:49.7842689Z Preparing to unpack .../043-libass9_1%3a0.17.1-2build1_amd64.deb ...
2025-10-31T02:18:49.7854047Z Unpacking libass9:amd64 (1:0.17.1-2build1) ...
2025-10-31T02:18:49.8174076Z Selecting previously unselected package libudfread0:amd64.
2025-10-31T02:18:49.8309043Z Preparing to unpack .../044-libudfread0_1.1.2-1build1_amd64.deb ...
2025-10-31T02:18:49.8319414Z Unpacking libudfread0:amd64 (1.1.2-1build1) ...
2025-10-31T02:18:49.8568443Z Selecting previously unselected package libbluray2:amd64.
2025-10-31T02:18:49.8704411Z Preparing to unpack .../045-libbluray2_1%3a1.3.4-1build1_amd64.deb ...
2025-10-31T02:18:49.8716201Z Unpacking libbluray2:amd64 (1:1.3.4-1build1) ...
2025-10-31T02:18:49.9007581Z Selecting previously unselected package libchromaprint1:amd64.
2025-10-31T02:18:49.9143429Z Preparing to unpack .../046-libchromaprint1_1.5.1-5_amd64.deb ...
2025-10-31T02:18:49.9157120Z Unpacking libchromaprint1:amd64 (1.5.1-5) ...
2025-10-31T02:18:49.9416968Z Selecting previously unselected package libgme0:amd64.
2025-10-31T02:18:49.9553701Z Preparing to unpack .../047-libgme0_0.6.3-7build1_amd64.deb ...
2025-10-31T02:18:49.9564953Z Unpacking libgme0:amd64 (0.6.3-7build1) ...
2025-10-31T02:18:49.9842520Z Selecting previously unselected package libmpg123-0t64:amd64.
2025-10-31T02:18:49.9977398Z Preparing to unpack .../048-libmpg123-0t64_1.32.5-1ubuntu1.1_amd64.deb ...
2025-10-31T02:18:49.9987348Z Unpacking libmpg123-0t64:amd64 (1.32.5-1ubuntu1.1) ...
2025-10-31T02:18:50.0258272Z Selecting previously unselected package libopenmpt0t64:amd64.
2025-10-31T02:18:50.0392351Z Preparing to unpack .../049-libopenmpt0t64_0.7.3-1.1build3_amd64.deb ...
2025-10-31T02:18:50.0406724Z Unpacking libopenmpt0t64:amd64 (0.7.3-1.1build3) ...
2025-10-31T02:18:50.0729802Z Selecting previously unselected package libcjson1:amd64.
2025-10-31T02:18:50.0865453Z Preparing to unpack .../050-libcjson1_1.7.17-1_amd64.deb ...
2025-10-31T02:18:50.0878772Z Unpacking libcjson1:amd64 (1.7.17-1) ...
2025-10-31T02:18:50.1146501Z Selecting previously unselected package libmbedcrypto7t64:amd64.
2025-10-31T02:18:50.1281840Z Preparing to unpack .../051-libmbedcrypto7t64_2.28.8-1_amd64.deb ...
2025-10-31T02:18:50.1395581Z Unpacking libmbedcrypto7t64:amd64 (2.28.8-1) ...
2025-10-31T02:18:50.1692549Z Selecting previously unselected package librist4:amd64.
2025-10-31T02:18:50.1825412Z Preparing to unpack .../052-librist4_0.2.10+dfsg-2_amd64.deb ...
2025-10-31T02:18:50.1836773Z Unpacking librist4:amd64 (0.2.10+dfsg-2) ...
2025-10-31T02:18:50.2094555Z Selecting previously unselected package libsrt1.5-gnutls:amd64.
2025-10-31T02:18:50.2232906Z Preparing to unpack .../053-libsrt1.5-gnutls_1.5.3-1build2_amd64.deb ...
2025-10-31T02:18:50.2248147Z Unpacking libsrt1.5-gnutls:amd64 (1.5.3-1build2) ...
2025-10-31T02:18:50.2567649Z Selecting previously unselected package libssh-gcrypt-4:amd64.
2025-10-31T02:18:50.2706092Z Preparing to unpack .../054-libssh-gcrypt-4_0.10.6-2ubuntu0.1_amd64.deb ...
2025-10-31T02:18:50.2717016Z Unpacking libssh-gcrypt-4:amd64 (0.10.6-2ubuntu0.1) ...
2025-10-31T02:18:50.3023585Z Selecting previously unselected package libavformat60:amd64.
2025-10-31T02:18:50.3171637Z Preparing to unpack .../055-libavformat60_7%3a6.1.1-3ubuntu5_amd64.deb ...
2025-10-31T02:18:50.3182457Z Unpacking libavformat60:amd64 (7:6.1.1-3ubuntu5) ...
2025-10-31T02:18:50.3578782Z Selecting previously unselected package libbs2b0:amd64.
2025-10-31T02:18:50.3713390Z Preparing to unpack .../056-libbs2b0_3.1.0+dfsg-7build1_amd64.deb ...
2025-10-31T02:18:50.3725015Z Unpacking libbs2b0:amd64 (3.1.0+dfsg-7build1) ...
2025-10-31T02:18:50.4017247Z Selecting previously unselected package libflite1:amd64.
2025-10-31T02:18:50.4154000Z Preparing to unpack .../057-libflite1_2.2-6build3_amd64.deb ...
2025-10-31T02:18:50.4166568Z Unpacking libflite1:amd64 (2.2-6build3) ...
2025-10-31T02:18:50.5488257Z Selecting previously unselected package libserd-0-0:amd64.
2025-10-31T02:18:50.5628399Z Preparing to unpack .../058-libserd-0-0_0.32.2-1_amd64.deb ...
2025-10-31T02:18:50.5641471Z Unpacking libserd-0-0:amd64 (0.32.2-1) ...
2025-10-31T02:18:50.5902091Z Selecting previously unselected package libzix-0-0:amd64.
2025-10-31T02:18:50.6038577Z Preparing to unpack .../059-libzix-0-0_0.4.2-2build1_amd64.deb ...
2025-10-31T02:18:50.6049247Z Unpacking libzix-0-0:amd64 (0.4.2-2build1) ...
2025-10-31T02:18:50.6306330Z Selecting previously unselected package libsord-0-0:amd64.
2025-10-31T02:18:50.6441041Z Preparing to unpack .../060-libsord-0-0_0.16.16-2build1_amd64.deb ...
2025-10-31T02:18:50.6452800Z Unpacking libsord-0-0:amd64 (0.16.16-2build1) ...
2025-10-31T02:18:50.6704161Z Selecting previously unselected package libsratom-0-0:amd64.
2025-10-31T02:18:50.6841876Z Preparing to unpack .../061-libsratom-0-0_0.6.16-1build1_amd64.deb ...
2025-10-31T02:18:50.6858917Z Unpacking libsratom-0-0:amd64 (0.6.16-1build1) ...
2025-10-31T02:18:50.7149116Z Selecting previously unselected package liblilv-0-0:amd64.
2025-10-31T02:18:50.7284466Z Preparing to unpack .../062-liblilv-0-0_0.24.22-1build1_amd64.deb ...
2025-10-31T02:18:50.7296540Z Unpacking liblilv-0-0:amd64 (0.24.22-1build1) ...
2025-10-31T02:18:50.7567018Z Selecting previously unselected package libmysofa1:amd64.
2025-10-31T02:18:50.7701950Z Preparing to unpack .../063-libmysofa1_1.3.2+dfsg-2ubuntu2_amd64.deb ...
2025-10-31T02:18:50.7715687Z Unpacking libmysofa1:amd64 (1.3.2+dfsg-2ubuntu2) ...
2025-10-31T02:18:50.8113618Z Selecting previously unselected package libplacebo338:amd64.
2025-10-31T02:18:50.8251483Z Preparing to unpack .../064-libplacebo338_6.338.2-2build1_amd64.deb ...
2025-10-31T02:18:50.8264613Z Unpacking libplacebo338:amd64 (6.338.2-2build1) ...
2025-10-31T02:18:50.8912643Z Selecting previously unselected package libblas3:amd64.
2025-10-31T02:18:50.9048459Z Preparing to unpack .../065-libblas3_3.12.0-3build1.1_amd64.deb ...
2025-10-31T02:18:50.9084173Z Unpacking libblas3:amd64 (3.12.0-3build1.1) ...
2025-10-31T02:18:50.9394675Z Selecting previously unselected package liblapack3:amd64.
2025-10-31T02:18:50.9531057Z Preparing to unpack .../066-liblapack3_3.12.0-3build1.1_amd64.deb ...
2025-10-31T02:18:50.9576846Z Unpacking liblapack3:amd64 (3.12.0-3build1.1) ...
2025-10-31T02:18:51.0146588Z Selecting previously unselected package libasyncns0:amd64.
2025-10-31T02:18:51.0283134Z Preparing to unpack .../067-libasyncns0_0.8-6build4_amd64.deb ...
2025-10-31T02:18:51.0299139Z Unpacking libasyncns0:amd64 (0.8-6build4) ...
2025-10-31T02:18:51.0544190Z Selecting previously unselected package libflac12t64:amd64.
2025-10-31T02:18:51.0682740Z Preparing to unpack .../068-libflac12t64_1.4.3+ds-2.1ubuntu2_amd64.deb ...
2025-10-31T02:18:51.0692161Z Unpacking libflac12t64:amd64 (1.4.3+ds-2.1ubuntu2) ...
2025-10-31T02:18:51.0958905Z Selecting previously unselected package libsndfile1:amd64.
2025-10-31T02:18:51.1095894Z Preparing to unpack .../069-libsndfile1_1.2.2-1ubuntu5.24.04.1_amd64.deb ...
2025-10-31T02:18:51.1105814Z Unpacking libsndfile1:amd64 (1.2.2-1ubuntu5.24.04.1) ...
2025-10-31T02:18:51.1433905Z Selecting previously unselected package libpulse0:amd64.
2025-10-31T02:18:51.1571318Z Preparing to unpack .../070-libpulse0_1%3a16.1+dfsg1-2ubuntu10.1_amd64.deb ...
2025-10-31T02:18:51.1642966Z Unpacking libpulse0:amd64 (1:16.1+dfsg1-2ubuntu10.1) ...
2025-10-31T02:18:51.1931549Z Selecting previously unselected package libsphinxbase3t64:amd64.
2025-10-31T02:18:51.2069008Z Preparing to unpack .../071-libsphinxbase3t64_0.8+5prealpha+1-17build2_amd64.deb ...
2025-10-31T02:18:51.2079537Z Unpacking libsphinxbase3t64:amd64 (0.8+5prealpha+1-17build2) ...
2025-10-31T02:18:51.2332778Z Selecting previously unselected package libpocketsphinx3:amd64.
2025-10-31T02:18:51.2473500Z Preparing to unpack .../072-libpocketsphinx3_0.8.0+real5prealpha+1-15ubuntu5_amd64.deb ...
2025-10-31T02:18:51.2482770Z Unpacking libpocketsphinx3:amd64 (0.8.0+real5prealpha+1-15ubuntu5) ...
2025-10-31T02:18:51.2754537Z Selecting previously unselected package libpostproc57:amd64.
2025-10-31T02:18:51.2892838Z Preparing to unpack .../073-libpostproc57_7%3a6.1.1-3ubuntu5_amd64.deb ...
2025-10-31T02:18:51.2906699Z Unpacking libpostproc57:amd64 (7:6.1.1-3ubuntu5) ...
2025-10-31T02:18:51.3189778Z Selecting previously unselected package libsamplerate0:amd64.
2025-10-31T02:18:51.3332090Z Preparing to unpack .../074-libsamplerate0_0.2.2-4build1_amd64.deb ...
2025-10-31T02:18:51.3344101Z Unpacking libsamplerate0:amd64 (0.2.2-4build1) ...
2025-10-31T02:18:51.3673020Z Selecting previously unselected package librubberband2:amd64.
2025-10-31T02:18:51.3810882Z Preparing to unpack .../075-librubberband2_3.3.0+dfsg-2build1_amd64.deb ...
2025-10-31T02:18:51.3823592Z Unpacking librubberband2:amd64 (3.3.0+dfsg-2build1) ...
2025-10-31T02:18:51.4093347Z Selecting previously unselected package libswscale7:amd64.
2025-10-31T02:18:51.4230821Z Preparing to unpack .../076-libswscale7_7%3a6.1.1-3ubuntu5_amd64.deb ...
2025-10-31T02:18:51.4242696Z Unpacking libswscale7:amd64 (7:6.1.1-3ubuntu5) ...
2025-10-31T02:18:51.4515415Z Selecting previously unselected package libvidstab1.1:amd64.
2025-10-31T02:18:51.4654767Z Preparing to unpack .../077-libvidstab1.1_1.1.0-2build1_amd64.deb ...
2025-10-31T02:18:51.4663435Z Unpacking libvidstab1.1:amd64 (1.1.0-2build1) ...
2025-10-31T02:18:51.4925773Z Selecting previously unselected package libzimg2:amd64.
2025-10-31T02:18:51.5060971Z Preparing to unpack .../078-libzimg2_3.0.5+ds1-1build1_amd64.deb ...
2025-10-31T02:18:51.5074784Z Unpacking libzimg2:amd64 (3.0.5+ds1-1build1) ...
2025-10-31T02:18:51.5353060Z Selecting previously unselected package libavfilter9:amd64.
2025-10-31T02:18:51.5488227Z Preparing to unpack .../079-libavfilter9_7%3a6.1.1-3ubuntu5_amd64.deb ...
2025-10-31T02:18:51.5501205Z Unpacking libavfilter9:amd64 (7:6.1.1-3ubuntu5) ...
2025-10-31T02:18:51.6316248Z Selecting previously unselected package liborc-0.4-0t64:amd64.
2025-10-31T02:18:51.6452976Z Preparing to unpack .../080-liborc-0.4-0t64_1%3a0.4.38-1ubuntu0.1_amd64.deb ...
2025-10-31T02:18:51.6463597Z Unpacking liborc-0.4-0t64:amd64 (1:0.4.38-1ubuntu0.1) ...
2025-10-31T02:18:51.6745189Z Selecting previously unselected package libgstreamer-plugins-base1.0-0:amd64.
2025-10-31T02:18:51.6881993Z Preparing to unpack .../081-libgstreamer-plugins-base1.0-0_1.24.2-1ubuntu0.3_amd64.deb ...
2025-10-31T02:18:51.6893151Z Unpacking libgstreamer-plugins-base1.0-0:amd64 (1.24.2-1ubuntu0.3) ...
2025-10-31T02:18:51.7449737Z Selecting previously unselected package gstreamer1.0-libav:amd64.
2025-10-31T02:18:51.7587315Z Preparing to unpack .../082-gstreamer1.0-libav_1.24.1-1build1_amd64.deb ...
2025-10-31T02:18:51.7596378Z Unpacking gstreamer1.0-libav:amd64 (1.24.1-1build1) ...
2025-10-31T02:18:51.7854292Z Selecting previously unselected package libcdparanoia0:amd64.
2025-10-31T02:18:51.7993205Z Preparing to unpack .../083-libcdparanoia0_3.10.2+debian-14build3_amd64.deb ...
2025-10-31T02:18:51.8001896Z Unpacking libcdparanoia0:amd64 (3.10.2+debian-14build3) ...
2025-10-31T02:18:51.8265753Z Selecting previously unselected package libvisual-0.4-0:amd64.
2025-10-31T02:18:51.8404422Z Preparing to unpack .../084-libvisual-0.4-0_0.4.2-2build1_amd64.deb ...
2025-10-31T02:18:51.8414185Z Unpacking libvisual-0.4-0:amd64 (0.4.2-2build1) ...
2025-10-31T02:18:51.8682456Z Selecting previously unselected package gstreamer1.0-plugins-base:amd64.
2025-10-31T02:18:51.8817941Z Preparing to unpack .../085-gstreamer1.0-plugins-base_1.24.2-1ubuntu0.3_amd64.deb ...
2025-10-31T02:18:51.8832919Z Unpacking gstreamer1.0-plugins-base:amd64 (1.24.2-1ubuntu0.3) ...
2025-10-31T02:18:51.9221840Z Selecting previously unselected package libaa1:amd64.
2025-10-31T02:18:51.9360293Z Preparing to unpack .../086-libaa1_1.4p5-51.1_amd64.deb ...
2025-10-31T02:18:51.9377396Z Unpacking libaa1:amd64 (1.4p5-51.1) ...
2025-10-31T02:18:51.9634571Z Selecting previously unselected package libraw1394-11:amd64.
2025-10-31T02:18:51.9770477Z Preparing to unpack .../087-libraw1394-11_2.1.2-2build3_amd64.deb ...
2025-10-31T02:18:51.9779531Z Unpacking libraw1394-11:amd64 (2.1.2-2build3) ...
2025-10-31T02:18:52.0024832Z Selecting previously unselected package libavc1394-0:amd64.
2025-10-31T02:18:52.0164774Z Preparing to unpack .../088-libavc1394-0_0.5.4-5build3_amd64.deb ...
2025-10-31T02:18:52.0175282Z Unpacking libavc1394-0:amd64 (0.5.4-5build3) ...
2025-10-31T02:18:52.0406375Z Selecting previously unselected package libcaca0:amd64.
2025-10-31T02:18:52.0545260Z Preparing to unpack .../089-libcaca0_0.99.beta20-4build2_amd64.deb ...
2025-10-31T02:18:52.0555580Z Unpacking libcaca0:amd64 (0.99.beta20-4build2) ...
2025-10-31T02:18:52.0849783Z Selecting previously unselected package libdv4t64:amd64.
2025-10-31T02:18:52.0987979Z Preparing to unpack .../090-libdv4t64_1.0.0-17.1build1_amd64.deb ...
2025-10-31T02:18:52.0995834Z Unpacking libdv4t64:amd64 (1.0.0-17.1build1) ...
2025-10-31T02:18:52.1253346Z Selecting previously unselected package libgstreamer-plugins-good1.0-0:amd64.
2025-10-31T02:18:52.1388449Z Preparing to unpack .../091-libgstreamer-plugins-good1.0-0_1.24.2-1ubuntu1.2_amd64.deb ...
2025-10-31T02:18:52.1399414Z Unpacking libgstreamer-plugins-good1.0-0:amd64 (1.24.2-1ubuntu1.2) ...
2025-10-31T02:18:52.1670165Z Selecting previously unselected package libiec61883-0:amd64.
2025-10-31T02:18:52.1806054Z Preparing to unpack .../092-libiec61883-0_1.2.0-6build1_amd64.deb ...
2025-10-31T02:18:52.1816981Z Unpacking libiec61883-0:amd64 (1.2.0-6build1) ...
2025-10-31T02:18:52.2063936Z Selecting previously unselected package libshout3:amd64.
2025-10-31T02:18:52.2198440Z Preparing to unpack .../093-libshout3_2.4.6-1build2_amd64.deb ...
2025-10-31T02:18:52.2209575Z Unpacking libshout3:amd64 (2.4.6-1build2) ...
2025-10-31T02:18:52.2466483Z Selecting previously unselected package libtag1v5-vanilla:amd64.
2025-10-31T02:18:52.2601875Z Preparing to unpack .../094-libtag1v5-vanilla_1.13.1-1build1_amd64.deb ...
2025-10-31T02:18:52.2614843Z Unpacking libtag1v5-vanilla:amd64 (1.13.1-1build1) ...
2025-10-31T02:18:52.2980033Z Selecting previously unselected package libtag1v5:amd64.
2025-10-31T02:18:52.3119180Z Preparing to unpack .../095-libtag1v5_1.13.1-1build1_amd64.deb ...
2025-10-31T02:18:52.3127922Z Unpacking libtag1v5:amd64 (1.13.1-1build1) ...
2025-10-31T02:18:52.3374416Z Selecting previously unselected package libv4lconvert0t64:amd64.
2025-10-31T02:18:52.3558715Z Preparing to unpack .../096-libv4lconvert0t64_1.26.1-4build3_amd64.deb ...
2025-10-31T02:18:52.3594684Z Unpacking libv4lconvert0t64:amd64 (1.26.1-4build3) ...
2025-10-31T02:18:52.4232031Z Selecting previously unselected package libv4l-0t64:amd64.
2025-10-31T02:18:52.4371309Z Preparing to unpack .../097-libv4l-0t64_1.26.1-4build3_amd64.deb ...
2025-10-31T02:18:52.4411220Z Unpacking libv4l-0t64:amd64 (1.26.1-4build3) ...
2025-10-31T02:18:52.8083083Z Selecting previously unselected package libwavpack1:amd64.
2025-10-31T02:18:52.8214095Z Preparing to unpack .../098-libwavpack1_5.6.0-1build1_amd64.deb ...
2025-10-31T02:18:52.8232734Z Unpacking libwavpack1:amd64 (5.6.0-1build1) ...
2025-10-31T02:18:52.8513378Z Selecting previously unselected package libsoup-3.0-common.
2025-10-31T02:18:52.8648460Z Preparing to unpack .../099-libsoup-3.0-common_3.4.4-5ubuntu0.5_all.deb ...
2025-10-31T02:18:52.8661962Z Unpacking libsoup-3.0-common (3.4.4-5ubuntu0.5) ...
2025-10-31T02:18:52.8925535Z Selecting previously unselected package libsoup-3.0-0:amd64.
2025-10-31T02:18:52.9059755Z Preparing to unpack .../100-libsoup-3.0-0_3.4.4-5ubuntu0.5_amd64.deb ...
2025-10-31T02:18:52.9073321Z Unpacking libsoup-3.0-0:amd64 (3.4.4-5ubuntu0.5) ...
2025-10-31T02:18:52.9342060Z Selecting previously unselected package gstreamer1.0-plugins-good:amd64.
2025-10-31T02:18:52.9479449Z Preparing to unpack .../101-gstreamer1.0-plugins-good_1.24.2-1ubuntu1.2_amd64.deb ...
2025-10-31T02:18:52.9505961Z Unpacking gstreamer1.0-plugins-good:amd64 (1.24.2-1ubuntu1.2) ...
2025-10-31T02:18:53.0169684Z Selecting previously unselected package libabsl20220623t64:amd64.
2025-10-31T02:18:53.0307808Z Preparing to unpack .../102-libabsl20220623t64_20220623.1-3.1ubuntu3.2_amd64.deb ...
2025-10-31T02:18:53.0320735Z Unpacking libabsl20220623t64:amd64 (20220623.1-3.1ubuntu3.2) ...
2025-10-31T02:18:53.0825487Z Selecting previously unselected package libgav1-1:amd64.
2025-10-31T02:18:53.0961519Z Preparing to unpack .../103-libgav1-1_0.18.0-1build3_amd64.deb ...
2025-10-31T02:18:53.0972456Z Unpacking libgav1-1:amd64 (0.18.0-1build3) ...
2025-10-31T02:18:53.1259751Z Selecting previously unselected package libyuv0:amd64.
2025-10-31T02:18:53.1397804Z Preparing to unpack .../104-libyuv0_0.0~git202401110.af6ac82-1_amd64.deb ...
2025-10-31T02:18:53.1407626Z Unpacking libyuv0:amd64 (0.0~git202401110.af6ac82-1) ...
2025-10-31T02:18:53.1691470Z Selecting previously unselected package libavif16:amd64.
2025-10-31T02:18:53.1828383Z Preparing to unpack .../105-libavif16_1.0.4-1ubuntu3_amd64.deb ...
2025-10-31T02:18:53.1843893Z Unpacking libavif16:amd64 (1.0.4-1ubuntu3) ...
2025-10-31T02:18:53.2112902Z Selecting previously unselected package libavtp0:amd64.
2025-10-31T02:18:53.2253254Z Preparing to unpack .../106-libavtp0_0.2.0-1build1_amd64.deb ...
2025-10-31T02:18:53.2273088Z Unpacking libavtp0:amd64 (0.2.0-1build1) ...
2025-10-31T02:18:53.2541550Z Selecting previously unselected package libcairo-script-interpreter2:amd64.
2025-10-31T02:18:53.2678491Z Preparing to unpack .../107-libcairo-script-interpreter2_1.18.0-3build1_amd64.deb ...
2025-10-31T02:18:53.2688890Z Unpacking libcairo-script-interpreter2:amd64 (1.18.0-3build1) ...
2025-10-31T02:18:53.2947371Z Selecting previously unselected package libdc1394-25:amd64.
2025-10-31T02:18:53.3087281Z Preparing to unpack .../108-libdc1394-25_2.2.6-4build1_amd64.deb ...
2025-10-31T02:18:53.3104598Z Unpacking libdc1394-25:amd64 (2.2.6-4build1) ...
2025-10-31T02:18:53.3357811Z Selecting previously unselected package libdecor-0-0:amd64.
2025-10-31T02:18:53.3494677Z Preparing to unpack .../109-libdecor-0-0_0.2.2-1build2_amd64.deb ...
2025-10-31T02:18:53.3505653Z Unpacking libdecor-0-0:amd64 (0.2.2-1build2) ...
2025-10-31T02:18:53.3759656Z Selecting previously unselected package libgles2:amd64.
2025-10-31T02:18:53.3894574Z Preparing to unpack .../110-libgles2_1.7.0-1build1_amd64.deb ...
2025-10-31T02:18:53.3908577Z Unpacking libgles2:amd64 (1.7.0-1build1) ...
2025-10-31T02:18:53.4176054Z Selecting previously unselected package libdirectfb-1.7-7t64:amd64.
2025-10-31T02:18:53.4310816Z Preparing to unpack .../111-libdirectfb-1.7-7t64_1.7.7-11.1ubuntu2_amd64.deb ...
2025-10-31T02:18:53.4322276Z Unpacking libdirectfb-1.7-7t64:amd64 (1.7.7-11.1ubuntu2) ...
2025-10-31T02:18:53.4790138Z Selecting previously unselected package libdvdread8t64:amd64.
2025-10-31T02:18:53.4923900Z Preparing to unpack .../112-libdvdread8t64_6.1.3-1.1build1_amd64.deb ...
2025-10-31T02:18:53.4933923Z Unpacking libdvdread8t64:amd64 (6.1.3-1.1build1) ...
2025-10-31T02:18:53.5191504Z Selecting previously unselected package libdvdnav4:amd64.
2025-10-31T02:18:53.5326223Z Preparing to unpack .../113-libdvdnav4_6.1.1-3build1_amd64.deb ...
2025-10-31T02:18:53.5338595Z Unpacking libdvdnav4:amd64 (6.1.1-3build1) ...
2025-10-31T02:18:53.5596761Z Selecting previously unselected package libegl-mesa0:amd64.
2025-10-31T02:18:53.5733040Z Preparing to unpack .../114-libegl-mesa0_25.0.7-0ubuntu0.24.04.2_amd64.deb ...
2025-10-31T02:18:53.5742925Z Unpacking libegl-mesa0:amd64 (25.0.7-0ubuntu0.24.04.2) ...
2025-10-31T02:18:53.6026243Z Selecting previously unselected package libevent-2.1-7t64:amd64.
2025-10-31T02:18:53.6162093Z Preparing to unpack .../115-libevent-2.1-7t64_2.1.12-stable-9ubuntu2_amd64.deb ...
2025-10-31T02:18:53.6174312Z Unpacking libevent-2.1-7t64:amd64 (2.1.12-stable-9ubuntu2) ...
2025-10-31T02:18:53.6445694Z Selecting previously unselected package libfaad2:amd64.
2025-10-31T02:18:53.6582672Z Preparing to unpack .../116-libfaad2_2.11.1-1build1_amd64.deb ...
2025-10-31T02:18:53.6597648Z Unpacking libfaad2:amd64 (2.11.1-1build1) ...
2025-10-31T02:18:53.6874155Z Selecting previously unselected package libinstpatch-1.0-2:amd64.
2025-10-31T02:18:53.7007578Z Preparing to unpack .../117-libinstpatch-1.0-2_1.1.6-1build2_amd64.deb ...
2025-10-31T02:18:53.7022200Z Unpacking libinstpatch-1.0-2:amd64 (1.1.6-1build2) ...
2025-10-31T02:18:53.7306744Z Selecting previously unselected package libjack-jackd2-0:amd64.
2025-10-31T02:18:53.7441442Z Preparing to unpack .../118-libjack-jackd2-0_1.9.21~dfsg-3ubuntu3_amd64.deb ...
2025-10-31T02:18:53.7450576Z Unpacking libjack-jackd2-0:amd64 (1.9.21~dfsg-3ubuntu3) ...
2025-10-31T02:18:53.7762409Z Selecting previously unselected package libwebrtc-audio-processing1:amd64.
2025-10-31T02:18:53.7896121Z Preparing to unpack .../119-libwebrtc-audio-processing1_0.3.1-0ubuntu6_amd64.deb ...
2025-10-31T02:18:53.7909815Z Unpacking libwebrtc-audio-processing1:amd64 (0.3.1-0ubuntu6) ...
2025-10-31T02:18:53.8172590Z Selecting previously unselected package libspa-0.2-modules:amd64.
2025-10-31T02:18:53.8306744Z Preparing to unpack .../120-libspa-0.2-modules_1.0.5-1ubuntu3.1_amd64.deb ...
2025-10-31T02:18:53.8319859Z Unpacking libspa-0.2-modules:amd64 (1.0.5-1ubuntu3.1) ...
2025-10-31T02:18:53.8698177Z Selecting previously unselected package libpipewire-0.3-0t64:amd64.
2025-10-31T02:18:53.8834259Z Preparing to unpack .../121-libpipewire-0.3-0t64_1.0.5-1ubuntu3.1_amd64.deb ...
2025-10-31T02:18:53.8848035Z Unpacking libpipewire-0.3-0t64:amd64 (1.0.5-1ubuntu3.1) ...
2025-10-31T02:18:53.9142388Z Selecting previously unselected package libsdl2-2.0-0:amd64.
2025-10-31T02:18:53.9277632Z Preparing to unpack .../122-libsdl2-2.0-0_2.30.0+dfsg-1ubuntu3.1_amd64.deb ...
2025-10-31T02:18:53.9291596Z Unpacking libsdl2-2.0-0:amd64 (2.30.0+dfsg-1ubuntu3.1) ...
2025-10-31T02:18:53.9631583Z Selecting previously unselected package timgm6mb-soundfont.
2025-10-31T02:18:53.9766747Z Preparing to unpack .../123-timgm6mb-soundfont_1.3-5_all.deb ...
2025-10-31T02:18:53.9801044Z Unpacking timgm6mb-soundfont (1.3-5) ...
2025-10-31T02:18:54.3402119Z Selecting previously unselected package libfluidsynth3:amd64.
2025-10-31T02:18:54.3542343Z Preparing to unpack .../124-libfluidsynth3_2.3.4-1build3_amd64.deb ...
2025-10-31T02:18:54.3558793Z Unpacking libfluidsynth3:amd64 (2.3.4-1build3) ...
2025-10-31T02:18:54.3847861Z Selecting previously unselected package libfreeaptx0:amd64.
2025-10-31T02:18:54.3990654Z Preparing to unpack .../125-libfreeaptx0_0.1.1-2build1_amd64.deb ...
2025-10-31T02:18:54.4006259Z Unpacking libfreeaptx0:amd64 (0.1.1-2build1) ...
2025-10-31T02:18:54.4276766Z Selecting previously unselected package libgraphene-1.0-0:amd64.
2025-10-31T02:18:54.4413635Z Preparing to unpack .../126-libgraphene-1.0-0_1.10.8-3build2_amd64.deb ...
2025-10-31T02:18:54.4428609Z Unpacking libgraphene-1.0-0:amd64 (1.10.8-3build2) ...
2025-10-31T02:18:54.4679861Z Selecting previously unselected package libgssdp-1.6-0:amd64.
2025-10-31T02:18:54.4821080Z Preparing to unpack .../127-libgssdp-1.6-0_1.6.3-1build3_amd64.deb ...
2025-10-31T02:18:54.4830550Z Unpacking libgssdp-1.6-0:amd64 (1.6.3-1build3) ...
2025-10-31T02:18:54.5088719Z Selecting previously unselected package libegl1:amd64.
2025-10-31T02:18:54.5224611Z Preparing to unpack .../128-libegl1_1.7.0-1build1_amd64.deb ...
2025-10-31T02:18:54.5237092Z Unpacking libegl1:amd64 (1.7.0-1build1) ...
2025-10-31T02:18:54.5540704Z Selecting previously unselected package libgstreamer-gl1.0-0:amd64.
2025-10-31T02:18:54.5675066Z Preparing to unpack .../129-libgstreamer-gl1.0-0_1.24.2-1ubuntu0.3_amd64.deb ...
2025-10-31T02:18:54.5686574Z Unpacking libgstreamer-gl1.0-0:amd64 (1.24.2-1ubuntu0.3) ...
2025-10-31T02:18:54.5966600Z Selecting previously unselected package libgtk-4-common.
2025-10-31T02:18:54.6099708Z Preparing to unpack .../130-libgtk-4-common_4.14.5+ds-0ubuntu0.5_all.deb ...
2025-10-31T02:18:54.6115264Z Unpacking libgtk-4-common (4.14.5+ds-0ubuntu0.5) ...
2025-10-31T02:18:54.6696529Z Selecting previously unselected package libgtk-4-1:amd64.
2025-10-31T02:18:54.6832014Z Preparing to unpack .../131-libgtk-4-1_4.14.5+ds-0ubuntu0.5_amd64.deb ...
2025-10-31T02:18:54.6848287Z Unpacking libgtk-4-1:amd64 (4.14.5+ds-0ubuntu0.5) ...
2025-10-31T02:18:54.7641374Z Selecting previously unselected package libgupnp-1.6-0:amd64.
2025-10-31T02:18:54.7775208Z Preparing to unpack .../132-libgupnp-1.6-0_1.6.6-1build3_amd64.deb ...
2025-10-31T02:18:54.7794333Z Unpacking libgupnp-1.6-0:amd64 (1.6.6-1build3) ...
2025-10-31T02:18:54.8106067Z Selecting previously unselected package libgupnp-igd-1.6-0:amd64.
2025-10-31T02:18:54.8239839Z Preparing to unpack .../133-libgupnp-igd-1.6-0_1.6.0-3build3_amd64.deb ...
2025-10-31T02:18:54.8255604Z Unpacking libgupnp-igd-1.6-0:amd64 (1.6.0-3build3) ...
2025-10-31T02:18:54.8512320Z Selecting previously unselected package libharfbuzz-icu0:amd64.
2025-10-31T02:18:54.8649219Z Preparing to unpack .../134-libharfbuzz-icu0_8.3.0-2build2_amd64.deb ...
2025-10-31T02:18:54.8658630Z Unpacking libharfbuzz-icu0:amd64 (8.3.0-2build2) ...
2025-10-31T02:18:54.8911380Z Selecting previously unselected package libhyphen0:amd64.
2025-10-31T02:18:54.9046297Z Preparing to unpack .../135-libhyphen0_2.8.8-7build3_amd64.deb ...
2025-10-31T02:18:54.9062688Z Unpacking libhyphen0:amd64 (2.8.8-7build3) ...
2025-10-31T02:18:54.9356202Z Selecting previously unselected package libimath-3-1-29t64:amd64.
2025-10-31T02:18:54.9491629Z Preparing to unpack .../136-libimath-3-1-29t64_3.1.9-3.1ubuntu2_amd64.deb ...
2025-10-31T02:18:54.9523105Z Unpacking libimath-3-1-29t64:amd64 (3.1.9-3.1ubuntu2) ...
2025-10-31T02:18:54.9809221Z Selecting previously unselected package liblc3-1:amd64.
2025-10-31T02:18:54.9944171Z Preparing to unpack .../137-liblc3-1_1.0.4-3build1_amd64.deb ...
2025-10-31T02:18:54.9984947Z Unpacking liblc3-1:amd64 (1.0.4-3build1) ...
2025-10-31T02:18:55.0281249Z Selecting previously unselected package libldacbt-enc2:amd64.
2025-10-31T02:18:55.0417132Z Preparing to unpack .../138-libldacbt-enc2_2.0.2.3+git20200429+ed310a0-4ubuntu2_amd64.deb ...
2025-10-31T02:18:55.0431848Z Unpacking libldacbt-enc2:amd64 (2.0.2.3+git20200429+ed310a0-4ubuntu2) ...
2025-10-31T02:18:55.0691732Z Selecting previously unselected package libraptor2-0:amd64.
2025-10-31T02:18:55.0835622Z Preparing to unpack .../139-libraptor2-0_2.0.16-3ubuntu0.1_amd64.deb ...
2025-10-31T02:18:55.0845963Z Unpacking libraptor2-0:amd64 (2.0.16-3ubuntu0.1) ...
2025-10-31T02:18:55.1132568Z Selecting previously unselected package liblrdf0:amd64.
2025-10-31T02:18:55.1269844Z Preparing to unpack .../140-liblrdf0_0.6.1-4build1_amd64.deb ...
2025-10-31T02:18:55.1284235Z Unpacking liblrdf0:amd64 (0.6.1-4build1) ...
2025-10-31T02:18:55.1561342Z Selecting previously unselected package libltc11:amd64.
2025-10-31T02:18:55.1699556Z Preparing to unpack .../141-libltc11_1.3.2-1build1_amd64.deb ...
2025-10-31T02:18:55.1713152Z Unpacking libltc11:amd64 (1.3.2-1build1) ...
2025-10-31T02:18:55.2000738Z Selecting previously unselected package libmanette-0.2-0:amd64.
2025-10-31T02:18:55.2136884Z Preparing to unpack .../142-libmanette-0.2-0_0.2.7-1build2_amd64.deb ...
2025-10-31T02:18:55.2152746Z Unpacking libmanette-0.2-0:amd64 (0.2.7-1build2) ...
2025-10-31T02:18:55.2466734Z Selecting previously unselected package libmfx1:amd64.
2025-10-31T02:18:55.2600818Z Preparing to unpack .../143-libmfx1_22.5.4-1_amd64.deb ...
2025-10-31T02:18:55.2615045Z Unpacking libmfx1:amd64 (22.5.4-1) ...
2025-10-31T02:18:55.3696336Z Selecting previously unselected package libmjpegutils-2.1-0t64:amd64.
2025-10-31T02:18:55.3834510Z Preparing to unpack .../144-libmjpegutils-2.1-0t64_1%3a2.1.0+debian-8.1build1_amd64.deb ...
2025-10-31T02:18:55.3846170Z Unpacking libmjpegutils-2.1-0t64:amd64 (1:2.1.0+debian-8.1build1) ...
2025-10-31T02:18:55.4117630Z Selecting previously unselected package libmodplug1:amd64.
2025-10-31T02:18:55.4263526Z Preparing to unpack .../145-libmodplug1_1%3a0.8.9.0-3build1_amd64.deb ...
2025-10-31T02:18:55.4273727Z Unpacking libmodplug1:amd64 (1:0.8.9.0-3build1) ...
2025-10-31T02:18:55.4561718Z Selecting previously unselected package libmpcdec6:amd64.
2025-10-31T02:18:55.4717684Z Preparing to unpack .../146-libmpcdec6_2%3a0.1~r495-2build1_amd64.deb ...
2025-10-31T02:18:55.4732788Z Unpacking libmpcdec6:amd64 (2:0.1~r495-2build1) ...
2025-10-31T02:18:55.4978242Z Selecting previously unselected package libmpeg2encpp-2.1-0t64:amd64.
2025-10-31T02:18:55.5115313Z Preparing to unpack .../147-libmpeg2encpp-2.1-0t64_1%3a2.1.0+debian-8.1build1_amd64.deb ...
2025-10-31T02:18:55.5126702Z Unpacking libmpeg2encpp-2.1-0t64:amd64 (1:2.1.0+debian-8.1build1) ...
2025-10-31T02:18:55.5377688Z Selecting previously unselected package libmplex2-2.1-0t64:amd64.
2025-10-31T02:18:55.5515520Z Preparing to unpack .../148-libmplex2-2.1-0t64_1%3a2.1.0+debian-8.1build1_amd64.deb ...
2025-10-31T02:18:55.5524339Z Unpacking libmplex2-2.1-0t64:amd64 (1:2.1.0+debian-8.1build1) ...
2025-10-31T02:18:55.5858878Z Selecting previously unselected package libneon27t64:amd64.
2025-10-31T02:18:55.5996898Z Preparing to unpack .../149-libneon27t64_0.33.0-1.1build3_amd64.deb ...
2025-10-31T02:18:55.6004059Z Unpacking libneon27t64:amd64 (0.33.0-1.1build3) ...
2025-10-31T02:18:55.6265091Z Selecting previously unselected package libnice10:amd64.
2025-10-31T02:18:55.6403681Z Preparing to unpack .../150-libnice10_0.1.21-2build3_amd64.deb ...
2025-10-31T02:18:55.6412461Z Unpacking libnice10:amd64 (0.1.21-2build3) ...
2025-10-31T02:18:55.6672095Z Selecting previously unselected package libopenal-data.
2025-10-31T02:18:55.6808395Z Preparing to unpack .../151-libopenal-data_1%3a1.23.1-4build1_all.deb ...
2025-10-31T02:18:55.6819426Z Unpacking libopenal-data (1:1.23.1-4build1) ...
2025-10-31T02:18:55.7088421Z Selecting previously unselected package libopenexr-3-1-30:amd64.
2025-10-31T02:18:55.7225528Z Preparing to unpack .../152-libopenexr-3-1-30_3.1.5-5.1build3_amd64.deb ...
2025-10-31T02:18:55.7232929Z Unpacking libopenexr-3-1-30:amd64 (3.1.5-5.1build3) ...
2025-10-31T02:18:55.7660259Z Selecting previously unselected package libopenh264-7:amd64.
2025-10-31T02:18:55.7796476Z Preparing to unpack .../153-libopenh264-7_2.4.1+dfsg-1_amd64.deb ...
2025-10-31T02:18:55.7808101Z Unpacking libopenh264-7:amd64 (2.4.1+dfsg-1) ...
2025-10-31T02:18:55.8128959Z Selecting previously unselected package libopenni2-0:amd64.
2025-10-31T02:18:55.8264625Z Preparing to unpack .../154-libopenni2-0_2.2.0.33+dfsg-18_amd64.deb ...
2025-10-31T02:18:55.8300623Z Unpacking libopenni2-0:amd64 (2.2.0.33+dfsg-18) ...
2025-10-31T02:18:55.8623229Z Selecting previously unselected package libqrencode4:amd64.
2025-10-31T02:18:55.8759683Z Preparing to unpack .../155-libqrencode4_4.1.1-1build2_amd64.deb ...
2025-10-31T02:18:55.8775649Z Unpacking libqrencode4:amd64 (4.1.1-1build2) ...
2025-10-31T02:18:55.9032333Z Selecting previously unselected package libsecret-common.
2025-10-31T02:18:55.9167950Z Preparing to unpack .../156-libsecret-common_0.21.4-1build3_all.deb ...
2025-10-31T02:18:55.9184946Z Unpacking libsecret-common (0.21.4-1build3) ...
2025-10-31T02:18:55.9441143Z Selecting previously unselected package libsecret-1-0:amd64.
2025-10-31T02:18:55.9579008Z Preparing to unpack .../157-libsecret-1-0_0.21.4-1build3_amd64.deb ...
2025-10-31T02:18:55.9592263Z Unpacking libsecret-1-0:amd64 (0.21.4-1build3) ...
2025-10-31T02:18:55.9862651Z Selecting previously unselected package libsndio7.0:amd64.
2025-10-31T02:18:55.9999034Z Preparing to unpack .../158-libsndio7.0_1.9.0-0.3build3_amd64.deb ...
2025-10-31T02:18:56.0009784Z Unpacking libsndio7.0:amd64 (1.9.0-0.3build3) ...
2025-10-31T02:18:56.0301708Z Selecting previously unselected package libsoundtouch1:amd64.
2025-10-31T02:18:56.0437526Z Preparing to unpack .../159-libsoundtouch1_2.3.2+ds1-1build1_amd64.deb ...
2025-10-31T02:18:56.0449812Z Unpacking libsoundtouch1:amd64 (2.3.2+ds1-1build1) ...
2025-10-31T02:18:56.0719843Z Selecting previously unselected package libspandsp2t64:amd64.
2025-10-31T02:18:56.0855456Z Preparing to unpack .../160-libspandsp2t64_0.0.6+dfsg-2.1build1_amd64.deb ...
2025-10-31T02:18:56.0867300Z Unpacking libspandsp2t64:amd64 (0.0.6+dfsg-2.1build1) ...
2025-10-31T02:18:56.1152978Z Selecting previously unselected package libsrtp2-1:amd64.
2025-10-31T02:18:56.1290500Z Preparing to unpack .../161-libsrtp2-1_2.5.0-3build1_amd64.deb ...
2025-10-31T02:18:56.1301412Z Unpacking libsrtp2-1:amd64 (2.5.0-3build1) ...
2025-10-31T02:18:56.1558788Z Selecting previously unselected package libwildmidi2:amd64.
2025-10-31T02:18:56.1693999Z Preparing to unpack .../162-libwildmidi2_0.4.3-1build3_amd64.deb ...
2025-10-31T02:18:56.1707731Z Unpacking libwildmidi2:amd64 (0.4.3-1build3) ...
2025-10-31T02:18:56.1955240Z Selecting previously unselected package libwoff1:amd64.
2025-10-31T02:18:56.2089575Z Preparing to unpack .../163-libwoff1_1.0.2-2build1_amd64.deb ...
2025-10-31T02:18:56.2100452Z Unpacking libwoff1:amd64 (1.0.2-2build1) ...
2025-10-31T02:18:56.2365982Z Selecting previously unselected package libxcb-xkb1:amd64.
2025-10-31T02:18:56.2503090Z Preparing to unpack .../164-libxcb-xkb1_1.15-1ubuntu2_amd64.deb ...
2025-10-31T02:18:56.2512646Z Unpacking libxcb-xkb1:amd64 (1.15-1ubuntu2) ...
2025-10-31T02:18:56.2916727Z Selecting previously unselected package libxkbcommon-x11-0:amd64.
2025-10-31T02:18:56.3057653Z Preparing to unpack .../165-libxkbcommon-x11-0_1.6.0-1build1_amd64.deb ...
2025-10-31T02:18:56.3069050Z Unpacking libxkbcommon-x11-0:amd64 (1.6.0-1build1) ...
2025-10-31T02:18:56.3305425Z Selecting previously unselected package libzbar0t64:amd64.
2025-10-31T02:18:56.3444324Z Preparing to unpack .../166-libzbar0t64_0.23.93-4build3_amd64.deb ...
2025-10-31T02:18:56.3462264Z Unpacking libzbar0t64:amd64 (0.23.93-4build3) ...
2025-10-31T02:18:56.3739712Z Selecting previously unselected package libzxing3:amd64.
2025-10-31T02:18:56.3876735Z Preparing to unpack .../167-libzxing3_2.2.1-3_amd64.deb ...
2025-10-31T02:18:56.3891419Z Unpacking libzxing3:amd64 (2.2.1-3) ...
2025-10-31T02:18:56.4194420Z Selecting previously unselected package xfonts-encodings.
2025-10-31T02:18:56.4331299Z Preparing to unpack .../168-xfonts-encodings_1%3a1.0.5-0ubuntu2_all.deb ...
2025-10-31T02:18:56.4346292Z Unpacking xfonts-encodings (1:1.0.5-0ubuntu2) ...
2025-10-31T02:18:56.4723323Z Selecting previously unselected package xfonts-utils.
2025-10-31T02:18:56.4861083Z Preparing to unpack .../169-xfonts-utils_1%3a7.7+6build3_amd64.deb ...
2025-10-31T02:18:56.4874238Z Unpacking xfonts-utils (1:7.7+6build3) ...
2025-10-31T02:18:56.6177109Z Selecting previously unselected package xfonts-cyrillic.
2025-10-31T02:18:56.6315924Z Preparing to unpack .../170-xfonts-cyrillic_1%3a1.0.5+nmu1_all.deb ...
2025-10-31T02:18:56.6326074Z Unpacking xfonts-cyrillic (1:1.0.5+nmu1) ...
2025-10-31T02:18:56.6751917Z Selecting previously unselected package xfonts-scalable.
2025-10-31T02:18:56.6886035Z Preparing to unpack .../171-xfonts-scalable_1%3a1.0.3-1.3_all.deb ...
2025-10-31T02:18:56.6899096Z Unpacking xfonts-scalable (1:1.0.3-1.3) ...
2025-10-31T02:18:56.7226793Z Selecting previously unselected package libgstreamer-plugins-bad1.0-0:amd64.
2025-10-31T02:18:56.7362770Z Preparing to unpack .../172-libgstreamer-plugins-bad1.0-0_1.24.2-1ubuntu4_amd64.deb ...
2025-10-31T02:18:56.7375184Z Unpacking libgstreamer-plugins-bad1.0-0:amd64 (1.24.2-1ubuntu4) ...
2025-10-31T02:18:56.7814043Z Selecting previously unselected package libdca0:amd64.
2025-10-31T02:18:56.7949497Z Preparing to unpack .../173-libdca0_0.0.7-2build1_amd64.deb ...
2025-10-31T02:18:56.7962166Z Unpacking libdca0:amd64 (0.0.7-2build1) ...
2025-10-31T02:18:56.8217940Z Selecting previously unselected package libopenal1:amd64.
2025-10-31T02:18:56.8353438Z Preparing to unpack .../174-libopenal1_1%3a1.23.1-4build1_amd64.deb ...
2025-10-31T02:18:56.8367198Z Unpacking libopenal1:amd64 (1:1.23.1-4build1) ...
2025-10-31T02:18:56.8683252Z Selecting previously unselected package libsbc1:amd64.
2025-10-31T02:18:56.8818188Z Preparing to unpack .../175-libsbc1_2.0-1build1_amd64.deb ...
2025-10-31T02:18:56.8828399Z Unpacking libsbc1:amd64 (2.0-1build1) ...
2025-10-31T02:18:56.9089006Z Selecting previously unselected package libvo-aacenc0:amd64.
2025-10-31T02:18:56.9224512Z Preparing to unpack .../176-libvo-aacenc0_0.1.3-2build1_amd64.deb ...
2025-10-31T02:18:56.9240289Z Unpacking libvo-aacenc0:amd64 (0.1.3-2build1) ...
2025-10-31T02:18:56.9502721Z Selecting previously unselected package libvo-amrwbenc0:amd64.
2025-10-31T02:18:56.9635942Z Preparing to unpack .../177-libvo-amrwbenc0_0.1.3-2build1_amd64.deb ...
2025-10-31T02:18:56.9666912Z Unpacking libvo-amrwbenc0:amd64 (0.1.3-2build1) ...
2025-10-31T02:18:56.9914052Z Selecting previously unselected package gstreamer1.0-plugins-bad:amd64.
2025-10-31T02:18:57.0048005Z Preparing to unpack .../178-gstreamer1.0-plugins-bad_1.24.2-1ubuntu4_amd64.deb ...
2025-10-31T02:18:57.0058240Z Unpacking gstreamer1.0-plugins-bad:amd64 (1.24.2-1ubuntu4) ...
2025-10-31T02:18:57.2987633Z Setting up libgme0:amd64 (0.6.3-7build1) ...
2025-10-31T02:18:57.3023542Z Setting up libchromaprint1:amd64 (1.5.1-5) ...
2025-10-31T02:18:57.3058233Z Setting up libssh-gcrypt-4:amd64 (0.10.6-2ubuntu0.1) ...
2025-10-31T02:18:57.3096615Z Setting up libhwy1t64:amd64 (1.0.7-8.1build1) ...
2025-10-31T02:18:57.3135182Z Setting up libcairo-script-interpreter2:amd64 (1.18.0-3build1) ...
2025-10-31T02:18:57.3165478Z Setting up libfreeaptx0:amd64 (0.1.1-2build1) ...
2025-10-31T02:18:57.3199661Z Setting up libdvdread8t64:amd64 (6.1.3-1.1build1) ...
2025-10-31T02:18:57.3237403Z Setting up libudfread0:amd64 (1.1.2-1build1) ...
2025-10-31T02:18:57.3278541Z Setting up libmodplug1:amd64 (1:0.8.9.0-3build1) ...
2025-10-31T02:18:57.3305470Z Setting up libcdparanoia0:amd64 (3.10.2+debian-14build3) ...
2025-10-31T02:18:57.3337890Z Setting up libvo-amrwbenc0:amd64 (0.1.3-2build1) ...
2025-10-31T02:18:57.3369109Z Setting up session-migration (0.3.9build1) ...
2025-10-31T02:18:57.4663268Z Created symlink /etc/systemd/user/graphical-session-pre.target.wants/session-migration.service → /usr/lib/systemd/user/session-migration.service.
2025-10-31T02:18:57.4664283Z 
2025-10-31T02:18:57.4708931Z Setting up libraw1394-11:amd64 (2.1.2-2build3) ...
2025-10-31T02:18:57.4751580Z Setting up libsbc1:amd64 (2.0-1build1) ...
2025-10-31T02:18:57.4787831Z Setting up libproxy1v5:amd64 (0.5.4-4build1) ...
2025-10-31T02:18:57.4939362Z Setting up libneon27t64:amd64 (0.33.0-1.1build3) ...
2025-10-31T02:18:57.4968227Z Setting up libtag1v5-vanilla:amd64 (1.13.1-1build1) ...
2025-10-31T02:18:57.5006363Z Setting up libharfbuzz-icu0:amd64 (8.3.0-2build2) ...
2025-10-31T02:18:57.5045214Z Setting up libopenni2-0:amd64 (2.2.0.33+dfsg-18) ...
2025-10-31T02:18:57.5367895Z Setting up libspeex1:amd64 (1.2.1-2ubuntu2.24.04.1) ...
2025-10-31T02:18:57.5394903Z Setting up libshine3:amd64 (3.1.1-2build1) ...
2025-10-31T02:18:57.5429780Z Setting up libcaca0:amd64 (0.99.beta20-4build2) ...
2025-10-31T02:18:57.5457281Z Setting up libvpl2 (2023.3.0-1build1) ...
2025-10-31T02:18:57.5486794Z Setting up libv4lconvert0t64:amd64 (1.26.1-4build3) ...
2025-10-31T02:18:57.5517701Z Setting up libx264-164:amd64 (2:0.164.3108+git31e19f9-1) ...
2025-10-31T02:18:57.5554171Z Setting up libtwolame0:amd64 (0.4.0-2build3) ...
2025-10-31T02:18:57.5583359Z Setting up libmbedcrypto7t64:amd64 (2.28.8-1) ...
2025-10-31T02:18:57.5616414Z Setting up libwoff1:amd64 (1.0.2-2build1) ...
2025-10-31T02:18:57.5644607Z Setting up liblc3-1:amd64 (1.0.4-3build1) ...
2025-10-31T02:18:57.5685045Z Setting up libqrencode4:amd64 (4.1.1-1build2) ...
2025-10-31T02:18:57.5718381Z Setting up libhyphen0:amd64 (2.8.8-7build3) ...
2025-10-31T02:18:57.5751563Z Setting up libgsm1:amd64 (1.0.22-1build1) ...
2025-10-31T02:18:57.5778232Z Setting up libvisual-0.4-0:amd64 (0.4.2-2build1) ...
2025-10-31T02:18:57.5820501Z Setting up libsoxr0:amd64 (0.1.3-4build3) ...
2025-10-31T02:18:57.5850669Z Setting up libzix-0-0:amd64 (0.4.2-2build1) ...
2025-10-31T02:18:57.5899396Z Setting up libcodec2-1.2:amd64 (1.2.0-2build1) ...
2025-10-31T02:18:57.5970720Z Setting up libmanette-0.2-0:amd64 (0.2.7-1build2) ...
2025-10-31T02:18:57.6027988Z Setting up libsrtp2-1:amd64 (2.5.0-3build1) ...
2025-10-31T02:18:57.6066224Z Setting up libmysofa1:amd64 (1.3.2+dfsg-2ubuntu2) ...
2025-10-31T02:18:57.6097674Z Setting up libraptor2-0:amd64 (2.0.16-3ubuntu0.1) ...
2025-10-31T02:18:57.6129237Z Setting up libldacbt-enc2:amd64 (2.0.2.3+git20200429+ed310a0-4ubuntu2) ...
2025-10-31T02:18:57.6165438Z Setting up fonts-wqy-zenhei (0.9.45-8) ...
2025-10-31T02:18:57.6336254Z Setting up libwebrtc-audio-processing1:amd64 (0.3.1-0ubuntu6) ...
2025-10-31T02:18:57.6388815Z Setting up fonts-freefont-ttf (20211204+svn4273-2) ...
2025-10-31T02:18:57.6426072Z Setting up libevent-2.1-7t64:amd64 (2.1.12-stable-9ubuntu2) ...
2025-10-31T02:18:57.6467558Z Setting up libsvtav1enc1d1:amd64 (1.7.0+dfsg-2build1) ...
2025-10-31T02:18:57.6514686Z Setting up libsoup-3.0-common (3.4.4-5ubuntu0.5) ...
2025-10-31T02:18:57.6552849Z Setting up libmpg123-0t64:amd64 (1.32.5-1ubuntu1.1) ...
2025-10-31T02:18:57.6583273Z Setting up libcjson1:amd64 (1.7.17-1) ...
2025-10-31T02:18:57.6622168Z Setting up libxvidcore4:amd64 (2:1.3.7-1build1) ...
2025-10-31T02:18:57.6650949Z Setting up libmpcdec6:amd64 (2:0.1~r495-2build1) ...
2025-10-31T02:18:57.6693739Z Setting up libmjpegutils-2.1-0t64:amd64 (1:2.1.0+debian-8.1build1) ...
2025-10-31T02:18:57.6736738Z Setting up librav1e0:amd64 (0.7.1-2) ...
2025-10-31T02:18:57.6771470Z Setting up liborc-0.4-0t64:amd64 (1:0.4.38-1ubuntu0.1) ...
2025-10-31T02:18:57.6802810Z Setting up libxcb-xkb1:amd64 (1.15-1ubuntu2) ...
2025-10-31T02:18:57.6828337Z Setting up libvo-aacenc0:amd64 (0.1.3-2build1) ...
2025-10-31T02:18:57.6858121Z Setting up librist4:amd64 (0.2.10+dfsg-2) ...
2025-10-31T02:18:57.6897658Z Setting up librsvg2-2:amd64 (2.58.0+dfsg-1build1) ...
2025-10-31T02:18:57.6922856Z Setting up libblas3:amd64 (3.12.0-3build1.1) ...
2025-10-31T02:18:57.6987558Z update-alternatives: using /usr/lib/x86_64-linux-gnu/blas/libblas.so.3 to provide /usr/lib/x86_64-linux-gnu/libblas.so.3 (libblas.so.3-x86_64-linux-gnu) in auto mode
2025-10-31T02:18:57.7020874Z Setting up libegl-mesa0:amd64 (25.0.7-0ubuntu0.24.04.2) ...
2025-10-31T02:18:57.7115733Z Setting up libsoundtouch1:amd64 (2.3.2+ds1-1build1) ...
2025-10-31T02:18:57.7157617Z Setting up libplacebo338:amd64 (6.338.2-2build1) ...
2025-10-31T02:18:57.7183598Z Setting up libgles2:amd64 (1.7.0-1build1) ...
2025-10-31T02:18:57.7215826Z Setting up fonts-tlwg-loma-otf (1:0.7.3-1) ...
2025-10-31T02:18:57.7250476Z Setting up libva2:amd64 (2.20.0-2build1) ...
2025-10-31T02:18:57.7287438Z Setting up libspa-0.2-modules:amd64 (1.0.5-1ubuntu3.1) ...
2025-10-31T02:18:57.7324704Z Setting up libzxing3:amd64 (2.2.1-3) ...
2025-10-31T02:18:57.7365687Z Setting up xfonts-encodings (1:1.0.5-0ubuntu2) ...
2025-10-31T02:18:57.7396192Z Setting up libopus0:amd64 (1.4-1build1) ...
2025-10-31T02:18:57.7427956Z Setting up libfaad2:amd64 (2.11.1-1build1) ...
2025-10-31T02:18:57.7465027Z Setting up libxkbcommon-x11-0:amd64 (1.6.0-1build1) ...
2025-10-31T02:18:57.7512822Z Setting up libdc1394-25:amd64 (2.2.6-4build1) ...
2025-10-31T02:18:57.7547133Z Setting up libimath-3-1-29t64:amd64 (3.1.9-3.1ubuntu2) ...
2025-10-31T02:18:57.7585535Z Setting up libunibreak5:amd64 (5.1-2build1) ...
2025-10-31T02:18:57.7645166Z Setting up libdv4t64:amd64 (1.0.0-17.1build1) ...
2025-10-31T02:18:57.7686910Z Setting up libjxl0.7:amd64 (0.7.0-10.2ubuntu6.1) ...
2025-10-31T02:18:57.7721233Z Setting up libopenh264-7:amd64 (2.4.1+dfsg-1) ...
2025-10-31T02:18:57.7758015Z Setting up libltc11:amd64 (1.3.2-1build1) ...
2025-10-31T02:18:57.7796718Z Setting up libx265-199:amd64 (3.5-2build1) ...
2025-10-31T02:18:57.7832987Z Setting up libv4l-0t64:amd64 (1.26.1-4build3) ...
2025-10-31T02:18:57.7874453Z Setting up libavtp0:amd64 (0.2.0-1build1) ...
2025-10-31T02:18:57.7902799Z Setting up libsndio7.0:amd64 (1.9.0-0.3build3) ...
2025-10-31T02:18:57.7940109Z Setting up libdirectfb-1.7-7t64:amd64 (1.7.7-11.1ubuntu2) ...
2025-10-31T02:18:57.8098700Z Setting up libspandsp2t64:amd64 (0.0.6+dfsg-2.1build1) ...
2025-10-31T02:18:57.8144548Z Setting up libvidstab1.1:amd64 (1.1.0-2build1) ...
2025-10-31T02:18:57.8225634Z Setting up libvpx9:amd64 (1.14.0-1ubuntu2.2) ...
2025-10-31T02:18:57.8277788Z Setting up libsrt1.5-gnutls:amd64 (1.5.3-1build2) ...
2025-10-31T02:18:57.8322691Z Setting up libtag1v5:amd64 (1.13.1-1build1) ...
2025-10-31T02:18:57.8364071Z Setting up libflite1:amd64 (2.2-6build3) ...
2025-10-31T02:18:57.8400260Z Setting up libdav1d7:amd64 (1.4.1-1build1) ...
2025-10-31T02:18:57.8436360Z Setting up libva-drm2:amd64 (2.20.0-2build1) ...
2025-10-31T02:18:57.8467676Z Setting up fonts-ipafont-gothic (00303-21ubuntu1) ...
2025-10-31T02:18:57.8552065Z update-alternatives: using /usr/share/fonts/opentype/ipafont-gothic/ipag.ttf to provide /usr/share/fonts/truetype/fonts-japanese-gothic.ttf (fonts-japanese-gothic.ttf) in auto mode
2025-10-31T02:18:57.8578274Z Setting up ocl-icd-libopencl1:amd64 (2.3.2-1build1) ...
2025-10-31T02:18:57.8620466Z Setting up libasyncns0:amd64 (0.8-6build4) ...
2025-10-31T02:18:57.8662245Z Setting up libwildmidi2:amd64 (0.4.3-1build3) ...
2025-10-31T02:18:57.8707712Z Setting up libvdpau1:amd64 (1.5-2build1) ...
2025-10-31T02:18:57.8791701Z Setting up libwavpack1:amd64 (5.6.0-1build1) ...
2025-10-31T02:18:57.8828185Z Setting up libbs2b0:amd64 (3.1.0+dfsg-7build1) ...
2025-10-31T02:18:57.8863766Z Setting up libtheora0:amd64 (1.1.1+dfsg.1-16.1build3) ...
2025-10-31T02:18:57.8916062Z Setting up libegl1:amd64 (1.7.0-1build1) ...
2025-10-31T02:18:57.8950662Z Setting up libdecor-0-0:amd64 (0.2.2-1build2) ...
2025-10-31T02:18:57.8983339Z Setting up libdca0:amd64 (0.0.7-2build1) ...
2025-10-31T02:18:57.9030151Z Setting up libzimg2:amd64 (3.0.5+ds1-1build1) ...
2025-10-31T02:18:57.9079250Z Setting up libopenal-data (1:1.23.1-4build1) ...
2025-10-31T02:18:57.9130401Z Setting up libabsl20220623t64:amd64 (20220623.1-3.1ubuntu3.2) ...
2025-10-31T02:18:57.9163867Z Setting up libflac12t64:amd64 (1.4.3+ds-2.1ubuntu2) ...
2025-10-31T02:18:57.9196580Z Setting up libgtk-4-common (4.14.5+ds-0ubuntu0.5) ...
2025-10-31T02:18:57.9235224Z Setting up libmpeg2encpp-2.1-0t64:amd64 (1:2.1.0+debian-8.1build1) ...
2025-10-31T02:18:57.9299851Z Setting up glib-networking-common (2.80.0-1build1) ...
2025-10-31T02:18:57.9342473Z Setting up libmfx1:amd64 (22.5.4-1) ...
2025-10-31T02:18:57.9374074Z Setting up libbluray2:amd64 (1:1.3.4-1build1) ...
2025-10-31T02:18:57.9409588Z Setting up libsamplerate0:amd64 (0.2.2-4build1) ...
2025-10-31T02:18:57.9440283Z Setting up timgm6mb-soundfont (1.3-5) ...
2025-10-31T02:18:57.9542773Z update-alternatives: using /usr/share/sounds/sf2/TimGM6mb.sf2 to provide /usr/share/sounds/sf2/default-GM.sf2 (default-GM.sf2) in auto mode
2025-10-31T02:18:57.9593385Z update-alternatives: using /usr/share/sounds/sf2/TimGM6mb.sf2 to provide /usr/share/sounds/sf3/default-GM.sf3 (default-GM.sf3) in auto mode
2025-10-31T02:18:57.9616094Z Setting up libva-x11-2:amd64 (2.20.0-2build1) ...
2025-10-31T02:18:57.9657193Z Setting up libyuv0:amd64 (0.0~git202401110.af6ac82-1) ...
2025-10-31T02:18:57.9715103Z Setting up libmplex2-2.1-0t64:amd64 (1:2.1.0+debian-8.1build1) ...
2025-10-31T02:18:57.9752467Z Setting up libpipewire-0.3-0t64:amd64 (1.0.5-1ubuntu3.1) ...
2025-10-31T02:18:57.9788313Z Setting up libopenmpt0t64:amd64 (0.7.3-1.1build3) ...
2025-10-31T02:18:57.9829750Z Setting up libzvbi-common (0.2.42-2) ...
2025-10-31T02:18:57.9873723Z Setting up libsecret-common (0.21.4-1build3) ...
2025-10-31T02:18:57.9904718Z Setting up libmp3lame0:amd64 (3.100-6build1) ...
2025-10-31T02:18:57.9947828Z Setting up libgraphene-1.0-0:amd64 (1.10.8-3build2) ...
2025-10-31T02:18:57.9981184Z Setting up libvorbisenc2:amd64 (1.3.7-1build3) ...
2025-10-31T02:18:58.0013602Z Setting up libdvdnav4:amd64 (6.1.1-3build1) ...
2025-10-31T02:18:58.0043195Z Setting up fonts-unifont (1:15.1.01-1build1) ...
2025-10-31T02:18:58.0089579Z Setting up libaa1:amd64 (1.4p5-51.1) ...
2025-10-31T02:18:58.0130785Z Setting up libiec61883-0:amd64 (1.2.0-6build1) ...
2025-10-31T02:18:58.0152971Z Setting up libserd-0-0:amd64 (0.32.2-1) ...
2025-10-31T02:18:58.0181938Z Setting up libavc1394-0:amd64 (0.5.4-5build3) ...
2025-10-31T02:18:58.0206765Z Setting up gsettings-desktop-schemas (46.1-0ubuntu1) ...
2025-10-31T02:18:58.0238878Z Setting up glib-networking-services (2.80.0-1build1) ...
2025-10-31T02:18:58.0278337Z Setting up liblapack3:amd64 (3.12.0-3build1.1) ...
2025-10-31T02:18:58.0343227Z update-alternatives: using /usr/lib/x86_64-linux-gnu/lapack/liblapack.so.3 to provide /usr/lib/x86_64-linux-gnu/liblapack.so.3 (liblapack.so.3-x86_64-linux-gnu) in auto mode
2025-10-31T02:18:58.0365992Z Setting up libzvbi0t64:amd64 (0.2.42-2) ...
2025-10-31T02:18:58.0458815Z Setting up liblrdf0:amd64 (0.6.1-4build1) ...
2025-10-31T02:18:58.0531134Z Setting up libzbar0t64:amd64 (0.23.93-4build3) ...
2025-10-31T02:18:58.0564628Z Setting up libgstreamer-plugins-base1.0-0:amd64 (1.24.2-1ubuntu0.3) ...
2025-10-31T02:18:58.0597970Z Setting up libavutil58:amd64 (7:6.1.1-3ubuntu5) ...
2025-10-31T02:18:58.0642047Z Setting up libopenal1:amd64 (1:1.23.1-4build1) ...
2025-10-31T02:18:58.0676752Z Setting up xfonts-utils (1:7.7+6build3) ...
2025-10-31T02:18:58.0744844Z Setting up libsecret-1-0:amd64 (0.21.4-1build3) ...
2025-10-31T02:18:58.0782172Z Setting up libgstreamer-plugins-good1.0-0:amd64 (1.24.2-1ubuntu1.2) ...
2025-10-31T02:18:58.0828809Z Setting up libgstreamer-gl1.0-0:amd64 (1.24.2-1ubuntu0.3) ...
2025-10-31T02:18:58.0879184Z Setting up gstreamer1.0-plugins-base:amd64 (1.24.2-1ubuntu0.3) ...
2025-10-31T02:18:58.0925084Z Setting up libass9:amd64 (1:0.17.1-2build1) ...
2025-10-31T02:18:58.0973018Z Setting up libswresample4:amd64 (7:6.1.1-3ubuntu5) ...
2025-10-31T02:18:58.1025869Z Setting up libopenexr-3-1-30:amd64 (3.1.5-5.1build3) ...
2025-10-31T02:18:58.1080369Z Setting up libshout3:amd64 (2.4.6-1build2) ...
2025-10-31T02:18:58.1137372Z Setting up libgav1-1:amd64 (0.18.0-1build3) ...
2025-10-31T02:18:58.1168562Z Setting up libavcodec60:amd64 (7:6.1.1-3ubuntu5) ...
2025-10-31T02:18:58.1201399Z Setting up librubberband2:amd64 (3.3.0+dfsg-2build1) ...
2025-10-31T02:18:58.1258066Z Setting up libjack-jackd2-0:amd64 (1.9.21~dfsg-3ubuntu3) ...
2025-10-31T02:18:58.1295486Z Setting up libsord-0-0:amd64 (0.16.16-2build1) ...
2025-10-31T02:18:58.1333053Z Setting up xfonts-cyrillic (1:1.0.5+nmu1) ...
2025-10-31T02:18:58.1943099Z Setting up libpostproc57:amd64 (7:6.1.1-3ubuntu5) ...
2025-10-31T02:18:58.1992056Z Setting up libsratom-0-0:amd64 (0.6.16-1build1) ...
2025-10-31T02:18:58.2054655Z Setting up libsndfile1:amd64 (1.2.2-1ubuntu5.24.04.1) ...
2025-10-31T02:18:58.2086739Z Setting up liblilv-0-0:amd64 (0.24.22-1build1) ...
2025-10-31T02:18:58.2124521Z Setting up libinstpatch-1.0-2:amd64 (1.1.6-1build2) ...
2025-10-31T02:18:58.2168168Z Setting up xfonts-scalable (1:1.0.3-1.3) ...
2025-10-31T02:18:58.2552575Z Setting up libswscale7:amd64 (7:6.1.1-3ubuntu5) ...
2025-10-31T02:18:58.2618222Z Setting up libavif16:amd64 (1.0.4-1ubuntu3) ...
2025-10-31T02:18:58.2702513Z Setting up libpulse0:amd64 (1:16.1+dfsg1-2ubuntu10.1) ...
2025-10-31T02:18:58.2815954Z Setting up libavformat60:amd64 (7:6.1.1-3ubuntu5) ...
2025-10-31T02:18:58.2857137Z Setting up libsphinxbase3t64:amd64 (0.8+5prealpha+1-17build2) ...
2025-10-31T02:18:58.3032968Z Setting up libsdl2-2.0-0:amd64 (2.30.0+dfsg-1ubuntu3.1) ...
2025-10-31T02:18:58.3084979Z Setting up libfluidsynth3:amd64 (2.3.4-1build3) ...
2025-10-31T02:18:58.3130822Z Setting up libpocketsphinx3:amd64 (0.8.0+real5prealpha+1-15ubuntu5) ...
2025-10-31T02:18:58.3175395Z Setting up libavfilter9:amd64 (7:6.1.1-3ubuntu5) ...
2025-10-31T02:18:58.3208943Z Setting up gstreamer1.0-libav:amd64 (1.24.1-1build1) ...
2025-10-31T02:18:58.3497244Z Processing triggers for fontconfig (2.15.0-1.1ubuntu2) ...
2025-10-31T02:18:58.6548784Z Processing triggers for libc-bin (2.39-0ubuntu8.6) ...
2025-10-31T02:19:00.1236527Z Processing triggers for man-db (2.12.0-4build2) ...
2025-10-31T02:20:15.9856689Z Processing triggers for libglib2.0-0t64:amd64 (2.80.0-6ubuntu3.4) ...
2025-10-31T02:20:16.0416303Z Setting up libgtk-4-1:amd64 (4.14.5+ds-0ubuntu0.5) ...
2025-10-31T02:20:16.1408178Z Setting up glib-networking:amd64 (2.80.0-1build1) ...
2025-10-31T02:20:16.1457916Z Setting up libsoup-3.0-0:amd64 (3.4.4-5ubuntu0.5) ...
2025-10-31T02:20:16.1515217Z Setting up libgssdp-1.6-0:amd64 (1.6.3-1build3) ...
2025-10-31T02:20:16.1594036Z Setting up gstreamer1.0-plugins-good:amd64 (1.24.2-1ubuntu1.2) ...
2025-10-31T02:20:16.1628189Z Setting up libgupnp-1.6-0:amd64 (1.6.6-1build3) ...
2025-10-31T02:20:16.1697622Z Setting up libgupnp-igd-1.6-0:amd64 (1.6.0-3build3) ...
2025-10-31T02:20:16.1740568Z Setting up libnice10:amd64 (0.1.21-2build3) ...
2025-10-31T02:20:16.1815815Z Setting up libgstreamer-plugins-bad1.0-0:amd64 (1.24.2-1ubuntu4) ...
2025-10-31T02:20:16.1890960Z Setting up gstreamer1.0-plugins-bad:amd64 (1.24.2-1ubuntu4) ...
2025-10-31T02:20:16.1922684Z Processing triggers for libc-bin (2.39-0ubuntu8.6) ...
2025-10-31T02:20:17.4717631Z 
2025-10-31T02:20:17.4718824Z Running kernel seems to be up-to-date.
2025-10-31T02:20:17.4720438Z 
2025-10-31T02:20:17.4720640Z Restarting services...
2025-10-31T02:20:17.4792670Z 
2025-10-31T02:20:17.4793670Z Service restarts being deferred:
2025-10-31T02:20:17.4855499Z  systemctl restart hosted-compute-agent.service
2025-10-31T02:20:17.4856923Z 
2025-10-31T02:20:17.4857180Z No containers need to be restarted.
2025-10-31T02:20:17.4857483Z 
2025-10-31T02:20:17.4857762Z No user sessions are running outdated binaries.
2025-10-31T02:20:17.4858078Z 
2025-10-31T02:20:17.4858544Z No VM guests are running outdated hypervisor (qemu) binaries on this host.
2025-10-31T02:20:18.4737841Z Downloading Chromium 141.0.7390.37 (playwright build v1194) from https://cdn.playwright.dev/dbazure/download/playwright/builds/chromium/1194/chromium-linux.zip
2025-10-31T02:20:18.7252503Z |                                                                                |   0% of 173.9 MiB
2025-10-31T02:20:18.9518044Z |■■■■■■■■                                                                        |  10% of 173.9 MiB
2025-10-31T02:20:19.1009340Z |■■■■■■■■■■■■■■■■                                                                |  20% of 173.9 MiB
2025-10-31T02:20:19.2374786Z |■■■■■■■■■■■■■■■■■■■■■■■■                                                        |  30% of 173.9 MiB
2025-10-31T02:20:19.3548567Z |■■■■■■■■■■■■■■■■■■■■■■■■■■■■■■■■                                                |  40% of 173.9 MiB
2025-10-31T02:20:19.4735811Z |■■■■■■■■■■■■■■■■■■■■■■■■■■■■■■■■■■■■■■■■                                        |  50% of 173.9 MiB
2025-10-31T02:20:19.5914217Z |■■■■■■■■■■■■■■■■■■■■■■■■■■■■■■■■■■■■■■■■■■■■■■■■                                |  60% of 173.9 MiB
2025-10-31T02:20:19.7041164Z |■■■■■■■■■■■■■■■■■■■■■■■■■■■■■■■■■■■■■■■■■■■■■■■■■■■■■■■■                        |  70% of 173.9 MiB
2025-10-31T02:20:19.8163076Z |■■■■■■■■■■■■■■■■■■■■■■■■■■■■■■■■■■■■■■■■■■■■■■■■■■■■■■■■■■■■■■■■                |  80% of 173.9 MiB
2025-10-31T02:20:19.9691920Z |■■■■■■■■■■■■■■■■■■■■■■■■■■■■■■■■■■■■■■■■■■■■■■■■■■■■■■■■■■■■■■■■■■■■■■■■        |  90% of 173.9 MiB
2025-10-31T02:20:20.1256115Z |■■■■■■■■■■■■■■■■■■■■■■■■■■■■■■■■■■■■■■■■■■■■■■■■■■■■■■■■■■■■■■■■■■■■■■■■■■■■■■■■| 100% of 173.9 MiB
2025-10-31T02:20:25.0062450Z Chromium 141.0.7390.37 (playwright build v1194) downloaded to /home/runner/.cache/ms-playwright/chromium-1194
2025-10-31T02:20:25.0069509Z Downloading Chromium Headless Shell 141.0.7390.37 (playwright build v1194) from https://cdn.playwright.dev/dbazure/download/playwright/builds/chromium/1194/chromium-headless-shell-linux.zip
2025-10-31T02:20:25.1893891Z |                                                                                |   0% of 104.3 MiB
2025-10-31T02:20:25.3537240Z |■■■■■■■■                                                                        |  10% of 104.3 MiB
2025-10-31T02:20:25.4528362Z |■■■■■■■■■■■■■■■■                                                                |  20% of 104.3 MiB
2025-10-31T02:20:25.5471532Z |■■■■■■■■■■■■■■■■■■■■■■■■                                                        |  30% of 104.3 MiB
2025-10-31T02:20:25.6316902Z |■■■■■■■■■■■■■■■■■■■■■■■■■■■■■■■■                                                |  40% of 104.3 MiB
2025-10-31T02:20:25.7154439Z |■■■■■■■■■■■■■■■■■■■■■■■■■■■■■■■■■■■■■■■■                                        |  50% of 104.3 MiB
2025-10-31T02:20:25.7854910Z |■■■■■■■■■■■■■■■■■■■■■■■■■■■■■■■■■■■■■■■■■■■■■■■■                                |  60% of 104.3 MiB
2025-10-31T02:20:25.8566258Z |■■■■■■■■■■■■■■■■■■■■■■■■■■■■■■■■■■■■■■■■■■■■■■■■■■■■■■■■                        |  70% of 104.3 MiB
2025-10-31T02:20:25.9294212Z |■■■■■■■■■■■■■■■■■■■■■■■■■■■■■■■■■■■■■■■■■■■■■■■■■■■■■■■■■■■■■■■■                |  80% of 104.3 MiB
2025-10-31T02:20:25.9973161Z |■■■■■■■■■■■■■■■■■■■■■■■■■■■■■■■■■■■■■■■■■■■■■■■■■■■■■■■■■■■■■■■■■■■■■■■■        |  90% of 104.3 MiB
2025-10-31T02:20:26.0638712Z |■■■■■■■■■■■■■■■■■■■■■■■■■■■■■■■■■■■■■■■■■■■■■■■■■■■■■■■■■■■■■■■■■■■■■■■■■■■■■■■■| 100% of 104.3 MiB
2025-10-31T02:20:28.8062300Z Chromium Headless Shell 141.0.7390.37 (playwright build v1194) downloaded to /home/runner/.cache/ms-playwright/chromium_headless_shell-1194
2025-10-31T02:20:28.8070424Z Downloading Firefox 142.0.1 (playwright build v1495) from https://cdn.playwright.dev/dbazure/download/playwright/builds/firefox/1495/firefox-ubuntu-24.04.zip
2025-10-31T02:20:29.0471104Z |                                                                                |   0% of 96.7 MiB
2025-10-31T02:20:29.2215695Z |■■■■■■■■                                                                        |  10% of 96.7 MiB
2025-10-31T02:20:29.3534053Z |■■■■■■■■■■■■■■■■                                                                |  20% of 96.7 MiB
2025-10-31T02:20:29.4750877Z |■■■■■■■■■■■■■■■■■■■■■■■■                                                        |  30% of 96.7 MiB
2025-10-31T02:20:29.5852147Z |■■■■■■■■■■■■■■■■■■■■■■■■■■■■■■■■                                                |  40% of 96.7 MiB
2025-10-31T02:20:29.6805117Z |■■■■■■■■■■■■■■■■■■■■■■■■■■■■■■■■■■■■■■■■                                        |  50% of 96.7 MiB
2025-10-31T02:20:29.7600288Z |■■■■■■■■■■■■■■■■■■■■■■■■■■■■■■■■■■■■■■■■■■■■■■■■                                |  60% of 96.7 MiB
2025-10-31T02:20:29.8391678Z |■■■■■■■■■■■■■■■■■■■■■■■■■■■■■■■■■■■■■■■■■■■■■■■■■■■■■■■■                        |  70% of 96.7 MiB
2025-10-31T02:20:29.9166787Z |■■■■■■■■■■■■■■■■■■■■■■■■■■■■■■■■■■■■■■■■■■■■■■■■■■■■■■■■■■■■■■■■                |  80% of 96.7 MiB
2025-10-31T02:20:29.9879314Z |■■■■■■■■■■■■■■■■■■■■■■■■■■■■■■■■■■■■■■■■■■■■■■■■■■■■■■■■■■■■■■■■■■■■■■■■        |  90% of 96.7 MiB
2025-10-31T02:20:30.0645157Z |■■■■■■■■■■■■■■■■■■■■■■■■■■■■■■■■■■■■■■■■■■■■■■■■■■■■■■■■■■■■■■■■■■■■■■■■■■■■■■■■| 100% of 96.7 MiB
2025-10-31T02:20:32.7680372Z Firefox 142.0.1 (playwright build v1495) downloaded to /home/runner/.cache/ms-playwright/firefox-1495
2025-10-31T02:20:32.7701617Z Downloading Webkit 26.0 (playwright build v2215) from https://cdn.playwright.dev/dbazure/download/playwright/builds/webkit/2215/webkit-ubuntu-24.04.zip
2025-10-31T02:20:33.0343433Z |                                                                                |   0% of 94.6 MiB
2025-10-31T02:20:33.2065030Z |■■■■■■■■                                                                        |  10% of 94.6 MiB
2025-10-31T02:20:33.3333550Z |■■■■■■■■■■■■■■■■                                                                |  20% of 94.6 MiB
2025-10-31T02:20:33.4509525Z |■■■■■■■■■■■■■■■■■■■■■■■■                                                        |  30% of 94.6 MiB
2025-10-31T02:20:33.5593384Z |■■■■■■■■■■■■■■■■■■■■■■■■■■■■■■■■                                                |  40% of 94.6 MiB
2025-10-31T02:20:33.6809437Z |■■■■■■■■■■■■■■■■■■■■■■■■■■■■■■■■■■■■■■■■                                        |  50% of 94.6 MiB
2025-10-31T02:20:33.7649108Z |■■■■■■■■■■■■■■■■■■■■■■■■■■■■■■■■■■■■■■■■■■■■■■■■                                |  60% of 94.6 MiB
2025-10-31T02:20:33.8391587Z |■■■■■■■■■■■■■■■■■■■■■■■■■■■■■■■■■■■■■■■■■■■■■■■■■■■■■■■■                        |  70% of 94.6 MiB
2025-10-31T02:20:33.9146618Z |■■■■■■■■■■■■■■■■■■■■■■■■■■■■■■■■■■■■■■■■■■■■■■■■■■■■■■■■■■■■■■■■                |  80% of 94.6 MiB
2025-10-31T02:20:33.9866732Z |■■■■■■■■■■■■■■■■■■■■■■■■■■■■■■■■■■■■■■■■■■■■■■■■■■■■■■■■■■■■■■■■■■■■■■■■        |  90% of 94.6 MiB
2025-10-31T02:20:34.0563118Z |■■■■■■■■■■■■■■■■■■■■■■■■■■■■■■■■■■■■■■■■■■■■■■■■■■■■■■■■■■■■■■■■■■■■■■■■■■■■■■■■| 100% of 94.6 MiB
2025-10-31T02:20:36.5211899Z Webkit 26.0 (playwright build v2215) downloaded to /home/runner/.cache/ms-playwright/webkit-2215
2025-10-31T02:20:36.5216692Z Downloading FFMPEG playwright build v1011 from https://cdn.playwright.dev/dbazure/download/playwright/builds/ffmpeg/1011/ffmpeg-linux.zip
2025-10-31T02:20:36.7174496Z |                                                                                |   0% of 2.3 MiB
2025-10-31T02:20:36.7367912Z |■■■■■■■■                                                                        |  10% of 2.3 MiB
2025-10-31T02:20:36.7449544Z |■■■■■■■■■■■■■■■■                                                                |  20% of 2.3 MiB
2025-10-31T02:20:36.7505788Z |■■■■■■■■■■■■■■■■■■■■■■■■                                                        |  30% of 2.3 MiB
2025-10-31T02:20:36.7542101Z |■■■■■■■■■■■■■■■■■■■■■■■■■■■■■■■■                                                |  40% of 2.3 MiB
2025-10-31T02:20:36.7566735Z |■■■■■■■■■■■■■■■■■■■■■■■■■■■■■■■■■■■■■■■■                                        |  50% of 2.3 MiB
2025-10-31T02:20:36.7597327Z |■■■■■■■■■■■■■■■■■■■■■■■■■■■■■■■■■■■■■■■■■■■■■■■■                                |  60% of 2.3 MiB
2025-10-31T02:20:36.7628009Z |■■■■■■■■■■■■■■■■■■■■■■■■■■■■■■■■■■■■■■■■■■■■■■■■■■■■■■■■                        |  70% of 2.3 MiB
2025-10-31T02:20:36.7655445Z |■■■■■■■■■■■■■■■■■■■■■■■■■■■■■■■■■■■■■■■■■■■■■■■■■■■■■■■■■■■■■■■■                |  80% of 2.3 MiB
2025-10-31T02:20:36.7679419Z |■■■■■■■■■■■■■■■■■■■■■■■■■■■■■■■■■■■■■■■■■■■■■■■■■■■■■■■■■■■■■■■■■■■■■■■■        |  90% of 2.3 MiB
2025-10-31T02:20:36.7705513Z |■■■■■■■■■■■■■■■■■■■■■■■■■■■■■■■■■■■■■■■■■■■■■■■■■■■■■■■■■■■■■■■■■■■■■■■■■■■■■■■■| 100% of 2.3 MiB
2025-10-31T02:20:36.8508187Z FFMPEG playwright build v1011 downloaded to /home/runner/.cache/ms-playwright/ffmpeg-1011
2025-10-31T02:20:38.5815494Z ##[group]Run # start server in background and capture logs
2025-10-31T02:20:38.5815926Z [36;1m# start server in background and capture logs[0m
2025-10-31T02:20:38.5816446Z [36;1mnohup node tools/llm-mock/server.js > tools/llm-mock/server.log 2>&1 & echo $! > tools/llm-mock/server.pid || true[0m
2025-10-31T02:20:38.5816996Z [36;1m# install wait-on and wait for server to accept connections[0m
2025-10-31T02:20:38.5817313Z [36;1mnpm i -g wait-on || true[0m
2025-10-31T02:20:38.5817717Z [36;1mnpx wait-on http://127.0.0.1:8010 --timeout 30000 || (cat tools/llm-mock/server.log && exit 1)[0m
2025-10-31T02:20:38.5852036Z shell: /usr/bin/bash -e {0}
2025-10-31T02:20:38.5852314Z ##[endgroup]
2025-10-31T02:20:40.9821597Z npm warn EBADENGINE Unsupported engine {
2025-10-31T02:20:40.9823612Z npm warn EBADENGINE   package: 'joi@18.0.1',
2025-10-31T02:20:40.9824264Z npm warn EBADENGINE   required: { node: '>= 20' },
2025-10-31T02:20:40.9825133Z npm warn EBADENGINE   current: { node: 'v18.20.8', npm: '10.8.2' }
2025-10-31T02:20:40.9825757Z npm warn EBADENGINE }
2025-10-31T02:20:42.5870352Z 
2025-10-31T02:20:42.5873028Z added 36 packages in 4s
2025-10-31T02:20:42.5873347Z 
2025-10-31T02:20:42.5873595Z 7 packages are looking for funding
2025-10-31T02:20:42.5874080Z   run `npm fund` for details
2025-10-31T02:21:13.2449575Z Error: Timed out waiting for: http://127.0.0.1:8010
2025-10-31T02:21:13.2454535Z     at /opt/hostedtoolcache/node/18.20.8/x64/lib/node_modules/wait-on/lib/wait-on.js:131:31
2025-10-31T02:21:13.2456024Z     at doInnerSub (/opt/hostedtoolcache/node/18.20.8/x64/lib/node_modules/wait-on/node_modules/rxjs/dist/cjs/internal/operators/mergeInternals.js:22:31)
2025-10-31T02:21:13.2457834Z     at outerNext (/opt/hostedtoolcache/node/18.20.8/x64/lib/node_modules/wait-on/node_modules/rxjs/dist/cjs/internal/operators/mergeInternals.js:17:70)
2025-10-31T02:21:13.2459800Z     at OperatorSubscriber._this._next (/opt/hostedtoolcache/node/18.20.8/x64/lib/node_modules/wait-on/node_modules/rxjs/dist/cjs/internal/operators/OperatorSubscriber.js:33:21)
2025-10-31T02:21:13.2461815Z     at Subscriber.next (/opt/hostedtoolcache/node/18.20.8/x64/lib/node_modules/wait-on/node_modules/rxjs/dist/cjs/internal/Subscriber.js:51:18)
2025-10-31T02:21:13.2463482Z     at AsyncAction.work (/opt/hostedtoolcache/node/18.20.8/x64/lib/node_modules/wait-on/node_modules/rxjs/dist/cjs/internal/observable/timer.js:28:28)
2025-10-31T02:21:13.2465253Z     at AsyncAction._execute (/opt/hostedtoolcache/node/18.20.8/x64/lib/node_modules/wait-on/node_modules/rxjs/dist/cjs/internal/scheduler/AsyncAction.js:79:18)
2025-10-31T02:21:13.2467093Z     at AsyncAction.execute (/opt/hostedtoolcache/node/18.20.8/x64/lib/node_modules/wait-on/node_modules/rxjs/dist/cjs/internal/scheduler/AsyncAction.js:67:26)
2025-10-31T02:21:13.2468963Z     at AsyncScheduler.flush (/opt/hostedtoolcache/node/18.20.8/x64/lib/node_modules/wait-on/node_modules/rxjs/dist/cjs/internal/scheduler/AsyncScheduler.js:38:33)
2025-10-31T02:21:13.2470390Z     at listOnTimeout (node:internal/timers:569:17)
2025-10-31T02:21:13.2638144Z node:internal/modules/cjs/loader:1143
2025-10-31T02:21:13.2639624Z   throw err;
2025-10-31T02:21:13.2640538Z   ^
2025-10-31T02:21:13.2641346Z 
2025-10-31T02:21:13.2641715Z Error: Cannot find module './lib/mock-core'
2025-10-31T02:21:13.2642160Z Require stack:
2025-10-31T02:21:13.2642718Z - /home/runner/work/meu-repo/meu-repo/tools/llm-mock/server.js
2025-10-31T02:21:13.2643615Z     at Module._resolveFilename (node:internal/modules/cjs/loader:1140:15)
2025-10-31T02:21:13.2644814Z     at Module._load (node:internal/modules/cjs/loader:981:27)
2025-10-31T02:21:13.2645471Z     at Module.require (node:internal/modules/cjs/loader:1231:19)
2025-10-31T02:21:13.2646099Z     at require (node:internal/modules/helpers:177:18)
2025-10-31T02:21:13.2647177Z     at Object.<anonymous> (/home/runner/work/meu-repo/meu-repo/tools/llm-mock/server.js:5:14)
2025-10-31T02:21:13.2647990Z     at Module._compile (node:internal/modules/cjs/loader:1364:14)
2025-10-31T02:21:13.2648952Z     at Module._extensions..js (node:internal/modules/cjs/loader:1422:10)
2025-10-31T02:21:13.2649663Z     at Module.load (node:internal/modules/cjs/loader:1203:32)
2025-10-31T02:21:13.2650495Z     at Module._load (node:internal/modules/cjs/loader:1019:12)
2025-10-31T02:21:13.2651338Z     at Function.executeUserEntryPoint [as runMain] (node:internal/modules/run_main:128:12) {
2025-10-31T02:21:13.2651863Z   code: 'MODULE_NOT_FOUND',
2025-10-31T02:21:13.2652275Z   requireStack: [ '/home/runner/work/meu-repo/meu-repo/tools/llm-mock/server.js' ]
2025-10-31T02:21:13.2652654Z }
2025-10-31T02:21:13.2652747Z 
2025-10-31T02:21:13.2652821Z Node.js v18.20.8
2025-10-31T02:21:13.2664863Z ##[error]Process completed with exit code 1.
2025-10-31T02:21:13.2736439Z ##[group]Run actions/upload-artifact@v4
2025-10-31T02:21:13.2736716Z with:
2025-10-31T02:21:13.2736878Z   name: server-log
2025-10-31T02:21:13.2737076Z   path: tools/llm-mock/server.log
2025-10-31T02:21:13.2737301Z   if-no-files-found: warn
2025-10-31T02:21:13.2737503Z   compression-level: 6
2025-10-31T02:21:13.2737683Z   overwrite: false
2025-10-31T02:21:13.2737864Z   include-hidden-files: false
2025-10-31T02:21:13.2738065Z ##[endgroup]
2025-10-31T02:21:13.5077898Z With the provided path, there will be 1 file uploaded
2025-10-31T02:21:13.5081516Z Artifact name is valid!
2025-10-31T02:21:13.5083029Z Root directory input is valid!
2025-10-31T02:21:13.7988799Z Beginning upload of artifact content to blob storage
2025-10-31T02:21:14.0972412Z Uploaded bytes 527
2025-10-31T02:21:14.1749775Z Finished uploading artifact content to blob storage!
2025-10-31T02:21:14.1754533Z SHA256 digest of uploaded artifact zip is 411fb7a5a121ecdcc7aa15a9ef72f52a5a416b7bce49ead65ca06e7895c6e46b
2025-10-31T02:21:14.1756596Z Finalizing artifact upload
2025-10-31T02:21:14.2974962Z Artifact server-log.zip successfully finalized. Artifact ID 4425225627
2025-10-31T02:21:14.2976647Z Artifact server-log has been successfully uploaded! Final size is 527 bytes. Artifact ID is 4425225627
2025-10-31T02:21:14.2979286Z Artifact download URL: https://github.com/wilianflima321-glitch/meu-repo/actions/runs/18960662674/artifacts/4425225627
2025-10-31T02:21:14.3105321Z ##[group]Run actions/upload-artifact@v4
2025-10-31T02:21:14.3105771Z with:
2025-10-31T02:21:14.3106088Z   name: playwright-report
2025-10-31T02:21:14.3106482Z   path: playwright-report
2025-10-31T02:21:14.3106846Z   if-no-files-found: warn
2025-10-31T02:21:14.3107207Z   compression-level: 6
2025-10-31T02:21:14.3107558Z   overwrite: false
2025-10-31T02:21:14.3107889Z   include-hidden-files: false
2025-10-31T02:21:14.3108269Z ##[endgroup]
2025-10-31T02:21:14.5311969Z ##[warning]No files were found with the provided path: playwright-report. No artifacts will be uploaded.
2025-10-31T02:21:14.5438356Z Post job cleanup.
2025-10-31T02:21:14.6399367Z [command]/usr/bin/git version
2025-10-31T02:21:14.6439666Z git version 2.51.0
2025-10-31T02:21:14.6485049Z Temporarily overriding HOME='/home/runner/work/_temp/7a4f97bc-5bde-4cfb-b6b1-6c2656e4870d' before making global git config changes
2025-10-31T02:21:14.6487383Z Adding repository directory to the temporary git global config as a safe directory
2025-10-31T02:21:14.6492349Z [command]/usr/bin/git config --global --add safe.directory /home/runner/work/meu-repo/meu-repo
2025-10-31T02:21:14.6534667Z [command]/usr/bin/git config --local --name-only --get-regexp core\.sshCommand
2025-10-31T02:21:14.6569586Z [command]/usr/bin/git submodule foreach --recursive sh -c "git config --local --name-only --get-regexp 'core\.sshCommand' && git config --local --unset-all 'core.sshCommand' || :"
2025-10-31T02:21:14.6811465Z [command]/usr/bin/git config --local --name-only --get-regexp http\.https\:\/\/github\.com\/\.extraheader
2025-10-31T02:21:14.6835155Z http.https://github.com/.extraheader
2025-10-31T02:21:14.6849027Z [command]/usr/bin/git config --local --unset-all http.https://github.com/.extraheader
2025-10-31T02:21:14.6881897Z [command]/usr/bin/git submodule foreach --recursive sh -c "git config --local --name-only --get-regexp 'http\.https\:\/\/github\.com\/\.extraheader' && git config --local --unset-all 'http.https://github.com/.extraheader' || :"
2025-10-31T02:21:14.7245683Z Cleaning up orphan processes
