2025-10-31T02:01:08.2796677Z Current runner version: '2.328.0'
2025-10-31T02:01:08.2873076Z ##[group]Runner Image Provisioner
2025-10-31T02:01:08.2874397Z Hosted Compute Agent
2025-10-31T02:01:08.2875450Z Version: 20250912.392
2025-10-31T02:01:08.2876443Z Commit: d921fda672a98b64f4f82364647e2f10b2267d0b
2025-10-31T02:01:08.2878042Z Build Date: 2025-09-12T15:23:14Z
2025-10-31T02:01:08.2879110Z ##[endgroup]
2025-10-31T02:01:08.2879951Z ##[group]Operating System
2025-10-31T02:01:08.2881029Z Ubuntu
2025-10-31T02:01:08.2881902Z 24.04.3
2025-10-31T02:01:08.2882714Z LTS
2025-10-31T02:01:08.2883444Z ##[endgroup]
2025-10-31T02:01:08.2884526Z ##[group]Runner Image
2025-10-31T02:01:08.2885514Z Image: ubuntu-24.04
2025-10-31T02:01:08.2886375Z Version: 20250929.60.1
2025-10-31T02:01:08.2908794Z Included Software: https://github.com/actions/runner-images/blob/ubuntu24/20250929.60/images/ubuntu/Ubuntu2404-Readme.md
2025-10-31T02:01:08.2911706Z Image Release: https://github.com/actions/runner-images/releases/tag/ubuntu24%2F20250929.60
2025-10-31T02:01:08.2913468Z ##[endgroup]
2025-10-31T02:01:08.2915388Z ##[group]GITHUB_TOKEN Permissions
2025-10-31T02:01:08.2918330Z Contents: read
2025-10-31T02:01:08.2919240Z Metadata: read
2025-10-31T02:01:08.2920117Z Packages: read
2025-10-31T02:01:08.2921013Z ##[endgroup]
2025-10-31T02:01:08.2924334Z Secret source: Actions
2025-10-31T02:01:08.2925723Z Prepare workflow directory
2025-10-31T02:01:08.3553762Z Prepare all required actions
2025-10-31T02:01:08.3609745Z Getting action download info
2025-10-31T02:01:08.6905544Z Download action repository 'actions/checkout@v4' (SHA:08eba0b27e820071cde6df949e0beb9ba4906955)
2025-10-31T02:01:08.8900732Z Download action repository 'actions/setup-node@v4' (SHA:49933ea5288caeca8642d1e84afbd3f7d6820020)
2025-10-31T02:01:09.0948685Z Download action repository 'actions/upload-artifact@v4' (SHA:ea165f8d65b6e75b540449e92b4886f43607fa02)
2025-10-31T02:01:09.3074903Z Complete job name: Run Jest unit tests and Playwright E2E
2025-10-31T02:01:09.3739490Z ##[group]Run actions/checkout@v4
2025-10-31T02:01:09.3740323Z with:
2025-10-31T02:01:09.3740749Z   repository: wilianflima321-glitch/meu-repo
2025-10-31T02:01:09.3741456Z   token: ***
2025-10-31T02:01:09.3741835Z   ssh-strict: true
2025-10-31T02:01:09.3742228Z   ssh-user: git
2025-10-31T02:01:09.3742621Z   persist-credentials: true
2025-10-31T02:01:09.3743068Z   clean: true
2025-10-31T02:01:09.3743450Z   sparse-checkout-cone-mode: true
2025-10-31T02:01:09.3743923Z   fetch-depth: 1
2025-10-31T02:01:09.3744302Z   fetch-tags: false
2025-10-31T02:01:09.3744693Z   show-progress: true
2025-10-31T02:01:09.3745083Z   lfs: false
2025-10-31T02:01:09.3745450Z   submodules: false
2025-10-31T02:01:09.3745854Z   set-safe-directory: true
2025-10-31T02:01:09.3746482Z ##[endgroup]
2025-10-31T02:01:09.4902037Z Syncing repository: wilianflima321-glitch/meu-repo
2025-10-31T02:01:09.4905177Z ##[group]Getting Git version info
2025-10-31T02:01:09.4908132Z Working directory is '/home/runner/work/meu-repo/meu-repo'
2025-10-31T02:01:09.4910900Z [command]/usr/bin/git version
2025-10-31T02:01:09.4975988Z git version 2.51.0
2025-10-31T02:01:09.5005811Z ##[endgroup]
2025-10-31T02:01:09.5023027Z Temporarily overriding HOME='/home/runner/work/_temp/ee2beb8f-67a9-40e2-9b06-008736072789' before making global git config changes
2025-10-31T02:01:09.5026753Z Adding repository directory to the temporary git global config as a safe directory
2025-10-31T02:01:09.5048367Z [command]/usr/bin/git config --global --add safe.directory /home/runner/work/meu-repo/meu-repo
2025-10-31T02:01:09.5081928Z Deleting the contents of '/home/runner/work/meu-repo/meu-repo'
2025-10-31T02:01:09.5085560Z ##[group]Initializing the repository
2025-10-31T02:01:09.5090301Z [command]/usr/bin/git init /home/runner/work/meu-repo/meu-repo
2025-10-31T02:01:09.5192902Z hint: Using 'master' as the name for the initial branch. This default branch name
2025-10-31T02:01:09.5196524Z hint: is subject to change. To configure the initial branch name to use in all
2025-10-31T02:01:09.5200274Z hint: of your new repositories, which will suppress this warning, call:
2025-10-31T02:01:09.5203148Z hint:
2025-10-31T02:01:09.5204283Z hint: 	git config --global init.defaultBranch <name>
2025-10-31T02:01:09.5205707Z hint:
2025-10-31T02:01:09.5206871Z hint: Names commonly chosen instead of 'master' are 'main', 'trunk' and
2025-10-31T02:01:09.5209172Z hint: 'development'. The just-created branch can be renamed via this command:
2025-10-31T02:01:09.5210911Z hint:
2025-10-31T02:01:09.5211690Z hint: 	git branch -m <name>
2025-10-31T02:01:09.5213005Z hint:
2025-10-31T02:01:09.5214189Z hint: Disable this message with "git config set advice.defaultBranchName false"
2025-10-31T02:01:09.5216691Z Initialized empty Git repository in /home/runner/work/meu-repo/meu-repo/.git/
2025-10-31T02:01:09.5219649Z [command]/usr/bin/git remote add origin https://github.com/wilianflima321-glitch/meu-repo
2025-10-31T02:01:09.5361170Z ##[endgroup]
2025-10-31T02:01:09.5363086Z ##[group]Disabling automatic garbage collection
2025-10-31T02:01:09.5365753Z [command]/usr/bin/git config --local gc.auto 0
2025-10-31T02:01:09.5401043Z ##[endgroup]
2025-10-31T02:01:09.5402335Z ##[group]Setting up auth
2025-10-31T02:01:09.5405586Z [command]/usr/bin/git config --local --name-only --get-regexp core\.sshCommand
2025-10-31T02:01:09.5440247Z [command]/usr/bin/git submodule foreach --recursive sh -c "git config --local --name-only --get-regexp 'core\.sshCommand' && git config --local --unset-all 'core.sshCommand' || :"
2025-10-31T02:01:09.5785597Z [command]/usr/bin/git config --local --name-only --get-regexp http\.https\:\/\/github\.com\/\.extraheader
2025-10-31T02:01:09.5820613Z [command]/usr/bin/git submodule foreach --recursive sh -c "git config --local --name-only --get-regexp 'http\.https\:\/\/github\.com\/\.extraheader' && git config --local --unset-all 'http.https://github.com/.extraheader' || :"
2025-10-31T02:01:09.6052764Z [command]/usr/bin/git config --local http.https://github.com/.extraheader AUTHORIZATION: basic ***
2025-10-31T02:01:09.6089548Z ##[endgroup]
2025-10-31T02:01:09.6092202Z ##[group]Fetching the repository
2025-10-31T02:01:09.6111163Z [command]/usr/bin/git -c protocol.version=2 fetch --no-tags --prune --no-recurse-submodules --depth=1 origin +dbd325e69d93f899fbd3652f3ad9cf9527982d17:refs/remotes/origin/infra/playwright-ci-ensemble-workflow-fix
2025-10-31T02:01:09.8136206Z From https://github.com/wilianflima321-glitch/meu-repo
2025-10-31T02:01:09.8139165Z  * [new ref]         dbd325e69d93f899fbd3652f3ad9cf9527982d17 -> origin/infra/playwright-ci-ensemble-workflow-fix
2025-10-31T02:01:09.8144257Z ##[endgroup]
2025-10-31T02:01:09.8146719Z ##[group]Determining the checkout info
2025-10-31T02:01:09.8150062Z ##[endgroup]
2025-10-31T02:01:09.8150998Z [command]/usr/bin/git sparse-checkout disable
2025-10-31T02:01:09.8183104Z [command]/usr/bin/git config --local --unset-all extensions.worktreeConfig
2025-10-31T02:01:09.8215742Z ##[group]Checking out the ref
2025-10-31T02:01:09.8221263Z [command]/usr/bin/git checkout --progress --force -B infra/playwright-ci-ensemble-workflow-fix refs/remotes/origin/infra/playwright-ci-ensemble-workflow-fix
2025-10-31T02:01:09.8300210Z Switched to a new branch 'infra/playwright-ci-ensemble-workflow-fix'
2025-10-31T02:01:09.8305165Z branch 'infra/playwright-ci-ensemble-workflow-fix' set up to track 'origin/infra/playwright-ci-ensemble-workflow-fix'.
2025-10-31T02:01:09.8310150Z ##[endgroup]
2025-10-31T02:01:09.8343454Z [command]/usr/bin/git log -1 --format=%H
2025-10-31T02:01:09.8366656Z dbd325e69d93f899fbd3652f3ad9cf9527982d17
2025-10-31T02:01:09.8627046Z ##[group]Run actions/setup-node@v4
2025-10-31T02:01:09.8627839Z with:
2025-10-31T02:01:09.8628428Z   node-version: 18
2025-10-31T02:01:09.8629201Z   always-auth: false
2025-10-31T02:01:09.8629948Z   check-latest: false
2025-10-31T02:01:09.8630675Z   token: ***
2025-10-31T02:01:09.8631101Z ##[endgroup]
2025-10-31T02:01:10.1334223Z Found in cache @ /opt/hostedtoolcache/node/18.20.8/x64
2025-10-31T02:01:10.1340357Z ##[group]Environment details
2025-10-31T02:01:13.8389988Z node: v18.20.8
2025-10-31T02:01:13.8395427Z npm: 10.8.2
2025-10-31T02:01:13.8395861Z yarn: 1.22.22
2025-10-31T02:01:13.8397920Z ##[endgroup]
2025-10-31T02:01:13.8520784Z ##[group]Run # use npm install instead of npm ci because this repository does not include a lockfile
2025-10-31T02:01:13.8521774Z [36;1m# use npm install instead of npm ci because this repository does not include a lockfile[0m
2025-10-31T02:01:13.8522449Z [36;1mnpm install --no-audit --no-fund[0m
2025-10-31T02:01:13.8695722Z shell: /usr/bin/bash -e {0}
2025-10-31T02:01:13.8696164Z ##[endgroup]
2025-10-31T02:01:27.5422659Z 
2025-10-31T02:01:27.5436753Z added 70 packages in 14s
2025-10-31T02:01:27.5680102Z ##[group]Run # Run Jest only if the mock package has a package.json and tests configured
2025-10-31T02:01:27.5680808Z [36;1m# Run Jest only if the mock package has a package.json and tests configured[0m
2025-10-31T02:01:27.5681327Z [36;1mif [ -f tools/llm-mock/package.json ]; then[0m
2025-10-31T02:01:27.5681901Z [36;1m  echo "Found tools/llm-mock/package.json — running npm test in that directory"[0m
2025-10-31T02:01:27.5682466Z [36;1m  (cd tools/llm-mock && npm test --silent)[0m
2025-10-31T02:01:27.5682801Z [36;1melse[0m
2025-10-31T02:01:27.5683162Z [36;1m  echo "No package.json in tools/llm-mock — skipping Jest unit tests"[0m
2025-10-31T02:01:27.5683587Z [36;1mfi[0m
2025-10-31T02:01:27.5719105Z shell: /usr/bin/bash -e {0}
2025-10-31T02:01:27.5793627Z ##[endgroup]
2025-10-31T02:01:27.5865404Z No package.json in tools/llm-mock — skipping Jest unit tests
2025-10-31T02:01:27.5891825Z ##[group]Run # Use playwright CLI to install system deps and browsers. The microsoft/playwright-github-action@v1
2025-10-31T02:01:27.5892707Z [36;1m# Use playwright CLI to install system deps and browsers. The microsoft/playwright-github-action@v1[0m
2025-10-31T02:01:27.5893471Z [36;1m# is deprecated and may fail on some runner images. Prefer npx playwright install --with-deps.[0m
2025-10-31T02:01:27.5894015Z [36;1mnpx playwright install --with-deps[0m
2025-10-31T02:01:27.5894463Z [36;1m# Ensure the chromium browser is installed for the tests (idempotent).[0m
2025-10-31T02:01:27.5894916Z [36;1mnpx playwright install chromium[0m
2025-10-31T02:01:27.5929814Z shell: /usr/bin/bash -e {0}
2025-10-31T02:01:27.5930119Z ##[endgroup]
2025-10-31T02:01:28.8625961Z Installing dependencies...
2025-10-31T02:01:28.8713307Z Switching to root user to install dependencies...
2025-10-31T02:01:29.1351387Z Get:1 file:/etc/apt/apt-mirrors.txt Mirrorlist [144 B]
2025-10-31T02:01:29.1818439Z Get:6 https://packages.microsoft.com/repos/azure-cli noble InRelease [3564 B]
2025-10-31T02:01:29.2289069Z Hit:2 http://azure.archive.ubuntu.com/ubuntu noble InRelease
2025-10-31T02:01:29.2290178Z Get:7 https://packages.microsoft.com/ubuntu/24.04/prod noble InRelease [3600 B]
2025-10-31T02:01:29.2358770Z Get:3 http://azure.archive.ubuntu.com/ubuntu noble-updates InRelease [126 kB]
2025-10-31T02:01:29.2492629Z Get:4 http://azure.archive.ubuntu.com/ubuntu noble-backports InRelease [126 kB]
2025-10-31T02:01:29.2609915Z Get:5 http://azure.archive.ubuntu.com/ubuntu noble-security InRelease [126 kB]
2025-10-31T02:01:29.3750531Z Get:8 https://packages.microsoft.com/repos/azure-cli noble/main amd64 Packages [1629 B]
2025-10-31T02:01:29.5138870Z Get:9 https://packages.microsoft.com/ubuntu/24.04/prod noble/main armhf Packages [11.1 kB]
2025-10-31T02:01:29.5186558Z Get:10 https://packages.microsoft.com/ubuntu/24.04/prod noble/main amd64 Packages [65.9 kB]
2025-10-31T02:01:29.5243493Z Get:11 https://packages.microsoft.com/ubuntu/24.04/prod noble/main arm64 Packages [48.7 kB]
2025-10-31T02:01:29.5759777Z Get:12 http://azure.archive.ubuntu.com/ubuntu noble-updates/main amd64 Packages [1545 kB]
2025-10-31T02:01:29.5911780Z Get:13 http://azure.archive.ubuntu.com/ubuntu noble-updates/main Translation-en [294 kB]
2025-10-31T02:01:29.5970067Z Get:14 http://azure.archive.ubuntu.com/ubuntu noble-updates/main amd64 Components [175 kB]
2025-10-31T02:01:29.6021182Z Get:15 http://azure.archive.ubuntu.com/ubuntu noble-updates/main amd64 c-n-f Metadata [15.4 kB]
2025-10-31T02:01:29.6078609Z Get:16 http://azure.archive.ubuntu.com/ubuntu noble-updates/universe amd64 Packages [1498 kB]
2025-10-31T02:01:29.6245914Z Get:17 http://azure.archive.ubuntu.com/ubuntu noble-updates/universe Translation-en [303 kB]
2025-10-31T02:01:29.6289960Z Get:18 http://azure.archive.ubuntu.com/ubuntu noble-updates/universe amd64 Components [378 kB]
2025-10-31T02:01:29.6387792Z Get:19 http://azure.archive.ubuntu.com/ubuntu noble-updates/universe amd64 c-n-f Metadata [31.4 kB]
2025-10-31T02:01:29.6389676Z Get:20 http://azure.archive.ubuntu.com/ubuntu noble-updates/restricted amd64 Packages [2175 kB]
2025-10-31T02:01:29.6669171Z Get:21 http://azure.archive.ubuntu.com/ubuntu noble-updates/restricted Translation-en [490 kB]
2025-10-31T02:01:29.7224589Z Get:22 http://azure.archive.ubuntu.com/ubuntu noble-updates/restricted amd64 Components [212 B]
2025-10-31T02:01:29.7239235Z Get:23 http://azure.archive.ubuntu.com/ubuntu noble-updates/restricted amd64 c-n-f Metadata [516 B]
2025-10-31T02:01:29.7266669Z Get:24 http://azure.archive.ubuntu.com/ubuntu noble-updates/multiverse amd64 Packages [30.3 kB]
2025-10-31T02:01:29.7346337Z Get:25 http://azure.archive.ubuntu.com/ubuntu noble-updates/multiverse Translation-en [5564 B]
2025-10-31T02:01:29.7378714Z Get:26 http://azure.archive.ubuntu.com/ubuntu noble-updates/multiverse amd64 Components [940 B]
2025-10-31T02:01:29.7409731Z Get:27 http://azure.archive.ubuntu.com/ubuntu noble-updates/multiverse amd64 c-n-f Metadata [484 B]
2025-10-31T02:01:29.7421016Z Get:28 http://azure.archive.ubuntu.com/ubuntu noble-backports/main amd64 Components [7148 B]
2025-10-31T02:01:29.7448581Z Get:29 http://azure.archive.ubuntu.com/ubuntu noble-backports/universe amd64 Components [11.0 kB]
2025-10-31T02:01:29.7475755Z Get:30 http://azure.archive.ubuntu.com/ubuntu noble-backports/restricted amd64 Components [216 B]
2025-10-31T02:01:29.7485409Z Get:31 http://azure.archive.ubuntu.com/ubuntu noble-backports/multiverse amd64 Components [212 B]
2025-10-31T02:01:29.8096286Z Get:32 http://azure.archive.ubuntu.com/ubuntu noble-security/main amd64 Packages [1270 kB]
2025-10-31T02:01:29.8231912Z Get:33 http://azure.archive.ubuntu.com/ubuntu noble-security/main Translation-en [211 kB]
2025-10-31T02:01:29.8261879Z Get:34 http://azure.archive.ubuntu.com/ubuntu noble-security/main amd64 Components [21.5 kB]
2025-10-31T02:01:29.8294367Z Get:35 http://azure.archive.ubuntu.com/ubuntu noble-security/main amd64 c-n-f Metadata [9008 B]
2025-10-31T02:01:29.8769303Z Get:36 http://azure.archive.ubuntu.com/ubuntu noble-security/universe amd64 Packages [905 kB]
2025-10-31T02:01:29.8894163Z Get:37 http://azure.archive.ubuntu.com/ubuntu noble-security/universe Translation-en [203 kB]
2025-10-31T02:01:29.8928817Z Get:38 http://azure.archive.ubuntu.com/ubuntu noble-security/universe amd64 Components [52.2 kB]
2025-10-31T02:01:29.8954824Z Get:39 http://azure.archive.ubuntu.com/ubuntu noble-security/universe amd64 c-n-f Metadata [19.4 kB]
2025-10-31T02:01:29.8991512Z Get:40 http://azure.archive.ubuntu.com/ubuntu noble-security/restricted amd64 Packages [2080 kB]
2025-10-31T02:01:29.9244075Z Get:41 http://azure.archive.ubuntu.com/ubuntu noble-security/restricted Translation-en [470 kB]
2025-10-31T02:01:29.9265791Z Get:42 http://azure.archive.ubuntu.com/ubuntu noble-security/restricted amd64 Components [208 B]
2025-10-31T02:01:29.9287790Z Get:43 http://azure.archive.ubuntu.com/ubuntu noble-security/restricted amd64 c-n-f Metadata [500 B]
2025-10-31T02:01:29.9315420Z Get:44 http://azure.archive.ubuntu.com/ubuntu noble-security/multiverse amd64 Packages [27.4 kB]
2025-10-31T02:01:29.9340056Z Get:45 http://azure.archive.ubuntu.com/ubuntu noble-security/multiverse Translation-en [5708 B]
2025-10-31T02:01:29.9362958Z Get:46 http://azure.archive.ubuntu.com/ubuntu noble-security/multiverse amd64 Components [208 B]
2025-10-31T02:01:29.9381505Z Get:47 http://azure.archive.ubuntu.com/ubuntu noble-security/multiverse amd64 c-n-f Metadata [384 B]
2025-10-31T02:01:43.2091021Z Fetched 12.7 MB in 2s (6611 kB/s)
2025-10-31T02:01:43.9625798Z Reading package lists...
2025-10-31T02:01:43.9908257Z Reading package lists...
2025-10-31T02:01:44.1823182Z Building dependency tree...
2025-10-31T02:01:44.1831589Z Reading state information...
2025-10-31T02:01:44.1974042Z libasound2t64 is already the newest version (1.2.11-1ubuntu0.1).
2025-10-31T02:01:44.1974925Z libasound2t64 set to manually installed.
2025-10-31T02:01:44.1978176Z libatk-bridge2.0-0t64 is already the newest version (2.52.0-1build1).
2025-10-31T02:01:44.1978970Z libatk-bridge2.0-0t64 set to manually installed.
2025-10-31T02:01:44.1979686Z libatk1.0-0t64 is already the newest version (2.52.0-1build1).
2025-10-31T02:01:44.1980333Z libatk1.0-0t64 set to manually installed.
2025-10-31T02:01:44.1981037Z libatspi2.0-0t64 is already the newest version (2.52.0-1build1).
2025-10-31T02:01:44.1981709Z libatspi2.0-0t64 set to manually installed.
2025-10-31T02:01:44.1982466Z libcairo2 is already the newest version (1.18.0-3build1).
2025-10-31T02:01:44.1983081Z libcairo2 set to manually installed.
2025-10-31T02:01:44.1983773Z libcups2t64 is already the newest version (2.4.7-1.2ubuntu7.4).
2025-10-31T02:01:44.1984425Z libcups2t64 set to manually installed.
2025-10-31T02:01:44.1985099Z libdbus-1-3 is already the newest version (1.14.10-4ubuntu4.1).
2025-10-31T02:01:44.1985733Z libdbus-1-3 set to manually installed.
2025-10-31T02:01:44.1986427Z libdrm2 is already the newest version (2.4.122-1~ubuntu0.24.04.1).
2025-10-31T02:01:44.1987070Z libdrm2 set to manually installed.
2025-10-31T02:01:44.1988315Z libgbm1 is already the newest version (25.0.7-0ubuntu0.24.04.2).
2025-10-31T02:01:44.1988945Z libgbm1 set to manually installed.
2025-10-31T02:01:44.1989594Z libglib2.0-0t64 is already the newest version (2.80.0-6ubuntu3.4).
2025-10-31T02:01:44.1990240Z libglib2.0-0t64 set to manually installed.
2025-10-31T02:01:44.1990895Z libnspr4 is already the newest version (2:4.35-1.1build1).
2025-10-31T02:01:44.1991478Z libnspr4 set to manually installed.
2025-10-31T02:01:44.1992066Z libnss3 is already the newest version (2:3.98-1build1).
2025-10-31T02:01:44.1992642Z libnss3 set to manually installed.
2025-10-31T02:01:44.1993278Z libpango-1.0-0 is already the newest version (1.52.1+ds-1build1).
2025-10-31T02:01:44.1993923Z libpango-1.0-0 set to manually installed.
2025-10-31T02:01:44.1994543Z libx11-6 is already the newest version (2:1.8.7-1build1).
2025-10-31T02:01:44.1995100Z libx11-6 set to manually installed.
2025-10-31T02:01:44.1995671Z libxcb1 is already the newest version (1.15-1ubuntu2).
2025-10-31T02:01:44.1996252Z libxcb1 set to manually installed.
2025-10-31T02:01:44.1997040Z libxcomposite1 is already the newest version (1:0.4.5-1build3).
2025-10-31T02:01:44.1997839Z libxcomposite1 set to manually installed.
2025-10-31T02:01:44.1998495Z libxdamage1 is already the newest version (1:1.1.6-1build1).
2025-10-31T02:01:44.1999102Z libxdamage1 set to manually installed.
2025-10-31T02:01:44.1999712Z libxext6 is already the newest version (2:1.3.4-1build2).
2025-10-31T02:01:44.2000279Z libxext6 set to manually installed.
2025-10-31T02:01:44.2000893Z libxfixes3 is already the newest version (1:6.0.0-2build1).
2025-10-31T02:01:44.2001489Z libxfixes3 set to manually installed.
2025-10-31T02:01:44.2002111Z libxkbcommon0 is already the newest version (1.6.0-1build1).
2025-10-31T02:01:44.2002729Z libxkbcommon0 set to manually installed.
2025-10-31T02:01:44.2003367Z libxrandr2 is already the newest version (2:1.5.2-2build1).
2025-10-31T02:01:44.2003960Z libxrandr2 set to manually installed.
2025-10-31T02:01:44.2004633Z libcairo-gobject2 is already the newest version (1.18.0-3build1).
2025-10-31T02:01:44.2005309Z libcairo-gobject2 set to manually installed.
2025-10-31T02:01:44.2006017Z libfontconfig1 is already the newest version (2.15.0-1.1ubuntu2).
2025-10-31T02:01:44.2006672Z libfontconfig1 set to manually installed.
2025-10-31T02:01:44.2007497Z libfreetype6 is already the newest version (2.13.2+dfsg-1build3).
2025-10-31T02:01:44.2008145Z libfreetype6 set to manually installed.
2025-10-31T02:01:44.2008887Z libgdk-pixbuf-2.0-0 is already the newest version (2.42.10+dfsg-3ubuntu3.2).
2025-10-31T02:01:44.2009825Z libgdk-pixbuf-2.0-0 set to manually installed.
2025-10-31T02:01:44.2010533Z libgtk-3-0t64 is already the newest version (3.24.41-4ubuntu1.3).
2025-10-31T02:01:44.2011162Z libgtk-3-0t64 set to manually installed.
2025-10-31T02:01:44.2011873Z libpangocairo-1.0-0 is already the newest version (1.52.1+ds-1build1).
2025-10-31T02:01:44.2012580Z libpangocairo-1.0-0 set to manually installed.
2025-10-31T02:01:44.2013247Z libx11-xcb1 is already the newest version (2:1.8.7-1build1).
2025-10-31T02:01:44.2013858Z libx11-xcb1 set to manually installed.
2025-10-31T02:01:44.2014472Z libxcb-shm0 is already the newest version (1.15-1ubuntu2).
2025-10-31T02:01:44.2015002Z libxcb-shm0 set to manually installed.
2025-10-31T02:01:44.2015568Z libxcursor1 is already the newest version (1:1.2.1-1build1).
2025-10-31T02:01:44.2016088Z libxcursor1 set to manually installed.
2025-10-31T02:01:44.2016587Z libxi6 is already the newest version (2:1.8.1-1build1).
2025-10-31T02:01:44.2017071Z libxi6 set to manually installed.
2025-10-31T02:01:44.2017775Z libxrender1 is already the newest version (1:0.9.10-1.1build1).
2025-10-31T02:01:44.2018347Z libxrender1 set to manually installed.
2025-10-31T02:01:44.2018923Z libicu74 is already the newest version (74.2-1ubuntu3.1).
2025-10-31T02:01:44.2019559Z libatomic1 is already the newest version (14.2.0-4ubuntu2~24.04).
2025-10-31T02:01:44.2020096Z libatomic1 set to manually installed.
2025-10-31T02:01:44.2020802Z libenchant-2-2 is already the newest version (2.3.3-2build2).
2025-10-31T02:01:44.2021363Z libenchant-2-2 set to manually installed.
2025-10-31T02:01:44.2021885Z libepoxy0 is already the newest version (1.5.10-1build1).
2025-10-31T02:01:44.2022374Z libepoxy0 set to manually installed.
2025-10-31T02:01:44.2022932Z libgstreamer1.0-0 is already the newest version (1.24.2-1ubuntu0.1).
2025-10-31T02:01:44.2023501Z libgstreamer1.0-0 set to manually installed.
2025-10-31T02:01:44.2024070Z libharfbuzz0b is already the newest version (8.3.0-2build2).
2025-10-31T02:01:44.2024615Z libharfbuzz0b set to manually installed.
2025-10-31T02:01:44.2025167Z libjpeg-turbo8 is already the newest version (2.1.5-2ubuntu2).
2025-10-31T02:01:44.2025702Z libjpeg-turbo8 set to manually installed.
2025-10-31T02:01:44.2026228Z liblcms2-2 is already the newest version (2.14-2build1).
2025-10-31T02:01:44.2026708Z liblcms2-2 set to manually installed.
2025-10-31T02:01:44.3495413Z libpng16-16t64 is already the newest version (1.6.43-5build1).
2025-10-31T02:01:44.3510127Z libpng16-16t64 set to manually installed.
2025-10-31T02:01:44.3510799Z libwayland-client0 is already the newest version (1.22.0-2.1build1).
2025-10-31T02:01:44.3511818Z libwayland-client0 set to manually installed.
2025-10-31T02:01:44.3512568Z libwayland-egl1 is already the newest version (1.22.0-2.1build1).
2025-10-31T02:01:44.3513134Z libwayland-egl1 set to manually installed.
2025-10-31T02:01:44.3513586Z libwayland-server0 is already the newest version (1.22.0-2.1build1).
2025-10-31T02:01:44.3514025Z libwayland-server0 set to manually installed.
2025-10-31T02:01:44.3514531Z libwebp7 is already the newest version (1.3.2-0.4build3).
2025-10-31T02:01:44.3515069Z libwebp7 set to manually installed.
2025-10-31T02:01:44.3515458Z libwebpdemux2 is already the newest version (1.3.2-0.4build3).
2025-10-31T02:01:44.3515841Z libwebpdemux2 set to manually installed.
2025-10-31T02:01:44.3516228Z libxml2 is already the newest version (2.9.14+dfsg-1.3ubuntu3.5).
2025-10-31T02:01:44.3516592Z libxml2 set to manually installed.
2025-10-31T02:01:44.3517450Z libxslt1.1 is already the newest version (1.1.39-0exp1ubuntu0.24.04.2).
2025-10-31T02:01:44.3518011Z libxslt1.1 set to manually installed.
2025-10-31T02:01:44.3518400Z xvfb is already the newest version (2:21.1.12-1ubuntu1.4).
2025-10-31T02:01:44.3518909Z fonts-noto-color-emoji is already the newest version (2.047-0ubuntu0.24.04.1).
2025-10-31T02:01:44.3519401Z fonts-liberation is already the newest version (1:2.1.5-3).
2025-10-31T02:01:44.3520110Z fonts-liberation set to manually installed.
2025-10-31T02:01:44.3520479Z The following additional packages will be installed:
2025-10-31T02:01:44.3520899Z   glib-networking glib-networking-common glib-networking-services
2025-10-31T02:01:44.3521385Z   gsettings-desktop-schemas libaa1 libabsl20220623t64 libass9 libasyncns0
2025-10-31T02:01:44.3521890Z   libavc1394-0 libavcodec60 libavfilter9 libavformat60 libavtp0 libavutil58
2025-10-31T02:01:44.3522369Z   libblas3 libbluray2 libbs2b0 libcaca0 libcairo-script-interpreter2
2025-10-31T02:01:44.3522834Z   libcdparanoia0 libchromaprint1 libcjson1 libcodec2-1.2 libdav1d7
2025-10-31T02:01:44.3523303Z   libdc1394-25 libdca0 libdecor-0-0 libdirectfb-1.7-7t64 libdv4t64 libdvdnav4
2025-10-31T02:01:44.3523787Z   libdvdread8t64 libegl-mesa0 libegl1 libfaad2 libflac12t64 libfluidsynth3
2025-10-31T02:01:44.3524274Z   libfreeaptx0 libgav1-1 libgme0 libgraphene-1.0-0 libgsm1 libgssdp-1.6-0
2025-10-31T02:01:44.3524739Z   libgstreamer-plugins-good1.0-0 libgtk-4-common libgupnp-1.6-0
2025-10-31T02:01:44.3525168Z   libgupnp-igd-1.6-0 libhwy1t64 libiec61883-0 libimath-3-1-29t64
2025-10-31T02:01:44.3525592Z   libinstpatch-1.0-2 libjack-jackd2-0 libjxl0.7 liblapack3 liblc3-1
2025-10-31T02:01:44.3526075Z   libldacbt-enc2 liblilv-0-0 liblrdf0 libltc11 libmbedcrypto7t64 libmfx1
2025-10-31T02:01:44.3526505Z   libmjpegutils-2.1-0t64 libmodplug1 libmp3lame0 libmpcdec6
2025-10-31T02:01:44.3526930Z   libmpeg2encpp-2.1-0t64 libmpg123-0t64 libmplex2-2.1-0t64 libmysofa1
2025-10-31T02:01:44.3527778Z   libneon27t64 libnice10 libopenal-data libopenal1 libopenexr-3-1-30
2025-10-31T02:01:44.3528204Z   libopenh264-7 libopenmpt0t64 libopenni2-0 liborc-0.4-0t64
2025-10-31T02:01:44.3528622Z   libpipewire-0.3-0t64 libplacebo338 libpocketsphinx3 libpostproc57
2025-10-31T02:01:44.3529087Z   libproxy1v5 libpulse0 libqrencode4 libraptor2-0 librav1e0 libraw1394-11
2025-10-31T02:01:44.3529562Z   librist4 librsvg2-2 librubberband2 libsamplerate0 libsbc1 libsdl2-2.0-0
2025-10-31T02:01:44.3530043Z   libsecret-common libserd-0-0 libshine3 libshout3 libsndfile1 libsndio7.0
2025-10-31T02:01:44.3530521Z   libsord-0-0 libsoundtouch1 libsoup-3.0-0 libsoup-3.0-common libsoxr0
2025-10-31T02:01:44.3530999Z   libspa-0.2-modules libspandsp2t64 libspeex1 libsphinxbase3t64 libsratom-0-0
2025-10-31T02:01:44.3531500Z   libsrt1.5-gnutls libsrtp2-1 libssh-gcrypt-4 libsvtav1enc1d1 libswresample4
2025-10-31T02:01:44.3531995Z   libswscale7 libtag1v5 libtag1v5-vanilla libtheora0 libtwolame0 libudfread0
2025-10-31T02:01:44.3532486Z   libunibreak5 libv4l-0t64 libv4lconvert0t64 libva-drm2 libva-x11-2 libva2
2025-10-31T02:01:44.3532965Z   libvdpau1 libvidstab1.1 libvisual-0.4-0 libvo-aacenc0 libvo-amrwbenc0
2025-10-31T02:01:44.3533447Z   libvorbisenc2 libvpl2 libwavpack1 libwebrtc-audio-processing1 libwildmidi2
2025-10-31T02:01:44.3533951Z   libx265-199 libxcb-xkb1 libxkbcommon-x11-0 libxvidcore4 libyuv0 libzbar0t64
2025-10-31T02:01:44.3534443Z   libzimg2 libzix-0-0 libzvbi-common libzvbi0t64 libzxing3 ocl-icd-libopencl1
2025-10-31T02:01:44.3534922Z   session-migration timgm6mb-soundfont xfonts-encodings xfonts-utils
2025-10-31T02:01:44.3535268Z Suggested packages:
2025-10-31T02:01:44.3535606Z   frei0r-plugins gvfs libcuda1 libnvcuvid1 libnvidia-encode1 libbluray-bdj
2025-10-31T02:01:44.3536089Z   libdirectfb-extra libdv-bin oss-compat libdvdcss2 libvisual-0.4-plugins
2025-10-31T02:01:44.3536560Z   jackd2 liblrdf0-dev libportaudio2 opus-tools pipewire pulseaudio
2025-10-31T02:01:44.3537012Z   raptor2-utils libraw1394-doc librsvg2-bin serdi sndiod sordi speex
2025-10-31T02:01:44.3537520Z   libwildmidi-config opencl-icd fluid-soundfont-gm
2025-10-31T02:01:44.3537820Z Recommended packages:
2025-10-31T02:01:44.3538141Z   fonts-ipafont-mincho fonts-tlwg-loma gstreamer1.0-x libaacs0
2025-10-31T02:01:44.3538587Z   default-libdecor-0-plugin-1 | libdecor-0-plugin-1 gstreamer1.0-gl
2025-10-31T02:01:44.3539090Z   libgtk-4-bin librsvg2-common libgtk-4-media-gstreamer libpipewire-0.3-common
2025-10-31T02:01:44.3539615Z   pocketsphinx-en-us va-driver-all | va-driver vdpau-driver-all | vdpau-driver
2025-10-31T02:01:44.3540112Z   libmagickcore-6.q16-7-extra
2025-10-31T02:01:44.4890395Z The following NEW packages will be installed:
2025-10-31T02:01:44.4896370Z   fonts-freefont-ttf fonts-ipafont-gothic fonts-tlwg-loma-otf fonts-unifont
2025-10-31T02:01:44.4897539Z   fonts-wqy-zenhei glib-networking glib-networking-common
2025-10-31T02:01:44.4898489Z   glib-networking-services gsettings-desktop-schemas gstreamer1.0-libav
2025-10-31T02:01:44.4900077Z   gstreamer1.0-plugins-bad gstreamer1.0-plugins-base gstreamer1.0-plugins-good
2025-10-31T02:01:44.4901509Z   libaa1 libabsl20220623t64 libass9 libasyncns0 libavc1394-0 libavcodec60
2025-10-31T02:01:44.4902787Z   libavfilter9 libavformat60 libavif16 libavtp0 libavutil58 libblas3
2025-10-31T02:01:44.4903765Z   libbluray2 libbs2b0 libcaca0 libcairo-script-interpreter2 libcdparanoia0
2025-10-31T02:01:44.4904760Z   libchromaprint1 libcjson1 libcodec2-1.2 libdav1d7 libdc1394-25 libdca0
2025-10-31T02:01:44.4905898Z   libdecor-0-0 libdirectfb-1.7-7t64 libdv4t64 libdvdnav4 libdvdread8t64
2025-10-31T02:01:44.4907035Z   libegl-mesa0 libegl1 libevent-2.1-7t64 libfaad2 libflac12t64 libflite1
2025-10-31T02:01:44.4908189Z   libfluidsynth3 libfreeaptx0 libgav1-1 libgles2 libgme0 libgraphene-1.0-0
2025-10-31T02:01:44.4909222Z   libgsm1 libgssdp-1.6-0 libgstreamer-gl1.0-0 libgstreamer-plugins-bad1.0-0
2025-10-31T02:01:44.4910268Z   libgstreamer-plugins-base1.0-0 libgstreamer-plugins-good1.0-0 libgtk-4-1
2025-10-31T02:01:44.4911586Z   libgtk-4-common libgupnp-1.6-0 libgupnp-igd-1.6-0 libharfbuzz-icu0
2025-10-31T02:01:44.4912569Z   libhwy1t64 libhyphen0 libiec61883-0 libimath-3-1-29t64 libinstpatch-1.0-2
2025-10-31T02:01:44.4914102Z   libjack-jackd2-0 libjxl0.7 liblapack3 liblc3-1 libldacbt-enc2 liblilv-0-0
2025-10-31T02:01:44.4915378Z   liblrdf0 libltc11 libmanette-0.2-0 libmbedcrypto7t64 libmfx1
2025-10-31T02:01:44.4916350Z   libmjpegutils-2.1-0t64 libmodplug1 libmp3lame0 libmpcdec6
2025-10-31T02:01:44.4917545Z   libmpeg2encpp-2.1-0t64 libmpg123-0t64 libmplex2-2.1-0t64 libmysofa1
2025-10-31T02:01:44.4918688Z   libneon27t64 libnice10 libopenal-data libopenal1 libopenexr-3-1-30
2025-10-31T02:01:44.4919795Z   libopenh264-7 libopenmpt0t64 libopenni2-0 libopus0 liborc-0.4-0t64
2025-10-31T02:01:44.4920976Z   libpipewire-0.3-0t64 libplacebo338 libpocketsphinx3 libpostproc57
2025-10-31T02:01:44.4922143Z   libproxy1v5 libpulse0 libqrencode4 libraptor2-0 librav1e0 libraw1394-11
2025-10-31T02:01:44.4923379Z   librist4 librsvg2-2 librubberband2 libsamplerate0 libsbc1 libsdl2-2.0-0
2025-10-31T02:01:44.4924662Z   libsecret-1-0 libsecret-common libserd-0-0 libshine3 libshout3 libsndfile1
2025-10-31T02:01:44.4925873Z   libsndio7.0 libsord-0-0 libsoundtouch1 libsoup-3.0-0 libsoup-3.0-common
2025-10-31T02:01:44.4927051Z   libsoxr0 libspa-0.2-modules libspandsp2t64 libspeex1 libsphinxbase3t64
2025-10-31T02:01:44.4928770Z   libsratom-0-0 libsrt1.5-gnutls libsrtp2-1 libssh-gcrypt-4 libsvtav1enc1d1
2025-10-31T02:01:44.4929688Z   libswresample4 libswscale7 libtag1v5 libtag1v5-vanilla libtheora0
2025-10-31T02:01:44.4930525Z   libtwolame0 libudfread0 libunibreak5 libv4l-0t64 libv4lconvert0t64
2025-10-31T02:01:44.4931329Z   libva-drm2 libva-x11-2 libva2 libvdpau1 libvidstab1.1 libvisual-0.4-0
2025-10-31T02:01:44.4932362Z   libvo-aacenc0 libvo-amrwbenc0 libvorbisenc2 libvpl2 libvpx9 libwavpack1
2025-10-31T02:01:44.4933342Z   libwebrtc-audio-processing1 libwildmidi2 libwoff1 libx264-164 libx265-199
2025-10-31T02:01:44.4934247Z   libxcb-xkb1 libxkbcommon-x11-0 libxvidcore4 libyuv0 libzbar0t64 libzimg2
2025-10-31T02:01:44.4935059Z   libzix-0-0 libzvbi-common libzvbi0t64 libzxing3 ocl-icd-libopencl1
2025-10-31T02:01:44.4935974Z   session-migration timgm6mb-soundfont xfonts-cyrillic xfonts-encodings
2025-10-31T02:01:44.4936617Z   xfonts-scalable xfonts-utils
2025-10-31T02:01:44.5244514Z 0 upgraded, 179 newly installed, 0 to remove and 43 not upgraded.
2025-10-31T02:01:44.5245215Z Need to get 114 MB of archives.
2025-10-31T02:01:44.5245895Z After this operation, 363 MB of additional disk space will be used.
2025-10-31T02:01:44.5246996Z Get:1 file:/etc/apt/apt-mirrors.txt Mirrorlist [144 B]
2025-10-31T02:01:44.5534117Z Get:2 http://azure.archive.ubuntu.com/ubuntu noble/universe amd64 fonts-ipafont-gothic all 00303-21ubuntu1 [3513 kB]
2025-10-31T02:01:44.6121975Z Get:3 http://azure.archive.ubuntu.com/ubuntu noble/main amd64 fonts-freefont-ttf all 20211204+svn4273-2 [5641 kB]
2025-10-31T02:01:44.6566913Z Get:4 http://azure.archive.ubuntu.com/ubuntu noble/universe amd64 fonts-tlwg-loma-otf all 1:0.7.3-1 [107 kB]
2025-10-31T02:01:44.6656971Z Get:5 http://azure.archive.ubuntu.com/ubuntu noble/universe amd64 fonts-unifont all 1:15.1.01-1build1 [2993 kB]
2025-10-31T02:01:44.6939474Z Get:6 http://azure.archive.ubuntu.com/ubuntu noble/universe amd64 fonts-wqy-zenhei all 0.9.45-8 [7472 kB]
2025-10-31T02:01:44.7465076Z Get:7 http://azure.archive.ubuntu.com/ubuntu noble/main amd64 libproxy1v5 amd64 0.5.4-4build1 [26.5 kB]
2025-10-31T02:01:44.7548213Z Get:8 http://azure.archive.ubuntu.com/ubuntu noble/main amd64 glib-networking-common all 2.80.0-1build1 [6702 B]
2025-10-31T02:01:44.7631170Z Get:9 http://azure.archive.ubuntu.com/ubuntu noble/main amd64 glib-networking-services amd64 2.80.0-1build1 [12.8 kB]
2025-10-31T02:01:44.7719233Z Get:10 http://azure.archive.ubuntu.com/ubuntu noble/main amd64 session-migration amd64 0.3.9build1 [9034 B]
2025-10-31T02:01:44.7795570Z Get:11 http://azure.archive.ubuntu.com/ubuntu noble-updates/main amd64 gsettings-desktop-schemas all 46.1-0ubuntu1 [35.6 kB]
2025-10-31T02:01:44.7879956Z Get:12 http://azure.archive.ubuntu.com/ubuntu noble/main amd64 glib-networking amd64 2.80.0-1build1 [64.1 kB]
2025-10-31T02:01:44.7963020Z Get:13 http://azure.archive.ubuntu.com/ubuntu noble/universe amd64 libva2 amd64 2.20.0-2build1 [66.2 kB]
2025-10-31T02:01:44.8051350Z Get:14 http://azure.archive.ubuntu.com/ubuntu noble/universe amd64 libva-drm2 amd64 2.20.0-2build1 [7124 B]
2025-10-31T02:01:44.8137004Z Get:15 http://azure.archive.ubuntu.com/ubuntu noble/universe amd64 libva-x11-2 amd64 2.20.0-2build1 [12.0 kB]
2025-10-31T02:01:44.8226339Z Get:16 http://azure.archive.ubuntu.com/ubuntu noble/main amd64 libvdpau1 amd64 1.5-2build1 [27.8 kB]
2025-10-31T02:01:44.8310927Z Get:17 http://azure.archive.ubuntu.com/ubuntu noble/universe amd64 libvpl2 amd64 2023.3.0-1build1 [99.8 kB]
2025-10-31T02:01:44.8402076Z Get:18 http://azure.archive.ubuntu.com/ubuntu noble/universe amd64 ocl-icd-libopencl1 amd64 2.3.2-1build1 [38.5 kB]
2025-10-31T02:01:44.8485613Z Get:19 http://azure.archive.ubuntu.com/ubuntu noble/universe amd64 libavutil58 amd64 7:6.1.1-3ubuntu5 [401 kB]
2025-10-31T02:01:44.9027848Z Get:20 http://azure.archive.ubuntu.com/ubuntu noble/universe amd64 libcodec2-1.2 amd64 1.2.0-2build1 [8998 kB]
2025-10-31T02:01:44.9694204Z Get:21 http://azure.archive.ubuntu.com/ubuntu noble/universe amd64 libdav1d7 amd64 1.4.1-1build1 [604 kB]
2025-10-31T02:01:44.9817554Z Get:22 http://azure.archive.ubuntu.com/ubuntu noble/universe amd64 libgsm1 amd64 1.0.22-1build1 [27.8 kB]
2025-10-31T02:01:44.9901081Z Get:23 http://azure.archive.ubuntu.com/ubuntu noble/universe amd64 libhwy1t64 amd64 1.0.7-8.1build1 [584 kB]
2025-10-31T02:01:45.0032888Z Get:24 http://azure.archive.ubuntu.com/ubuntu noble-updates/universe amd64 libjxl0.7 amd64 0.7.0-10.2ubuntu6.1 [1001 kB]
2025-10-31T02:01:45.0179799Z Get:25 http://azure.archive.ubuntu.com/ubuntu noble/main amd64 libmp3lame0 amd64 3.100-6build1 [142 kB]
2025-10-31T02:01:45.0271564Z Get:26 http://azure.archive.ubuntu.com/ubuntu noble/main amd64 libopus0 amd64 1.4-1build1 [208 kB]
2025-10-31T02:01:45.0365004Z Get:27 http://azure.archive.ubuntu.com/ubuntu noble/universe amd64 librav1e0 amd64 0.7.1-2 [1022 kB]
2025-10-31T02:01:45.0506421Z Get:28 http://azure.archive.ubuntu.com/ubuntu noble/main amd64 librsvg2-2 amd64 2.58.0+dfsg-1build1 [2135 kB]
2025-10-31T02:01:45.0723346Z Get:29 http://azure.archive.ubuntu.com/ubuntu noble/universe amd64 libshine3 amd64 3.1.1-2build1 [23.2 kB]
2025-10-31T02:01:45.0805878Z Get:30 http://azure.archive.ubuntu.com/ubuntu noble-updates/main amd64 libspeex1 amd64 1.2.1-2ubuntu2.24.04.1 [59.6 kB]
2025-10-31T02:01:45.0894514Z Get:31 http://azure.archive.ubuntu.com/ubuntu noble/universe amd64 libsvtav1enc1d1 amd64 1.7.0+dfsg-2build1 [2425 kB]
2025-10-31T02:01:45.1139742Z Get:32 http://azure.archive.ubuntu.com/ubuntu noble/universe amd64 libsoxr0 amd64 0.1.3-4build3 [80.0 kB]
2025-10-31T02:01:45.1231901Z Get:33 http://azure.archive.ubuntu.com/ubuntu noble/universe amd64 libswresample4 amd64 7:6.1.1-3ubuntu5 [63.8 kB]
2025-10-31T02:01:45.1313795Z Get:34 http://azure.archive.ubuntu.com/ubuntu noble/main amd64 libtheora0 amd64 1.1.1+dfsg.1-16.1build3 [211 kB]
2025-10-31T02:01:45.1410885Z Get:35 http://azure.archive.ubuntu.com/ubuntu noble/main amd64 libtwolame0 amd64 0.4.0-2build3 [52.3 kB]
2025-10-31T02:01:45.1494089Z Get:36 http://azure.archive.ubuntu.com/ubuntu noble/main amd64 libvorbisenc2 amd64 1.3.7-1build3 [80.8 kB]
2025-10-31T02:01:45.1588534Z Get:37 http://azure.archive.ubuntu.com/ubuntu noble-updates/main amd64 libvpx9 amd64 1.14.0-1ubuntu2.2 [1143 kB]
2025-10-31T02:01:45.1744853Z Get:38 http://azure.archive.ubuntu.com/ubuntu noble/universe amd64 libx264-164 amd64 2:0.164.3108+git31e19f9-1 [604 kB]
2025-10-31T02:01:45.2314132Z Get:39 http://azure.archive.ubuntu.com/ubuntu noble/universe amd64 libx265-199 amd64 3.5-2build1 [1226 kB]
2025-10-31T02:01:45.2476370Z Get:40 http://azure.archive.ubuntu.com/ubuntu noble/universe amd64 libxvidcore4 amd64 2:1.3.7-1build1 [219 kB]
2025-10-31T02:01:45.2572599Z Get:41 http://azure.archive.ubuntu.com/ubuntu noble/universe amd64 libzvbi-common all 0.2.42-2 [42.4 kB]
2025-10-31T02:01:45.2658538Z Get:42 http://azure.archive.ubuntu.com/ubuntu noble/universe amd64 libzvbi0t64 amd64 0.2.42-2 [261 kB]
2025-10-31T02:01:45.2758445Z Get:43 http://azure.archive.ubuntu.com/ubuntu noble/universe amd64 libavcodec60 amd64 7:6.1.1-3ubuntu5 [5851 kB]
2025-10-31T02:01:45.3236605Z Get:44 http://azure.archive.ubuntu.com/ubuntu noble/universe amd64 libunibreak5 amd64 5.1-2build1 [25.0 kB]
2025-10-31T02:01:45.3321893Z Get:45 http://azure.archive.ubuntu.com/ubuntu noble/universe amd64 libass9 amd64 1:0.17.1-2build1 [104 kB]
2025-10-31T02:01:45.3404778Z Get:46 http://azure.archive.ubuntu.com/ubuntu noble/universe amd64 libudfread0 amd64 1.1.2-1build1 [19.0 kB]
2025-10-31T02:01:45.3576903Z Get:47 http://azure.archive.ubuntu.com/ubuntu noble/universe amd64 libbluray2 amd64 1:1.3.4-1build1 [159 kB]
2025-10-31T02:01:45.3677564Z Get:48 http://azure.archive.ubuntu.com/ubuntu noble/universe amd64 libchromaprint1 amd64 1.5.1-5 [30.5 kB]
2025-10-31T02:01:45.3756368Z Get:49 http://azure.archive.ubuntu.com/ubuntu noble/universe amd64 libgme0 amd64 0.6.3-7build1 [134 kB]
2025-10-31T02:01:45.3843768Z Get:50 http://azure.archive.ubuntu.com/ubuntu noble-updates/main amd64 libmpg123-0t64 amd64 1.32.5-1ubuntu1.1 [169 kB]
2025-10-31T02:01:45.3932411Z Get:51 http://azure.archive.ubuntu.com/ubuntu noble/universe amd64 libopenmpt0t64 amd64 0.7.3-1.1build3 [647 kB]
2025-10-31T02:01:45.4271338Z Get:52 http://azure.archive.ubuntu.com/ubuntu noble/universe amd64 libcjson1 amd64 1.7.17-1 [24.8 kB]
2025-10-31T02:01:45.4352899Z Get:53 http://azure.archive.ubuntu.com/ubuntu noble/universe amd64 libmbedcrypto7t64 amd64 2.28.8-1 [209 kB]
2025-10-31T02:01:45.4451263Z Get:54 http://azure.archive.ubuntu.com/ubuntu noble/universe amd64 librist4 amd64 0.2.10+dfsg-2 [74.9 kB]
2025-10-31T02:01:45.4539896Z Get:55 http://azure.archive.ubuntu.com/ubuntu noble/universe amd64 libsrt1.5-gnutls amd64 1.5.3-1build2 [316 kB]
2025-10-31T02:01:45.4643522Z Get:56 http://azure.archive.ubuntu.com/ubuntu noble-updates/main amd64 libssh-gcrypt-4 amd64 0.10.6-2ubuntu0.1 [224 kB]
2025-10-31T02:01:45.4778678Z Get:57 http://azure.archive.ubuntu.com/ubuntu noble/universe amd64 libavformat60 amd64 7:6.1.1-3ubuntu5 [1153 kB]
2025-10-31T02:01:45.5381754Z Get:58 http://azure.archive.ubuntu.com/ubuntu noble/universe amd64 libbs2b0 amd64 3.1.0+dfsg-7build1 [10.6 kB]
2025-10-31T02:01:45.5498236Z Get:59 http://azure.archive.ubuntu.com/ubuntu noble/universe amd64 libflite1 amd64 2.2-6build3 [13.6 MB]
2025-10-31T02:01:45.6419787Z Get:60 http://azure.archive.ubuntu.com/ubuntu noble/universe amd64 libserd-0-0 amd64 0.32.2-1 [43.6 kB]
2025-10-31T02:01:45.6497805Z Get:61 http://azure.archive.ubuntu.com/ubuntu noble/universe amd64 libzix-0-0 amd64 0.4.2-2build1 [23.6 kB]
2025-10-31T02:01:45.6575230Z Get:62 http://azure.archive.ubuntu.com/ubuntu noble/universe amd64 libsord-0-0 amd64 0.16.16-2build1 [15.8 kB]
2025-10-31T02:01:45.6653998Z Get:63 http://azure.archive.ubuntu.com/ubuntu noble/universe amd64 libsratom-0-0 amd64 0.6.16-1build1 [17.3 kB]
2025-10-31T02:01:45.6729413Z Get:64 http://azure.archive.ubuntu.com/ubuntu noble/universe amd64 liblilv-0-0 amd64 0.24.22-1build1 [41.0 kB]
2025-10-31T02:01:45.6811165Z Get:65 http://azure.archive.ubuntu.com/ubuntu noble/universe amd64 libmysofa1 amd64 1.3.2+dfsg-2ubuntu2 [1158 kB]
2025-10-31T02:01:45.6960664Z Get:66 http://azure.archive.ubuntu.com/ubuntu noble/universe amd64 libplacebo338 amd64 6.338.2-2build1 [2654 kB]
2025-10-31T02:01:45.7220687Z Get:67 http://azure.archive.ubuntu.com/ubuntu noble-updates/main amd64 libblas3 amd64 3.12.0-3build1.1 [238 kB]
2025-10-31T02:01:45.7314969Z Get:68 http://azure.archive.ubuntu.com/ubuntu noble-updates/main amd64 liblapack3 amd64 3.12.0-3build1.1 [2646 kB]
2025-10-31T02:01:45.7659803Z Get:69 http://azure.archive.ubuntu.com/ubuntu noble/main amd64 libasyncns0 amd64 0.8-6build4 [11.3 kB]
2025-10-31T02:01:45.7661661Z Get:70 http://azure.archive.ubuntu.com/ubuntu noble/main amd64 libflac12t64 amd64 1.4.3+ds-2.1ubuntu2 [197 kB]
2025-10-31T02:01:45.7738062Z Get:71 http://azure.archive.ubuntu.com/ubuntu noble-updates/main amd64 libsndfile1 amd64 1.2.2-1ubuntu5.24.04.1 [209 kB]
2025-10-31T02:01:45.7849877Z Get:72 http://azure.archive.ubuntu.com/ubuntu noble-updates/main amd64 libpulse0 amd64 1:16.1+dfsg1-2ubuntu10.1 [292 kB]
2025-10-31T02:01:45.7938031Z Get:73 http://azure.archive.ubuntu.com/ubuntu noble/universe amd64 libsphinxbase3t64 amd64 0.8+5prealpha+1-17build2 [126 kB]
2025-10-31T02:01:45.8022877Z Get:74 http://azure.archive.ubuntu.com/ubuntu noble/universe amd64 libpocketsphinx3 amd64 0.8.0+real5prealpha+1-15ubuntu5 [133 kB]
2025-10-31T02:01:45.8111703Z Get:75 http://azure.archive.ubuntu.com/ubuntu noble/universe amd64 libpostproc57 amd64 7:6.1.1-3ubuntu5 [49.9 kB]
2025-10-31T02:01:45.8634640Z Get:76 http://azure.archive.ubuntu.com/ubuntu noble/main amd64 libsamplerate0 amd64 0.2.2-4build1 [1344 kB]
2025-10-31T02:01:45.8796405Z Get:77 http://azure.archive.ubuntu.com/ubuntu noble/universe amd64 librubberband2 amd64 3.3.0+dfsg-2build1 [130 kB]
2025-10-31T02:01:45.8883518Z Get:78 http://azure.archive.ubuntu.com/ubuntu noble/universe amd64 libswscale7 amd64 7:6.1.1-3ubuntu5 [193 kB]
2025-10-31T02:01:45.8976074Z Get:79 http://azure.archive.ubuntu.com/ubuntu noble/universe amd64 libvidstab1.1 amd64 1.1.0-2build1 [38.5 kB]
2025-10-31T02:01:45.9062850Z Get:80 http://azure.archive.ubuntu.com/ubuntu noble/universe amd64 libzimg2 amd64 3.0.5+ds1-1build1 [254 kB]
2025-10-31T02:01:45.9160232Z Get:81 http://azure.archive.ubuntu.com/ubuntu noble/universe amd64 libavfilter9 amd64 7:6.1.1-3ubuntu5 [4235 kB]
2025-10-31T02:01:45.9501889Z Get:82 http://azure.archive.ubuntu.com/ubuntu noble-updates/main amd64 liborc-0.4-0t64 amd64 1:0.4.38-1ubuntu0.1 [207 kB]
2025-10-31T02:01:45.9595156Z Get:83 http://azure.archive.ubuntu.com/ubuntu noble-updates/main amd64 libgstreamer-plugins-base1.0-0 amd64 1.24.2-1ubuntu0.3 [862 kB]
2025-10-31T02:01:45.9733551Z Get:84 http://azure.archive.ubuntu.com/ubuntu noble/universe amd64 gstreamer1.0-libav amd64 1.24.1-1build1 [103 kB]
2025-10-31T02:01:45.9819846Z Get:85 http://azure.archive.ubuntu.com/ubuntu noble/main amd64 libcdparanoia0 amd64 3.10.2+debian-14build3 [48.5 kB]
2025-10-31T02:01:45.9905596Z Get:86 http://azure.archive.ubuntu.com/ubuntu noble/main amd64 libvisual-0.4-0 amd64 0.4.2-2build1 [115 kB]
2025-10-31T02:01:45.9988479Z Get:87 http://azure.archive.ubuntu.com/ubuntu noble-updates/main amd64 gstreamer1.0-plugins-base amd64 1.24.2-1ubuntu0.3 [721 kB]
2025-10-31T02:01:46.0114605Z Get:88 http://azure.archive.ubuntu.com/ubuntu noble/main amd64 libaa1 amd64 1.4p5-51.1 [49.9 kB]
2025-10-31T02:01:46.0198324Z Get:89 http://azure.archive.ubuntu.com/ubuntu noble/main amd64 libraw1394-11 amd64 2.1.2-2build3 [26.2 kB]
2025-10-31T02:01:46.0273601Z Get:90 http://azure.archive.ubuntu.com/ubuntu noble/main amd64 libavc1394-0 amd64 0.5.4-5build3 [15.4 kB]
2025-10-31T02:01:46.0350038Z Get:91 http://azure.archive.ubuntu.com/ubuntu noble/main amd64 libcaca0 amd64 0.99.beta20-4build2 [208 kB]
2025-10-31T02:01:46.0445859Z Get:92 http://azure.archive.ubuntu.com/ubuntu noble/main amd64 libdv4t64 amd64 1.0.0-17.1build1 [63.2 kB]
2025-10-31T02:01:46.0532312Z Get:93 http://azure.archive.ubuntu.com/ubuntu noble-updates/main amd64 libgstreamer-plugins-good1.0-0 amd64 1.24.2-1ubuntu1.2 [33.0 kB]
2025-10-31T02:01:46.0644228Z Get:94 http://azure.archive.ubuntu.com/ubuntu noble/main amd64 libiec61883-0 amd64 1.2.0-6build1 [24.5 kB]
2025-10-31T02:01:46.1146977Z Get:95 http://azure.archive.ubuntu.com/ubuntu noble/main amd64 libshout3 amd64 2.4.6-1build2 [50.3 kB]
2025-10-31T02:01:46.1238670Z Get:96 http://azure.archive.ubuntu.com/ubuntu noble/main amd64 libtag1v5-vanilla amd64 1.13.1-1build1 [326 kB]
2025-10-31T02:01:46.1340349Z Get:97 http://azure.archive.ubuntu.com/ubuntu noble/main amd64 libtag1v5 amd64 1.13.1-1build1 [11.7 kB]
2025-10-31T02:01:46.1422401Z Get:98 http://azure.archive.ubuntu.com/ubuntu noble/main amd64 libv4lconvert0t64 amd64 1.26.1-4build3 [87.6 kB]
2025-10-31T02:01:46.1510346Z Get:99 http://azure.archive.ubuntu.com/ubuntu noble/main amd64 libv4l-0t64 amd64 1.26.1-4build3 [46.9 kB]
2025-10-31T02:01:46.1606568Z Get:100 http://azure.archive.ubuntu.com/ubuntu noble/main amd64 libwavpack1 amd64 5.6.0-1build1 [84.6 kB]
2025-10-31T02:01:46.1696665Z Get:101 http://azure.archive.ubuntu.com/ubuntu noble-updates/main amd64 libsoup-3.0-common all 3.4.4-5ubuntu0.5 [11.3 kB]
2025-10-31T02:01:46.1779837Z Get:102 http://azure.archive.ubuntu.com/ubuntu noble-updates/main amd64 libsoup-3.0-0 amd64 3.4.4-5ubuntu0.5 [291 kB]
2025-10-31T02:01:46.1895671Z Get:103 http://azure.archive.ubuntu.com/ubuntu noble-updates/main amd64 gstreamer1.0-plugins-good amd64 1.24.2-1ubuntu1.2 [2238 kB]
2025-10-31T02:01:46.2213234Z Get:104 http://azure.archive.ubuntu.com/ubuntu noble-updates/main amd64 libabsl20220623t64 amd64 20220623.1-3.1ubuntu3.2 [423 kB]
2025-10-31T02:01:46.2325706Z Get:105 http://azure.archive.ubuntu.com/ubuntu noble/universe amd64 libgav1-1 amd64 0.18.0-1build3 [357 kB]
2025-10-31T02:01:46.2428646Z Get:106 http://azure.archive.ubuntu.com/ubuntu noble/universe amd64 libyuv0 amd64 0.0~git202401110.af6ac82-1 [178 kB]
2025-10-31T02:01:46.2521930Z Get:107 http://azure.archive.ubuntu.com/ubuntu noble/universe amd64 libavif16 amd64 1.0.4-1ubuntu3 [91.2 kB]
2025-10-31T02:01:46.2604273Z Get:108 http://azure.archive.ubuntu.com/ubuntu noble/universe amd64 libavtp0 amd64 0.2.0-1build1 [6414 B]
2025-10-31T02:01:46.2677128Z Get:109 http://azure.archive.ubuntu.com/ubuntu noble/main amd64 libcairo-script-interpreter2 amd64 1.18.0-3build1 [60.3 kB]
2025-10-31T02:01:46.2756876Z Get:110 http://azure.archive.ubuntu.com/ubuntu noble/universe amd64 libdc1394-25 amd64 2.2.6-4build1 [90.1 kB]
2025-10-31T02:01:46.2838097Z Get:111 http://azure.archive.ubuntu.com/ubuntu noble/main amd64 libdecor-0-0 amd64 0.2.2-1build2 [16.5 kB]
2025-10-31T02:01:46.2912627Z Get:112 http://azure.archive.ubuntu.com/ubuntu noble/main amd64 libgles2 amd64 1.7.0-1build1 [17.1 kB]
2025-10-31T02:01:46.2991824Z Get:113 http://azure.archive.ubuntu.com/ubuntu noble/universe amd64 libdirectfb-1.7-7t64 amd64 1.7.7-11.1ubuntu2 [1035 kB]
2025-10-31T02:01:46.3134837Z Get:114 http://azure.archive.ubuntu.com/ubuntu noble/universe amd64 libdvdread8t64 amd64 6.1.3-1.1build1 [54.7 kB]
2025-10-31T02:01:46.3224970Z Get:115 http://azure.archive.ubuntu.com/ubuntu noble/universe amd64 libdvdnav4 amd64 6.1.1-3build1 [39.5 kB]
2025-10-31T02:01:46.3302841Z Get:116 http://azure.archive.ubuntu.com/ubuntu noble-updates/main amd64 libegl-mesa0 amd64 25.0.7-0ubuntu0.24.04.2 [124 kB]
2025-10-31T02:01:46.3389363Z Get:117 http://azure.archive.ubuntu.com/ubuntu noble/main amd64 libevent-2.1-7t64 amd64 2.1.12-stable-9ubuntu2 [145 kB]
2025-10-31T02:01:46.3470558Z Get:118 http://azure.archive.ubuntu.com/ubuntu noble/universe amd64 libfaad2 amd64 2.11.1-1build1 [207 kB]
2025-10-31T02:01:46.3557049Z Get:119 http://azure.archive.ubuntu.com/ubuntu noble/universe amd64 libinstpatch-1.0-2 amd64 1.1.6-1build2 [251 kB]
2025-10-31T02:01:46.3651315Z Get:120 http://azure.archive.ubuntu.com/ubuntu noble/main amd64 libjack-jackd2-0 amd64 1.9.21~dfsg-3ubuntu3 [289 kB]
2025-10-31T02:01:46.4199273Z Get:121 http://azure.archive.ubuntu.com/ubuntu noble/main amd64 libwebrtc-audio-processing1 amd64 0.3.1-0ubuntu6 [290 kB]
2025-10-31T02:01:46.4295292Z Get:122 http://azure.archive.ubuntu.com/ubuntu noble-updates/main amd64 libspa-0.2-modules amd64 1.0.5-1ubuntu3.1 [626 kB]
2025-10-31T02:01:46.4413919Z Get:123 http://azure.archive.ubuntu.com/ubuntu noble-updates/main amd64 libpipewire-0.3-0t64 amd64 1.0.5-1ubuntu3.1 [252 kB]
2025-10-31T02:01:46.4503962Z Get:124 http://azure.archive.ubuntu.com/ubuntu noble-updates/main amd64 libsdl2-2.0-0 amd64 2.30.0+dfsg-1ubuntu3.1 [686 kB]
2025-10-31T02:01:46.4623396Z Get:125 http://azure.archive.ubuntu.com/ubuntu noble/universe amd64 timgm6mb-soundfont all 1.3-5 [5427 kB]
2025-10-31T02:01:46.5049197Z Get:126 http://azure.archive.ubuntu.com/ubuntu noble/universe amd64 libfluidsynth3 amd64 2.3.4-1build3 [249 kB]
2025-10-31T02:01:46.5137664Z Get:127 http://azure.archive.ubuntu.com/ubuntu noble/main amd64 libfreeaptx0 amd64 0.1.1-2build1 [13.5 kB]
2025-10-31T02:01:46.5209927Z Get:128 http://azure.archive.ubuntu.com/ubuntu noble/main amd64 libgraphene-1.0-0 amd64 1.10.8-3build2 [46.2 kB]
2025-10-31T02:01:46.5288026Z Get:129 http://azure.archive.ubuntu.com/ubuntu noble/main amd64 libgssdp-1.6-0 amd64 1.6.3-1build3 [40.4 kB]
2025-10-31T02:01:46.5366505Z Get:130 http://azure.archive.ubuntu.com/ubuntu noble/main amd64 libegl1 amd64 1.7.0-1build1 [28.7 kB]
2025-10-31T02:01:46.5442357Z Get:131 http://azure.archive.ubuntu.com/ubuntu noble-updates/main amd64 libgstreamer-gl1.0-0 amd64 1.24.2-1ubuntu0.3 [214 kB]
2025-10-31T02:01:46.5531577Z Get:132 http://azure.archive.ubuntu.com/ubuntu noble-updates/main amd64 libgtk-4-common all 4.14.5+ds-0ubuntu0.5 [1497 kB]
2025-10-31T02:01:46.5722665Z Get:133 http://azure.archive.ubuntu.com/ubuntu noble-updates/main amd64 libgtk-4-1 amd64 4.14.5+ds-0ubuntu0.5 [3293 kB]
2025-10-31T02:01:46.6023922Z Get:134 http://azure.archive.ubuntu.com/ubuntu noble/main amd64 libgupnp-1.6-0 amd64 1.6.6-1build3 [92.7 kB]
2025-10-31T02:01:46.6106298Z Get:135 http://azure.archive.ubuntu.com/ubuntu noble/universe amd64 libgupnp-igd-1.6-0 amd64 1.6.0-3build3 [16.5 kB]
2025-10-31T02:01:46.6183555Z Get:136 http://azure.archive.ubuntu.com/ubuntu noble/main amd64 libharfbuzz-icu0 amd64 8.3.0-2build2 [13.3 kB]
2025-10-31T02:01:46.6259867Z Get:137 http://azure.archive.ubuntu.com/ubuntu noble/main amd64 libhyphen0 amd64 2.8.8-7build3 [26.5 kB]
2025-10-31T02:01:46.6338824Z Get:138 http://azure.archive.ubuntu.com/ubuntu noble/universe amd64 libimath-3-1-29t64 amd64 3.1.9-3.1ubuntu2 [72.2 kB]
2025-10-31T02:01:46.6838456Z Get:139 http://azure.archive.ubuntu.com/ubuntu noble/main amd64 liblc3-1 amd64 1.0.4-3build1 [69.7 kB]
2025-10-31T02:01:46.6920050Z Get:140 http://azure.archive.ubuntu.com/ubuntu noble/main amd64 libldacbt-enc2 amd64 2.0.2.3+git20200429+ed310a0-4ubuntu2 [27.1 kB]
2025-10-31T02:01:46.6994820Z Get:141 http://azure.archive.ubuntu.com/ubuntu noble-updates/main amd64 libraptor2-0 amd64 2.0.16-3ubuntu0.1 [165 kB]
2025-10-31T02:01:46.7083641Z Get:142 http://azure.archive.ubuntu.com/ubuntu noble/universe amd64 liblrdf0 amd64 0.6.1-4build1 [18.5 kB]
2025-10-31T02:01:46.7162148Z Get:143 http://azure.archive.ubuntu.com/ubuntu noble/universe amd64 libltc11 amd64 1.3.2-1build1 [13.0 kB]
2025-10-31T02:01:46.7243484Z Get:144 http://azure.archive.ubuntu.com/ubuntu noble/main amd64 libmanette-0.2-0 amd64 0.2.7-1build2 [30.6 kB]
2025-10-31T02:01:46.7310371Z Get:145 http://azure.archive.ubuntu.com/ubuntu noble/universe amd64 libmfx1 amd64 22.5.4-1 [3124 kB]
2025-10-31T02:01:46.7597464Z Get:146 http://azure.archive.ubuntu.com/ubuntu noble/universe amd64 libmjpegutils-2.1-0t64 amd64 1:2.1.0+debian-8.1build1 [25.5 kB]
2025-10-31T02:01:46.7671006Z Get:147 http://azure.archive.ubuntu.com/ubuntu noble/universe amd64 libmodplug1 amd64 1:0.8.9.0-3build1 [166 kB]
2025-10-31T02:01:46.7761727Z Get:148 http://azure.archive.ubuntu.com/ubuntu noble/universe amd64 libmpcdec6 amd64 2:0.1~r495-2build1 [32.7 kB]
2025-10-31T02:01:46.7840368Z Get:149 http://azure.archive.ubuntu.com/ubuntu noble/universe amd64 libmpeg2encpp-2.1-0t64 amd64 1:2.1.0+debian-8.1build1 [75.6 kB]
2025-10-31T02:01:46.7929370Z Get:150 http://azure.archive.ubuntu.com/ubuntu noble/universe amd64 libmplex2-2.1-0t64 amd64 1:2.1.0+debian-8.1build1 [46.1 kB]
2025-10-31T02:01:46.8006823Z Get:151 http://azure.archive.ubuntu.com/ubuntu noble/universe amd64 libneon27t64 amd64 0.33.0-1.1build3 [102 kB]
2025-10-31T02:01:46.8100088Z Get:152 http://azure.archive.ubuntu.com/ubuntu noble/universe amd64 libnice10 amd64 0.1.21-2build3 [157 kB]
2025-10-31T02:01:46.8188749Z Get:153 http://azure.archive.ubuntu.com/ubuntu noble/universe amd64 libopenal-data all 1:1.23.1-4build1 [161 kB]
2025-10-31T02:01:46.8269880Z Get:154 http://azure.archive.ubuntu.com/ubuntu noble/universe amd64 libopenexr-3-1-30 amd64 3.1.5-5.1build3 [1004 kB]
2025-10-31T02:01:46.8421354Z Get:155 http://azure.archive.ubuntu.com/ubuntu noble/universe amd64 libopenh264-7 amd64 2.4.1+dfsg-1 [409 kB]
2025-10-31T02:01:46.8538374Z Get:156 http://azure.archive.ubuntu.com/ubuntu noble/universe amd64 libopenni2-0 amd64 2.2.0.33+dfsg-18 [370 kB]
2025-10-31T02:01:46.8644341Z Get:157 http://azure.archive.ubuntu.com/ubuntu noble/universe amd64 libqrencode4 amd64 4.1.1-1build2 [25.0 kB]
2025-10-31T02:01:46.9152543Z Get:158 http://azure.archive.ubuntu.com/ubuntu noble/main amd64 libsecret-common all 0.21.4-1build3 [4962 B]
2025-10-31T02:01:46.9256675Z Get:159 http://azure.archive.ubuntu.com/ubuntu noble/main amd64 libsecret-1-0 amd64 0.21.4-1build3 [116 kB]
2025-10-31T02:01:46.9339023Z Get:160 http://azure.archive.ubuntu.com/ubuntu noble/universe amd64 libsndio7.0 amd64 1.9.0-0.3build3 [29.6 kB]
2025-10-31T02:01:46.9415458Z Get:161 http://azure.archive.ubuntu.com/ubuntu noble/universe amd64 libsoundtouch1 amd64 2.3.2+ds1-1build1 [60.5 kB]
2025-10-31T02:01:46.9494586Z Get:162 http://azure.archive.ubuntu.com/ubuntu noble/universe amd64 libspandsp2t64 amd64 0.0.6+dfsg-2.1build1 [311 kB]
2025-10-31T02:01:46.9595451Z Get:163 http://azure.archive.ubuntu.com/ubuntu noble/universe amd64 libsrtp2-1 amd64 2.5.0-3build1 [41.9 kB]
2025-10-31T02:01:46.9671141Z Get:164 http://azure.archive.ubuntu.com/ubuntu noble/universe amd64 libwildmidi2 amd64 0.4.3-1build3 [68.5 kB]
2025-10-31T02:01:46.9749687Z Get:165 http://azure.archive.ubuntu.com/ubuntu noble/main amd64 libwoff1 amd64 1.0.2-2build1 [45.3 kB]
2025-10-31T02:01:46.9825509Z Get:166 http://azure.archive.ubuntu.com/ubuntu noble/main amd64 libxcb-xkb1 amd64 1.15-1ubuntu2 [32.3 kB]
2025-10-31T02:01:46.9902077Z Get:167 http://azure.archive.ubuntu.com/ubuntu noble/main amd64 libxkbcommon-x11-0 amd64 1.6.0-1build1 [14.5 kB]
2025-10-31T02:01:46.9976201Z Get:168 http://azure.archive.ubuntu.com/ubuntu noble/universe amd64 libzbar0t64 amd64 0.23.93-4build3 [123 kB]
2025-10-31T02:01:47.0062631Z Get:169 http://azure.archive.ubuntu.com/ubuntu noble/universe amd64 libzxing3 amd64 2.2.1-3 [583 kB]
2025-10-31T02:01:47.0204585Z Get:170 http://azure.archive.ubuntu.com/ubuntu noble/main amd64 xfonts-encodings all 1:1.0.5-0ubuntu2 [578 kB]
2025-10-31T02:01:47.0338204Z Get:171 http://azure.archive.ubuntu.com/ubuntu noble/main amd64 xfonts-utils amd64 1:7.7+6build3 [94.4 kB]
2025-10-31T02:01:47.0421560Z Get:172 http://azure.archive.ubuntu.com/ubuntu noble/universe amd64 xfonts-cyrillic all 1:1.0.5+nmu1 [384 kB]
2025-10-31T02:01:47.0530275Z Get:173 http://azure.archive.ubuntu.com/ubuntu noble/main amd64 xfonts-scalable all 1:1.0.3-1.3 [304 kB]
2025-10-31T02:01:47.0642651Z Get:174 http://azure.archive.ubuntu.com/ubuntu noble/universe amd64 libgstreamer-plugins-bad1.0-0 amd64 1.24.2-1ubuntu4 [797 kB]
2025-10-31T02:01:47.0825991Z Get:175 http://azure.archive.ubuntu.com/ubuntu noble/universe amd64 libdca0 amd64 0.0.7-2build1 [93.8 kB]
2025-10-31T02:01:47.1355538Z Get:176 http://azure.archive.ubuntu.com/ubuntu noble/universe amd64 libopenal1 amd64 1:1.23.1-4build1 [540 kB]
2025-10-31T02:01:47.1491833Z Get:177 http://azure.archive.ubuntu.com/ubuntu noble/main amd64 libsbc1 amd64 2.0-1build1 [33.9 kB]
2025-10-31T02:01:47.1567811Z Get:178 http://azure.archive.ubuntu.com/ubuntu noble/universe amd64 libvo-aacenc0 amd64 0.1.3-2build1 [67.8 kB]
2025-10-31T02:01:47.1660686Z Get:179 http://azure.archive.ubuntu.com/ubuntu noble/universe amd64 libvo-amrwbenc0 amd64 0.1.3-2build1 [76.7 kB]
2025-10-31T02:01:47.1745302Z Get:180 http://azure.archive.ubuntu.com/ubuntu noble/universe amd64 gstreamer1.0-plugins-bad amd64 1.24.2-1ubuntu4 [3081 kB]
2025-10-31T02:01:47.6904721Z Fetched 114 MB in 3s (42.0 MB/s)
2025-10-31T02:01:47.7843970Z Selecting previously unselected package fonts-ipafont-gothic.
2025-10-31T02:01:47.9813933Z (Reading database ... 
2025-10-31T02:01:47.9816205Z (Reading database ... 5%
2025-10-31T02:01:47.9816805Z (Reading database ... 10%
2025-10-31T02:01:47.9817917Z (Reading database ... 15%
2025-10-31T02:01:47.9818442Z (Reading database ... 20%
2025-10-31T02:01:47.9818964Z (Reading database ... 25%
2025-10-31T02:01:47.9819449Z (Reading database ... 30%
2025-10-31T02:01:47.9819955Z (Reading database ... 35%
2025-10-31T02:01:47.9820355Z (Reading database ... 40%
2025-10-31T02:01:47.9820888Z (Reading database ... 45%
2025-10-31T02:01:47.9821200Z (Reading database ... 50%
2025-10-31T02:01:48.1382576Z (Reading database ... 55%
2025-10-31T02:01:49.1392644Z (Reading database ... 60%
2025-10-31T02:01:50.0734976Z (Reading database ... 65%
2025-10-31T02:01:50.9665618Z (Reading database ... 70%
2025-10-31T02:01:51.9085555Z (Reading database ... 75%
2025-10-31T02:01:52.8430705Z (Reading database ... 80%
2025-10-31T02:01:53.9440172Z (Reading database ... 85%
2025-10-31T02:01:54.9769951Z (Reading database ... 90%
2025-10-31T02:01:55.9750775Z (Reading database ... 95%
2025-10-31T02:01:55.9752466Z (Reading database ... 100%
2025-10-31T02:01:55.9760894Z (Reading database ... 214596 files and directories currently installed.)
2025-10-31T02:01:55.9823006Z Preparing to unpack .../000-fonts-ipafont-gothic_00303-21ubuntu1_all.deb ...
2025-10-31T02:01:55.9925215Z Unpacking fonts-ipafont-gothic (00303-21ubuntu1) ...
2025-10-31T02:01:56.2424687Z Selecting previously unselected package fonts-freefont-ttf.
2025-10-31T02:01:56.2575299Z Preparing to unpack .../001-fonts-freefont-ttf_20211204+svn4273-2_all.deb ...
2025-10-31T02:01:56.2584127Z Unpacking fonts-freefont-ttf (20211204+svn4273-2) ...
2025-10-31T02:01:56.3632767Z Selecting previously unselected package fonts-tlwg-loma-otf.
2025-10-31T02:01:56.3780848Z Preparing to unpack .../002-fonts-tlwg-loma-otf_1%3a0.7.3-1_all.deb ...
2025-10-31T02:01:56.3790041Z Unpacking fonts-tlwg-loma-otf (1:0.7.3-1) ...
2025-10-31T02:01:56.4262091Z Selecting previously unselected package fonts-unifont.
2025-10-31T02:01:56.4404754Z Preparing to unpack .../003-fonts-unifont_1%3a15.1.01-1build1_all.deb ...
2025-10-31T02:01:56.4415941Z Unpacking fonts-unifont (1:15.1.01-1build1) ...
2025-10-31T02:01:56.5721047Z Selecting previously unselected package fonts-wqy-zenhei.
2025-10-31T02:01:56.5873783Z Preparing to unpack .../004-fonts-wqy-zenhei_0.9.45-8_all.deb ...
2025-10-31T02:01:56.6109078Z Unpacking fonts-wqy-zenhei (0.9.45-8) ...
2025-10-31T02:01:57.0922638Z Selecting previously unselected package libproxy1v5:amd64.
2025-10-31T02:01:57.1068372Z Preparing to unpack .../005-libproxy1v5_0.5.4-4build1_amd64.deb ...
2025-10-31T02:01:57.1151517Z Unpacking libproxy1v5:amd64 (0.5.4-4build1) ...
2025-10-31T02:01:57.1643174Z Selecting previously unselected package glib-networking-common.
2025-10-31T02:01:57.1790671Z Preparing to unpack .../006-glib-networking-common_2.80.0-1build1_all.deb ...
2025-10-31T02:01:57.1801064Z Unpacking glib-networking-common (2.80.0-1build1) ...
2025-10-31T02:01:57.2067806Z Selecting previously unselected package glib-networking-services.
2025-10-31T02:01:57.2217030Z Preparing to unpack .../007-glib-networking-services_2.80.0-1build1_amd64.deb ...
2025-10-31T02:01:57.2228006Z Unpacking glib-networking-services (2.80.0-1build1) ...
2025-10-31T02:01:57.2449060Z Selecting previously unselected package session-migration.
2025-10-31T02:01:57.2593093Z Preparing to unpack .../008-session-migration_0.3.9build1_amd64.deb ...
2025-10-31T02:01:57.2604568Z Unpacking session-migration (0.3.9build1) ...
2025-10-31T02:01:57.3104025Z Selecting previously unselected package gsettings-desktop-schemas.
2025-10-31T02:01:57.3250763Z Preparing to unpack .../009-gsettings-desktop-schemas_46.1-0ubuntu1_all.deb ...
2025-10-31T02:01:57.3259739Z Unpacking gsettings-desktop-schemas (46.1-0ubuntu1) ...
2025-10-31T02:01:57.3680863Z Selecting previously unselected package glib-networking:amd64.
2025-10-31T02:01:57.3823739Z Preparing to unpack .../010-glib-networking_2.80.0-1build1_amd64.deb ...
2025-10-31T02:01:57.3833295Z Unpacking glib-networking:amd64 (2.80.0-1build1) ...
2025-10-31T02:01:57.4066105Z Selecting previously unselected package libva2:amd64.
2025-10-31T02:01:57.4215799Z Preparing to unpack .../011-libva2_2.20.0-2build1_amd64.deb ...
2025-10-31T02:01:57.4225418Z Unpacking libva2:amd64 (2.20.0-2build1) ...
2025-10-31T02:01:57.4452839Z Selecting previously unselected package libva-drm2:amd64.
2025-10-31T02:01:57.4600524Z Preparing to unpack .../012-libva-drm2_2.20.0-2build1_amd64.deb ...
2025-10-31T02:01:57.4609866Z Unpacking libva-drm2:amd64 (2.20.0-2build1) ...
2025-10-31T02:01:57.4854831Z Selecting previously unselected package libva-x11-2:amd64.
2025-10-31T02:01:57.5001013Z Preparing to unpack .../013-libva-x11-2_2.20.0-2build1_amd64.deb ...
2025-10-31T02:01:57.5011900Z Unpacking libva-x11-2:amd64 (2.20.0-2build1) ...
2025-10-31T02:01:57.5238049Z Selecting previously unselected package libvdpau1:amd64.
2025-10-31T02:01:57.5386187Z Preparing to unpack .../014-libvdpau1_1.5-2build1_amd64.deb ...
2025-10-31T02:01:57.5394891Z Unpacking libvdpau1:amd64 (1.5-2build1) ...
2025-10-31T02:01:57.5629008Z Selecting previously unselected package libvpl2.
2025-10-31T02:01:57.5777469Z Preparing to unpack .../015-libvpl2_2023.3.0-1build1_amd64.deb ...
2025-10-31T02:01:57.5786611Z Unpacking libvpl2 (2023.3.0-1build1) ...
2025-10-31T02:01:57.6036899Z Selecting previously unselected package ocl-icd-libopencl1:amd64.
2025-10-31T02:01:57.6194152Z Preparing to unpack .../016-ocl-icd-libopencl1_2.3.2-1build1_amd64.deb ...
2025-10-31T02:01:57.6203381Z Unpacking ocl-icd-libopencl1:amd64 (2.3.2-1build1) ...
2025-10-31T02:01:57.6924669Z Selecting previously unselected package libavutil58:amd64.
2025-10-31T02:01:57.7078924Z Preparing to unpack .../017-libavutil58_7%3a6.1.1-3ubuntu5_amd64.deb ...
2025-10-31T02:01:57.7091949Z Unpacking libavutil58:amd64 (7:6.1.1-3ubuntu5) ...
2025-10-31T02:01:57.7579509Z Selecting previously unselected package libcodec2-1.2:amd64.
2025-10-31T02:01:57.7803634Z Preparing to unpack .../018-libcodec2-1.2_1.2.0-2build1_amd64.deb ...
2025-10-31T02:01:57.8059650Z Unpacking libcodec2-1.2:amd64 (1.2.0-2build1) ...
2025-10-31T02:01:58.0134373Z Selecting previously unselected package libdav1d7:amd64.
2025-10-31T02:01:58.0278726Z Preparing to unpack .../019-libdav1d7_1.4.1-1build1_amd64.deb ...
2025-10-31T02:01:58.0289247Z Unpacking libdav1d7:amd64 (1.4.1-1build1) ...
2025-10-31T02:01:58.0592511Z Selecting previously unselected package libgsm1:amd64.
2025-10-31T02:01:58.0742328Z Preparing to unpack .../020-libgsm1_1.0.22-1build1_amd64.deb ...
2025-10-31T02:01:58.0750465Z Unpacking libgsm1:amd64 (1.0.22-1build1) ...
2025-10-31T02:01:58.0982731Z Selecting previously unselected package libhwy1t64:amd64.
2025-10-31T02:01:58.1132041Z Preparing to unpack .../021-libhwy1t64_1.0.7-8.1build1_amd64.deb ...
2025-10-31T02:01:58.1141881Z Unpacking libhwy1t64:amd64 (1.0.7-8.1build1) ...
2025-10-31T02:01:58.1503428Z Selecting previously unselected package libjxl0.7:amd64.
2025-10-31T02:01:58.1661552Z Preparing to unpack .../022-libjxl0.7_0.7.0-10.2ubuntu6.1_amd64.deb ...
2025-10-31T02:01:58.1672186Z Unpacking libjxl0.7:amd64 (0.7.0-10.2ubuntu6.1) ...
2025-10-31T02:01:58.2063162Z Selecting previously unselected package libmp3lame0:amd64.
2025-10-31T02:01:58.2208370Z Preparing to unpack .../023-libmp3lame0_3.100-6build1_amd64.deb ...
2025-10-31T02:01:58.2219407Z Unpacking libmp3lame0:amd64 (3.100-6build1) ...
2025-10-31T02:01:58.2461254Z Selecting previously unselected package libopus0:amd64.
2025-10-31T02:01:58.2632123Z Preparing to unpack .../024-libopus0_1.4-1build1_amd64.deb ...
2025-10-31T02:01:58.2647200Z Unpacking libopus0:amd64 (1.4-1build1) ...
2025-10-31T02:01:58.3063376Z Selecting previously unselected package librav1e0:amd64.
2025-10-31T02:01:58.3208432Z Preparing to unpack .../025-librav1e0_0.7.1-2_amd64.deb ...
2025-10-31T02:01:58.3218184Z Unpacking librav1e0:amd64 (0.7.1-2) ...
2025-10-31T02:01:58.3594443Z Selecting previously unselected package librsvg2-2:amd64.
2025-10-31T02:01:58.3745573Z Preparing to unpack .../026-librsvg2-2_2.58.0+dfsg-1build1_amd64.deb ...
2025-10-31T02:01:58.3756330Z Unpacking librsvg2-2:amd64 (2.58.0+dfsg-1build1) ...
2025-10-31T02:01:58.4276629Z Selecting previously unselected package libshine3:amd64.
2025-10-31T02:01:58.4420284Z Preparing to unpack .../027-libshine3_3.1.1-2build1_amd64.deb ...
2025-10-31T02:01:58.4431280Z Unpacking libshine3:amd64 (3.1.1-2build1) ...
2025-10-31T02:01:58.4652319Z Selecting previously unselected package libspeex1:amd64.
2025-10-31T02:01:58.4805743Z Preparing to unpack .../028-libspeex1_1.2.1-2ubuntu2.24.04.1_amd64.deb ...
2025-10-31T02:01:58.4817587Z Unpacking libspeex1:amd64 (1.2.1-2ubuntu2.24.04.1) ...
2025-10-31T02:01:58.5052763Z Selecting previously unselected package libsvtav1enc1d1:amd64.
2025-10-31T02:01:58.5210608Z Preparing to unpack .../029-libsvtav1enc1d1_1.7.0+dfsg-2build1_amd64.deb ...
2025-10-31T02:01:58.5220393Z Unpacking libsvtav1enc1d1:amd64 (1.7.0+dfsg-2build1) ...
2025-10-31T02:01:58.5784882Z Selecting previously unselected package libsoxr0:amd64.
2025-10-31T02:01:58.5939028Z Preparing to unpack .../030-libsoxr0_0.1.3-4build3_amd64.deb ...
2025-10-31T02:01:58.5950172Z Unpacking libsoxr0:amd64 (0.1.3-4build3) ...
2025-10-31T02:01:58.6183032Z Selecting previously unselected package libswresample4:amd64.
2025-10-31T02:01:58.6339791Z Preparing to unpack .../031-libswresample4_7%3a6.1.1-3ubuntu5_amd64.deb ...
2025-10-31T02:01:58.6352118Z Unpacking libswresample4:amd64 (7:6.1.1-3ubuntu5) ...
2025-10-31T02:01:58.6596512Z Selecting previously unselected package libtheora0:amd64.
2025-10-31T02:01:58.6744797Z Preparing to unpack .../032-libtheora0_1.1.1+dfsg.1-16.1build3_amd64.deb ...
2025-10-31T02:01:58.6757667Z Unpacking libtheora0:amd64 (1.1.1+dfsg.1-16.1build3) ...
2025-10-31T02:01:58.7020479Z Selecting previously unselected package libtwolame0:amd64.
2025-10-31T02:01:58.7175316Z Preparing to unpack .../033-libtwolame0_0.4.0-2build3_amd64.deb ...
2025-10-31T02:01:58.7186647Z Unpacking libtwolame0:amd64 (0.4.0-2build3) ...
2025-10-31T02:01:58.7421394Z Selecting previously unselected package libvorbisenc2:amd64.
2025-10-31T02:01:58.7572956Z Preparing to unpack .../034-libvorbisenc2_1.3.7-1build3_amd64.deb ...
2025-10-31T02:01:58.7582078Z Unpacking libvorbisenc2:amd64 (1.3.7-1build3) ...
2025-10-31T02:01:58.7850971Z Selecting previously unselected package libvpx9:amd64.
2025-10-31T02:01:58.7996714Z Preparing to unpack .../035-libvpx9_1.14.0-1ubuntu2.2_amd64.deb ...
2025-10-31T02:01:58.8007896Z Unpacking libvpx9:amd64 (1.14.0-1ubuntu2.2) ...
2025-10-31T02:01:58.8402169Z Selecting previously unselected package libx264-164:amd64.
2025-10-31T02:01:58.8552166Z Preparing to unpack .../036-libx264-164_2%3a0.164.3108+git31e19f9-1_amd64.deb ...
2025-10-31T02:01:58.8563381Z Unpacking libx264-164:amd64 (2:0.164.3108+git31e19f9-1) ...
2025-10-31T02:01:58.8876966Z Selecting previously unselected package libx265-199:amd64.
2025-10-31T02:01:58.9023380Z Preparing to unpack .../037-libx265-199_3.5-2build1_amd64.deb ...
2025-10-31T02:01:58.9034292Z Unpacking libx265-199:amd64 (3.5-2build1) ...
2025-10-31T02:01:58.9839947Z Selecting previously unselected package libxvidcore4:amd64.
2025-10-31T02:01:58.9981308Z Preparing to unpack .../038-libxvidcore4_2%3a1.3.7-1build1_amd64.deb ...
2025-10-31T02:01:58.9990799Z Unpacking libxvidcore4:amd64 (2:1.3.7-1build1) ...
2025-10-31T02:01:59.0232220Z Selecting previously unselected package libzvbi-common.
2025-10-31T02:01:59.0379765Z Preparing to unpack .../039-libzvbi-common_0.2.42-2_all.deb ...
2025-10-31T02:01:59.0391954Z Unpacking libzvbi-common (0.2.42-2) ...
2025-10-31T02:01:59.1424941Z Selecting previously unselected package libzvbi0t64:amd64.
2025-10-31T02:01:59.1575675Z Preparing to unpack .../040-libzvbi0t64_0.2.42-2_amd64.deb ...
2025-10-31T02:01:59.1584085Z Unpacking libzvbi0t64:amd64 (0.2.42-2) ...
2025-10-31T02:01:59.1853020Z Selecting previously unselected package libavcodec60:amd64.
2025-10-31T02:01:59.1999301Z Preparing to unpack .../041-libavcodec60_7%3a6.1.1-3ubuntu5_amd64.deb ...
2025-10-31T02:01:59.2017543Z Unpacking libavcodec60:amd64 (7:6.1.1-3ubuntu5) ...
2025-10-31T02:01:59.2978155Z Selecting previously unselected package libunibreak5:amd64.
2025-10-31T02:01:59.3135419Z Preparing to unpack .../042-libunibreak5_5.1-2build1_amd64.deb ...
2025-10-31T02:01:59.3146362Z Unpacking libunibreak5:amd64 (5.1-2build1) ...
2025-10-31T02:01:59.3383818Z Selecting previously unselected package libass9:amd64.
2025-10-31T02:01:59.3537669Z Preparing to unpack .../043-libass9_1%3a0.17.1-2build1_amd64.deb ...
2025-10-31T02:01:59.3548630Z Unpacking libass9:amd64 (1:0.17.1-2build1) ...
2025-10-31T02:01:59.3787643Z Selecting previously unselected package libudfread0:amd64.
2025-10-31T02:01:59.3940104Z Preparing to unpack .../044-libudfread0_1.1.2-1build1_amd64.deb ...
2025-10-31T02:01:59.3949147Z Unpacking libudfread0:amd64 (1.1.2-1build1) ...
2025-10-31T02:01:59.4379734Z Selecting previously unselected package libbluray2:amd64.
2025-10-31T02:01:59.4528447Z Preparing to unpack .../045-libbluray2_1%3a1.3.4-1build1_amd64.deb ...
2025-10-31T02:01:59.4539450Z Unpacking libbluray2:amd64 (1:1.3.4-1build1) ...
2025-10-31T02:01:59.4798728Z Selecting previously unselected package libchromaprint1:amd64.
2025-10-31T02:01:59.4976777Z Preparing to unpack .../046-libchromaprint1_1.5.1-5_amd64.deb ...
2025-10-31T02:01:59.4989516Z Unpacking libchromaprint1:amd64 (1.5.1-5) ...
2025-10-31T02:01:59.5214002Z Selecting previously unselected package libgme0:amd64.
2025-10-31T02:01:59.5359312Z Preparing to unpack .../047-libgme0_0.6.3-7build1_amd64.deb ...
2025-10-31T02:01:59.5370581Z Unpacking libgme0:amd64 (0.6.3-7build1) ...
2025-10-31T02:01:59.5615949Z Selecting previously unselected package libmpg123-0t64:amd64.
2025-10-31T02:01:59.5760609Z Preparing to unpack .../048-libmpg123-0t64_1.32.5-1ubuntu1.1_amd64.deb ...
2025-10-31T02:01:59.5771639Z Unpacking libmpg123-0t64:amd64 (1.32.5-1ubuntu1.1) ...
2025-10-31T02:01:59.6014175Z Selecting previously unselected package libopenmpt0t64:amd64.
2025-10-31T02:01:59.6165473Z Preparing to unpack .../049-libopenmpt0t64_0.7.3-1.1build3_amd64.deb ...
2025-10-31T02:01:59.6177546Z Unpacking libopenmpt0t64:amd64 (0.7.3-1.1build3) ...
2025-10-31T02:01:59.6492806Z Selecting previously unselected package libcjson1:amd64.
2025-10-31T02:01:59.6638816Z Preparing to unpack .../050-libcjson1_1.7.17-1_amd64.deb ...
2025-10-31T02:01:59.6651398Z Unpacking libcjson1:amd64 (1.7.17-1) ...
2025-10-31T02:01:59.6875300Z Selecting previously unselected package libmbedcrypto7t64:amd64.
2025-10-31T02:01:59.7022058Z Preparing to unpack .../051-libmbedcrypto7t64_2.28.8-1_amd64.deb ...
2025-10-31T02:01:59.7031032Z Unpacking libmbedcrypto7t64:amd64 (2.28.8-1) ...
2025-10-31T02:01:59.7271037Z Selecting previously unselected package librist4:amd64.
2025-10-31T02:01:59.7416121Z Preparing to unpack .../052-librist4_0.2.10+dfsg-2_amd64.deb ...
2025-10-31T02:01:59.7424777Z Unpacking librist4:amd64 (0.2.10+dfsg-2) ...
2025-10-31T02:01:59.7635762Z Selecting previously unselected package libsrt1.5-gnutls:amd64.
2025-10-31T02:01:59.7780671Z Preparing to unpack .../053-libsrt1.5-gnutls_1.5.3-1build2_amd64.deb ...
2025-10-31T02:01:59.7790283Z Unpacking libsrt1.5-gnutls:amd64 (1.5.3-1build2) ...
2025-10-31T02:01:59.8049181Z Selecting previously unselected package libssh-gcrypt-4:amd64.
2025-10-31T02:01:59.8192832Z Preparing to unpack .../054-libssh-gcrypt-4_0.10.6-2ubuntu0.1_amd64.deb ...
2025-10-31T02:01:59.8202420Z Unpacking libssh-gcrypt-4:amd64 (0.10.6-2ubuntu0.1) ...
2025-10-31T02:01:59.8445215Z Selecting previously unselected package libavformat60:amd64.
2025-10-31T02:01:59.8597149Z Preparing to unpack .../055-libavformat60_7%3a6.1.1-3ubuntu5_amd64.deb ...
2025-10-31T02:01:59.8607053Z Unpacking libavformat60:amd64 (7:6.1.1-3ubuntu5) ...
2025-10-31T02:01:59.8965571Z Selecting previously unselected package libbs2b0:amd64.
2025-10-31T02:01:59.9109895Z Preparing to unpack .../056-libbs2b0_3.1.0+dfsg-7build1_amd64.deb ...
2025-10-31T02:01:59.9118725Z Unpacking libbs2b0:amd64 (3.1.0+dfsg-7build1) ...
2025-10-31T02:01:59.9356520Z Selecting previously unselected package libflite1:amd64.
2025-10-31T02:01:59.9500672Z Preparing to unpack .../057-libflite1_2.2-6build3_amd64.deb ...
2025-10-31T02:01:59.9510692Z Unpacking libflite1:amd64 (2.2-6build3) ...
2025-10-31T02:02:00.0873336Z Selecting previously unselected package libserd-0-0:amd64.
2025-10-31T02:02:00.1032990Z Preparing to unpack .../058-libserd-0-0_0.32.2-1_amd64.deb ...
2025-10-31T02:02:00.1078923Z Unpacking libserd-0-0:amd64 (0.32.2-1) ...
2025-10-31T02:02:00.1315331Z Selecting previously unselected package libzix-0-0:amd64.
2025-10-31T02:02:00.1468360Z Preparing to unpack .../059-libzix-0-0_0.4.2-2build1_amd64.deb ...
2025-10-31T02:02:00.1476883Z Unpacking libzix-0-0:amd64 (0.4.2-2build1) ...
2025-10-31T02:02:00.1688069Z Selecting previously unselected package libsord-0-0:amd64.
2025-10-31T02:02:00.1831003Z Preparing to unpack .../060-libsord-0-0_0.16.16-2build1_amd64.deb ...
2025-10-31T02:02:00.1842460Z Unpacking libsord-0-0:amd64 (0.16.16-2build1) ...
2025-10-31T02:02:00.2053639Z Selecting previously unselected package libsratom-0-0:amd64.
2025-10-31T02:02:00.2200291Z Preparing to unpack .../061-libsratom-0-0_0.6.16-1build1_amd64.deb ...
2025-10-31T02:02:00.2209432Z Unpacking libsratom-0-0:amd64 (0.6.16-1build1) ...
2025-10-31T02:02:00.2421387Z Selecting previously unselected package liblilv-0-0:amd64.
2025-10-31T02:02:00.2574721Z Preparing to unpack .../062-liblilv-0-0_0.24.22-1build1_amd64.deb ...
2025-10-31T02:02:00.2581549Z Unpacking liblilv-0-0:amd64 (0.24.22-1build1) ...
2025-10-31T02:02:00.2801823Z Selecting previously unselected package libmysofa1:amd64.
2025-10-31T02:02:00.2953850Z Preparing to unpack .../063-libmysofa1_1.3.2+dfsg-2ubuntu2_amd64.deb ...
2025-10-31T02:02:00.2961530Z Unpacking libmysofa1:amd64 (1.3.2+dfsg-2ubuntu2) ...
2025-10-31T02:02:00.3236151Z Selecting previously unselected package libplacebo338:amd64.
2025-10-31T02:02:00.3379965Z Preparing to unpack .../064-libplacebo338_6.338.2-2build1_amd64.deb ...
2025-10-31T02:02:00.3387961Z Unpacking libplacebo338:amd64 (6.338.2-2build1) ...
2025-10-31T02:02:00.4005530Z Selecting previously unselected package libblas3:amd64.
2025-10-31T02:02:00.4161069Z Preparing to unpack .../065-libblas3_3.12.0-3build1.1_amd64.deb ...
2025-10-31T02:02:00.4194309Z Unpacking libblas3:amd64 (3.12.0-3build1.1) ...
2025-10-31T02:02:00.4453649Z Selecting previously unselected package liblapack3:amd64.
2025-10-31T02:02:00.4597117Z Preparing to unpack .../066-liblapack3_3.12.0-3build1.1_amd64.deb ...
2025-10-31T02:02:00.4628331Z Unpacking liblapack3:amd64 (3.12.0-3build1.1) ...
2025-10-31T02:02:00.5181595Z Selecting previously unselected package libasyncns0:amd64.
2025-10-31T02:02:00.5327059Z Preparing to unpack .../067-libasyncns0_0.8-6build4_amd64.deb ...
2025-10-31T02:02:00.5334307Z Unpacking libasyncns0:amd64 (0.8-6build4) ...
2025-10-31T02:02:00.5558531Z Selecting previously unselected package libflac12t64:amd64.
2025-10-31T02:02:00.5706901Z Preparing to unpack .../068-libflac12t64_1.4.3+ds-2.1ubuntu2_amd64.deb ...
2025-10-31T02:02:00.5718449Z Unpacking libflac12t64:amd64 (1.4.3+ds-2.1ubuntu2) ...
2025-10-31T02:02:00.5958273Z Selecting previously unselected package libsndfile1:amd64.
2025-10-31T02:02:00.6104546Z Preparing to unpack .../069-libsndfile1_1.2.2-1ubuntu5.24.04.1_amd64.deb ...
2025-10-31T02:02:00.6112734Z Unpacking libsndfile1:amd64 (1.2.2-1ubuntu5.24.04.1) ...
2025-10-31T02:02:00.6376927Z Selecting previously unselected package libpulse0:amd64.
2025-10-31T02:02:00.6528846Z Preparing to unpack .../070-libpulse0_1%3a16.1+dfsg1-2ubuntu10.1_amd64.deb ...
2025-10-31T02:02:00.6596472Z Unpacking libpulse0:amd64 (1:16.1+dfsg1-2ubuntu10.1) ...
2025-10-31T02:02:00.6869113Z Selecting previously unselected package libsphinxbase3t64:amd64.
2025-10-31T02:02:00.7027070Z Preparing to unpack .../071-libsphinxbase3t64_0.8+5prealpha+1-17build2_amd64.deb ...
2025-10-31T02:02:00.7035971Z Unpacking libsphinxbase3t64:amd64 (0.8+5prealpha+1-17build2) ...
2025-10-31T02:02:00.7274184Z Selecting previously unselected package libpocketsphinx3:amd64.
2025-10-31T02:02:00.7426512Z Preparing to unpack .../072-libpocketsphinx3_0.8.0+real5prealpha+1-15ubuntu5_amd64.deb ...
2025-10-31T02:02:00.7433283Z Unpacking libpocketsphinx3:amd64 (0.8.0+real5prealpha+1-15ubuntu5) ...
2025-10-31T02:02:00.7660856Z Selecting previously unselected package libpostproc57:amd64.
2025-10-31T02:02:00.7804570Z Preparing to unpack .../073-libpostproc57_7%3a6.1.1-3ubuntu5_amd64.deb ...
2025-10-31T02:02:00.7813470Z Unpacking libpostproc57:amd64 (7:6.1.1-3ubuntu5) ...
2025-10-31T02:02:00.8030658Z Selecting previously unselected package libsamplerate0:amd64.
2025-10-31T02:02:00.8200470Z Preparing to unpack .../074-libsamplerate0_0.2.2-4build1_amd64.deb ...
2025-10-31T02:02:00.8210299Z Unpacking libsamplerate0:amd64 (0.2.2-4build1) ...
2025-10-31T02:02:00.8500892Z Selecting previously unselected package librubberband2:amd64.
2025-10-31T02:02:00.8646297Z Preparing to unpack .../075-librubberband2_3.3.0+dfsg-2build1_amd64.deb ...
2025-10-31T02:02:00.8655928Z Unpacking librubberband2:amd64 (3.3.0+dfsg-2build1) ...
2025-10-31T02:02:00.8895313Z Selecting previously unselected package libswscale7:amd64.
2025-10-31T02:02:00.9038464Z Preparing to unpack .../076-libswscale7_7%3a6.1.1-3ubuntu5_amd64.deb ...
2025-10-31T02:02:00.9047797Z Unpacking libswscale7:amd64 (7:6.1.1-3ubuntu5) ...
2025-10-31T02:02:00.9288887Z Selecting previously unselected package libvidstab1.1:amd64.
2025-10-31T02:02:00.9438633Z Preparing to unpack .../077-libvidstab1.1_1.1.0-2build1_amd64.deb ...
2025-10-31T02:02:00.9448373Z Unpacking libvidstab1.1:amd64 (1.1.0-2build1) ...
2025-10-31T02:02:00.9662012Z Selecting previously unselected package libzimg2:amd64.
2025-10-31T02:02:00.9803530Z Preparing to unpack .../078-libzimg2_3.0.5+ds1-1build1_amd64.deb ...
2025-10-31T02:02:00.9810935Z Unpacking libzimg2:amd64 (3.0.5+ds1-1build1) ...
2025-10-31T02:02:01.0065881Z Selecting previously unselected package libavfilter9:amd64.
2025-10-31T02:02:01.0219401Z Preparing to unpack .../079-libavfilter9_7%3a6.1.1-3ubuntu5_amd64.deb ...
2025-10-31T02:02:01.0229790Z Unpacking libavfilter9:amd64 (7:6.1.1-3ubuntu5) ...
2025-10-31T02:02:01.1042513Z Selecting previously unselected package liborc-0.4-0t64:amd64.
2025-10-31T02:02:01.1195801Z Preparing to unpack .../080-liborc-0.4-0t64_1%3a0.4.38-1ubuntu0.1_amd64.deb ...
2025-10-31T02:02:01.1203697Z Unpacking liborc-0.4-0t64:amd64 (1:0.4.38-1ubuntu0.1) ...
2025-10-31T02:02:01.1465429Z Selecting previously unselected package libgstreamer-plugins-base1.0-0:amd64.
2025-10-31T02:02:01.1632157Z Preparing to unpack .../081-libgstreamer-plugins-base1.0-0_1.24.2-1ubuntu0.3_amd64.deb ...
2025-10-31T02:02:01.1641915Z Unpacking libgstreamer-plugins-base1.0-0:amd64 (1.24.2-1ubuntu0.3) ...
2025-10-31T02:02:01.2144290Z Selecting previously unselected package gstreamer1.0-libav:amd64.
2025-10-31T02:02:01.2307912Z Preparing to unpack .../082-gstreamer1.0-libav_1.24.1-1build1_amd64.deb ...
2025-10-31T02:02:01.2317645Z Unpacking gstreamer1.0-libav:amd64 (1.24.1-1build1) ...
2025-10-31T02:02:01.2557826Z Selecting previously unselected package libcdparanoia0:amd64.
2025-10-31T02:02:01.2712706Z Preparing to unpack .../083-libcdparanoia0_3.10.2+debian-14build3_amd64.deb ...
2025-10-31T02:02:01.2721278Z Unpacking libcdparanoia0:amd64 (3.10.2+debian-14build3) ...
2025-10-31T02:02:01.2941792Z Selecting previously unselected package libvisual-0.4-0:amd64.
2025-10-31T02:02:01.3092546Z Preparing to unpack .../084-libvisual-0.4-0_0.4.2-2build1_amd64.deb ...
2025-10-31T02:02:01.3101836Z Unpacking libvisual-0.4-0:amd64 (0.4.2-2build1) ...
2025-10-31T02:02:01.3339504Z Selecting previously unselected package gstreamer1.0-plugins-base:amd64.
2025-10-31T02:02:01.3488311Z Preparing to unpack .../085-gstreamer1.0-plugins-base_1.24.2-1ubuntu0.3_amd64.deb ...
2025-10-31T02:02:01.3496046Z Unpacking gstreamer1.0-plugins-base:amd64 (1.24.2-1ubuntu0.3) ...
2025-10-31T02:02:01.3852229Z Selecting previously unselected package libaa1:amd64.
2025-10-31T02:02:01.3999208Z Preparing to unpack .../086-libaa1_1.4p5-51.1_amd64.deb ...
2025-10-31T02:02:01.4007103Z Unpacking libaa1:amd64 (1.4p5-51.1) ...
2025-10-31T02:02:01.4226850Z Selecting previously unselected package libraw1394-11:amd64.
2025-10-31T02:02:01.4384896Z Preparing to unpack .../087-libraw1394-11_2.1.2-2build3_amd64.deb ...
2025-10-31T02:02:01.4391764Z Unpacking libraw1394-11:amd64 (2.1.2-2build3) ...
2025-10-31T02:02:01.4619052Z Selecting previously unselected package libavc1394-0:amd64.
2025-10-31T02:02:01.4775341Z Preparing to unpack .../088-libavc1394-0_0.5.4-5build3_amd64.deb ...
2025-10-31T02:02:01.4784119Z Unpacking libavc1394-0:amd64 (0.5.4-5build3) ...
2025-10-31T02:02:01.5027482Z Selecting previously unselected package libcaca0:amd64.
2025-10-31T02:02:01.5192677Z Preparing to unpack .../089-libcaca0_0.99.beta20-4build2_amd64.deb ...
2025-10-31T02:02:01.5199248Z Unpacking libcaca0:amd64 (0.99.beta20-4build2) ...
2025-10-31T02:02:01.5472025Z Selecting previously unselected package libdv4t64:amd64.
2025-10-31T02:02:01.5625571Z Preparing to unpack .../090-libdv4t64_1.0.0-17.1build1_amd64.deb ...
2025-10-31T02:02:01.5634535Z Unpacking libdv4t64:amd64 (1.0.0-17.1build1) ...
2025-10-31T02:02:01.5861874Z Selecting previously unselected package libgstreamer-plugins-good1.0-0:amd64.
2025-10-31T02:02:01.6016566Z Preparing to unpack .../091-libgstreamer-plugins-good1.0-0_1.24.2-1ubuntu1.2_amd64.deb ...
2025-10-31T02:02:01.6025301Z Unpacking libgstreamer-plugins-good1.0-0:amd64 (1.24.2-1ubuntu1.2) ...
2025-10-31T02:02:01.6251802Z Selecting previously unselected package libiec61883-0:amd64.
2025-10-31T02:02:01.6408324Z Preparing to unpack .../092-libiec61883-0_1.2.0-6build1_amd64.deb ...
2025-10-31T02:02:01.6418173Z Unpacking libiec61883-0:amd64 (1.2.0-6build1) ...
2025-10-31T02:02:01.6644174Z Selecting previously unselected package libshout3:amd64.
2025-10-31T02:02:01.6809220Z Preparing to unpack .../093-libshout3_2.4.6-1build2_amd64.deb ...
2025-10-31T02:02:01.6815119Z Unpacking libshout3:amd64 (2.4.6-1build2) ...
2025-10-31T02:02:01.7053675Z Selecting previously unselected package libtag1v5-vanilla:amd64.
2025-10-31T02:02:01.7203273Z Preparing to unpack .../094-libtag1v5-vanilla_1.13.1-1build1_amd64.deb ...
2025-10-31T02:02:01.7213153Z Unpacking libtag1v5-vanilla:amd64 (1.13.1-1build1) ...
2025-10-31T02:02:01.7471409Z Selecting previously unselected package libtag1v5:amd64.
2025-10-31T02:02:01.7618311Z Preparing to unpack .../095-libtag1v5_1.13.1-1build1_amd64.deb ...
2025-10-31T02:02:01.7627568Z Unpacking libtag1v5:amd64 (1.13.1-1build1) ...
2025-10-31T02:02:01.7841730Z Selecting previously unselected package libv4lconvert0t64:amd64.
2025-10-31T02:02:01.7992456Z Preparing to unpack .../096-libv4lconvert0t64_1.26.1-4build3_amd64.deb ...
2025-10-31T02:02:01.8001503Z Unpacking libv4lconvert0t64:amd64 (1.26.1-4build3) ...
2025-10-31T02:02:01.8225907Z Selecting previously unselected package libv4l-0t64:amd64.
2025-10-31T02:02:01.8372069Z Preparing to unpack .../097-libv4l-0t64_1.26.1-4build3_amd64.deb ...
2025-10-31T02:02:01.8379641Z Unpacking libv4l-0t64:amd64 (1.26.1-4build3) ...
2025-10-31T02:02:01.8613011Z Selecting previously unselected package libwavpack1:amd64.
2025-10-31T02:02:01.8759057Z Preparing to unpack .../098-libwavpack1_5.6.0-1build1_amd64.deb ...
2025-10-31T02:02:01.8766182Z Unpacking libwavpack1:amd64 (5.6.0-1build1) ...
2025-10-31T02:02:01.8975891Z Selecting previously unselected package libsoup-3.0-common.
2025-10-31T02:02:01.9124415Z Preparing to unpack .../099-libsoup-3.0-common_3.4.4-5ubuntu0.5_all.deb ...
2025-10-31T02:02:01.9133328Z Unpacking libsoup-3.0-common (3.4.4-5ubuntu0.5) ...
2025-10-31T02:02:01.9347511Z Selecting previously unselected package libsoup-3.0-0:amd64.
2025-10-31T02:02:01.9490509Z Preparing to unpack .../100-libsoup-3.0-0_3.4.4-5ubuntu0.5_amd64.deb ...
2025-10-31T02:02:01.9499311Z Unpacking libsoup-3.0-0:amd64 (3.4.4-5ubuntu0.5) ...
2025-10-31T02:02:01.9748306Z Selecting previously unselected package gstreamer1.0-plugins-good:amd64.
2025-10-31T02:02:01.9895558Z Preparing to unpack .../101-gstreamer1.0-plugins-good_1.24.2-1ubuntu1.2_amd64.deb ...
2025-10-31T02:02:01.9903700Z Unpacking gstreamer1.0-plugins-good:amd64 (1.24.2-1ubuntu1.2) ...
2025-10-31T02:02:02.0556524Z Selecting previously unselected package libabsl20220623t64:amd64.
2025-10-31T02:02:02.0704876Z Preparing to unpack .../102-libabsl20220623t64_20220623.1-3.1ubuntu3.2_amd64.deb ...
2025-10-31T02:02:02.0715561Z Unpacking libabsl20220623t64:amd64 (20220623.1-3.1ubuntu3.2) ...
2025-10-31T02:02:02.1179248Z Selecting previously unselected package libgav1-1:amd64.
2025-10-31T02:02:02.1325838Z Preparing to unpack .../103-libgav1-1_0.18.0-1build3_amd64.deb ...
2025-10-31T02:02:02.1335893Z Unpacking libgav1-1:amd64 (0.18.0-1build3) ...
2025-10-31T02:02:02.1601032Z Selecting previously unselected package libyuv0:amd64.
2025-10-31T02:02:02.1750450Z Preparing to unpack .../104-libyuv0_0.0~git202401110.af6ac82-1_amd64.deb ...
2025-10-31T02:02:02.1759681Z Unpacking libyuv0:amd64 (0.0~git202401110.af6ac82-1) ...
2025-10-31T02:02:02.2004467Z Selecting previously unselected package libavif16:amd64.
2025-10-31T02:02:02.2149758Z Preparing to unpack .../105-libavif16_1.0.4-1ubuntu3_amd64.deb ...
2025-10-31T02:02:02.2158530Z Unpacking libavif16:amd64 (1.0.4-1ubuntu3) ...
2025-10-31T02:02:02.2398307Z Selecting previously unselected package libavtp0:amd64.
2025-10-31T02:02:02.2565629Z Preparing to unpack .../106-libavtp0_0.2.0-1build1_amd64.deb ...
2025-10-31T02:02:02.2575111Z Unpacking libavtp0:amd64 (0.2.0-1build1) ...
2025-10-31T02:02:02.2798664Z Selecting previously unselected package libcairo-script-interpreter2:amd64.
2025-10-31T02:02:02.2945928Z Preparing to unpack .../107-libcairo-script-interpreter2_1.18.0-3build1_amd64.deb ...
2025-10-31T02:02:02.2955614Z Unpacking libcairo-script-interpreter2:amd64 (1.18.0-3build1) ...
2025-10-31T02:02:02.3183715Z Selecting previously unselected package libdc1394-25:amd64.
2025-10-31T02:02:02.3322663Z Preparing to unpack .../108-libdc1394-25_2.2.6-4build1_amd64.deb ...
2025-10-31T02:02:02.3330101Z Unpacking libdc1394-25:amd64 (2.2.6-4build1) ...
2025-10-31T02:02:02.3552400Z Selecting previously unselected package libdecor-0-0:amd64.
2025-10-31T02:02:02.3688697Z Preparing to unpack .../109-libdecor-0-0_0.2.2-1build2_amd64.deb ...
2025-10-31T02:02:02.3697082Z Unpacking libdecor-0-0:amd64 (0.2.2-1build2) ...
2025-10-31T02:02:02.3908805Z Selecting previously unselected package libgles2:amd64.
2025-10-31T02:02:02.4045616Z Preparing to unpack .../110-libgles2_1.7.0-1build1_amd64.deb ...
2025-10-31T02:02:02.4054555Z Unpacking libgles2:amd64 (1.7.0-1build1) ...
2025-10-31T02:02:02.4269520Z Selecting previously unselected package libdirectfb-1.7-7t64:amd64.
2025-10-31T02:02:02.4407868Z Preparing to unpack .../111-libdirectfb-1.7-7t64_1.7.7-11.1ubuntu2_amd64.deb ...
2025-10-31T02:02:02.4416340Z Unpacking libdirectfb-1.7-7t64:amd64 (1.7.7-11.1ubuntu2) ...
2025-10-31T02:02:02.4885810Z Selecting previously unselected package libdvdread8t64:amd64.
2025-10-31T02:02:02.5044342Z Preparing to unpack .../112-libdvdread8t64_6.1.3-1.1build1_amd64.deb ...
2025-10-31T02:02:02.5054820Z Unpacking libdvdread8t64:amd64 (6.1.3-1.1build1) ...
2025-10-31T02:02:02.5295643Z Selecting previously unselected package libdvdnav4:amd64.
2025-10-31T02:02:02.5446918Z Preparing to unpack .../113-libdvdnav4_6.1.1-3build1_amd64.deb ...
2025-10-31T02:02:02.5454963Z Unpacking libdvdnav4:amd64 (6.1.1-3build1) ...
2025-10-31T02:02:02.5679894Z Selecting previously unselected package libegl-mesa0:amd64.
2025-10-31T02:02:02.5827055Z Preparing to unpack .../114-libegl-mesa0_25.0.7-0ubuntu0.24.04.2_amd64.deb ...
2025-10-31T02:02:02.5837577Z Unpacking libegl-mesa0:amd64 (25.0.7-0ubuntu0.24.04.2) ...
2025-10-31T02:02:02.6091101Z Selecting previously unselected package libevent-2.1-7t64:amd64.
2025-10-31T02:02:02.6235133Z Preparing to unpack .../115-libevent-2.1-7t64_2.1.12-stable-9ubuntu2_amd64.deb ...
2025-10-31T02:02:02.6240969Z Unpacking libevent-2.1-7t64:amd64 (2.1.12-stable-9ubuntu2) ...
2025-10-31T02:02:02.6480873Z Selecting previously unselected package libfaad2:amd64.
2025-10-31T02:02:02.6624941Z Preparing to unpack .../116-libfaad2_2.11.1-1build1_amd64.deb ...
2025-10-31T02:02:02.6630863Z Unpacking libfaad2:amd64 (2.11.1-1build1) ...
2025-10-31T02:02:02.6881032Z Selecting previously unselected package libinstpatch-1.0-2:amd64.
2025-10-31T02:02:02.7025333Z Preparing to unpack .../117-libinstpatch-1.0-2_1.1.6-1build2_amd64.deb ...
2025-10-31T02:02:02.7033087Z Unpacking libinstpatch-1.0-2:amd64 (1.1.6-1build2) ...
2025-10-31T02:02:02.7282266Z Selecting previously unselected package libjack-jackd2-0:amd64.
2025-10-31T02:02:02.7428977Z Preparing to unpack .../118-libjack-jackd2-0_1.9.21~dfsg-3ubuntu3_amd64.deb ...
2025-10-31T02:02:02.7437661Z Unpacking libjack-jackd2-0:amd64 (1.9.21~dfsg-3ubuntu3) ...
2025-10-31T02:02:02.7706703Z Selecting previously unselected package libwebrtc-audio-processing1:amd64.
2025-10-31T02:02:02.7859239Z Preparing to unpack .../119-libwebrtc-audio-processing1_0.3.1-0ubuntu6_amd64.deb ...
2025-10-31T02:02:02.7867160Z Unpacking libwebrtc-audio-processing1:amd64 (0.3.1-0ubuntu6) ...
2025-10-31T02:02:02.8109459Z Selecting previously unselected package libspa-0.2-modules:amd64.
2025-10-31T02:02:02.8254739Z Preparing to unpack .../120-libspa-0.2-modules_1.0.5-1ubuntu3.1_amd64.deb ...
2025-10-31T02:02:02.8264057Z Unpacking libspa-0.2-modules:amd64 (1.0.5-1ubuntu3.1) ...
2025-10-31T02:02:02.8610837Z Selecting previously unselected package libpipewire-0.3-0t64:amd64.
2025-10-31T02:02:02.8769474Z Preparing to unpack .../121-libpipewire-0.3-0t64_1.0.5-1ubuntu3.1_amd64.deb ...
2025-10-31T02:02:02.8777691Z Unpacking libpipewire-0.3-0t64:amd64 (1.0.5-1ubuntu3.1) ...
2025-10-31T02:02:02.9034682Z Selecting previously unselected package libsdl2-2.0-0:amd64.
2025-10-31T02:02:02.9179610Z Preparing to unpack .../122-libsdl2-2.0-0_2.30.0+dfsg-1ubuntu3.1_amd64.deb ...
2025-10-31T02:02:02.9186541Z Unpacking libsdl2-2.0-0:amd64 (2.30.0+dfsg-1ubuntu3.1) ...
2025-10-31T02:02:02.9489010Z Selecting previously unselected package timgm6mb-soundfont.
2025-10-31T02:02:02.9635851Z Preparing to unpack .../123-timgm6mb-soundfont_1.3-5_all.deb ...
2025-10-31T02:02:02.9642107Z Unpacking timgm6mb-soundfont (1.3-5) ...
2025-10-31T02:02:03.3135200Z Selecting previously unselected package libfluidsynth3:amd64.
2025-10-31T02:02:03.3282884Z Preparing to unpack .../124-libfluidsynth3_2.3.4-1build3_amd64.deb ...
2025-10-31T02:02:03.3290435Z Unpacking libfluidsynth3:amd64 (2.3.4-1build3) ...
2025-10-31T02:02:03.3539298Z Selecting previously unselected package libfreeaptx0:amd64.
2025-10-31T02:02:03.3682918Z Preparing to unpack .../125-libfreeaptx0_0.1.1-2build1_amd64.deb ...
2025-10-31T02:02:03.3692639Z Unpacking libfreeaptx0:amd64 (0.1.1-2build1) ...
2025-10-31T02:02:03.5479582Z Selecting previously unselected package libgraphene-1.0-0:amd64.
2025-10-31T02:02:03.5638168Z Preparing to unpack .../126-libgraphene-1.0-0_1.10.8-3build2_amd64.deb ...
2025-10-31T02:02:03.5648702Z Unpacking libgraphene-1.0-0:amd64 (1.10.8-3build2) ...
2025-10-31T02:02:03.5878112Z Selecting previously unselected package libgssdp-1.6-0:amd64.
2025-10-31T02:02:03.6025739Z Preparing to unpack .../127-libgssdp-1.6-0_1.6.3-1build3_amd64.deb ...
2025-10-31T02:02:03.6034173Z Unpacking libgssdp-1.6-0:amd64 (1.6.3-1build3) ...
2025-10-31T02:02:03.6261244Z Selecting previously unselected package libegl1:amd64.
2025-10-31T02:02:03.6407573Z Preparing to unpack .../128-libegl1_1.7.0-1build1_amd64.deb ...
2025-10-31T02:02:03.6414911Z Unpacking libegl1:amd64 (1.7.0-1build1) ...
2025-10-31T02:02:03.6638924Z Selecting previously unselected package libgstreamer-gl1.0-0:amd64.
2025-10-31T02:02:03.6783516Z Preparing to unpack .../129-libgstreamer-gl1.0-0_1.24.2-1ubuntu0.3_amd64.deb ...
2025-10-31T02:02:03.6791026Z Unpacking libgstreamer-gl1.0-0:amd64 (1.24.2-1ubuntu0.3) ...
2025-10-31T02:02:03.7035868Z Selecting previously unselected package libgtk-4-common.
2025-10-31T02:02:03.7190934Z Preparing to unpack .../130-libgtk-4-common_4.14.5+ds-0ubuntu0.5_all.deb ...
2025-10-31T02:02:03.7199671Z Unpacking libgtk-4-common (4.14.5+ds-0ubuntu0.5) ...
2025-10-31T02:02:03.7787860Z Selecting previously unselected package libgtk-4-1:amd64.
2025-10-31T02:02:03.7938645Z Preparing to unpack .../131-libgtk-4-1_4.14.5+ds-0ubuntu0.5_amd64.deb ...
2025-10-31T02:02:03.7946943Z Unpacking libgtk-4-1:amd64 (4.14.5+ds-0ubuntu0.5) ...
2025-10-31T02:02:03.8687976Z Selecting previously unselected package libgupnp-1.6-0:amd64.
2025-10-31T02:02:03.8832047Z Preparing to unpack .../132-libgupnp-1.6-0_1.6.6-1build3_amd64.deb ...
2025-10-31T02:02:03.8842128Z Unpacking libgupnp-1.6-0:amd64 (1.6.6-1build3) ...
2025-10-31T02:02:03.9082865Z Selecting previously unselected package libgupnp-igd-1.6-0:amd64.
2025-10-31T02:02:03.9229632Z Preparing to unpack .../133-libgupnp-igd-1.6-0_1.6.0-3build3_amd64.deb ...
2025-10-31T02:02:03.9239119Z Unpacking libgupnp-igd-1.6-0:amd64 (1.6.0-3build3) ...
2025-10-31T02:02:03.9451926Z Selecting previously unselected package libharfbuzz-icu0:amd64.
2025-10-31T02:02:03.9597416Z Preparing to unpack .../134-libharfbuzz-icu0_8.3.0-2build2_amd64.deb ...
2025-10-31T02:02:03.9606761Z Unpacking libharfbuzz-icu0:amd64 (8.3.0-2build2) ...
2025-10-31T02:02:03.9820143Z Selecting previously unselected package libhyphen0:amd64.
2025-10-31T02:02:03.9976821Z Preparing to unpack .../135-libhyphen0_2.8.8-7build3_amd64.deb ...
2025-10-31T02:02:03.9986848Z Unpacking libhyphen0:amd64 (2.8.8-7build3) ...
2025-10-31T02:02:04.0219166Z Selecting previously unselected package libimath-3-1-29t64:amd64.
2025-10-31T02:02:04.0368441Z Preparing to unpack .../136-libimath-3-1-29t64_3.1.9-3.1ubuntu2_amd64.deb ...
2025-10-31T02:02:04.0377910Z Unpacking libimath-3-1-29t64:amd64 (3.1.9-3.1ubuntu2) ...
2025-10-31T02:02:04.0618832Z Selecting previously unselected package liblc3-1:amd64.
2025-10-31T02:02:04.0764601Z Preparing to unpack .../137-liblc3-1_1.0.4-3build1_amd64.deb ...
2025-10-31T02:02:04.0772164Z Unpacking liblc3-1:amd64 (1.0.4-3build1) ...
2025-10-31T02:02:04.1002277Z Selecting previously unselected package libldacbt-enc2:amd64.
2025-10-31T02:02:04.1153522Z Preparing to unpack .../138-libldacbt-enc2_2.0.2.3+git20200429+ed310a0-4ubuntu2_amd64.deb ...
2025-10-31T02:02:04.1161237Z Unpacking libldacbt-enc2:amd64 (2.0.2.3+git20200429+ed310a0-4ubuntu2) ...
2025-10-31T02:02:04.1371836Z Selecting previously unselected package libraptor2-0:amd64.
2025-10-31T02:02:04.1511517Z Preparing to unpack .../139-libraptor2-0_2.0.16-3ubuntu0.1_amd64.deb ...
2025-10-31T02:02:04.1519586Z Unpacking libraptor2-0:amd64 (2.0.16-3ubuntu0.1) ...
2025-10-31T02:02:04.1758355Z Selecting previously unselected package liblrdf0:amd64.
2025-10-31T02:02:04.1900514Z Preparing to unpack .../140-liblrdf0_0.6.1-4build1_amd64.deb ...
2025-10-31T02:02:04.1908347Z Unpacking liblrdf0:amd64 (0.6.1-4build1) ...
2025-10-31T02:02:04.2124893Z Selecting previously unselected package libltc11:amd64.
2025-10-31T02:02:04.2263639Z Preparing to unpack .../141-libltc11_1.3.2-1build1_amd64.deb ...
2025-10-31T02:02:04.2272574Z Unpacking libltc11:amd64 (1.3.2-1build1) ...
2025-10-31T02:02:04.2484797Z Selecting previously unselected package libmanette-0.2-0:amd64.
2025-10-31T02:02:04.2624580Z Preparing to unpack .../142-libmanette-0.2-0_0.2.7-1build2_amd64.deb ...
2025-10-31T02:02:04.2630784Z Unpacking libmanette-0.2-0:amd64 (0.2.7-1build2) ...
2025-10-31T02:02:04.2860330Z Selecting previously unselected package libmfx1:amd64.
2025-10-31T02:02:04.3004544Z Preparing to unpack .../143-libmfx1_22.5.4-1_amd64.deb ...
2025-10-31T02:02:04.3012991Z Unpacking libmfx1:amd64 (22.5.4-1) ...
2025-10-31T02:02:04.4123002Z Selecting previously unselected package libmjpegutils-2.1-0t64:amd64.
2025-10-31T02:02:04.4275806Z Preparing to unpack .../144-libmjpegutils-2.1-0t64_1%3a2.1.0+debian-8.1build1_amd64.deb ...
2025-10-31T02:02:04.4282920Z Unpacking libmjpegutils-2.1-0t64:amd64 (1:2.1.0+debian-8.1build1) ...
2025-10-31T02:02:04.4505744Z Selecting previously unselected package libmodplug1:amd64.
2025-10-31T02:02:04.4654913Z Preparing to unpack .../145-libmodplug1_1%3a0.8.9.0-3build1_amd64.deb ...
2025-10-31T02:02:04.4663099Z Unpacking libmodplug1:amd64 (1:0.8.9.0-3build1) ...
2025-10-31T02:02:04.4902663Z Selecting previously unselected package libmpcdec6:amd64.
2025-10-31T02:02:04.5053514Z Preparing to unpack .../146-libmpcdec6_2%3a0.1~r495-2build1_amd64.deb ...
2025-10-31T02:02:04.5063115Z Unpacking libmpcdec6:amd64 (2:0.1~r495-2build1) ...
2025-10-31T02:02:04.5274050Z Selecting previously unselected package libmpeg2encpp-2.1-0t64:amd64.
2025-10-31T02:02:04.5425376Z Preparing to unpack .../147-libmpeg2encpp-2.1-0t64_1%3a2.1.0+debian-8.1build1_amd64.deb ...
2025-10-31T02:02:04.5433444Z Unpacking libmpeg2encpp-2.1-0t64:amd64 (1:2.1.0+debian-8.1build1) ...
2025-10-31T02:02:04.5659020Z Selecting previously unselected package libmplex2-2.1-0t64:amd64.
2025-10-31T02:02:04.5809041Z Preparing to unpack .../148-libmplex2-2.1-0t64_1%3a2.1.0+debian-8.1build1_amd64.deb ...
2025-10-31T02:02:04.5818629Z Unpacking libmplex2-2.1-0t64:amd64 (1:2.1.0+debian-8.1build1) ...
2025-10-31T02:02:04.6049000Z Selecting previously unselected package libneon27t64:amd64.
2025-10-31T02:02:04.6206318Z Preparing to unpack .../149-libneon27t64_0.33.0-1.1build3_amd64.deb ...
2025-10-31T02:02:04.6212618Z Unpacking libneon27t64:amd64 (0.33.0-1.1build3) ...
2025-10-31T02:02:04.6456156Z Selecting previously unselected package libnice10:amd64.
2025-10-31T02:02:04.6600592Z Preparing to unpack .../150-libnice10_0.1.21-2build3_amd64.deb ...
2025-10-31T02:02:04.6610246Z Unpacking libnice10:amd64 (0.1.21-2build3) ...
2025-10-31T02:02:04.6860822Z Selecting previously unselected package libopenal-data.
2025-10-31T02:02:04.7009422Z Preparing to unpack .../151-libopenal-data_1%3a1.23.1-4build1_all.deb ...
2025-10-31T02:02:04.7018307Z Unpacking libopenal-data (1:1.23.1-4build1) ...
2025-10-31T02:02:04.7256567Z Selecting previously unselected package libopenexr-3-1-30:amd64.
2025-10-31T02:02:04.7401139Z Preparing to unpack .../152-libopenexr-3-1-30_3.1.5-5.1build3_amd64.deb ...
2025-10-31T02:02:04.7408391Z Unpacking libopenexr-3-1-30:amd64 (3.1.5-5.1build3) ...
2025-10-31T02:02:04.7819607Z Selecting previously unselected package libopenh264-7:amd64.
2025-10-31T02:02:04.7964944Z Preparing to unpack .../153-libopenh264-7_2.4.1+dfsg-1_amd64.deb ...
2025-10-31T02:02:04.7974028Z Unpacking libopenh264-7:amd64 (2.4.1+dfsg-1) ...
2025-10-31T02:02:04.8255581Z Selecting previously unselected package libopenni2-0:amd64.
2025-10-31T02:02:04.8404521Z Preparing to unpack .../154-libopenni2-0_2.2.0.33+dfsg-18_amd64.deb ...
2025-10-31T02:02:04.8433021Z Unpacking libopenni2-0:amd64 (2.2.0.33+dfsg-18) ...
2025-10-31T02:02:04.8712768Z Selecting previously unselected package libqrencode4:amd64.
2025-10-31T02:02:04.8864601Z Preparing to unpack .../155-libqrencode4_4.1.1-1build2_amd64.deb ...
2025-10-31T02:02:04.8871759Z Unpacking libqrencode4:amd64 (4.1.1-1build2) ...
2025-10-31T02:02:04.9076739Z Selecting previously unselected package libsecret-common.
2025-10-31T02:02:04.9222638Z Preparing to unpack .../156-libsecret-common_0.21.4-1build3_all.deb ...
2025-10-31T02:02:04.9230601Z Unpacking libsecret-common (0.21.4-1build3) ...
2025-10-31T02:02:04.9436516Z Selecting previously unselected package libsecret-1-0:amd64.
2025-10-31T02:02:04.9582428Z Preparing to unpack .../157-libsecret-1-0_0.21.4-1build3_amd64.deb ...
2025-10-31T02:02:04.9592265Z Unpacking libsecret-1-0:amd64 (0.21.4-1build3) ...
2025-10-31T02:02:04.9824252Z Selecting previously unselected package libsndio7.0:amd64.
2025-10-31T02:02:04.9968749Z Preparing to unpack .../158-libsndio7.0_1.9.0-0.3build3_amd64.deb ...
2025-10-31T02:02:04.9978884Z Unpacking libsndio7.0:amd64 (1.9.0-0.3build3) ...
2025-10-31T02:02:05.0208825Z Selecting previously unselected package libsoundtouch1:amd64.
2025-10-31T02:02:05.0362481Z Preparing to unpack .../159-libsoundtouch1_2.3.2+ds1-1build1_amd64.deb ...
2025-10-31T02:02:05.0372039Z Unpacking libsoundtouch1:amd64 (2.3.2+ds1-1build1) ...
2025-10-31T02:02:05.0605789Z Selecting previously unselected package libspandsp2t64:amd64.
2025-10-31T02:02:05.0758056Z Preparing to unpack .../160-libspandsp2t64_0.0.6+dfsg-2.1build1_amd64.deb ...
2025-10-31T02:02:05.0767170Z Unpacking libspandsp2t64:amd64 (0.0.6+dfsg-2.1build1) ...
2025-10-31T02:02:05.1040787Z Selecting previously unselected package libsrtp2-1:amd64.
2025-10-31T02:02:05.1196794Z Preparing to unpack .../161-libsrtp2-1_2.5.0-3build1_amd64.deb ...
2025-10-31T02:02:05.1205261Z Unpacking libsrtp2-1:amd64 (2.5.0-3build1) ...
2025-10-31T02:02:05.1436137Z Selecting previously unselected package libwildmidi2:amd64.
2025-10-31T02:02:05.1586072Z Preparing to unpack .../162-libwildmidi2_0.4.3-1build3_amd64.deb ...
2025-10-31T02:02:05.1595217Z Unpacking libwildmidi2:amd64 (0.4.3-1build3) ...
2025-10-31T02:02:05.1823744Z Selecting previously unselected package libwoff1:amd64.
2025-10-31T02:02:05.1971154Z Preparing to unpack .../163-libwoff1_1.0.2-2build1_amd64.deb ...
2025-10-31T02:02:05.1981764Z Unpacking libwoff1:amd64 (1.0.2-2build1) ...
2025-10-31T02:02:05.2208690Z Selecting previously unselected package libxcb-xkb1:amd64.
2025-10-31T02:02:05.2359384Z Preparing to unpack .../164-libxcb-xkb1_1.15-1ubuntu2_amd64.deb ...
2025-10-31T02:02:05.2370653Z Unpacking libxcb-xkb1:amd64 (1.15-1ubuntu2) ...
2025-10-31T02:02:05.2742020Z Selecting previously unselected package libxkbcommon-x11-0:amd64.
2025-10-31T02:02:05.2889596Z Preparing to unpack .../165-libxkbcommon-x11-0_1.6.0-1build1_amd64.deb ...
2025-10-31T02:02:05.2895953Z Unpacking libxkbcommon-x11-0:amd64 (1.6.0-1build1) ...
2025-10-31T02:02:05.3109642Z Selecting previously unselected package libzbar0t64:amd64.
2025-10-31T02:02:05.3256767Z Preparing to unpack .../166-libzbar0t64_0.23.93-4build3_amd64.deb ...
2025-10-31T02:02:05.3264977Z Unpacking libzbar0t64:amd64 (0.23.93-4build3) ...
2025-10-31T02:02:05.3498186Z Selecting previously unselected package libzxing3:amd64.
2025-10-31T02:02:05.3644421Z Preparing to unpack .../167-libzxing3_2.2.1-3_amd64.deb ...
2025-10-31T02:02:05.3654080Z Unpacking libzxing3:amd64 (2.2.1-3) ...
2025-10-31T02:02:05.3927105Z Selecting previously unselected package xfonts-encodings.
2025-10-31T02:02:05.4072178Z Preparing to unpack .../168-xfonts-encodings_1%3a1.0.5-0ubuntu2_all.deb ...
2025-10-31T02:02:05.4079157Z Unpacking xfonts-encodings (1:1.0.5-0ubuntu2) ...
2025-10-31T02:02:05.4398140Z Selecting previously unselected package xfonts-utils.
2025-10-31T02:02:05.4542229Z Preparing to unpack .../169-xfonts-utils_1%3a7.7+6build3_amd64.deb ...
2025-10-31T02:02:05.4550754Z Unpacking xfonts-utils (1:7.7+6build3) ...
2025-10-31T02:02:05.7610501Z Selecting previously unselected package xfonts-cyrillic.
2025-10-31T02:02:05.7763031Z Preparing to unpack .../170-xfonts-cyrillic_1%3a1.0.5+nmu1_all.deb ...
2025-10-31T02:02:05.7771974Z Unpacking xfonts-cyrillic (1:1.0.5+nmu1) ...
2025-10-31T02:02:05.8159944Z Selecting previously unselected package xfonts-scalable.
2025-10-31T02:02:05.8313683Z Preparing to unpack .../171-xfonts-scalable_1%3a1.0.3-1.3_all.deb ...
2025-10-31T02:02:05.8321546Z Unpacking xfonts-scalable (1:1.0.3-1.3) ...
2025-10-31T02:02:05.8597893Z Selecting previously unselected package libgstreamer-plugins-bad1.0-0:amd64.
2025-10-31T02:02:05.8750318Z Preparing to unpack .../172-libgstreamer-plugins-bad1.0-0_1.24.2-1ubuntu4_amd64.deb ...
2025-10-31T02:02:05.8759410Z Unpacking libgstreamer-plugins-bad1.0-0:amd64 (1.24.2-1ubuntu4) ...
2025-10-31T02:02:05.9175829Z Selecting previously unselected package libdca0:amd64.
2025-10-31T02:02:05.9333666Z Preparing to unpack .../173-libdca0_0.0.7-2build1_amd64.deb ...
2025-10-31T02:02:05.9345486Z Unpacking libdca0:amd64 (0.0.7-2build1) ...
2025-10-31T02:02:05.9594300Z Selecting previously unselected package libopenal1:amd64.
2025-10-31T02:02:05.9741177Z Preparing to unpack .../174-libopenal1_1%3a1.23.1-4build1_amd64.deb ...
2025-10-31T02:02:05.9751063Z Unpacking libopenal1:amd64 (1:1.23.1-4build1) ...
2025-10-31T02:02:06.0039240Z Selecting previously unselected package libsbc1:amd64.
2025-10-31T02:02:06.0182190Z Preparing to unpack .../175-libsbc1_2.0-1build1_amd64.deb ...
2025-10-31T02:02:06.0191924Z Unpacking libsbc1:amd64 (2.0-1build1) ...
2025-10-31T02:02:06.0434900Z Selecting previously unselected package libvo-aacenc0:amd64.
2025-10-31T02:02:06.0581023Z Preparing to unpack .../176-libvo-aacenc0_0.1.3-2build1_amd64.deb ...
2025-10-31T02:02:06.0590924Z Unpacking libvo-aacenc0:amd64 (0.1.3-2build1) ...
2025-10-31T02:02:06.0823960Z Selecting previously unselected package libvo-amrwbenc0:amd64.
2025-10-31T02:02:06.0974059Z Preparing to unpack .../177-libvo-amrwbenc0_0.1.3-2build1_amd64.deb ...
2025-10-31T02:02:06.0984176Z Unpacking libvo-amrwbenc0:amd64 (0.1.3-2build1) ...
2025-10-31T02:02:06.1204297Z Selecting previously unselected package gstreamer1.0-plugins-bad:amd64.
2025-10-31T02:02:06.1351658Z Preparing to unpack .../178-gstreamer1.0-plugins-bad_1.24.2-1ubuntu4_amd64.deb ...
2025-10-31T02:02:06.1363244Z Unpacking gstreamer1.0-plugins-bad:amd64 (1.24.2-1ubuntu4) ...
2025-10-31T02:02:06.5662492Z Setting up libgme0:amd64 (0.6.3-7build1) ...
2025-10-31T02:02:06.5686978Z Setting up libchromaprint1:amd64 (1.5.1-5) ...
2025-10-31T02:02:06.5712432Z Setting up libssh-gcrypt-4:amd64 (0.10.6-2ubuntu0.1) ...
2025-10-31T02:02:06.5730714Z Setting up libhwy1t64:amd64 (1.0.7-8.1build1) ...
2025-10-31T02:02:06.5752170Z Setting up libcairo-script-interpreter2:amd64 (1.18.0-3build1) ...
2025-10-31T02:02:06.5777111Z Setting up libfreeaptx0:amd64 (0.1.1-2build1) ...
2025-10-31T02:02:06.5796594Z Setting up libdvdread8t64:amd64 (6.1.3-1.1build1) ...
2025-10-31T02:02:06.5815235Z Setting up libudfread0:amd64 (1.1.2-1build1) ...
2025-10-31T02:02:06.5835650Z Setting up libmodplug1:amd64 (1:0.8.9.0-3build1) ...
2025-10-31T02:02:06.5862030Z Setting up libcdparanoia0:amd64 (3.10.2+debian-14build3) ...
2025-10-31T02:02:06.5881032Z Setting up libvo-amrwbenc0:amd64 (0.1.3-2build1) ...
2025-10-31T02:02:06.5902425Z Setting up session-migration (0.3.9build1) ...
2025-10-31T02:02:06.7351910Z Created symlink /etc/systemd/user/graphical-session-pre.target.wants/session-migration.service → /usr/lib/systemd/user/session-migration.service.
2025-10-31T02:02:06.7353382Z 
2025-10-31T02:02:06.7382156Z Setting up libraw1394-11:amd64 (2.1.2-2build3) ...
2025-10-31T02:02:06.7404374Z Setting up libsbc1:amd64 (2.0-1build1) ...
2025-10-31T02:02:06.7424262Z Setting up libproxy1v5:amd64 (0.5.4-4build1) ...
2025-10-31T02:02:06.7449422Z Setting up libneon27t64:amd64 (0.33.0-1.1build3) ...
2025-10-31T02:02:06.7471299Z Setting up libtag1v5-vanilla:amd64 (1.13.1-1build1) ...
2025-10-31T02:02:06.7493688Z Setting up libharfbuzz-icu0:amd64 (8.3.0-2build2) ...
2025-10-31T02:02:06.7514623Z Setting up libopenni2-0:amd64 (2.2.0.33+dfsg-18) ...
2025-10-31T02:02:06.7902045Z Setting up libspeex1:amd64 (1.2.1-2ubuntu2.24.04.1) ...
2025-10-31T02:02:06.7926716Z Setting up libshine3:amd64 (3.1.1-2build1) ...
2025-10-31T02:02:06.7949198Z Setting up libcaca0:amd64 (0.99.beta20-4build2) ...
2025-10-31T02:02:06.7970508Z Setting up libvpl2 (2023.3.0-1build1) ...
2025-10-31T02:02:06.7992102Z Setting up libv4lconvert0t64:amd64 (1.26.1-4build3) ...
2025-10-31T02:02:06.8014878Z Setting up libx264-164:amd64 (2:0.164.3108+git31e19f9-1) ...
2025-10-31T02:02:06.8039255Z Setting up libtwolame0:amd64 (0.4.0-2build3) ...
2025-10-31T02:02:06.8059385Z Setting up libmbedcrypto7t64:amd64 (2.28.8-1) ...
2025-10-31T02:02:06.8080088Z Setting up libwoff1:amd64 (1.0.2-2build1) ...
2025-10-31T02:02:06.8102371Z Setting up liblc3-1:amd64 (1.0.4-3build1) ...
2025-10-31T02:02:06.8122529Z Setting up libqrencode4:amd64 (4.1.1-1build2) ...
2025-10-31T02:02:06.8143223Z Setting up libhyphen0:amd64 (2.8.8-7build3) ...
2025-10-31T02:02:06.8166140Z Setting up libgsm1:amd64 (1.0.22-1build1) ...
2025-10-31T02:02:06.8186270Z Setting up libvisual-0.4-0:amd64 (0.4.2-2build1) ...
2025-10-31T02:02:06.8207573Z Setting up libsoxr0:amd64 (0.1.3-4build3) ...
2025-10-31T02:02:06.8231968Z Setting up libzix-0-0:amd64 (0.4.2-2build1) ...
2025-10-31T02:02:06.8256253Z Setting up libcodec2-1.2:amd64 (1.2.0-2build1) ...
2025-10-31T02:02:06.8278027Z Setting up libmanette-0.2-0:amd64 (0.2.7-1build2) ...
2025-10-31T02:02:06.8299009Z Setting up libsrtp2-1:amd64 (2.5.0-3build1) ...
2025-10-31T02:02:06.8318719Z Setting up libmysofa1:amd64 (1.3.2+dfsg-2ubuntu2) ...
2025-10-31T02:02:06.8339279Z Setting up libraptor2-0:amd64 (2.0.16-3ubuntu0.1) ...
2025-10-31T02:02:06.8361261Z Setting up libldacbt-enc2:amd64 (2.0.2.3+git20200429+ed310a0-4ubuntu2) ...
2025-10-31T02:02:06.8383553Z Setting up fonts-wqy-zenhei (0.9.45-8) ...
2025-10-31T02:02:06.8516610Z Setting up libwebrtc-audio-processing1:amd64 (0.3.1-0ubuntu6) ...
2025-10-31T02:02:06.8538378Z Setting up fonts-freefont-ttf (20211204+svn4273-2) ...
2025-10-31T02:02:06.8559370Z Setting up libevent-2.1-7t64:amd64 (2.1.12-stable-9ubuntu2) ...
2025-10-31T02:02:06.8580271Z Setting up libsvtav1enc1d1:amd64 (1.7.0+dfsg-2build1) ...
2025-10-31T02:02:06.8603463Z Setting up libsoup-3.0-common (3.4.4-5ubuntu0.5) ...
2025-10-31T02:02:06.8626167Z Setting up libmpg123-0t64:amd64 (1.32.5-1ubuntu1.1) ...
2025-10-31T02:02:06.8649387Z Setting up libcjson1:amd64 (1.7.17-1) ...
2025-10-31T02:02:06.8669108Z Setting up libxvidcore4:amd64 (2:1.3.7-1build1) ...
2025-10-31T02:02:06.8691831Z Setting up libmpcdec6:amd64 (2:0.1~r495-2build1) ...
2025-10-31T02:02:06.8716043Z Setting up libmjpegutils-2.1-0t64:amd64 (1:2.1.0+debian-8.1build1) ...
2025-10-31T02:02:06.8737678Z Setting up librav1e0:amd64 (0.7.1-2) ...
2025-10-31T02:02:06.8758910Z Setting up liborc-0.4-0t64:amd64 (1:0.4.38-1ubuntu0.1) ...
2025-10-31T02:02:06.8779885Z Setting up libxcb-xkb1:amd64 (1.15-1ubuntu2) ...
2025-10-31T02:02:06.8800411Z Setting up libvo-aacenc0:amd64 (0.1.3-2build1) ...
2025-10-31T02:02:06.8821901Z Setting up librist4:amd64 (0.2.10+dfsg-2) ...
2025-10-31T02:02:06.8845900Z Setting up librsvg2-2:amd64 (2.58.0+dfsg-1build1) ...
2025-10-31T02:02:06.8868107Z Setting up libblas3:amd64 (3.12.0-3build1.1) ...
2025-10-31T02:02:06.8933065Z update-alternatives: using /usr/lib/x86_64-linux-gnu/blas/libblas.so.3 to provide /usr/lib/x86_64-linux-gnu/libblas.so.3 (libblas.so.3-x86_64-linux-gnu) in auto mode
2025-10-31T02:02:06.8956007Z Setting up libegl-mesa0:amd64 (25.0.7-0ubuntu0.24.04.2) ...
2025-10-31T02:02:06.8978730Z Setting up libsoundtouch1:amd64 (2.3.2+ds1-1build1) ...
2025-10-31T02:02:06.8998593Z Setting up libplacebo338:amd64 (6.338.2-2build1) ...
2025-10-31T02:02:06.9019942Z Setting up libgles2:amd64 (1.7.0-1build1) ...
2025-10-31T02:02:06.9040547Z Setting up fonts-tlwg-loma-otf (1:0.7.3-1) ...
2025-10-31T02:02:06.9061450Z Setting up libva2:amd64 (2.20.0-2build1) ...
2025-10-31T02:02:06.9085515Z Setting up libspa-0.2-modules:amd64 (1.0.5-1ubuntu3.1) ...
2025-10-31T02:02:06.9110828Z Setting up libzxing3:amd64 (2.2.1-3) ...
2025-10-31T02:02:06.9137060Z Setting up xfonts-encodings (1:1.0.5-0ubuntu2) ...
2025-10-31T02:02:06.9158647Z Setting up libopus0:amd64 (1.4-1build1) ...
2025-10-31T02:02:06.9180907Z Setting up libfaad2:amd64 (2.11.1-1build1) ...
2025-10-31T02:02:06.9201251Z Setting up libxkbcommon-x11-0:amd64 (1.6.0-1build1) ...
2025-10-31T02:02:06.9220786Z Setting up libdc1394-25:amd64 (2.2.6-4build1) ...
2025-10-31T02:02:06.9242588Z Setting up libimath-3-1-29t64:amd64 (3.1.9-3.1ubuntu2) ...
2025-10-31T02:02:06.9263697Z Setting up libunibreak5:amd64 (5.1-2build1) ...
2025-10-31T02:02:06.9286597Z Setting up libdv4t64:amd64 (1.0.0-17.1build1) ...
2025-10-31T02:02:06.9309490Z Setting up libjxl0.7:amd64 (0.7.0-10.2ubuntu6.1) ...
2025-10-31T02:02:06.9333658Z Setting up libopenh264-7:amd64 (2.4.1+dfsg-1) ...
2025-10-31T02:02:06.9367586Z Setting up libltc11:amd64 (1.3.2-1build1) ...
2025-10-31T02:02:06.9389007Z Setting up libx265-199:amd64 (3.5-2build1) ...
2025-10-31T02:02:06.9411744Z Setting up libv4l-0t64:amd64 (1.26.1-4build3) ...
2025-10-31T02:02:06.9431588Z Setting up libavtp0:amd64 (0.2.0-1build1) ...
2025-10-31T02:02:06.9458630Z Setting up libsndio7.0:amd64 (1.9.0-0.3build3) ...
2025-10-31T02:02:06.9479536Z Setting up libdirectfb-1.7-7t64:amd64 (1.7.7-11.1ubuntu2) ...
2025-10-31T02:02:06.9621633Z Setting up libspandsp2t64:amd64 (0.0.6+dfsg-2.1build1) ...
2025-10-31T02:02:06.9647082Z Setting up libvidstab1.1:amd64 (1.1.0-2build1) ...
2025-10-31T02:02:06.9668360Z Setting up libvpx9:amd64 (1.14.0-1ubuntu2.2) ...
2025-10-31T02:02:06.9688619Z Setting up libsrt1.5-gnutls:amd64 (1.5.3-1build2) ...
2025-10-31T02:02:06.9712451Z Setting up libtag1v5:amd64 (1.13.1-1build1) ...
2025-10-31T02:02:06.9731801Z Setting up libflite1:amd64 (2.2-6build3) ...
2025-10-31T02:02:06.9751494Z Setting up libdav1d7:amd64 (1.4.1-1build1) ...
2025-10-31T02:02:06.9775996Z Setting up libva-drm2:amd64 (2.20.0-2build1) ...
2025-10-31T02:02:06.9795428Z Setting up fonts-ipafont-gothic (00303-21ubuntu1) ...
2025-10-31T02:02:06.9870776Z update-alternatives: using /usr/share/fonts/opentype/ipafont-gothic/ipag.ttf to provide /usr/share/fonts/truetype/fonts-japanese-gothic.ttf (fonts-japanese-gothic.ttf) in auto mode
2025-10-31T02:02:06.9887620Z Setting up ocl-icd-libopencl1:amd64 (2.3.2-1build1) ...
2025-10-31T02:02:06.9905493Z Setting up libasyncns0:amd64 (0.8-6build4) ...
2025-10-31T02:02:06.9926579Z Setting up libwildmidi2:amd64 (0.4.3-1build3) ...
2025-10-31T02:02:06.9946330Z Setting up libvdpau1:amd64 (1.5-2build1) ...
2025-10-31T02:02:06.9972778Z Setting up libwavpack1:amd64 (5.6.0-1build1) ...
2025-10-31T02:02:07.0002007Z Setting up libbs2b0:amd64 (3.1.0+dfsg-7build1) ...
2025-10-31T02:02:07.0022249Z Setting up libtheora0:amd64 (1.1.1+dfsg.1-16.1build3) ...
2025-10-31T02:02:07.0042178Z Setting up libegl1:amd64 (1.7.0-1build1) ...
2025-10-31T02:02:07.0063809Z Setting up libdecor-0-0:amd64 (0.2.2-1build2) ...
2025-10-31T02:02:07.0084223Z Setting up libdca0:amd64 (0.0.7-2build1) ...
2025-10-31T02:02:07.0106669Z Setting up libzimg2:amd64 (3.0.5+ds1-1build1) ...
2025-10-31T02:02:07.0126693Z Setting up libopenal-data (1:1.23.1-4build1) ...
2025-10-31T02:02:07.0153179Z Setting up libabsl20220623t64:amd64 (20220623.1-3.1ubuntu3.2) ...
2025-10-31T02:02:07.0176108Z Setting up libflac12t64:amd64 (1.4.3+ds-2.1ubuntu2) ...
2025-10-31T02:02:07.0197647Z Setting up libgtk-4-common (4.14.5+ds-0ubuntu0.5) ...
2025-10-31T02:02:07.0220948Z Setting up libmpeg2encpp-2.1-0t64:amd64 (1:2.1.0+debian-8.1build1) ...
2025-10-31T02:02:07.0247619Z Setting up glib-networking-common (2.80.0-1build1) ...
2025-10-31T02:02:07.0271104Z Setting up libmfx1:amd64 (22.5.4-1) ...
2025-10-31T02:02:07.0289518Z Setting up libbluray2:amd64 (1:1.3.4-1build1) ...
2025-10-31T02:02:07.0313545Z Setting up libsamplerate0:amd64 (0.2.2-4build1) ...
2025-10-31T02:02:07.0333279Z Setting up timgm6mb-soundfont (1.3-5) ...
2025-10-31T02:02:07.0415178Z update-alternatives: using /usr/share/sounds/sf2/TimGM6mb.sf2 to provide /usr/share/sounds/sf2/default-GM.sf2 (default-GM.sf2) in auto mode
2025-10-31T02:02:07.0460358Z update-alternatives: using /usr/share/sounds/sf2/TimGM6mb.sf2 to provide /usr/share/sounds/sf3/default-GM.sf3 (default-GM.sf3) in auto mode
2025-10-31T02:02:07.0477368Z Setting up libva-x11-2:amd64 (2.20.0-2build1) ...
2025-10-31T02:02:07.0498107Z Setting up libyuv0:amd64 (0.0~git202401110.af6ac82-1) ...
2025-10-31T02:02:07.0518632Z Setting up libmplex2-2.1-0t64:amd64 (1:2.1.0+debian-8.1build1) ...
2025-10-31T02:02:07.0539488Z Setting up libpipewire-0.3-0t64:amd64 (1.0.5-1ubuntu3.1) ...
2025-10-31T02:02:07.0561375Z Setting up libopenmpt0t64:amd64 (0.7.3-1.1build3) ...
2025-10-31T02:02:07.0581534Z Setting up libzvbi-common (0.2.42-2) ...
2025-10-31T02:02:07.0602935Z Setting up libsecret-common (0.21.4-1build3) ...
2025-10-31T02:02:07.0634207Z Setting up libmp3lame0:amd64 (3.100-6build1) ...
2025-10-31T02:02:07.0657873Z Setting up libgraphene-1.0-0:amd64 (1.10.8-3build2) ...
2025-10-31T02:02:07.0679083Z Setting up libvorbisenc2:amd64 (1.3.7-1build3) ...
2025-10-31T02:02:07.0699860Z Setting up libdvdnav4:amd64 (6.1.1-3build1) ...
2025-10-31T02:02:07.0721682Z Setting up fonts-unifont (1:15.1.01-1build1) ...
2025-10-31T02:02:07.0741318Z Setting up libaa1:amd64 (1.4p5-51.1) ...
2025-10-31T02:02:07.0763094Z Setting up libiec61883-0:amd64 (1.2.0-6build1) ...
2025-10-31T02:02:07.0786000Z Setting up libserd-0-0:amd64 (0.32.2-1) ...
2025-10-31T02:02:07.0806854Z Setting up libavc1394-0:amd64 (0.5.4-5build3) ...
2025-10-31T02:02:07.0826234Z Setting up gsettings-desktop-schemas (46.1-0ubuntu1) ...
2025-10-31T02:02:07.0846397Z Setting up glib-networking-services (2.80.0-1build1) ...
2025-10-31T02:02:07.0866645Z Setting up liblapack3:amd64 (3.12.0-3build1.1) ...
2025-10-31T02:02:07.0926928Z update-alternatives: using /usr/lib/x86_64-linux-gnu/lapack/liblapack.so.3 to provide /usr/lib/x86_64-linux-gnu/liblapack.so.3 (liblapack.so.3-x86_64-linux-gnu) in auto mode
2025-10-31T02:02:07.0945047Z Setting up libzvbi0t64:amd64 (0.2.42-2) ...
2025-10-31T02:02:07.0964518Z Setting up liblrdf0:amd64 (0.6.1-4build1) ...
2025-10-31T02:02:07.0985676Z Setting up libzbar0t64:amd64 (0.23.93-4build3) ...
2025-10-31T02:02:07.1008539Z Setting up libgstreamer-plugins-base1.0-0:amd64 (1.24.2-1ubuntu0.3) ...
2025-10-31T02:02:07.1027661Z Setting up libavutil58:amd64 (7:6.1.1-3ubuntu5) ...
2025-10-31T02:02:07.1051129Z Setting up libopenal1:amd64 (1:1.23.1-4build1) ...
2025-10-31T02:02:07.1072612Z Setting up xfonts-utils (1:7.7+6build3) ...
2025-10-31T02:02:07.1114944Z Setting up libsecret-1-0:amd64 (0.21.4-1build3) ...
2025-10-31T02:02:07.1136395Z Setting up libgstreamer-plugins-good1.0-0:amd64 (1.24.2-1ubuntu1.2) ...
2025-10-31T02:02:07.1157204Z Setting up libgstreamer-gl1.0-0:amd64 (1.24.2-1ubuntu0.3) ...
2025-10-31T02:02:07.1178928Z Setting up gstreamer1.0-plugins-base:amd64 (1.24.2-1ubuntu0.3) ...
2025-10-31T02:02:07.1198963Z Setting up libass9:amd64 (1:0.17.1-2build1) ...
2025-10-31T02:02:07.1219869Z Setting up libswresample4:amd64 (7:6.1.1-3ubuntu5) ...
2025-10-31T02:02:07.1240078Z Setting up libopenexr-3-1-30:amd64 (3.1.5-5.1build3) ...
2025-10-31T02:02:07.1262948Z Setting up libshout3:amd64 (2.4.6-1build2) ...
2025-10-31T02:02:07.1288681Z Setting up libgav1-1:amd64 (0.18.0-1build3) ...
2025-10-31T02:02:07.1311231Z Setting up libavcodec60:amd64 (7:6.1.1-3ubuntu5) ...
2025-10-31T02:02:07.1333635Z Setting up librubberband2:amd64 (3.3.0+dfsg-2build1) ...
2025-10-31T02:02:07.1354963Z Setting up libjack-jackd2-0:amd64 (1.9.21~dfsg-3ubuntu3) ...
2025-10-31T02:02:07.1375602Z Setting up libsord-0-0:amd64 (0.16.16-2build1) ...
2025-10-31T02:02:07.1401886Z Setting up xfonts-cyrillic (1:1.0.5+nmu1) ...
2025-10-31T02:02:07.2072488Z Setting up libpostproc57:amd64 (7:6.1.1-3ubuntu5) ...
2025-10-31T02:02:07.2093196Z Setting up libsratom-0-0:amd64 (0.6.16-1build1) ...
2025-10-31T02:02:07.2115466Z Setting up libsndfile1:amd64 (1.2.2-1ubuntu5.24.04.1) ...
2025-10-31T02:02:07.2136457Z Setting up liblilv-0-0:amd64 (0.24.22-1build1) ...
2025-10-31T02:02:07.2157844Z Setting up libinstpatch-1.0-2:amd64 (1.1.6-1build2) ...
2025-10-31T02:02:07.2177867Z Setting up xfonts-scalable (1:1.0.3-1.3) ...
2025-10-31T02:02:07.2670417Z Setting up libswscale7:amd64 (7:6.1.1-3ubuntu5) ...
2025-10-31T02:02:07.2694371Z Setting up libavif16:amd64 (1.0.4-1ubuntu3) ...
2025-10-31T02:02:07.2715851Z Setting up libpulse0:amd64 (1:16.1+dfsg1-2ubuntu10.1) ...
2025-10-31T02:02:07.2792856Z Setting up libavformat60:amd64 (7:6.1.1-3ubuntu5) ...
2025-10-31T02:02:07.2814137Z Setting up libsphinxbase3t64:amd64 (0.8+5prealpha+1-17build2) ...
2025-10-31T02:02:07.2955637Z Setting up libsdl2-2.0-0:amd64 (2.30.0+dfsg-1ubuntu3.1) ...
2025-10-31T02:02:07.2977145Z Setting up libfluidsynth3:amd64 (2.3.4-1build3) ...
2025-10-31T02:02:07.3000030Z Setting up libpocketsphinx3:amd64 (0.8.0+real5prealpha+1-15ubuntu5) ...
2025-10-31T02:02:07.3022389Z Setting up libavfilter9:amd64 (7:6.1.1-3ubuntu5) ...
2025-10-31T02:02:07.3043969Z Setting up gstreamer1.0-libav:amd64 (1.24.1-1build1) ...
2025-10-31T02:02:07.3414575Z Processing triggers for fontconfig (2.15.0-1.1ubuntu2) ...
2025-10-31T02:02:07.8732745Z Processing triggers for libc-bin (2.39-0ubuntu8.6) ...
2025-10-31T02:02:10.7727160Z Processing triggers for man-db (2.12.0-4build2) ...
2025-10-31T02:04:31.6951162Z Processing triggers for libglib2.0-0t64:amd64 (2.80.0-6ubuntu3.4) ...
2025-10-31T02:04:31.7710443Z Setting up libgtk-4-1:amd64 (4.14.5+ds-0ubuntu0.5) ...
2025-10-31T02:04:31.9737020Z Setting up glib-networking:amd64 (2.80.0-1build1) ...
2025-10-31T02:04:31.9774424Z Setting up libsoup-3.0-0:amd64 (3.4.4-5ubuntu0.5) ...
2025-10-31T02:04:31.9808823Z Setting up libgssdp-1.6-0:amd64 (1.6.3-1build3) ...
2025-10-31T02:04:31.9880793Z Setting up gstreamer1.0-plugins-good:amd64 (1.24.2-1ubuntu1.2) ...
2025-10-31T02:04:31.9913668Z Setting up libgupnp-1.6-0:amd64 (1.6.6-1build3) ...
2025-10-31T02:04:31.9974910Z Setting up libgupnp-igd-1.6-0:amd64 (1.6.0-3build3) ...
2025-10-31T02:04:32.0010414Z Setting up libnice10:amd64 (0.1.21-2build3) ...
2025-10-31T02:04:32.0066384Z Setting up libgstreamer-plugins-bad1.0-0:amd64 (1.24.2-1ubuntu4) ...
2025-10-31T02:04:32.0115667Z Setting up gstreamer1.0-plugins-bad:amd64 (1.24.2-1ubuntu4) ...
2025-10-31T02:04:32.0140030Z Processing triggers for libc-bin (2.39-0ubuntu8.6) ...
2025-10-31T02:04:33.7712064Z 
2025-10-31T02:04:33.7713598Z Running kernel seems to be up-to-date.
2025-10-31T02:04:33.7714617Z 
2025-10-31T02:04:33.7715096Z Restarting services...
2025-10-31T02:04:33.7792292Z 
2025-10-31T02:04:33.7792884Z Service restarts being deferred:
2025-10-31T02:04:33.7796653Z  systemctl restart hosted-compute-agent.service
2025-10-31T02:04:33.7798070Z 
2025-10-31T02:04:33.7798516Z No containers need to be restarted.
2025-10-31T02:04:33.7799104Z 
2025-10-31T02:04:33.7806033Z No user sessions are running outdated binaries.
2025-10-31T02:04:33.7806380Z 
2025-10-31T02:04:33.7806858Z No VM guests are running outdated hypervisor (qemu) binaries on this host.
2025-10-31T02:04:34.7152503Z Downloading Chromium 141.0.7390.37 (playwright build v1194) from https://cdn.playwright.dev/dbazure/download/playwright/builds/chromium/1194/chromium-linux.zip
2025-10-31T02:04:35.0291182Z |                                                                                |   0% of 173.9 MiB
2025-10-31T02:04:35.3399938Z |■■■■■■■■                                                                        |  10% of 173.9 MiB
2025-10-31T02:04:35.5170058Z |■■■■■■■■■■■■■■■■                                                                |  20% of 173.9 MiB
2025-10-31T02:04:35.6660339Z |■■■■■■■■■■■■■■■■■■■■■■■■                                                        |  30% of 173.9 MiB
2025-10-31T02:04:35.8645740Z |■■■■■■■■■■■■■■■■■■■■■■■■■■■■■■■■                                                |  40% of 173.9 MiB
2025-10-31T02:04:36.0554116Z |■■■■■■■■■■■■■■■■■■■■■■■■■■■■■■■■■■■■■■■■                                        |  50% of 173.9 MiB
2025-10-31T02:04:36.1923485Z |■■■■■■■■■■■■■■■■■■■■■■■■■■■■■■■■■■■■■■■■■■■■■■■■                                |  60% of 173.9 MiB
2025-10-31T02:04:36.3306809Z |■■■■■■■■■■■■■■■■■■■■■■■■■■■■■■■■■■■■■■■■■■■■■■■■■■■■■■■■                        |  70% of 173.9 MiB
2025-10-31T02:04:36.4582268Z |■■■■■■■■■■■■■■■■■■■■■■■■■■■■■■■■■■■■■■■■■■■■■■■■■■■■■■■■■■■■■■■■                |  80% of 173.9 MiB
2025-10-31T02:04:36.5987783Z |■■■■■■■■■■■■■■■■■■■■■■■■■■■■■■■■■■■■■■■■■■■■■■■■■■■■■■■■■■■■■■■■■■■■■■■■        |  90% of 173.9 MiB
2025-10-31T02:04:36.7459682Z |■■■■■■■■■■■■■■■■■■■■■■■■■■■■■■■■■■■■■■■■■■■■■■■■■■■■■■■■■■■■■■■■■■■■■■■■■■■■■■■■| 100% of 173.9 MiB
2025-10-31T02:04:41.9989069Z Chromium 141.0.7390.37 (playwright build v1194) downloaded to /home/runner/.cache/ms-playwright/chromium-1194
2025-10-31T02:04:42.0010265Z Downloading Chromium Headless Shell 141.0.7390.37 (playwright build v1194) from https://cdn.playwright.dev/dbazure/download/playwright/builds/chromium/1194/chromium-headless-shell-linux.zip
2025-10-31T02:04:42.2931152Z |                                                                                |   0% of 104.3 MiB
2025-10-31T02:04:42.5660019Z |■■■■■■■■                                                                        |  10% of 104.3 MiB
2025-10-31T02:04:42.6991115Z |■■■■■■■■■■■■■■■■                                                                |  20% of 104.3 MiB
2025-10-31T02:04:42.8440471Z |■■■■■■■■■■■■■■■■■■■■■■■■                                                        |  30% of 104.3 MiB
2025-10-31T02:04:42.9683567Z |■■■■■■■■■■■■■■■■■■■■■■■■■■■■■■■■                                                |  40% of 104.3 MiB
2025-10-31T02:04:43.0704427Z |■■■■■■■■■■■■■■■■■■■■■■■■■■■■■■■■■■■■■■■■                                        |  50% of 104.3 MiB
2025-10-31T02:04:43.2211215Z |■■■■■■■■■■■■■■■■■■■■■■■■■■■■■■■■■■■■■■■■■■■■■■■■                                |  60% of 104.3 MiB
2025-10-31T02:04:43.3354974Z |■■■■■■■■■■■■■■■■■■■■■■■■■■■■■■■■■■■■■■■■■■■■■■■■■■■■■■■■                        |  70% of 104.3 MiB
2025-10-31T02:04:43.4413298Z |■■■■■■■■■■■■■■■■■■■■■■■■■■■■■■■■■■■■■■■■■■■■■■■■■■■■■■■■■■■■■■■■                |  80% of 104.3 MiB
2025-10-31T02:04:43.5388398Z |■■■■■■■■■■■■■■■■■■■■■■■■■■■■■■■■■■■■■■■■■■■■■■■■■■■■■■■■■■■■■■■■■■■■■■■■        |  90% of 104.3 MiB
2025-10-31T02:04:43.6270282Z |■■■■■■■■■■■■■■■■■■■■■■■■■■■■■■■■■■■■■■■■■■■■■■■■■■■■■■■■■■■■■■■■■■■■■■■■■■■■■■■■| 100% of 104.3 MiB
2025-10-31T02:04:46.5724926Z Chromium Headless Shell 141.0.7390.37 (playwright build v1194) downloaded to /home/runner/.cache/ms-playwright/chromium_headless_shell-1194
2025-10-31T02:04:46.5731079Z Downloading Firefox 142.0.1 (playwright build v1495) from https://cdn.playwright.dev/dbazure/download/playwright/builds/firefox/1495/firefox-ubuntu-24.04.zip
2025-10-31T02:04:46.8299857Z |                                                                                |   0% of 96.7 MiB
2025-10-31T02:04:47.0815794Z |■■■■■■■■                                                                        |  10% of 96.7 MiB
2025-10-31T02:04:47.2044294Z |■■■■■■■■■■■■■■■■                                                                |  20% of 96.7 MiB
2025-10-31T02:04:47.3337536Z |■■■■■■■■■■■■■■■■■■■■■■■■                                                        |  30% of 96.7 MiB
2025-10-31T02:04:47.4281847Z |■■■■■■■■■■■■■■■■■■■■■■■■■■■■■■■■                                                |  40% of 96.7 MiB
2025-10-31T02:04:47.5108021Z |■■■■■■■■■■■■■■■■■■■■■■■■■■■■■■■■■■■■■■■■                                        |  50% of 96.7 MiB
2025-10-31T02:04:47.5899230Z |■■■■■■■■■■■■■■■■■■■■■■■■■■■■■■■■■■■■■■■■■■■■■■■■                                |  60% of 96.7 MiB
2025-10-31T02:04:47.6747458Z |■■■■■■■■■■■■■■■■■■■■■■■■■■■■■■■■■■■■■■■■■■■■■■■■■■■■■■■■                        |  70% of 96.7 MiB
2025-10-31T02:04:47.7522965Z |■■■■■■■■■■■■■■■■■■■■■■■■■■■■■■■■■■■■■■■■■■■■■■■■■■■■■■■■■■■■■■■■                |  80% of 96.7 MiB
2025-10-31T02:04:47.8349934Z |■■■■■■■■■■■■■■■■■■■■■■■■■■■■■■■■■■■■■■■■■■■■■■■■■■■■■■■■■■■■■■■■■■■■■■■■        |  90% of 96.7 MiB
2025-10-31T02:04:47.9138497Z |■■■■■■■■■■■■■■■■■■■■■■■■■■■■■■■■■■■■■■■■■■■■■■■■■■■■■■■■■■■■■■■■■■■■■■■■■■■■■■■■| 100% of 96.7 MiB
2025-10-31T02:04:50.3118484Z Firefox 142.0.1 (playwright build v1495) downloaded to /home/runner/.cache/ms-playwright/firefox-1495
2025-10-31T02:04:50.3124143Z Downloading Webkit 26.0 (playwright build v2215) from https://cdn.playwright.dev/dbazure/download/playwright/builds/webkit/2215/webkit-ubuntu-24.04.zip
2025-10-31T02:04:50.5456304Z |                                                                                |   0% of 94.6 MiB
2025-10-31T02:04:50.7614518Z |■■■■■■■■                                                                        |  10% of 94.6 MiB
2025-10-31T02:04:50.8622393Z |■■■■■■■■■■■■■■■■                                                                |  20% of 94.6 MiB
2025-10-31T02:04:50.9547788Z |■■■■■■■■■■■■■■■■■■■■■■■■                                                        |  30% of 94.6 MiB
2025-10-31T02:04:51.0522065Z |■■■■■■■■■■■■■■■■■■■■■■■■■■■■■■■■                                                |  40% of 94.6 MiB
2025-10-31T02:04:51.1501280Z |■■■■■■■■■■■■■■■■■■■■■■■■■■■■■■■■■■■■■■■■                                        |  50% of 94.6 MiB
2025-10-31T02:04:51.2370150Z |■■■■■■■■■■■■■■■■■■■■■■■■■■■■■■■■■■■■■■■■■■■■■■■■                                |  60% of 94.6 MiB
2025-10-31T02:04:51.3119859Z |■■■■■■■■■■■■■■■■■■■■■■■■■■■■■■■■■■■■■■■■■■■■■■■■■■■■■■■■                        |  70% of 94.6 MiB
2025-10-31T02:04:51.3831366Z |■■■■■■■■■■■■■■■■■■■■■■■■■■■■■■■■■■■■■■■■■■■■■■■■■■■■■■■■■■■■■■■■                |  80% of 94.6 MiB
2025-10-31T02:04:51.4694085Z |■■■■■■■■■■■■■■■■■■■■■■■■■■■■■■■■■■■■■■■■■■■■■■■■■■■■■■■■■■■■■■■■■■■■■■■■        |  90% of 94.6 MiB
2025-10-31T02:04:51.5409381Z |■■■■■■■■■■■■■■■■■■■■■■■■■■■■■■■■■■■■■■■■■■■■■■■■■■■■■■■■■■■■■■■■■■■■■■■■■■■■■■■■| 100% of 94.6 MiB
2025-10-31T02:04:54.0221449Z Webkit 26.0 (playwright build v2215) downloaded to /home/runner/.cache/ms-playwright/webkit-2215
2025-10-31T02:04:54.0225151Z Downloading FFMPEG playwright build v1011 from https://cdn.playwright.dev/dbazure/download/playwright/builds/ffmpeg/1011/ffmpeg-linux.zip
2025-10-31T02:04:54.2570509Z |                                                                                |   0% of 2.3 MiB
2025-10-31T02:04:54.3027466Z |■■■■■■■■                                                                        |  10% of 2.3 MiB
2025-10-31T02:04:54.3221499Z |■■■■■■■■■■■■■■■■                                                                |  20% of 2.3 MiB
2025-10-31T02:04:54.3344563Z |■■■■■■■■■■■■■■■■■■■■■■■■                                                        |  30% of 2.3 MiB
2025-10-31T02:04:54.3431619Z |■■■■■■■■■■■■■■■■■■■■■■■■■■■■■■■■                                                |  40% of 2.3 MiB
2025-10-31T02:04:54.3502542Z |■■■■■■■■■■■■■■■■■■■■■■■■■■■■■■■■■■■■■■■■                                        |  50% of 2.3 MiB
2025-10-31T02:04:54.3559637Z |■■■■■■■■■■■■■■■■■■■■■■■■■■■■■■■■■■■■■■■■■■■■■■■■                                |  60% of 2.3 MiB
2025-10-31T02:04:54.3604961Z |■■■■■■■■■■■■■■■■■■■■■■■■■■■■■■■■■■■■■■■■■■■■■■■■■■■■■■■■                        |  70% of 2.3 MiB
2025-10-31T02:04:54.3657515Z |■■■■■■■■■■■■■■■■■■■■■■■■■■■■■■■■■■■■■■■■■■■■■■■■■■■■■■■■■■■■■■■■                |  80% of 2.3 MiB
2025-10-31T02:04:54.3689944Z |■■■■■■■■■■■■■■■■■■■■■■■■■■■■■■■■■■■■■■■■■■■■■■■■■■■■■■■■■■■■■■■■■■■■■■■■        |  90% of 2.3 MiB
2025-10-31T02:04:54.3721628Z |■■■■■■■■■■■■■■■■■■■■■■■■■■■■■■■■■■■■■■■■■■■■■■■■■■■■■■■■■■■■■■■■■■■■■■■■■■■■■■■■| 100% of 2.3 MiB
2025-10-31T02:04:54.4603146Z FFMPEG playwright build v1011 downloaded to /home/runner/.cache/ms-playwright/ffmpeg-1011
2025-10-31T02:04:56.2633259Z ##[group]Run # start server in background and capture logs
2025-10-31T02:04:56.2633765Z [36;1m# start server in background and capture logs[0m
2025-10-31T02:04:56.2634453Z [36;1mnohup node tools/llm-mock/server.js > tools/llm-mock/server.log 2>&1 & echo $! > tools/llm-mock/server.pid || true[0m
2025-10-31T02:04:56.2635176Z [36;1m# install wait-on and wait for server to accept connections[0m
2025-10-31T02:04:56.2635627Z [36;1mnpm i -g wait-on || true[0m
2025-10-31T02:04:56.2636167Z [36;1mnpx wait-on http://127.0.0.1:8010 --timeout 30000 || (cat tools/llm-mock/server.log && exit 1)[0m
2025-10-31T02:04:56.2670371Z shell: /usr/bin/bash -e {0}
2025-10-31T02:04:56.2670648Z ##[endgroup]
2025-10-31T02:04:58.4675870Z npm warn EBADENGINE Unsupported engine {
2025-10-31T02:04:58.4690831Z npm warn EBADENGINE   package: 'joi@18.0.1',
2025-10-31T02:04:58.4691683Z npm warn EBADENGINE   required: { node: '>= 20' },
2025-10-31T02:04:58.4692799Z npm warn EBADENGINE   current: { node: 'v18.20.8', npm: '10.8.2' }
2025-10-31T02:04:58.4693603Z npm warn EBADENGINE }
2025-10-31T02:04:59.8608785Z 
2025-10-31T02:04:59.8610860Z added 36 packages in 4s
2025-10-31T02:04:59.8611539Z 
2025-10-31T02:04:59.8613133Z 7 packages are looking for funding
2025-10-31T02:04:59.8614813Z   run `npm fund` for details
2025-10-31T02:05:30.5565384Z Error: Timed out waiting for: http://127.0.0.1:8010
2025-10-31T02:05:30.5570555Z     at /opt/hostedtoolcache/node/18.20.8/x64/lib/node_modules/wait-on/lib/wait-on.js:131:31
2025-10-31T02:05:30.5572862Z     at doInnerSub (/opt/hostedtoolcache/node/18.20.8/x64/lib/node_modules/wait-on/node_modules/rxjs/dist/cjs/internal/operators/mergeInternals.js:22:31)
2025-10-31T02:05:30.5575849Z     at outerNext (/opt/hostedtoolcache/node/18.20.8/x64/lib/node_modules/wait-on/node_modules/rxjs/dist/cjs/internal/operators/mergeInternals.js:17:70)
2025-10-31T02:05:30.5578817Z     at OperatorSubscriber._this._next (/opt/hostedtoolcache/node/18.20.8/x64/lib/node_modules/wait-on/node_modules/rxjs/dist/cjs/internal/operators/OperatorSubscriber.js:33:21)
2025-10-31T02:05:30.5581228Z     at Subscriber.next (/opt/hostedtoolcache/node/18.20.8/x64/lib/node_modules/wait-on/node_modules/rxjs/dist/cjs/internal/Subscriber.js:51:18)
2025-10-31T02:05:30.5583469Z     at AsyncAction.work (/opt/hostedtoolcache/node/18.20.8/x64/lib/node_modules/wait-on/node_modules/rxjs/dist/cjs/internal/observable/timer.js:28:28)
2025-10-31T02:05:30.5586281Z     at AsyncAction._execute (/opt/hostedtoolcache/node/18.20.8/x64/lib/node_modules/wait-on/node_modules/rxjs/dist/cjs/internal/scheduler/AsyncAction.js:79:18)
2025-10-31T02:05:30.5589098Z     at AsyncAction.execute (/opt/hostedtoolcache/node/18.20.8/x64/lib/node_modules/wait-on/node_modules/rxjs/dist/cjs/internal/scheduler/AsyncAction.js:67:26)
2025-10-31T02:05:30.5591759Z     at AsyncScheduler.flush (/opt/hostedtoolcache/node/18.20.8/x64/lib/node_modules/wait-on/node_modules/rxjs/dist/cjs/internal/scheduler/AsyncScheduler.js:38:33)
2025-10-31T02:05:30.5593416Z     at listOnTimeout (node:internal/timers:569:17)
2025-10-31T02:05:30.5744615Z node:internal/modules/cjs/loader:1143
2025-10-31T02:05:30.5746169Z   throw err;
2025-10-31T02:05:30.5746508Z   ^
2025-10-31T02:05:30.5746674Z 
2025-10-31T02:05:30.5746968Z Error: Cannot find module 'express'
2025-10-31T02:05:30.5754215Z Require stack:
2025-10-31T02:05:30.5755108Z - /home/runner/work/meu-repo/meu-repo/tools/llm-mock/server.js
2025-10-31T02:05:30.5756371Z     at Module._resolveFilename (node:internal/modules/cjs/loader:1140:15)
2025-10-31T02:05:30.5759008Z     at Module._load (node:internal/modules/cjs/loader:981:27)
2025-10-31T02:05:30.5759858Z     at Module.require (node:internal/modules/cjs/loader:1231:19)
2025-10-31T02:05:30.5760550Z     at require (node:internal/modules/helpers:177:18)
2025-10-31T02:05:30.5761491Z     at Object.<anonymous> (/home/runner/work/meu-repo/meu-repo/tools/llm-mock/server.js:1:17)
2025-10-31T02:05:30.5762536Z     at Module._compile (node:internal/modules/cjs/loader:1364:14)
2025-10-31T02:05:30.5763674Z     at Module._extensions..js (node:internal/modules/cjs/loader:1422:10)
2025-10-31T02:05:30.5764244Z     at Module.load (node:internal/modules/cjs/loader:1203:32)
2025-10-31T02:05:30.5764737Z     at Module._load (node:internal/modules/cjs/loader:1019:12)
2025-10-31T02:05:30.5765382Z     at Function.executeUserEntryPoint [as runMain] (node:internal/modules/run_main:128:12) {
2025-10-31T02:05:30.5765921Z   code: 'MODULE_NOT_FOUND',
2025-10-31T02:05:30.5766424Z   requireStack: [ '/home/runner/work/meu-repo/meu-repo/tools/llm-mock/server.js' ]
2025-10-31T02:05:30.5766897Z }
2025-10-31T02:05:30.5767006Z 
2025-10-31T02:05:30.5767101Z Node.js v18.20.8
2025-10-31T02:05:30.5779469Z ##[error]Process completed with exit code 1.
2025-10-31T02:05:30.5860869Z ##[group]Run actions/upload-artifact@v4
2025-10-31T02:05:30.5861193Z with:
2025-10-31T02:05:30.5861392Z   name: server-log
2025-10-31T02:05:30.5861633Z   path: tools/llm-mock/server.log
2025-10-31T02:05:30.5861922Z   if-no-files-found: warn
2025-10-31T02:05:30.5862180Z   compression-level: 6
2025-10-31T02:05:30.5862417Z   overwrite: false
2025-10-31T02:05:30.5862652Z   include-hidden-files: false
2025-10-31T02:05:30.5862912Z ##[endgroup]
2025-10-31T02:05:30.8111154Z With the provided path, there will be 1 file uploaded
2025-10-31T02:05:30.8117536Z Artifact name is valid!
2025-10-31T02:05:30.8119749Z Root directory input is valid!
2025-10-31T02:05:30.9543220Z Beginning upload of artifact content to blob storage
2025-10-31T02:05:31.0090446Z Uploaded bytes 523
2025-10-31T02:05:31.0242604Z Finished uploading artifact content to blob storage!
2025-10-31T02:05:31.0247166Z SHA256 digest of uploaded artifact zip is 6f64eadd2e56e45942383bcde40e890ec75fb05723e2e630fd8d467a2000156e
2025-10-31T02:05:31.0250600Z Finalizing artifact upload
2025-10-31T02:05:31.1194905Z Artifact server-log.zip successfully finalized. Artifact ID 4425146787
2025-10-31T02:05:31.1196403Z Artifact server-log has been successfully uploaded! Final size is 523 bytes. Artifact ID is 4425146787
2025-10-31T02:05:31.1200452Z Artifact download URL: https://github.com/wilianflima321-glitch/meu-repo/actions/runs/18960410651/artifacts/4425146787
2025-10-31T02:05:31.1323092Z ##[group]Run actions/upload-artifact@v4
2025-10-31T02:05:31.1323377Z with:
2025-10-31T02:05:31.1323571Z   name: playwright-report
2025-10-31T02:05:31.1323806Z   path: playwright-report
2025-10-31T02:05:31.1324024Z   if-no-files-found: warn
2025-10-31T02:05:31.1324252Z   compression-level: 6
2025-10-31T02:05:31.1324452Z   overwrite: false
2025-10-31T02:05:31.1324645Z   include-hidden-files: false
2025-10-31T02:05:31.1324870Z ##[endgroup]
2025-10-31T02:05:31.3678174Z ##[warning]No files were found with the provided path: playwright-report. No artifacts will be uploaded.
2025-10-31T02:05:31.3806408Z Post job cleanup.
2025-10-31T02:05:31.4782055Z [command]/usr/bin/git version
2025-10-31T02:05:31.4825045Z git version 2.51.0
2025-10-31T02:05:31.4871238Z Temporarily overriding HOME='/home/runner/work/_temp/ccd2e7e9-ddfb-46d8-92c3-b19c9d638ce1' before making global git config changes
2025-10-31T02:05:31.4873702Z Adding repository directory to the temporary git global config as a safe directory
2025-10-31T02:05:31.4878046Z [command]/usr/bin/git config --global --add safe.directory /home/runner/work/meu-repo/meu-repo
2025-10-31T02:05:31.4923368Z [command]/usr/bin/git config --local --name-only --get-regexp core\.sshCommand
2025-10-31T02:05:31.4960562Z [command]/usr/bin/git submodule foreach --recursive sh -c "git config --local --name-only --get-regexp 'core\.sshCommand' && git config --local --unset-all 'core.sshCommand' || :"
2025-10-31T02:05:31.5203960Z [command]/usr/bin/git config --local --name-only --get-regexp http\.https\:\/\/github\.com\/\.extraheader
2025-10-31T02:05:31.5227953Z http.https://github.com/.extraheader
2025-10-31T02:05:31.5243563Z [command]/usr/bin/git config --local --unset-all http.https://github.com/.extraheader
2025-10-31T02:05:31.5279383Z [command]/usr/bin/git submodule foreach --recursive sh -c "git config --local --name-only --get-regexp 'http\.https\:\/\/github\.com\/\.extraheader' && git config --local --unset-all 'http.https://github.com/.extraheader' || :"
2025-10-31T02:05:31.5634207Z Cleaning up orphan processes
