2025-10-31T02:27:06.9516917Z Current runner version: '2.328.0'
2025-10-31T02:27:06.9554764Z ##[group]Runner Image Provisioner
2025-10-31T02:27:06.9556019Z Hosted Compute Agent
2025-10-31T02:27:06.9557032Z Version: 20250912.392
2025-10-31T02:27:06.9558398Z Commit: d921fda672a98b64f4f82364647e2f10b2267d0b
2025-10-31T02:27:06.9559615Z Build Date: 2025-09-12T15:23:14Z
2025-10-31T02:27:06.9560764Z ##[endgroup]
2025-10-31T02:27:06.9561643Z ##[group]Operating System
2025-10-31T02:27:06.9562494Z Ubuntu
2025-10-31T02:27:06.9563351Z 24.04.3
2025-10-31T02:27:06.9564153Z LTS
2025-10-31T02:27:06.9564916Z ##[endgroup]
2025-10-31T02:27:06.9565696Z ##[group]Runner Image
2025-10-31T02:27:06.9566608Z Image: ubuntu-24.04
2025-10-31T02:27:06.9567637Z Version: 20250929.60.1
2025-10-31T02:27:06.9569469Z Included Software: https://github.com/actions/runner-images/blob/ubuntu24/20250929.60/images/ubuntu/Ubuntu2404-Readme.md
2025-10-31T02:27:06.9572413Z Image Release: https://github.com/actions/runner-images/releases/tag/ubuntu24%2F20250929.60
2025-10-31T02:27:06.9574315Z ##[endgroup]
2025-10-31T02:27:06.9576238Z ##[group]GITHUB_TOKEN Permissions
2025-10-31T02:27:06.9579038Z Contents: read
2025-10-31T02:27:06.9580056Z Metadata: read
2025-10-31T02:27:06.9580894Z Packages: read
2025-10-31T02:27:06.9581682Z ##[endgroup]
2025-10-31T02:27:06.9584977Z Secret source: Actions
2025-10-31T02:27:06.9586063Z Prepare workflow directory
2025-10-31T02:27:07.0278339Z Prepare all required actions
2025-10-31T02:27:07.0335613Z Getting action download info
2025-10-31T02:27:07.4973181Z Download action repository 'actions/checkout@v4' (SHA:08eba0b27e820071cde6df949e0beb9ba4906955)
2025-10-31T02:27:07.6696886Z Download action repository 'actions/setup-node@v4' (SHA:49933ea5288caeca8642d1e84afbd3f7d6820020)
2025-10-31T02:27:07.7675798Z Download action repository 'actions/upload-artifact@v4' (SHA:ea165f8d65b6e75b540449e92b4886f43607fa02)
2025-10-31T02:27:07.9802817Z Complete job name: Run Jest unit tests and Playwright E2E
2025-10-31T02:27:08.0491958Z ##[group]Run actions/checkout@v4
2025-10-31T02:27:08.0492853Z with:
2025-10-31T02:27:08.0493287Z   repository: wilianflima321-glitch/meu-repo
2025-10-31T02:27:08.0494043Z   token: ***
2025-10-31T02:27:08.0494418Z   ssh-strict: true
2025-10-31T02:27:08.0494820Z   ssh-user: git
2025-10-31T02:27:08.0495216Z   persist-credentials: true
2025-10-31T02:27:08.0495657Z   clean: true
2025-10-31T02:27:08.0496050Z   sparse-checkout-cone-mode: true
2025-10-31T02:27:08.0496529Z   fetch-depth: 1
2025-10-31T02:27:08.0496912Z   fetch-tags: false
2025-10-31T02:27:08.0497303Z   show-progress: true
2025-10-31T02:27:08.0497920Z   lfs: false
2025-10-31T02:27:08.0498297Z   submodules: false
2025-10-31T02:27:08.0498696Z   set-safe-directory: true
2025-10-31T02:27:08.0499374Z ##[endgroup]
2025-10-31T02:27:08.1707281Z Syncing repository: wilianflima321-glitch/meu-repo
2025-10-31T02:27:08.1710442Z ##[group]Getting Git version info
2025-10-31T02:27:08.1711752Z Working directory is '/home/runner/work/meu-repo/meu-repo'
2025-10-31T02:27:08.1714714Z [command]/usr/bin/git version
2025-10-31T02:27:08.1806783Z git version 2.51.0
2025-10-31T02:27:08.1836556Z ##[endgroup]
2025-10-31T02:27:08.1858143Z Temporarily overriding HOME='/home/runner/work/_temp/47969d2a-5318-4aed-aa55-ef6c3fb08eb9' before making global git config changes
2025-10-31T02:27:08.1861489Z Adding repository directory to the temporary git global config as a safe directory
2025-10-31T02:27:08.1879518Z [command]/usr/bin/git config --global --add safe.directory /home/runner/work/meu-repo/meu-repo
2025-10-31T02:27:08.1924859Z Deleting the contents of '/home/runner/work/meu-repo/meu-repo'
2025-10-31T02:27:08.1928909Z ##[group]Initializing the repository
2025-10-31T02:27:08.1934614Z [command]/usr/bin/git init /home/runner/work/meu-repo/meu-repo
2025-10-31T02:27:08.2049670Z hint: Using 'master' as the name for the initial branch. This default branch name
2025-10-31T02:27:08.2051746Z hint: is subject to change. To configure the initial branch name to use in all
2025-10-31T02:27:08.2054344Z hint: of your new repositories, which will suppress this warning, call:
2025-10-31T02:27:08.2055950Z hint:
2025-10-31T02:27:08.2056785Z hint: 	git config --global init.defaultBranch <name>
2025-10-31T02:27:08.2058241Z hint:
2025-10-31T02:27:08.2059149Z hint: Names commonly chosen instead of 'master' are 'main', 'trunk' and
2025-10-31T02:27:08.2060687Z hint: 'development'. The just-created branch can be renamed via this command:
2025-10-31T02:27:08.2061913Z hint:
2025-10-31T02:27:08.2062553Z hint: 	git branch -m <name>
2025-10-31T02:27:08.2063264Z hint:
2025-10-31T02:27:08.2064192Z hint: Disable this message with "git config set advice.defaultBranchName false"
2025-10-31T02:27:08.2066603Z Initialized empty Git repository in /home/runner/work/meu-repo/meu-repo/.git/
2025-10-31T02:27:08.2070259Z [command]/usr/bin/git remote add origin https://github.com/wilianflima321-glitch/meu-repo
2025-10-31T02:27:08.2115238Z ##[endgroup]
2025-10-31T02:27:08.2116426Z ##[group]Disabling automatic garbage collection
2025-10-31T02:27:08.2119867Z [command]/usr/bin/git config --local gc.auto 0
2025-10-31T02:27:08.2153145Z ##[endgroup]
2025-10-31T02:27:08.2154290Z ##[group]Setting up auth
2025-10-31T02:27:08.2160838Z [command]/usr/bin/git config --local --name-only --get-regexp core\.sshCommand
2025-10-31T02:27:08.2196894Z [command]/usr/bin/git submodule foreach --recursive sh -c "git config --local --name-only --get-regexp 'core\.sshCommand' && git config --local --unset-all 'core.sshCommand' || :"
2025-10-31T02:27:08.2541608Z [command]/usr/bin/git config --local --name-only --get-regexp http\.https\:\/\/github\.com\/\.extraheader
2025-10-31T02:27:08.2577201Z [command]/usr/bin/git submodule foreach --recursive sh -c "git config --local --name-only --get-regexp 'http\.https\:\/\/github\.com\/\.extraheader' && git config --local --unset-all 'http.https://github.com/.extraheader' || :"
2025-10-31T02:27:08.2820941Z [command]/usr/bin/git config --local http.https://github.com/.extraheader AUTHORIZATION: basic ***
2025-10-31T02:27:08.2862791Z ##[endgroup]
2025-10-31T02:27:08.2864197Z ##[group]Fetching the repository
2025-10-31T02:27:08.2885063Z [command]/usr/bin/git -c protocol.version=2 fetch --no-tags --prune --no-recurse-submodules --depth=1 origin +343043ef9fb25bfffb0b562283c7a782a23db01a:refs/remotes/origin/infra/playwright-ci-ensemble-workflow-fix
2025-10-31T02:27:08.7595219Z From https://github.com/wilianflima321-glitch/meu-repo
2025-10-31T02:27:08.7598392Z  * [new ref]         343043ef9fb25bfffb0b562283c7a782a23db01a -> origin/infra/playwright-ci-ensemble-workflow-fix
2025-10-31T02:27:08.7632440Z ##[endgroup]
2025-10-31T02:27:08.7634339Z ##[group]Determining the checkout info
2025-10-31T02:27:08.7637087Z ##[endgroup]
2025-10-31T02:27:08.7640117Z [command]/usr/bin/git sparse-checkout disable
2025-10-31T02:27:08.7689368Z [command]/usr/bin/git config --local --unset-all extensions.worktreeConfig
2025-10-31T02:27:08.7730862Z ##[group]Checking out the ref
2025-10-31T02:27:08.7735206Z [command]/usr/bin/git checkout --progress --force -B infra/playwright-ci-ensemble-workflow-fix refs/remotes/origin/infra/playwright-ci-ensemble-workflow-fix
2025-10-31T02:27:08.7815297Z Switched to a new branch 'infra/playwright-ci-ensemble-workflow-fix'
2025-10-31T02:27:08.7823853Z branch 'infra/playwright-ci-ensemble-workflow-fix' set up to track 'origin/infra/playwright-ci-ensemble-workflow-fix'.
2025-10-31T02:27:08.7835425Z ##[endgroup]
2025-10-31T02:27:08.7874843Z [command]/usr/bin/git log -1 --format=%H
2025-10-31T02:27:08.7904770Z 343043ef9fb25bfffb0b562283c7a782a23db01a
2025-10-31T02:27:08.8230298Z ##[group]Run actions/setup-node@v4
2025-10-31T02:27:08.8231462Z with:
2025-10-31T02:27:08.8232196Z   node-version: 18
2025-10-31T02:27:08.8233027Z   always-auth: false
2025-10-31T02:27:08.8233877Z   check-latest: false
2025-10-31T02:27:08.8235050Z   token: ***
2025-10-31T02:27:08.8235803Z ##[endgroup]
2025-10-31T02:27:09.0391582Z Found in cache @ /opt/hostedtoolcache/node/18.20.8/x64
2025-10-31T02:27:09.0409776Z ##[group]Environment details
2025-10-31T02:27:11.0860782Z node: v18.20.8
2025-10-31T02:27:11.0863411Z npm: 10.8.2
2025-10-31T02:27:11.0864332Z yarn: 1.22.22
2025-10-31T02:27:11.0865848Z ##[endgroup]
2025-10-31T02:27:11.0985920Z ##[group]Run # use npm install instead of npm ci because this repository does not include a lockfile
2025-10-31T02:27:11.0986672Z [36;1m# use npm install instead of npm ci because this repository does not include a lockfile[0m
2025-10-31T02:27:11.0987159Z [36;1mnpm install --no-audit --no-fund[0m
2025-10-31T02:27:11.1102834Z shell: /usr/bin/bash -e {0}
2025-10-31T02:27:11.1103139Z ##[endgroup]
2025-10-31T02:27:21.4991367Z 
2025-10-31T02:27:21.5005142Z added 70 packages in 10s
2025-10-31T02:27:21.5270955Z ##[group]Run if [ -f tools/llm-mock/package.json ]; then
2025-10-31T02:27:21.5271609Z [36;1mif [ -f tools/llm-mock/package.json ]; then[0m
2025-10-31T02:27:21.5272264Z [36;1m  echo "Found tools/llm-mock/package.json — installing dependencies"[0m
2025-10-31T02:27:21.5273006Z [36;1m  (cd tools/llm-mock && npm install --no-audit --no-fund)[0m
2025-10-31T02:27:21.5273624Z [36;1melse[0m
2025-10-31T02:27:21.5274020Z [36;1m  echo "No package.json in tools/llm-mock — skipping"[0m
2025-10-31T02:27:21.5274489Z [36;1mfi[0m
2025-10-31T02:27:21.5315030Z shell: /usr/bin/bash -e {0}
2025-10-31T02:27:21.5315295Z ##[endgroup]
2025-10-31T02:27:21.5380901Z Found tools/llm-mock/package.json — installing dependencies
2025-10-31T02:27:45.9200312Z npm warn deprecated inflight@1.0.6: This module is not supported, and leaks memory. Do not use it. Check out lru-cache if you want a good and tested way to coalesce async requests by a key value, which is much more comprehensive and powerful.
2025-10-31T02:27:46.2733381Z npm warn deprecated glob@7.2.3: Glob versions prior to v9 are no longer supported
2025-10-31T02:27:47.2728838Z 
2025-10-31T02:27:47.2730132Z added 339 packages in 26s
2025-10-31T02:27:47.3021766Z ##[group]Run # Run Jest only if the mock package has a package.json and tests configured
2025-10-31T02:27:47.3022329Z [36;1m# Run Jest only if the mock package has a package.json and tests configured[0m
2025-10-31T02:27:47.3022737Z [36;1mif [ -f tools/llm-mock/package.json ]; then[0m
2025-10-31T02:27:47.3023151Z [36;1m  echo "Found tools/llm-mock/package.json — running npm test in that directory"[0m
2025-10-31T02:27:47.3023551Z [36;1m  (cd tools/llm-mock && npm test --silent)[0m
2025-10-31T02:27:47.3023805Z [36;1melse[0m
2025-10-31T02:27:47.3024073Z [36;1m  echo "No package.json in tools/llm-mock — skipping Jest unit tests"[0m
2025-10-31T02:27:47.3024397Z [36;1mfi[0m
2025-10-31T02:27:47.3057764Z shell: /usr/bin/bash -e {0}
2025-10-31T02:27:47.3058012Z ##[endgroup]
2025-10-31T02:27:47.3115953Z Found tools/llm-mock/package.json — running npm test in that directory
2025-10-31T02:27:48.4065298Z PASS __tests__/verifier_magic.test.js
2025-10-31T02:27:48.4550994Z PASS __tests__/physics.test.js
2025-10-31T02:27:48.4566717Z 
2025-10-31T02:27:48.4578848Z Test Suites: 2 passed, 2 total
2025-10-31T02:27:48.4583546Z Tests:       4 passed, 4 total
2025-10-31T02:27:48.4584406Z Snapshots:   0 total
2025-10-31T02:27:48.4585126Z Time:        0.59 s
2025-10-31T02:27:48.4585835Z Ran all test suites.
2025-10-31T02:27:48.5769012Z ##[group]Run # Use playwright CLI to install system deps and browsers. The microsoft/playwright-github-action@v1
2025-10-31T02:27:48.5769725Z [36;1m# Use playwright CLI to install system deps and browsers. The microsoft/playwright-github-action@v1[0m
2025-10-31T02:27:48.5770332Z [36;1m# is deprecated and may fail on some runner images. Prefer npx playwright install --with-deps.[0m
2025-10-31T02:27:48.5770771Z [36;1mnpx playwright install --with-deps[0m
2025-10-31T02:27:48.5771130Z [36;1m# Ensure the chromium browser is installed for the tests (idempotent).[0m
2025-10-31T02:27:48.5771490Z [36;1mnpx playwright install chromium[0m
2025-10-31T02:27:48.5805268Z shell: /usr/bin/bash -e {0}
2025-10-31T02:27:48.5805504Z ##[endgroup]
2025-10-31T02:27:49.7272756Z Installing dependencies...
2025-10-31T02:27:49.7398319Z Switching to root user to install dependencies...
2025-10-31T02:27:49.8811409Z Get:1 file:/etc/apt/apt-mirrors.txt Mirrorlist [144 B]
2025-10-31T02:27:49.9773357Z Hit:2 http://azure.archive.ubuntu.com/ubuntu noble InRelease
2025-10-31T02:27:49.9802294Z Get:6 https://packages.microsoft.com/repos/azure-cli noble InRelease [3564 B]
2025-10-31T02:27:49.9803425Z Get:7 https://packages.microsoft.com/ubuntu/24.04/prod noble InRelease [3600 B]
2025-10-31T02:27:49.9830931Z Get:3 http://azure.archive.ubuntu.com/ubuntu noble-updates InRelease [126 kB]
2025-10-31T02:27:49.9919718Z Get:4 http://azure.archive.ubuntu.com/ubuntu noble-backports InRelease [126 kB]
2025-10-31T02:27:49.9969782Z Get:5 http://azure.archive.ubuntu.com/ubuntu noble-security InRelease [126 kB]
2025-10-31T02:27:50.1335199Z Get:8 https://packages.microsoft.com/repos/azure-cli noble/main amd64 Packages [1629 B]
2025-10-31T02:27:50.1823652Z Get:9 https://packages.microsoft.com/ubuntu/24.04/prod noble/main arm64 Packages [48.7 kB]
2025-10-31T02:27:50.1891645Z Get:10 https://packages.microsoft.com/ubuntu/24.04/prod noble/main armhf Packages [11.1 kB]
2025-10-31T02:27:50.1954987Z Get:11 https://packages.microsoft.com/ubuntu/24.04/prod noble/main amd64 Packages [65.9 kB]
2025-10-31T02:27:50.2353311Z Get:12 http://azure.archive.ubuntu.com/ubuntu noble-updates/main amd64 Packages [1545 kB]
2025-10-31T02:27:50.2467887Z Get:13 http://azure.archive.ubuntu.com/ubuntu noble-updates/main Translation-en [294 kB]
2025-10-31T02:27:50.2523166Z Get:14 http://azure.archive.ubuntu.com/ubuntu noble-updates/main amd64 Components [175 kB]
2025-10-31T02:27:50.2588786Z Get:15 http://azure.archive.ubuntu.com/ubuntu noble-updates/main amd64 c-n-f Metadata [15.4 kB]
2025-10-31T02:27:50.2590772Z Get:16 http://azure.archive.ubuntu.com/ubuntu noble-updates/universe amd64 Packages [1498 kB]
2025-10-31T02:27:50.2708893Z Get:17 http://azure.archive.ubuntu.com/ubuntu noble-updates/universe Translation-en [303 kB]
2025-10-31T02:27:50.2889188Z Get:18 http://azure.archive.ubuntu.com/ubuntu noble-updates/universe amd64 Components [378 kB]
2025-10-31T02:27:50.2990544Z Get:19 http://azure.archive.ubuntu.com/ubuntu noble-updates/universe amd64 c-n-f Metadata [31.4 kB]
2025-10-31T02:27:50.3031147Z Get:20 http://azure.archive.ubuntu.com/ubuntu noble-updates/restricted amd64 Packages [2175 kB]
2025-10-31T02:27:50.3255799Z Get:21 http://azure.archive.ubuntu.com/ubuntu noble-updates/restricted Translation-en [490 kB]
2025-10-31T02:27:50.3793849Z Get:22 http://azure.archive.ubuntu.com/ubuntu noble-updates/restricted amd64 Components [212 B]
2025-10-31T02:27:50.3822593Z Get:23 http://azure.archive.ubuntu.com/ubuntu noble-updates/restricted amd64 c-n-f Metadata [516 B]
2025-10-31T02:27:50.3838865Z Get:24 http://azure.archive.ubuntu.com/ubuntu noble-updates/multiverse amd64 Packages [30.3 kB]
2025-10-31T02:27:50.3851721Z Get:25 http://azure.archive.ubuntu.com/ubuntu noble-updates/multiverse Translation-en [5564 B]
2025-10-31T02:27:50.3906315Z Get:26 http://azure.archive.ubuntu.com/ubuntu noble-updates/multiverse amd64 Components [940 B]
2025-10-31T02:27:50.3909772Z Get:27 http://azure.archive.ubuntu.com/ubuntu noble-updates/multiverse amd64 c-n-f Metadata [484 B]
2025-10-31T02:27:50.3920299Z Get:28 http://azure.archive.ubuntu.com/ubuntu noble-backports/main amd64 Components [7148 B]
2025-10-31T02:27:50.3948695Z Get:29 http://azure.archive.ubuntu.com/ubuntu noble-backports/universe amd64 Components [11.0 kB]
2025-10-31T02:27:50.3957053Z Get:30 http://azure.archive.ubuntu.com/ubuntu noble-backports/restricted amd64 Components [216 B]
2025-10-31T02:27:50.3984591Z Get:31 http://azure.archive.ubuntu.com/ubuntu noble-backports/multiverse amd64 Components [212 B]
2025-10-31T02:27:50.4124159Z Get:32 http://azure.archive.ubuntu.com/ubuntu noble-security/main amd64 Packages [1270 kB]
2025-10-31T02:27:50.4216749Z Get:33 http://azure.archive.ubuntu.com/ubuntu noble-security/main Translation-en [211 kB]
2025-10-31T02:27:50.4226661Z Get:34 http://azure.archive.ubuntu.com/ubuntu noble-security/main amd64 Components [21.5 kB]
2025-10-31T02:27:50.4254286Z Get:35 http://azure.archive.ubuntu.com/ubuntu noble-security/main amd64 c-n-f Metadata [9008 B]
2025-10-31T02:27:50.4731003Z Get:36 http://azure.archive.ubuntu.com/ubuntu noble-security/universe amd64 Packages [905 kB]
2025-10-31T02:27:50.4784547Z Get:37 http://azure.archive.ubuntu.com/ubuntu noble-security/universe Translation-en [203 kB]
2025-10-31T02:27:50.4830274Z Get:38 http://azure.archive.ubuntu.com/ubuntu noble-security/universe amd64 Components [52.2 kB]
2025-10-31T02:27:50.4860671Z Get:39 http://azure.archive.ubuntu.com/ubuntu noble-security/universe amd64 c-n-f Metadata [19.4 kB]
2025-10-31T02:27:50.4869946Z Get:40 http://azure.archive.ubuntu.com/ubuntu noble-security/restricted amd64 Packages [2080 kB]
2025-10-31T02:27:50.5019180Z Get:41 http://azure.archive.ubuntu.com/ubuntu noble-security/restricted Translation-en [470 kB]
2025-10-31T02:27:50.5054481Z Get:42 http://azure.archive.ubuntu.com/ubuntu noble-security/restricted amd64 Components [208 B]
2025-10-31T02:27:50.5092109Z Get:43 http://azure.archive.ubuntu.com/ubuntu noble-security/restricted amd64 c-n-f Metadata [500 B]
2025-10-31T02:27:50.5113055Z Get:44 http://azure.archive.ubuntu.com/ubuntu noble-security/multiverse amd64 Packages [27.4 kB]
2025-10-31T02:27:50.5143286Z Get:45 http://azure.archive.ubuntu.com/ubuntu noble-security/multiverse Translation-en [5708 B]
2025-10-31T02:27:50.5154502Z Get:46 http://azure.archive.ubuntu.com/ubuntu noble-security/multiverse amd64 Components [208 B]
2025-10-31T02:27:50.5165055Z Get:47 http://azure.archive.ubuntu.com/ubuntu noble-security/multiverse amd64 c-n-f Metadata [384 B]
2025-10-31T02:27:59.4560976Z Fetched 12.7 MB in 2s (7032 kB/s)
2025-10-31T02:28:00.2548793Z Reading package lists...
2025-10-31T02:28:00.2819655Z Reading package lists...
2025-10-31T02:28:00.4875182Z Building dependency tree...
2025-10-31T02:28:00.4883794Z Reading state information...
2025-10-31T02:28:00.5140991Z libasound2t64 is already the newest version (1.2.11-1ubuntu0.1).
2025-10-31T02:28:00.5149280Z libasound2t64 set to manually installed.
2025-10-31T02:28:00.5150006Z libatk-bridge2.0-0t64 is already the newest version (2.52.0-1build1).
2025-10-31T02:28:00.5150669Z libatk-bridge2.0-0t64 set to manually installed.
2025-10-31T02:28:00.5151274Z libatk1.0-0t64 is already the newest version (2.52.0-1build1).
2025-10-31T02:28:00.5151806Z libatk1.0-0t64 set to manually installed.
2025-10-31T02:28:00.5152381Z libatspi2.0-0t64 is already the newest version (2.52.0-1build1).
2025-10-31T02:28:00.5152926Z libatspi2.0-0t64 set to manually installed.
2025-10-31T02:28:00.5153461Z libcairo2 is already the newest version (1.18.0-3build1).
2025-10-31T02:28:00.5153960Z libcairo2 set to manually installed.
2025-10-31T02:28:00.5154511Z libcups2t64 is already the newest version (2.4.7-1.2ubuntu7.4).
2025-10-31T02:28:00.5155053Z libcups2t64 set to manually installed.
2025-10-31T02:28:00.5155603Z libdbus-1-3 is already the newest version (1.14.10-4ubuntu4.1).
2025-10-31T02:28:00.5156131Z libdbus-1-3 set to manually installed.
2025-10-31T02:28:00.5156712Z libdrm2 is already the newest version (2.4.122-1~ubuntu0.24.04.1).
2025-10-31T02:28:00.5157252Z libdrm2 set to manually installed.
2025-10-31T02:28:00.5158444Z libgbm1 is already the newest version (25.0.7-0ubuntu0.24.04.2).
2025-10-31T02:28:00.5158993Z libgbm1 set to manually installed.
2025-10-31T02:28:00.5159542Z libglib2.0-0t64 is already the newest version (2.80.0-6ubuntu3.4).
2025-10-31T02:28:00.5160101Z libglib2.0-0t64 set to manually installed.
2025-10-31T02:28:00.5160658Z libnspr4 is already the newest version (2:4.35-1.1build1).
2025-10-31T02:28:00.5161170Z libnspr4 set to manually installed.
2025-10-31T02:28:00.5161680Z libnss3 is already the newest version (2:3.98-1build1).
2025-10-31T02:28:00.5162156Z libnss3 set to manually installed.
2025-10-31T02:28:00.5162709Z libpango-1.0-0 is already the newest version (1.52.1+ds-1build1).
2025-10-31T02:28:00.5163256Z libpango-1.0-0 set to manually installed.
2025-10-31T02:28:00.5163782Z libx11-6 is already the newest version (2:1.8.7-1build1).
2025-10-31T02:28:00.5164266Z libx11-6 set to manually installed.
2025-10-31T02:28:00.5164995Z libxcb1 is already the newest version (1.15-1ubuntu2).
2025-10-31T02:28:00.5165492Z libxcb1 set to manually installed.
2025-10-31T02:28:00.5166063Z libxcomposite1 is already the newest version (1:0.4.5-1build3).
2025-10-31T02:28:00.5166614Z libxcomposite1 set to manually installed.
2025-10-31T02:28:00.5167187Z libxdamage1 is already the newest version (1:1.1.6-1build1).
2025-10-31T02:28:00.5167880Z libxdamage1 set to manually installed.
2025-10-31T02:28:00.5168459Z libxext6 is already the newest version (2:1.3.4-1build2).
2025-10-31T02:28:00.5168954Z libxext6 set to manually installed.
2025-10-31T02:28:00.5169477Z libxfixes3 is already the newest version (1:6.0.0-2build1).
2025-10-31T02:28:00.5169988Z libxfixes3 set to manually installed.
2025-10-31T02:28:00.5170532Z libxkbcommon0 is already the newest version (1.6.0-1build1).
2025-10-31T02:28:00.5171068Z libxkbcommon0 set to manually installed.
2025-10-31T02:28:00.5171622Z libxrandr2 is already the newest version (2:1.5.2-2build1).
2025-10-31T02:28:00.5172153Z libxrandr2 set to manually installed.
2025-10-31T02:28:00.5172733Z libcairo-gobject2 is already the newest version (1.18.0-3build1).
2025-10-31T02:28:00.5173324Z libcairo-gobject2 set to manually installed.
2025-10-31T02:28:00.5173918Z libfontconfig1 is already the newest version (2.15.0-1.1ubuntu2).
2025-10-31T02:28:00.5174487Z libfontconfig1 set to manually installed.
2025-10-31T02:28:00.5175081Z libfreetype6 is already the newest version (2.13.2+dfsg-1build3).
2025-10-31T02:28:00.5175635Z libfreetype6 set to manually installed.
2025-10-31T02:28:00.5176283Z libgdk-pixbuf-2.0-0 is already the newest version (2.42.10+dfsg-3ubuntu3.2).
2025-10-31T02:28:00.5176921Z libgdk-pixbuf-2.0-0 set to manually installed.
2025-10-31T02:28:00.5178375Z libgtk-3-0t64 is already the newest version (3.24.41-4ubuntu1.3).
2025-10-31T02:28:00.5178949Z libgtk-3-0t64 set to manually installed.
2025-10-31T02:28:00.5179566Z libpangocairo-1.0-0 is already the newest version (1.52.1+ds-1build1).
2025-10-31T02:28:00.5180187Z libpangocairo-1.0-0 set to manually installed.
2025-10-31T02:28:00.5180780Z libx11-xcb1 is already the newest version (2:1.8.7-1build1).
2025-10-31T02:28:00.5181295Z libx11-xcb1 set to manually installed.
2025-10-31T02:28:00.5181827Z libxcb-shm0 is already the newest version (1.15-1ubuntu2).
2025-10-31T02:28:00.5182336Z libxcb-shm0 set to manually installed.
2025-10-31T02:28:00.5182887Z libxcursor1 is already the newest version (1:1.2.1-1build1).
2025-10-31T02:28:00.5183416Z libxcursor1 set to manually installed.
2025-10-31T02:28:00.5183938Z libxi6 is already the newest version (2:1.8.1-1build1).
2025-10-31T02:28:00.5184417Z libxi6 set to manually installed.
2025-10-31T02:28:00.5184980Z libxrender1 is already the newest version (1:0.9.10-1.1build1).
2025-10-31T02:28:00.5185551Z libxrender1 set to manually installed.
2025-10-31T02:28:00.5186188Z libicu74 is already the newest version (74.2-1ubuntu3.1).
2025-10-31T02:28:00.5186840Z libatomic1 is already the newest version (14.2.0-4ubuntu2~24.04).
2025-10-31T02:28:00.5187537Z libatomic1 set to manually installed.
2025-10-31T02:28:00.5188321Z libenchant-2-2 is already the newest version (2.3.3-2build2).
2025-10-31T02:28:00.5188888Z libenchant-2-2 set to manually installed.
2025-10-31T02:28:00.5189435Z libepoxy0 is already the newest version (1.5.10-1build1).
2025-10-31T02:28:00.5189958Z libepoxy0 set to manually installed.
2025-10-31T02:28:00.5190557Z libgstreamer1.0-0 is already the newest version (1.24.2-1ubuntu0.1).
2025-10-31T02:28:00.5191157Z libgstreamer1.0-0 set to manually installed.
2025-10-31T02:28:00.5191747Z libharfbuzz0b is already the newest version (8.3.0-2build2).
2025-10-31T02:28:00.5192302Z libharfbuzz0b set to manually installed.
2025-10-31T02:28:00.5192889Z libjpeg-turbo8 is already the newest version (2.1.5-2ubuntu2).
2025-10-31T02:28:00.5193464Z libjpeg-turbo8 set to manually installed.
2025-10-31T02:28:00.5194009Z liblcms2-2 is already the newest version (2.14-2build1).
2025-10-31T02:28:00.5194630Z liblcms2-2 set to manually installed.
2025-10-31T02:28:00.7491827Z libpng16-16t64 is already the newest version (1.6.43-5build1).
2025-10-31T02:28:00.7494477Z libpng16-16t64 set to manually installed.
2025-10-31T02:28:00.7497190Z libwayland-client0 is already the newest version (1.22.0-2.1build1).
2025-10-31T02:28:00.7500000Z libwayland-client0 set to manually installed.
2025-10-31T02:28:00.7502397Z libwayland-egl1 is already the newest version (1.22.0-2.1build1).
2025-10-31T02:28:00.7504734Z libwayland-egl1 set to manually installed.
2025-10-31T02:28:00.7506430Z libwayland-server0 is already the newest version (1.22.0-2.1build1).
2025-10-31T02:28:00.7517701Z libwayland-server0 set to manually installed.
2025-10-31T02:28:00.7518344Z libwebp7 is already the newest version (1.3.2-0.4build3).
2025-10-31T02:28:00.7518870Z libwebp7 set to manually installed.
2025-10-31T02:28:00.7519469Z libwebpdemux2 is already the newest version (1.3.2-0.4build3).
2025-10-31T02:28:00.7521588Z libwebpdemux2 set to manually installed.
2025-10-31T02:28:00.7522464Z libxml2 is already the newest version (2.9.14+dfsg-1.3ubuntu3.5).
2025-10-31T02:28:00.7523070Z libxml2 set to manually installed.
2025-10-31T02:28:00.7523507Z libxslt1.1 is already the newest version (1.1.39-0exp1ubuntu0.24.04.2).
2025-10-31T02:28:00.7524230Z libxslt1.1 set to manually installed.
2025-10-31T02:28:00.7524758Z xvfb is already the newest version (2:21.1.12-1ubuntu1.4).
2025-10-31T02:28:00.7525259Z fonts-noto-color-emoji is already the newest version (2.047-0ubuntu0.24.04.1).
2025-10-31T02:28:00.7525758Z fonts-liberation is already the newest version (1:2.1.5-3).
2025-10-31T02:28:00.7526132Z fonts-liberation set to manually installed.
2025-10-31T02:28:00.7526631Z The following additional packages will be installed:
2025-10-31T02:28:00.7527219Z   glib-networking glib-networking-common glib-networking-services
2025-10-31T02:28:00.7527940Z   gsettings-desktop-schemas libaa1 libabsl20220623t64 libass9 libasyncns0
2025-10-31T02:28:00.7528447Z   libavc1394-0 libavcodec60 libavfilter9 libavformat60 libavtp0 libavutil58
2025-10-31T02:28:00.7529306Z   libblas3 libbluray2 libbs2b0 libcaca0 libcairo-script-interpreter2
2025-10-31T02:28:00.7530065Z   libcdparanoia0 libchromaprint1 libcjson1 libcodec2-1.2 libdav1d7
2025-10-31T02:28:00.7530882Z   libdc1394-25 libdca0 libdecor-0-0 libdirectfb-1.7-7t64 libdv4t64 libdvdnav4
2025-10-31T02:28:00.7531738Z   libdvdread8t64 libegl-mesa0 libegl1 libfaad2 libflac12t64 libfluidsynth3
2025-10-31T02:28:00.7532278Z   libfreeaptx0 libgav1-1 libgme0 libgraphene-1.0-0 libgsm1 libgssdp-1.6-0
2025-10-31T02:28:00.7532746Z   libgstreamer-plugins-good1.0-0 libgtk-4-common libgupnp-1.6-0
2025-10-31T02:28:00.7533182Z   libgupnp-igd-1.6-0 libhwy1t64 libiec61883-0 libimath-3-1-29t64
2025-10-31T02:28:00.7533798Z   libinstpatch-1.0-2 libjack-jackd2-0 libjxl0.7 liblapack3 liblc3-1
2025-10-31T02:28:00.7534672Z   libldacbt-enc2 liblilv-0-0 liblrdf0 libltc11 libmbedcrypto7t64 libmfx1
2025-10-31T02:28:00.7535456Z   libmjpegutils-2.1-0t64 libmodplug1 libmp3lame0 libmpcdec6
2025-10-31T02:28:00.7536048Z   libmpeg2encpp-2.1-0t64 libmpg123-0t64 libmplex2-2.1-0t64 libmysofa1
2025-10-31T02:28:00.7536795Z   libneon27t64 libnice10 libopenal-data libopenal1 libopenexr-3-1-30
2025-10-31T02:28:00.7537250Z   libopenh264-7 libopenmpt0t64 libopenni2-0 liborc-0.4-0t64
2025-10-31T02:28:00.7538289Z   libpipewire-0.3-0t64 libplacebo338 libpocketsphinx3 libpostproc57
2025-10-31T02:28:00.7539162Z   libproxy1v5 libpulse0 libqrencode4 libraptor2-0 librav1e0 libraw1394-11
2025-10-31T02:28:00.7540157Z   librist4 librsvg2-2 librubberband2 libsamplerate0 libsbc1 libsdl2-2.0-0
2025-10-31T02:28:00.7541066Z   libsecret-common libserd-0-0 libshine3 libshout3 libsndfile1 libsndio7.0
2025-10-31T02:28:00.7541930Z   libsord-0-0 libsoundtouch1 libsoup-3.0-0 libsoup-3.0-common libsoxr0
2025-10-31T02:28:00.7542803Z   libspa-0.2-modules libspandsp2t64 libspeex1 libsphinxbase3t64 libsratom-0-0
2025-10-31T02:28:00.7543695Z   libsrt1.5-gnutls libsrtp2-1 libssh-gcrypt-4 libsvtav1enc1d1 libswresample4
2025-10-31T02:28:00.7544820Z   libswscale7 libtag1v5 libtag1v5-vanilla libtheora0 libtwolame0 libudfread0
2025-10-31T02:28:00.7545701Z   libunibreak5 libv4l-0t64 libv4lconvert0t64 libva-drm2 libva-x11-2 libva2
2025-10-31T02:28:00.7546544Z   libvdpau1 libvidstab1.1 libvisual-0.4-0 libvo-aacenc0 libvo-amrwbenc0
2025-10-31T02:28:00.7547597Z   libvorbisenc2 libvpl2 libwavpack1 libwebrtc-audio-processing1 libwildmidi2
2025-10-31T02:28:00.7548524Z   libx265-199 libxcb-xkb1 libxkbcommon-x11-0 libxvidcore4 libyuv0 libzbar0t64
2025-10-31T02:28:00.7549399Z   libzimg2 libzix-0-0 libzvbi-common libzvbi0t64 libzxing3 ocl-icd-libopencl1
2025-10-31T02:28:00.7550274Z   session-migration timgm6mb-soundfont xfonts-encodings xfonts-utils
2025-10-31T02:28:00.7550887Z Suggested packages:
2025-10-31T02:28:00.7551470Z   frei0r-plugins gvfs libcuda1 libnvcuvid1 libnvidia-encode1 libbluray-bdj
2025-10-31T02:28:00.7552329Z   libdirectfb-extra libdv-bin oss-compat libdvdcss2 libvisual-0.4-plugins
2025-10-31T02:28:00.7553155Z   jackd2 liblrdf0-dev libportaudio2 opus-tools pipewire pulseaudio
2025-10-31T02:28:00.7553945Z   raptor2-utils libraw1394-doc librsvg2-bin serdi sndiod sordi speex
2025-10-31T02:28:00.7554638Z   libwildmidi-config opencl-icd fluid-soundfont-gm
2025-10-31T02:28:00.7555142Z Recommended packages:
2025-10-31T02:28:00.7555681Z   fonts-ipafont-mincho fonts-tlwg-loma gstreamer1.0-x libaacs0
2025-10-31T02:28:00.7556492Z   default-libdecor-0-plugin-1 | libdecor-0-plugin-1 gstreamer1.0-gl
2025-10-31T02:28:00.7557640Z   libgtk-4-bin librsvg2-common libgtk-4-media-gstreamer libpipewire-0.3-common
2025-10-31T02:28:00.7558606Z   pocketsphinx-en-us va-driver-all | va-driver vdpau-driver-all | vdpau-driver
2025-10-31T02:28:00.7559271Z   libmagickcore-6.q16-7-extra
2025-10-31T02:28:00.8252659Z The following NEW packages will be installed:
2025-10-31T02:28:00.8260040Z   fonts-freefont-ttf fonts-ipafont-gothic fonts-tlwg-loma-otf fonts-unifont
2025-10-31T02:28:00.8260977Z   fonts-wqy-zenhei glib-networking glib-networking-common
2025-10-31T02:28:00.8261877Z   glib-networking-services gsettings-desktop-schemas gstreamer1.0-libav
2025-10-31T02:28:00.8262923Z   gstreamer1.0-plugins-bad gstreamer1.0-plugins-base gstreamer1.0-plugins-good
2025-10-31T02:28:00.8263909Z   libaa1 libabsl20220623t64 libass9 libasyncns0 libavc1394-0 libavcodec60
2025-10-31T02:28:00.8264727Z   libavfilter9 libavformat60 libavif16 libavtp0 libavutil58 libblas3
2025-10-31T02:28:00.8265497Z   libbluray2 libbs2b0 libcaca0 libcairo-script-interpreter2 libcdparanoia0
2025-10-31T02:28:00.8266317Z   libchromaprint1 libcjson1 libcodec2-1.2 libdav1d7 libdc1394-25 libdca0
2025-10-31T02:28:00.8267081Z   libdecor-0-0 libdirectfb-1.7-7t64 libdv4t64 libdvdnav4 libdvdread8t64
2025-10-31T02:28:00.8267996Z   libegl-mesa0 libegl1 libevent-2.1-7t64 libfaad2 libflac12t64 libflite1
2025-10-31T02:28:00.8268793Z   libfluidsynth3 libfreeaptx0 libgav1-1 libgles2 libgme0 libgraphene-1.0-0
2025-10-31T02:28:00.8269616Z   libgsm1 libgssdp-1.6-0 libgstreamer-gl1.0-0 libgstreamer-plugins-bad1.0-0
2025-10-31T02:28:00.8270444Z   libgstreamer-plugins-base1.0-0 libgstreamer-plugins-good1.0-0 libgtk-4-1
2025-10-31T02:28:00.8271696Z   libgtk-4-common libgupnp-1.6-0 libgupnp-igd-1.6-0 libharfbuzz-icu0
2025-10-31T02:28:00.8272516Z   libhwy1t64 libhyphen0 libiec61883-0 libimath-3-1-29t64 libinstpatch-1.0-2
2025-10-31T02:28:00.8273335Z   libjack-jackd2-0 libjxl0.7 liblapack3 liblc3-1 libldacbt-enc2 liblilv-0-0
2025-10-31T02:28:00.8274240Z   liblrdf0 libltc11 libmanette-0.2-0 libmbedcrypto7t64 libmfx1
2025-10-31T02:28:00.8274910Z   libmjpegutils-2.1-0t64 libmodplug1 libmp3lame0 libmpcdec6
2025-10-31T02:28:00.8275685Z   libmpeg2encpp-2.1-0t64 libmpg123-0t64 libmplex2-2.1-0t64 libmysofa1
2025-10-31T02:28:00.8276591Z   libneon27t64 libnice10 libopenal-data libopenal1 libopenexr-3-1-30
2025-10-31T02:28:00.8277534Z   libopenh264-7 libopenmpt0t64 libopenni2-0 libopus0 liborc-0.4-0t64
2025-10-31T02:28:00.8278291Z   libpipewire-0.3-0t64 libplacebo338 libpocketsphinx3 libpostproc57
2025-10-31T02:28:00.8279120Z   libproxy1v5 libpulse0 libqrencode4 libraptor2-0 librav1e0 libraw1394-11
2025-10-31T02:28:00.8280199Z   librist4 librsvg2-2 librubberband2 libsamplerate0 libsbc1 libsdl2-2.0-0
2025-10-31T02:28:00.8281018Z   libsecret-1-0 libsecret-common libserd-0-0 libshine3 libshout3 libsndfile1
2025-10-31T02:28:00.8281826Z   libsndio7.0 libsord-0-0 libsoundtouch1 libsoup-3.0-0 libsoup-3.0-common
2025-10-31T02:28:00.8282594Z   libsoxr0 libspa-0.2-modules libspandsp2t64 libspeex1 libsphinxbase3t64
2025-10-31T02:28:00.8283408Z   libsratom-0-0 libsrt1.5-gnutls libsrtp2-1 libssh-gcrypt-4 libsvtav1enc1d1
2025-10-31T02:28:00.8284279Z   libswresample4 libswscale7 libtag1v5 libtag1v5-vanilla libtheora0
2025-10-31T02:28:00.8285087Z   libtwolame0 libudfread0 libunibreak5 libv4l-0t64 libv4lconvert0t64
2025-10-31T02:28:00.8285871Z   libva-drm2 libva-x11-2 libva2 libvdpau1 libvidstab1.1 libvisual-0.4-0
2025-10-31T02:28:00.8286678Z   libvo-aacenc0 libvo-amrwbenc0 libvorbisenc2 libvpl2 libvpx9 libwavpack1
2025-10-31T02:28:00.8289483Z   libwebrtc-audio-processing1 libwildmidi2 libwoff1 libx264-164 libx265-199
2025-10-31T02:28:00.8290449Z   libxcb-xkb1 libxkbcommon-x11-0 libxvidcore4 libyuv0 libzbar0t64 libzimg2
2025-10-31T02:28:00.8291271Z   libzix-0-0 libzvbi-common libzvbi0t64 libzxing3 ocl-icd-libopencl1
2025-10-31T02:28:00.8292059Z   session-migration timgm6mb-soundfont xfonts-cyrillic xfonts-encodings
2025-10-31T02:28:00.8292703Z   xfonts-scalable xfonts-utils
2025-10-31T02:28:00.8539880Z 0 upgraded, 179 newly installed, 0 to remove and 43 not upgraded.
2025-10-31T02:28:00.8544568Z Need to get 114 MB of archives.
2025-10-31T02:28:00.8545263Z After this operation, 363 MB of additional disk space will be used.
2025-10-31T02:28:00.8546010Z Get:1 file:/etc/apt/apt-mirrors.txt Mirrorlist [144 B]
2025-10-31T02:28:00.9205370Z Get:2 http://azure.archive.ubuntu.com/ubuntu noble/universe amd64 fonts-ipafont-gothic all 00303-21ubuntu1 [3513 kB]
2025-10-31T02:28:01.0200750Z Get:3 http://azure.archive.ubuntu.com/ubuntu noble/main amd64 fonts-freefont-ttf all 20211204+svn4273-2 [5641 kB]
2025-10-31T02:28:01.1671675Z Get:4 http://azure.archive.ubuntu.com/ubuntu noble/universe amd64 fonts-tlwg-loma-otf all 1:0.7.3-1 [107 kB]
2025-10-31T02:28:01.2152977Z Get:5 http://azure.archive.ubuntu.com/ubuntu noble/universe amd64 fonts-unifont all 1:15.1.01-1build1 [2993 kB]
2025-10-31T02:28:01.2901823Z Get:6 http://azure.archive.ubuntu.com/ubuntu noble/universe amd64 fonts-wqy-zenhei all 0.9.45-8 [7472 kB]
2025-10-31T02:28:01.4414326Z Get:7 http://azure.archive.ubuntu.com/ubuntu noble/main amd64 libproxy1v5 amd64 0.5.4-4build1 [26.5 kB]
2025-10-31T02:28:01.4885161Z Get:8 http://azure.archive.ubuntu.com/ubuntu noble/main amd64 glib-networking-common all 2.80.0-1build1 [6702 B]
2025-10-31T02:28:01.5360928Z Get:9 http://azure.archive.ubuntu.com/ubuntu noble/main amd64 glib-networking-services amd64 2.80.0-1build1 [12.8 kB]
2025-10-31T02:28:01.5884344Z Get:10 http://azure.archive.ubuntu.com/ubuntu noble/main amd64 session-migration amd64 0.3.9build1 [9034 B]
2025-10-31T02:28:01.6350174Z Get:11 http://azure.archive.ubuntu.com/ubuntu noble-updates/main amd64 gsettings-desktop-schemas all 46.1-0ubuntu1 [35.6 kB]
2025-10-31T02:28:01.6833732Z Get:12 http://azure.archive.ubuntu.com/ubuntu noble/main amd64 glib-networking amd64 2.80.0-1build1 [64.1 kB]
2025-10-31T02:28:01.7307092Z Get:13 http://azure.archive.ubuntu.com/ubuntu noble/universe amd64 libva2 amd64 2.20.0-2build1 [66.2 kB]
2025-10-31T02:28:01.7783995Z Get:14 http://azure.archive.ubuntu.com/ubuntu noble/universe amd64 libva-drm2 amd64 2.20.0-2build1 [7124 B]
2025-10-31T02:28:01.8258733Z Get:15 http://azure.archive.ubuntu.com/ubuntu noble/universe amd64 libva-x11-2 amd64 2.20.0-2build1 [12.0 kB]
2025-10-31T02:28:01.8726609Z Get:16 http://azure.archive.ubuntu.com/ubuntu noble/main amd64 libvdpau1 amd64 1.5-2build1 [27.8 kB]
2025-10-31T02:28:01.9209139Z Get:17 http://azure.archive.ubuntu.com/ubuntu noble/universe amd64 libvpl2 amd64 2023.3.0-1build1 [99.8 kB]
2025-10-31T02:28:01.9690254Z Get:18 http://azure.archive.ubuntu.com/ubuntu noble/universe amd64 ocl-icd-libopencl1 amd64 2.3.2-1build1 [38.5 kB]
2025-10-31T02:28:02.0161867Z Get:19 http://azure.archive.ubuntu.com/ubuntu noble/universe amd64 libavutil58 amd64 7:6.1.1-3ubuntu5 [401 kB]
2025-10-31T02:28:02.0685585Z Get:20 http://azure.archive.ubuntu.com/ubuntu noble/universe amd64 libcodec2-1.2 amd64 1.2.0-2build1 [8998 kB]
2025-10-31T02:28:02.2441540Z Get:21 http://azure.archive.ubuntu.com/ubuntu noble/universe amd64 libdav1d7 amd64 1.4.1-1build1 [604 kB]
2025-10-31T02:28:02.2980651Z Get:22 http://azure.archive.ubuntu.com/ubuntu noble/universe amd64 libgsm1 amd64 1.0.22-1build1 [27.8 kB]
2025-10-31T02:28:02.3451386Z Get:23 http://azure.archive.ubuntu.com/ubuntu noble/universe amd64 libhwy1t64 amd64 1.0.7-8.1build1 [584 kB]
2025-10-31T02:28:02.3991081Z Get:24 http://azure.archive.ubuntu.com/ubuntu noble-updates/universe amd64 libjxl0.7 amd64 0.7.0-10.2ubuntu6.1 [1001 kB]
2025-10-31T02:28:02.4591684Z Get:25 http://azure.archive.ubuntu.com/ubuntu noble/main amd64 libmp3lame0 amd64 3.100-6build1 [142 kB]
2025-10-31T02:28:02.5072544Z Get:26 http://azure.archive.ubuntu.com/ubuntu noble/main amd64 libopus0 amd64 1.4-1build1 [208 kB]
2025-10-31T02:28:02.5557031Z Get:27 http://azure.archive.ubuntu.com/ubuntu noble/universe amd64 librav1e0 amd64 0.7.1-2 [1022 kB]
2025-10-31T02:28:02.6154877Z Get:28 http://azure.archive.ubuntu.com/ubuntu noble/main amd64 librsvg2-2 amd64 2.58.0+dfsg-1build1 [2135 kB]
2025-10-31T02:28:02.6923684Z Get:29 http://azure.archive.ubuntu.com/ubuntu noble/universe amd64 libshine3 amd64 3.1.1-2build1 [23.2 kB]
2025-10-31T02:28:02.7578325Z Get:30 http://azure.archive.ubuntu.com/ubuntu noble-updates/main amd64 libspeex1 amd64 1.2.1-2ubuntu2.24.04.1 [59.6 kB]
2025-10-31T02:28:02.8055777Z Get:31 http://azure.archive.ubuntu.com/ubuntu noble/universe amd64 libsvtav1enc1d1 amd64 1.7.0+dfsg-2build1 [2425 kB]
2025-10-31T02:28:02.8904743Z Get:32 http://azure.archive.ubuntu.com/ubuntu noble/universe amd64 libsoxr0 amd64 0.1.3-4build3 [80.0 kB]
2025-10-31T02:28:02.9413871Z Get:33 http://azure.archive.ubuntu.com/ubuntu noble/universe amd64 libswresample4 amd64 7:6.1.1-3ubuntu5 [63.8 kB]
2025-10-31T02:28:02.9926735Z Get:34 http://azure.archive.ubuntu.com/ubuntu noble/main amd64 libtheora0 amd64 1.1.1+dfsg.1-16.1build3 [211 kB]
2025-10-31T02:28:03.0441766Z Get:35 http://azure.archive.ubuntu.com/ubuntu noble/main amd64 libtwolame0 amd64 0.4.0-2build3 [52.3 kB]
2025-10-31T02:28:03.0948942Z Get:36 http://azure.archive.ubuntu.com/ubuntu noble/main amd64 libvorbisenc2 amd64 1.3.7-1build3 [80.8 kB]
2025-10-31T02:28:03.1459619Z Get:37 http://azure.archive.ubuntu.com/ubuntu noble-updates/main amd64 libvpx9 amd64 1.14.0-1ubuntu2.2 [1143 kB]
2025-10-31T02:28:03.2166369Z Get:38 http://azure.archive.ubuntu.com/ubuntu noble/universe amd64 libx264-164 amd64 2:0.164.3108+git31e19f9-1 [604 kB]
2025-10-31T02:28:03.2754942Z Get:39 http://azure.archive.ubuntu.com/ubuntu noble/universe amd64 libx265-199 amd64 3.5-2build1 [1226 kB]
2025-10-31T02:28:03.3500488Z Get:40 http://azure.archive.ubuntu.com/ubuntu noble/universe amd64 libxvidcore4 amd64 2:1.3.7-1build1 [219 kB]
2025-10-31T02:28:03.4020526Z Get:41 http://azure.archive.ubuntu.com/ubuntu noble/universe amd64 libzvbi-common all 0.2.42-2 [42.4 kB]
2025-10-31T02:28:03.4608670Z Get:42 http://azure.archive.ubuntu.com/ubuntu noble/universe amd64 libzvbi0t64 amd64 0.2.42-2 [261 kB]
2025-10-31T02:28:03.5113048Z Get:43 http://azure.archive.ubuntu.com/ubuntu noble/universe amd64 libavcodec60 amd64 7:6.1.1-3ubuntu5 [5851 kB]
2025-10-31T02:28:03.6385803Z Get:44 http://azure.archive.ubuntu.com/ubuntu noble/universe amd64 libunibreak5 amd64 5.1-2build1 [25.0 kB]
2025-10-31T02:28:03.6861680Z Get:45 http://azure.archive.ubuntu.com/ubuntu noble/universe amd64 libass9 amd64 1:0.17.1-2build1 [104 kB]
2025-10-31T02:28:03.7338598Z Get:46 http://azure.archive.ubuntu.com/ubuntu noble/universe amd64 libudfread0 amd64 1.1.2-1build1 [19.0 kB]
2025-10-31T02:28:03.7811960Z Get:47 http://azure.archive.ubuntu.com/ubuntu noble/universe amd64 libbluray2 amd64 1:1.3.4-1build1 [159 kB]
2025-10-31T02:28:03.8297004Z Get:48 http://azure.archive.ubuntu.com/ubuntu noble/universe amd64 libchromaprint1 amd64 1.5.1-5 [30.5 kB]
2025-10-31T02:28:03.8783635Z Get:49 http://azure.archive.ubuntu.com/ubuntu noble/universe amd64 libgme0 amd64 0.6.3-7build1 [134 kB]
2025-10-31T02:28:03.9294354Z Get:50 http://azure.archive.ubuntu.com/ubuntu noble-updates/main amd64 libmpg123-0t64 amd64 1.32.5-1ubuntu1.1 [169 kB]
2025-10-31T02:28:03.9810411Z Get:51 http://azure.archive.ubuntu.com/ubuntu noble/universe amd64 libopenmpt0t64 amd64 0.7.3-1.1build3 [647 kB]
2025-10-31T02:28:04.0402109Z Get:52 http://azure.archive.ubuntu.com/ubuntu noble/universe amd64 libcjson1 amd64 1.7.17-1 [24.8 kB]
2025-10-31T02:28:04.0980942Z Get:53 http://azure.archive.ubuntu.com/ubuntu noble/universe amd64 libmbedcrypto7t64 amd64 2.28.8-1 [209 kB]
2025-10-31T02:28:04.1503603Z Get:54 http://azure.archive.ubuntu.com/ubuntu noble/universe amd64 librist4 amd64 0.2.10+dfsg-2 [74.9 kB]
2025-10-31T02:28:04.2048472Z Get:55 http://azure.archive.ubuntu.com/ubuntu noble/universe amd64 libsrt1.5-gnutls amd64 1.5.3-1build2 [316 kB]
2025-10-31T02:28:04.2566716Z Get:56 http://azure.archive.ubuntu.com/ubuntu noble-updates/main amd64 libssh-gcrypt-4 amd64 0.10.6-2ubuntu0.1 [224 kB]
2025-10-31T02:28:04.3136495Z Get:57 http://azure.archive.ubuntu.com/ubuntu noble/universe amd64 libavformat60 amd64 7:6.1.1-3ubuntu5 [1153 kB]
2025-10-31T02:28:04.3849699Z Get:58 http://azure.archive.ubuntu.com/ubuntu noble/universe amd64 libbs2b0 amd64 3.1.0+dfsg-7build1 [10.6 kB]
2025-10-31T02:28:04.4382863Z Get:59 http://azure.archive.ubuntu.com/ubuntu noble/universe amd64 libflite1 amd64 2.2-6build3 [13.6 MB]
2025-10-31T02:28:04.7330657Z Get:60 http://azure.archive.ubuntu.com/ubuntu noble/universe amd64 libserd-0-0 amd64 0.32.2-1 [43.6 kB]
2025-10-31T02:28:04.7802221Z Get:61 http://azure.archive.ubuntu.com/ubuntu noble/universe amd64 libzix-0-0 amd64 0.4.2-2build1 [23.6 kB]
2025-10-31T02:28:04.8284574Z Get:62 http://azure.archive.ubuntu.com/ubuntu noble/universe amd64 libsord-0-0 amd64 0.16.16-2build1 [15.8 kB]
2025-10-31T02:28:04.8755126Z Get:63 http://azure.archive.ubuntu.com/ubuntu noble/universe amd64 libsratom-0-0 amd64 0.6.16-1build1 [17.3 kB]
2025-10-31T02:28:04.9224159Z Get:64 http://azure.archive.ubuntu.com/ubuntu noble/universe amd64 liblilv-0-0 amd64 0.24.22-1build1 [41.0 kB]
2025-10-31T02:28:04.9725527Z Get:65 http://azure.archive.ubuntu.com/ubuntu noble/universe amd64 libmysofa1 amd64 1.3.2+dfsg-2ubuntu2 [1158 kB]
2025-10-31T02:28:05.0398082Z Get:66 http://azure.archive.ubuntu.com/ubuntu noble/universe amd64 libplacebo338 amd64 6.338.2-2build1 [2654 kB]
2025-10-31T02:28:05.1343095Z Get:67 http://azure.archive.ubuntu.com/ubuntu noble-updates/main amd64 libblas3 amd64 3.12.0-3build1.1 [238 kB]
2025-10-31T02:28:05.1909835Z Get:68 http://azure.archive.ubuntu.com/ubuntu noble-updates/main amd64 liblapack3 amd64 3.12.0-3build1.1 [2646 kB]
2025-10-31T02:28:05.2830771Z Get:69 http://azure.archive.ubuntu.com/ubuntu noble/main amd64 libasyncns0 amd64 0.8-6build4 [11.3 kB]
2025-10-31T02:28:05.3333169Z Get:70 http://azure.archive.ubuntu.com/ubuntu noble/main amd64 libflac12t64 amd64 1.4.3+ds-2.1ubuntu2 [197 kB]
2025-10-31T02:28:05.3906035Z Get:71 http://azure.archive.ubuntu.com/ubuntu noble-updates/main amd64 libsndfile1 amd64 1.2.2-1ubuntu5.24.04.1 [209 kB]
2025-10-31T02:28:05.4396322Z Get:72 http://azure.archive.ubuntu.com/ubuntu noble-updates/main amd64 libpulse0 amd64 1:16.1+dfsg1-2ubuntu10.1 [292 kB]
2025-10-31T02:28:05.4897078Z Get:73 http://azure.archive.ubuntu.com/ubuntu noble/universe amd64 libsphinxbase3t64 amd64 0.8+5prealpha+1-17build2 [126 kB]
2025-10-31T02:28:05.5383235Z Get:74 http://azure.archive.ubuntu.com/ubuntu noble/universe amd64 libpocketsphinx3 amd64 0.8.0+real5prealpha+1-15ubuntu5 [133 kB]
2025-10-31T02:28:05.5876785Z Get:75 http://azure.archive.ubuntu.com/ubuntu noble/universe amd64 libpostproc57 amd64 7:6.1.1-3ubuntu5 [49.9 kB]
2025-10-31T02:28:05.6364619Z Get:76 http://azure.archive.ubuntu.com/ubuntu noble/main amd64 libsamplerate0 amd64 0.2.2-4build1 [1344 kB]
2025-10-31T02:28:05.7018153Z Get:77 http://azure.archive.ubuntu.com/ubuntu noble/universe amd64 librubberband2 amd64 3.3.0+dfsg-2build1 [130 kB]
2025-10-31T02:28:05.7497590Z Get:78 http://azure.archive.ubuntu.com/ubuntu noble/universe amd64 libswscale7 amd64 7:6.1.1-3ubuntu5 [193 kB]
2025-10-31T02:28:05.7984191Z Get:79 http://azure.archive.ubuntu.com/ubuntu noble/universe amd64 libvidstab1.1 amd64 1.1.0-2build1 [38.5 kB]
2025-10-31T02:28:05.8468322Z Get:80 http://azure.archive.ubuntu.com/ubuntu noble/universe amd64 libzimg2 amd64 3.0.5+ds1-1build1 [254 kB]
2025-10-31T02:28:05.8982913Z Get:81 http://azure.archive.ubuntu.com/ubuntu noble/universe amd64 libavfilter9 amd64 7:6.1.1-3ubuntu5 [4235 kB]
2025-10-31T02:28:06.0056620Z Get:82 http://azure.archive.ubuntu.com/ubuntu noble-updates/main amd64 liborc-0.4-0t64 amd64 1:0.4.38-1ubuntu0.1 [207 kB]
2025-10-31T02:28:06.0570855Z Get:83 http://azure.archive.ubuntu.com/ubuntu noble-updates/main amd64 libgstreamer-plugins-base1.0-0 amd64 1.24.2-1ubuntu0.3 [862 kB]
2025-10-31T02:28:06.1260457Z Get:84 http://azure.archive.ubuntu.com/ubuntu noble/universe amd64 gstreamer1.0-libav amd64 1.24.1-1build1 [103 kB]
2025-10-31T02:28:06.1856075Z Get:85 http://azure.archive.ubuntu.com/ubuntu noble/main amd64 libcdparanoia0 amd64 3.10.2+debian-14build3 [48.5 kB]
2025-10-31T02:28:06.2321866Z Get:86 http://azure.archive.ubuntu.com/ubuntu noble/main amd64 libvisual-0.4-0 amd64 0.4.2-2build1 [115 kB]
2025-10-31T02:28:06.3923213Z Get:87 http://azure.archive.ubuntu.com/ubuntu noble-updates/main amd64 gstreamer1.0-plugins-base amd64 1.24.2-1ubuntu0.3 [721 kB]
2025-10-31T02:28:06.5702521Z Get:88 http://azure.archive.ubuntu.com/ubuntu noble/main amd64 libaa1 amd64 1.4p5-51.1 [49.9 kB]
2025-10-31T02:28:06.6173752Z Get:89 http://azure.archive.ubuntu.com/ubuntu noble/main amd64 libraw1394-11 amd64 2.1.2-2build3 [26.2 kB]
2025-10-31T02:28:06.6647993Z Get:90 http://azure.archive.ubuntu.com/ubuntu noble/main amd64 libavc1394-0 amd64 0.5.4-5build3 [15.4 kB]
2025-10-31T02:28:06.7118415Z Get:91 http://azure.archive.ubuntu.com/ubuntu noble/main amd64 libcaca0 amd64 0.99.beta20-4build2 [208 kB]
2025-10-31T02:28:06.7618140Z Get:92 http://azure.archive.ubuntu.com/ubuntu noble/main amd64 libdv4t64 amd64 1.0.0-17.1build1 [63.2 kB]
2025-10-31T02:28:06.8103894Z Get:93 http://azure.archive.ubuntu.com/ubuntu noble-updates/main amd64 libgstreamer-plugins-good1.0-0 amd64 1.24.2-1ubuntu1.2 [33.0 kB]
2025-10-31T02:28:06.8581059Z Get:94 http://azure.archive.ubuntu.com/ubuntu noble/main amd64 libiec61883-0 amd64 1.2.0-6build1 [24.5 kB]
2025-10-31T02:28:06.9069986Z Get:95 http://azure.archive.ubuntu.com/ubuntu noble/main amd64 libshout3 amd64 2.4.6-1build2 [50.3 kB]
2025-10-31T02:28:06.9558194Z Get:96 http://azure.archive.ubuntu.com/ubuntu noble/main amd64 libtag1v5-vanilla amd64 1.13.1-1build1 [326 kB]
2025-10-31T02:28:07.0060074Z Get:97 http://azure.archive.ubuntu.com/ubuntu noble/main amd64 libtag1v5 amd64 1.13.1-1build1 [11.7 kB]
2025-10-31T02:28:07.0541036Z Get:98 http://azure.archive.ubuntu.com/ubuntu noble/main amd64 libv4lconvert0t64 amd64 1.26.1-4build3 [87.6 kB]
2025-10-31T02:28:07.1024596Z Get:99 http://azure.archive.ubuntu.com/ubuntu noble/main amd64 libv4l-0t64 amd64 1.26.1-4build3 [46.9 kB]
2025-10-31T02:28:07.1591927Z Get:100 http://azure.archive.ubuntu.com/ubuntu noble/main amd64 libwavpack1 amd64 5.6.0-1build1 [84.6 kB]
2025-10-31T02:28:07.2069790Z Get:101 http://azure.archive.ubuntu.com/ubuntu noble-updates/main amd64 libsoup-3.0-common all 3.4.4-5ubuntu0.5 [11.3 kB]
2025-10-31T02:28:07.2547144Z Get:102 http://azure.archive.ubuntu.com/ubuntu noble-updates/main amd64 libsoup-3.0-0 amd64 3.4.4-5ubuntu0.5 [291 kB]
2025-10-31T02:28:07.3063727Z Get:103 http://azure.archive.ubuntu.com/ubuntu noble-updates/main amd64 gstreamer1.0-plugins-good amd64 1.24.2-1ubuntu1.2 [2238 kB]
2025-10-31T02:28:07.3803257Z Get:104 http://azure.archive.ubuntu.com/ubuntu noble-updates/main amd64 libabsl20220623t64 amd64 20220623.1-3.1ubuntu3.2 [423 kB]
2025-10-31T02:28:07.4320741Z Get:105 http://azure.archive.ubuntu.com/ubuntu noble/universe amd64 libgav1-1 amd64 0.18.0-1build3 [357 kB]
2025-10-31T02:28:07.4831311Z Get:106 http://azure.archive.ubuntu.com/ubuntu noble/universe amd64 libyuv0 amd64 0.0~git202401110.af6ac82-1 [178 kB]
2025-10-31T02:28:07.5378174Z Get:107 http://azure.archive.ubuntu.com/ubuntu noble/universe amd64 libavif16 amd64 1.0.4-1ubuntu3 [91.2 kB]
2025-10-31T02:28:07.5885927Z Get:108 http://azure.archive.ubuntu.com/ubuntu noble/universe amd64 libavtp0 amd64 0.2.0-1build1 [6414 B]
2025-10-31T02:28:07.6385934Z Get:109 http://azure.archive.ubuntu.com/ubuntu noble/main amd64 libcairo-script-interpreter2 amd64 1.18.0-3build1 [60.3 kB]
2025-10-31T02:28:07.7254843Z Get:110 http://azure.archive.ubuntu.com/ubuntu noble/universe amd64 libdc1394-25 amd64 2.2.6-4build1 [90.1 kB]
2025-10-31T02:28:07.7758627Z Get:111 http://azure.archive.ubuntu.com/ubuntu noble/main amd64 libdecor-0-0 amd64 0.2.2-1build2 [16.5 kB]
2025-10-31T02:28:07.8255894Z Get:112 http://azure.archive.ubuntu.com/ubuntu noble/main amd64 libgles2 amd64 1.7.0-1build1 [17.1 kB]
2025-10-31T02:28:07.8755265Z Get:113 http://azure.archive.ubuntu.com/ubuntu noble/universe amd64 libdirectfb-1.7-7t64 amd64 1.7.7-11.1ubuntu2 [1035 kB]
2025-10-31T02:28:07.9358492Z Get:114 http://azure.archive.ubuntu.com/ubuntu noble/universe amd64 libdvdread8t64 amd64 6.1.3-1.1build1 [54.7 kB]
2025-10-31T02:28:07.9850969Z Get:115 http://azure.archive.ubuntu.com/ubuntu noble/universe amd64 libdvdnav4 amd64 6.1.1-3build1 [39.5 kB]
2025-10-31T02:28:08.0351438Z Get:116 http://azure.archive.ubuntu.com/ubuntu noble-updates/main amd64 libegl-mesa0 amd64 25.0.7-0ubuntu0.24.04.2 [124 kB]
2025-10-31T02:28:08.0866827Z Get:117 http://azure.archive.ubuntu.com/ubuntu noble/main amd64 libevent-2.1-7t64 amd64 2.1.12-stable-9ubuntu2 [145 kB]
2025-10-31T02:28:08.1379351Z Get:118 http://azure.archive.ubuntu.com/ubuntu noble/universe amd64 libfaad2 amd64 2.11.1-1build1 [207 kB]
2025-10-31T02:28:08.1901208Z Get:119 http://azure.archive.ubuntu.com/ubuntu noble/universe amd64 libinstpatch-1.0-2 amd64 1.1.6-1build2 [251 kB]
2025-10-31T02:28:08.2425078Z Get:120 http://azure.archive.ubuntu.com/ubuntu noble/main amd64 libjack-jackd2-0 amd64 1.9.21~dfsg-3ubuntu3 [289 kB]
2025-10-31T02:28:08.2992550Z Get:121 http://azure.archive.ubuntu.com/ubuntu noble/main amd64 libwebrtc-audio-processing1 amd64 0.3.1-0ubuntu6 [290 kB]
2025-10-31T02:28:08.3559448Z Get:122 http://azure.archive.ubuntu.com/ubuntu noble-updates/main amd64 libspa-0.2-modules amd64 1.0.5-1ubuntu3.1 [626 kB]
2025-10-31T02:28:08.4222952Z Get:123 http://azure.archive.ubuntu.com/ubuntu noble-updates/main amd64 libpipewire-0.3-0t64 amd64 1.0.5-1ubuntu3.1 [252 kB]
2025-10-31T02:28:08.4782339Z Get:124 http://azure.archive.ubuntu.com/ubuntu noble-updates/main amd64 libsdl2-2.0-0 amd64 2.30.0+dfsg-1ubuntu3.1 [686 kB]
2025-10-31T02:28:08.5454104Z Get:125 http://azure.archive.ubuntu.com/ubuntu noble/universe amd64 timgm6mb-soundfont all 1.3-5 [5427 kB]
2025-10-31T02:28:08.6856549Z Get:126 http://azure.archive.ubuntu.com/ubuntu noble/universe amd64 libfluidsynth3 amd64 2.3.4-1build3 [249 kB]
2025-10-31T02:28:08.7425005Z Get:127 http://azure.archive.ubuntu.com/ubuntu noble/main amd64 libfreeaptx0 amd64 0.1.1-2build1 [13.5 kB]
2025-10-31T02:28:08.7966265Z Get:128 http://azure.archive.ubuntu.com/ubuntu noble/main amd64 libgraphene-1.0-0 amd64 1.10.8-3build2 [46.2 kB]
2025-10-31T02:28:08.8494659Z Get:129 http://azure.archive.ubuntu.com/ubuntu noble/main amd64 libgssdp-1.6-0 amd64 1.6.3-1build3 [40.4 kB]
2025-10-31T02:28:08.9030000Z Get:130 http://azure.archive.ubuntu.com/ubuntu noble/main amd64 libegl1 amd64 1.7.0-1build1 [28.7 kB]
2025-10-31T02:28:08.9561587Z Get:131 http://azure.archive.ubuntu.com/ubuntu noble-updates/main amd64 libgstreamer-gl1.0-0 amd64 1.24.2-1ubuntu0.3 [214 kB]
2025-10-31T02:28:09.0107836Z Get:132 http://azure.archive.ubuntu.com/ubuntu noble-updates/main amd64 libgtk-4-common all 4.14.5+ds-0ubuntu0.5 [1497 kB]
2025-10-31T02:28:09.0868073Z Get:133 http://azure.archive.ubuntu.com/ubuntu noble-updates/main amd64 libgtk-4-1 amd64 4.14.5+ds-0ubuntu0.5 [3293 kB]
2025-10-31T02:28:09.1914980Z Get:134 http://azure.archive.ubuntu.com/ubuntu noble/main amd64 libgupnp-1.6-0 amd64 1.6.6-1build3 [92.7 kB]
2025-10-31T02:28:09.2460369Z Get:135 http://azure.archive.ubuntu.com/ubuntu noble/universe amd64 libgupnp-igd-1.6-0 amd64 1.6.0-3build3 [16.5 kB]
2025-10-31T02:28:09.2993823Z Get:136 http://azure.archive.ubuntu.com/ubuntu noble/main amd64 libharfbuzz-icu0 amd64 8.3.0-2build2 [13.3 kB]
2025-10-31T02:28:09.3520328Z Get:137 http://azure.archive.ubuntu.com/ubuntu noble/main amd64 libhyphen0 amd64 2.8.8-7build3 [26.5 kB]
2025-10-31T02:28:09.4046976Z Get:138 http://azure.archive.ubuntu.com/ubuntu noble/universe amd64 libimath-3-1-29t64 amd64 3.1.9-3.1ubuntu2 [72.2 kB]
2025-10-31T02:28:09.4587307Z Get:139 http://azure.archive.ubuntu.com/ubuntu noble/main amd64 liblc3-1 amd64 1.0.4-3build1 [69.7 kB]
2025-10-31T02:28:09.5116009Z Get:140 http://azure.archive.ubuntu.com/ubuntu noble/main amd64 libldacbt-enc2 amd64 2.0.2.3+git20200429+ed310a0-4ubuntu2 [27.1 kB]
2025-10-31T02:28:09.5643253Z Get:141 http://azure.archive.ubuntu.com/ubuntu noble-updates/main amd64 libraptor2-0 amd64 2.0.16-3ubuntu0.1 [165 kB]
2025-10-31T02:28:09.6171046Z Get:142 http://azure.archive.ubuntu.com/ubuntu noble/universe amd64 liblrdf0 amd64 0.6.1-4build1 [18.5 kB]
2025-10-31T02:28:09.6670106Z Get:143 http://azure.archive.ubuntu.com/ubuntu noble/universe amd64 libltc11 amd64 1.3.2-1build1 [13.0 kB]
2025-10-31T02:28:09.7168029Z Get:144 http://azure.archive.ubuntu.com/ubuntu noble/main amd64 libmanette-0.2-0 amd64 0.2.7-1build2 [30.6 kB]
2025-10-31T02:28:09.7670858Z Get:145 http://azure.archive.ubuntu.com/ubuntu noble/universe amd64 libmfx1 amd64 22.5.4-1 [3124 kB]
2025-10-31T02:28:09.8660873Z Get:146 http://azure.archive.ubuntu.com/ubuntu noble/universe amd64 libmjpegutils-2.1-0t64 amd64 1:2.1.0+debian-8.1build1 [25.5 kB]
2025-10-31T02:28:09.9165124Z Get:147 http://azure.archive.ubuntu.com/ubuntu noble/universe amd64 libmodplug1 amd64 1:0.8.9.0-3build1 [166 kB]
2025-10-31T02:28:09.9685637Z Get:148 http://azure.archive.ubuntu.com/ubuntu noble/universe amd64 libmpcdec6 amd64 2:0.1~r495-2build1 [32.7 kB]
2025-10-31T02:28:10.0189167Z Get:149 http://azure.archive.ubuntu.com/ubuntu noble/universe amd64 libmpeg2encpp-2.1-0t64 amd64 1:2.1.0+debian-8.1build1 [75.6 kB]
2025-10-31T02:28:10.0694934Z Get:150 http://azure.archive.ubuntu.com/ubuntu noble/universe amd64 libmplex2-2.1-0t64 amd64 1:2.1.0+debian-8.1build1 [46.1 kB]
2025-10-31T02:28:10.1223640Z Get:151 http://azure.archive.ubuntu.com/ubuntu noble/universe amd64 libneon27t64 amd64 0.33.0-1.1build3 [102 kB]
2025-10-31T02:28:10.1754752Z Get:152 http://azure.archive.ubuntu.com/ubuntu noble/universe amd64 libnice10 amd64 0.1.21-2build3 [157 kB]
2025-10-31T02:28:10.2291747Z Get:153 http://azure.archive.ubuntu.com/ubuntu noble/universe amd64 libopenal-data all 1:1.23.1-4build1 [161 kB]
2025-10-31T02:28:10.2830090Z Get:154 http://azure.archive.ubuntu.com/ubuntu noble/universe amd64 libopenexr-3-1-30 amd64 3.1.5-5.1build3 [1004 kB]
2025-10-31T02:28:10.3504006Z Get:155 http://azure.archive.ubuntu.com/ubuntu noble/universe amd64 libopenh264-7 amd64 2.4.1+dfsg-1 [409 kB]
2025-10-31T02:28:10.4054758Z Get:156 http://azure.archive.ubuntu.com/ubuntu noble/universe amd64 libopenni2-0 amd64 2.2.0.33+dfsg-18 [370 kB]
2025-10-31T02:28:10.4602902Z Get:157 http://azure.archive.ubuntu.com/ubuntu noble/universe amd64 libqrencode4 amd64 4.1.1-1build2 [25.0 kB]
2025-10-31T02:28:10.5108450Z Get:158 http://azure.archive.ubuntu.com/ubuntu noble/main amd64 libsecret-common all 0.21.4-1build3 [4962 B]
2025-10-31T02:28:10.5604270Z Get:159 http://azure.archive.ubuntu.com/ubuntu noble/main amd64 libsecret-1-0 amd64 0.21.4-1build3 [116 kB]
2025-10-31T02:28:10.6145101Z Get:160 http://azure.archive.ubuntu.com/ubuntu noble/universe amd64 libsndio7.0 amd64 1.9.0-0.3build3 [29.6 kB]
2025-10-31T02:28:10.6645100Z Get:161 http://azure.archive.ubuntu.com/ubuntu noble/universe amd64 libsoundtouch1 amd64 2.3.2+ds1-1build1 [60.5 kB]
2025-10-31T02:28:10.7183610Z Get:162 http://azure.archive.ubuntu.com/ubuntu noble/universe amd64 libspandsp2t64 amd64 0.0.6+dfsg-2.1build1 [311 kB]
2025-10-31T02:28:10.7742419Z Get:163 http://azure.archive.ubuntu.com/ubuntu noble/universe amd64 libsrtp2-1 amd64 2.5.0-3build1 [41.9 kB]
2025-10-31T02:28:10.8280524Z Get:164 http://azure.archive.ubuntu.com/ubuntu noble/universe amd64 libwildmidi2 amd64 0.4.3-1build3 [68.5 kB]
2025-10-31T02:28:10.8830343Z Get:165 http://azure.archive.ubuntu.com/ubuntu noble/main amd64 libwoff1 amd64 1.0.2-2build1 [45.3 kB]
2025-10-31T02:28:10.9361641Z Get:166 http://azure.archive.ubuntu.com/ubuntu noble/main amd64 libxcb-xkb1 amd64 1.15-1ubuntu2 [32.3 kB]
2025-10-31T02:28:10.9894735Z Get:167 http://azure.archive.ubuntu.com/ubuntu noble/main amd64 libxkbcommon-x11-0 amd64 1.6.0-1build1 [14.5 kB]
2025-10-31T02:28:11.0441081Z Get:168 http://azure.archive.ubuntu.com/ubuntu noble/universe amd64 libzbar0t64 amd64 0.23.93-4build3 [123 kB]
2025-10-31T02:28:11.0981069Z Get:169 http://azure.archive.ubuntu.com/ubuntu noble/universe amd64 libzxing3 amd64 2.2.1-3 [583 kB]
2025-10-31T02:28:11.1640375Z Get:170 http://azure.archive.ubuntu.com/ubuntu noble/main amd64 xfonts-encodings all 1:1.0.5-0ubuntu2 [578 kB]
2025-10-31T02:28:11.2197733Z Get:171 http://azure.archive.ubuntu.com/ubuntu noble/main amd64 xfonts-utils amd64 1:7.7+6build3 [94.4 kB]
2025-10-31T02:28:11.2984269Z Get:172 http://azure.archive.ubuntu.com/ubuntu noble/universe amd64 xfonts-cyrillic all 1:1.0.5+nmu1 [384 kB]
2025-10-31T02:28:11.3544394Z Get:173 http://azure.archive.ubuntu.com/ubuntu noble/main amd64 xfonts-scalable all 1:1.0.3-1.3 [304 kB]
2025-10-31T02:28:11.4136018Z Get:174 http://azure.archive.ubuntu.com/ubuntu noble/universe amd64 libgstreamer-plugins-bad1.0-0 amd64 1.24.2-1ubuntu4 [797 kB]
2025-10-31T02:28:11.4833383Z Get:175 http://azure.archive.ubuntu.com/ubuntu noble/universe amd64 libdca0 amd64 0.0.7-2build1 [93.8 kB]
2025-10-31T02:28:11.5382441Z Get:176 http://azure.archive.ubuntu.com/ubuntu noble/universe amd64 libopenal1 amd64 1:1.23.1-4build1 [540 kB]
2025-10-31T02:28:11.5951408Z Get:177 http://azure.archive.ubuntu.com/ubuntu noble/main amd64 libsbc1 amd64 2.0-1build1 [33.9 kB]
2025-10-31T02:28:11.6490989Z Get:178 http://azure.archive.ubuntu.com/ubuntu noble/universe amd64 libvo-aacenc0 amd64 0.1.3-2build1 [67.8 kB]
2025-10-31T02:28:11.7172255Z Get:179 http://azure.archive.ubuntu.com/ubuntu noble/universe amd64 libvo-amrwbenc0 amd64 0.1.3-2build1 [76.7 kB]
2025-10-31T02:28:11.7752773Z Get:180 http://azure.archive.ubuntu.com/ubuntu noble/universe amd64 gstreamer1.0-plugins-bad amd64 1.24.2-1ubuntu4 [3081 kB]
2025-10-31T02:28:12.2564171Z Fetched 114 MB in 11s (10.4 MB/s)
2025-10-31T02:28:12.2891788Z Selecting previously unselected package fonts-ipafont-gothic.
2025-10-31T02:28:12.3167713Z (Reading database ... 
2025-10-31T02:28:12.3168862Z (Reading database ... 5%
2025-10-31T02:28:12.3169300Z (Reading database ... 10%
2025-10-31T02:28:12.3170440Z (Reading database ... 15%
2025-10-31T02:28:12.3171855Z (Reading database ... 20%
2025-10-31T02:28:12.3173060Z (Reading database ... 25%
2025-10-31T02:28:12.3173281Z (Reading database ... 30%
2025-10-31T02:28:12.3173530Z (Reading database ... 35%
2025-10-31T02:28:12.3173759Z (Reading database ... 40%
2025-10-31T02:28:12.3174555Z (Reading database ... 45%
2025-10-31T02:28:12.3174966Z (Reading database ... 50%
2025-10-31T02:28:12.3283868Z (Reading database ... 55%
2025-10-31T02:28:12.5689133Z (Reading database ... 60%
2025-10-31T02:28:12.7834685Z (Reading database ... 65%
2025-10-31T02:28:12.9733401Z (Reading database ... 70%
2025-10-31T02:28:13.1828396Z (Reading database ... 75%
2025-10-31T02:28:13.3734594Z (Reading database ... 80%
2025-10-31T02:28:13.6239955Z (Reading database ... 85%
2025-10-31T02:28:13.8610552Z (Reading database ... 90%
2025-10-31T02:28:14.1190726Z (Reading database ... 95%
2025-10-31T02:28:14.1191553Z (Reading database ... 100%
2025-10-31T02:28:14.1197257Z (Reading database ... 214596 files and directories currently installed.)
2025-10-31T02:28:14.1239081Z Preparing to unpack .../000-fonts-ipafont-gothic_00303-21ubuntu1_all.deb ...
2025-10-31T02:28:14.1333467Z Unpacking fonts-ipafont-gothic (00303-21ubuntu1) ...
2025-10-31T02:28:14.3748921Z Selecting previously unselected package fonts-freefont-ttf.
2025-10-31T02:28:14.3882183Z Preparing to unpack .../001-fonts-freefont-ttf_20211204+svn4273-2_all.deb ...
2025-10-31T02:28:14.3893427Z Unpacking fonts-freefont-ttf (20211204+svn4273-2) ...
2025-10-31T02:28:14.4865103Z Selecting previously unselected package fonts-tlwg-loma-otf.
2025-10-31T02:28:14.5007086Z Preparing to unpack .../002-fonts-tlwg-loma-otf_1%3a0.7.3-1_all.deb ...
2025-10-31T02:28:14.5018881Z Unpacking fonts-tlwg-loma-otf (1:0.7.3-1) ...
2025-10-31T02:28:14.5264734Z Selecting previously unselected package fonts-unifont.
2025-10-31T02:28:14.5400841Z Preparing to unpack .../003-fonts-unifont_1%3a15.1.01-1build1_all.deb ...
2025-10-31T02:28:14.5412506Z Unpacking fonts-unifont (1:15.1.01-1build1) ...
2025-10-31T02:28:14.6714222Z Selecting previously unselected package fonts-wqy-zenhei.
2025-10-31T02:28:14.6853388Z Preparing to unpack .../004-fonts-wqy-zenhei_0.9.45-8_all.deb ...
2025-10-31T02:28:14.6973101Z Unpacking fonts-wqy-zenhei (0.9.45-8) ...
2025-10-31T02:28:15.1816349Z Selecting previously unselected package libproxy1v5:amd64.
2025-10-31T02:28:15.1950430Z Preparing to unpack .../005-libproxy1v5_0.5.4-4build1_amd64.deb ...
2025-10-31T02:28:15.1979276Z Unpacking libproxy1v5:amd64 (0.5.4-4build1) ...
2025-10-31T02:28:15.2216007Z Selecting previously unselected package glib-networking-common.
2025-10-31T02:28:15.2350568Z Preparing to unpack .../006-glib-networking-common_2.80.0-1build1_all.deb ...
2025-10-31T02:28:15.2362941Z Unpacking glib-networking-common (2.80.0-1build1) ...
2025-10-31T02:28:15.2576262Z Selecting previously unselected package glib-networking-services.
2025-10-31T02:28:15.2712025Z Preparing to unpack .../007-glib-networking-services_2.80.0-1build1_amd64.deb ...
2025-10-31T02:28:15.2748355Z Unpacking glib-networking-services (2.80.0-1build1) ...
2025-10-31T02:28:15.2987227Z Selecting previously unselected package session-migration.
2025-10-31T02:28:15.3122698Z Preparing to unpack .../008-session-migration_0.3.9build1_amd64.deb ...
2025-10-31T02:28:15.3135315Z Unpacking session-migration (0.3.9build1) ...
2025-10-31T02:28:15.3397141Z Selecting previously unselected package gsettings-desktop-schemas.
2025-10-31T02:28:15.3534964Z Preparing to unpack .../009-gsettings-desktop-schemas_46.1-0ubuntu1_all.deb ...
2025-10-31T02:28:15.3547102Z Unpacking gsettings-desktop-schemas (46.1-0ubuntu1) ...
2025-10-31T02:28:15.3886806Z Selecting previously unselected package glib-networking:amd64.
2025-10-31T02:28:15.4023101Z Preparing to unpack .../010-glib-networking_2.80.0-1build1_amd64.deb ...
2025-10-31T02:28:15.4035415Z Unpacking glib-networking:amd64 (2.80.0-1build1) ...
2025-10-31T02:28:15.4304255Z Selecting previously unselected package libva2:amd64.
2025-10-31T02:28:15.4468479Z Preparing to unpack .../011-libva2_2.20.0-2build1_amd64.deb ...
2025-10-31T02:28:15.4469562Z Unpacking libva2:amd64 (2.20.0-2build1) ...
2025-10-31T02:28:15.4708393Z Selecting previously unselected package libva-drm2:amd64.
2025-10-31T02:28:15.4845645Z Preparing to unpack .../012-libva-drm2_2.20.0-2build1_amd64.deb ...
2025-10-31T02:28:15.4857537Z Unpacking libva-drm2:amd64 (2.20.0-2build1) ...
2025-10-31T02:28:15.5126058Z Selecting previously unselected package libva-x11-2:amd64.
2025-10-31T02:28:15.5262819Z Preparing to unpack .../013-libva-x11-2_2.20.0-2build1_amd64.deb ...
2025-10-31T02:28:15.5271780Z Unpacking libva-x11-2:amd64 (2.20.0-2build1) ...
2025-10-31T02:28:15.5541796Z Selecting previously unselected package libvdpau1:amd64.
2025-10-31T02:28:15.5685049Z Preparing to unpack .../014-libvdpau1_1.5-2build1_amd64.deb ...
2025-10-31T02:28:15.5698140Z Unpacking libvdpau1:amd64 (1.5-2build1) ...
2025-10-31T02:28:15.5965587Z Selecting previously unselected package libvpl2.
2025-10-31T02:28:15.6107133Z Preparing to unpack .../015-libvpl2_2023.3.0-1build1_amd64.deb ...
2025-10-31T02:28:15.6120857Z Unpacking libvpl2 (2023.3.0-1build1) ...
2025-10-31T02:28:15.6389273Z Selecting previously unselected package ocl-icd-libopencl1:amd64.
2025-10-31T02:28:15.6526338Z Preparing to unpack .../016-ocl-icd-libopencl1_2.3.2-1build1_amd64.deb ...
2025-10-31T02:28:15.6537989Z Unpacking ocl-icd-libopencl1:amd64 (2.3.2-1build1) ...
2025-10-31T02:28:15.6821828Z Selecting previously unselected package libavutil58:amd64.
2025-10-31T02:28:15.6958350Z Preparing to unpack .../017-libavutil58_7%3a6.1.1-3ubuntu5_amd64.deb ...
2025-10-31T02:28:15.6975098Z Unpacking libavutil58:amd64 (7:6.1.1-3ubuntu5) ...
2025-10-31T02:28:15.7276393Z Selecting previously unselected package libcodec2-1.2:amd64.
2025-10-31T02:28:15.7409633Z Preparing to unpack .../018-libcodec2-1.2_1.2.0-2build1_amd64.deb ...
2025-10-31T02:28:15.7420750Z Unpacking libcodec2-1.2:amd64 (1.2.0-2build1) ...
2025-10-31T02:28:15.8290311Z Selecting previously unselected package libdav1d7:amd64.
2025-10-31T02:28:15.8426097Z Preparing to unpack .../019-libdav1d7_1.4.1-1build1_amd64.deb ...
2025-10-31T02:28:15.8437258Z Unpacking libdav1d7:amd64 (1.4.1-1build1) ...
2025-10-31T02:28:15.8748085Z Selecting previously unselected package libgsm1:amd64.
2025-10-31T02:28:15.8884686Z Preparing to unpack .../020-libgsm1_1.0.22-1build1_amd64.deb ...
2025-10-31T02:28:15.8894660Z Unpacking libgsm1:amd64 (1.0.22-1build1) ...
2025-10-31T02:28:15.9142993Z Selecting previously unselected package libhwy1t64:amd64.
2025-10-31T02:28:15.9285670Z Preparing to unpack .../021-libhwy1t64_1.0.7-8.1build1_amd64.deb ...
2025-10-31T02:28:15.9309872Z Unpacking libhwy1t64:amd64 (1.0.7-8.1build1) ...
2025-10-31T02:28:15.9697552Z Selecting previously unselected package libjxl0.7:amd64.
2025-10-31T02:28:15.9833060Z Preparing to unpack .../022-libjxl0.7_0.7.0-10.2ubuntu6.1_amd64.deb ...
2025-10-31T02:28:15.9844073Z Unpacking libjxl0.7:amd64 (0.7.0-10.2ubuntu6.1) ...
2025-10-31T02:28:16.0239600Z Selecting previously unselected package libmp3lame0:amd64.
2025-10-31T02:28:16.0374586Z Preparing to unpack .../023-libmp3lame0_3.100-6build1_amd64.deb ...
2025-10-31T02:28:16.0385474Z Unpacking libmp3lame0:amd64 (3.100-6build1) ...
2025-10-31T02:28:16.0644802Z Selecting previously unselected package libopus0:amd64.
2025-10-31T02:28:16.0780889Z Preparing to unpack .../024-libopus0_1.4-1build1_amd64.deb ...
2025-10-31T02:28:16.0794675Z Unpacking libopus0:amd64 (1.4-1build1) ...
2025-10-31T02:28:16.1069474Z Selecting previously unselected package librav1e0:amd64.
2025-10-31T02:28:16.1213209Z Preparing to unpack .../025-librav1e0_0.7.1-2_amd64.deb ...
2025-10-31T02:28:16.1224100Z Unpacking librav1e0:amd64 (0.7.1-2) ...
2025-10-31T02:28:16.1633693Z Selecting previously unselected package librsvg2-2:amd64.
2025-10-31T02:28:16.1771131Z Preparing to unpack .../026-librsvg2-2_2.58.0+dfsg-1build1_amd64.deb ...
2025-10-31T02:28:16.1782597Z Unpacking librsvg2-2:amd64 (2.58.0+dfsg-1build1) ...
2025-10-31T02:28:16.2318982Z Selecting previously unselected package libshine3:amd64.
2025-10-31T02:28:16.2454723Z Preparing to unpack .../027-libshine3_3.1.1-2build1_amd64.deb ...
2025-10-31T02:28:16.2461293Z Unpacking libshine3:amd64 (3.1.1-2build1) ...
2025-10-31T02:28:16.2698585Z Selecting previously unselected package libspeex1:amd64.
2025-10-31T02:28:16.2836577Z Preparing to unpack .../028-libspeex1_1.2.1-2ubuntu2.24.04.1_amd64.deb ...
2025-10-31T02:28:16.2843478Z Unpacking libspeex1:amd64 (1.2.1-2ubuntu2.24.04.1) ...
2025-10-31T02:28:16.3067597Z Selecting previously unselected package libsvtav1enc1d1:amd64.
2025-10-31T02:28:16.3206252Z Preparing to unpack .../029-libsvtav1enc1d1_1.7.0+dfsg-2build1_amd64.deb ...
2025-10-31T02:28:16.3215380Z Unpacking libsvtav1enc1d1:amd64 (1.7.0+dfsg-2build1) ...
2025-10-31T02:28:16.3795372Z Selecting previously unselected package libsoxr0:amd64.
2025-10-31T02:28:16.3934137Z Preparing to unpack .../030-libsoxr0_0.1.3-4build3_amd64.deb ...
2025-10-31T02:28:16.3942762Z Unpacking libsoxr0:amd64 (0.1.3-4build3) ...
2025-10-31T02:28:16.4173417Z Selecting previously unselected package libswresample4:amd64.
2025-10-31T02:28:16.4310064Z Preparing to unpack .../031-libswresample4_7%3a6.1.1-3ubuntu5_amd64.deb ...
2025-10-31T02:28:16.4319343Z Unpacking libswresample4:amd64 (7:6.1.1-3ubuntu5) ...
2025-10-31T02:28:16.4563152Z Selecting previously unselected package libtheora0:amd64.
2025-10-31T02:28:16.4700552Z Preparing to unpack .../032-libtheora0_1.1.1+dfsg.1-16.1build3_amd64.deb ...
2025-10-31T02:28:16.4708754Z Unpacking libtheora0:amd64 (1.1.1+dfsg.1-16.1build3) ...
2025-10-31T02:28:16.4968048Z Selecting previously unselected package libtwolame0:amd64.
2025-10-31T02:28:16.5105947Z Preparing to unpack .../033-libtwolame0_0.4.0-2build3_amd64.deb ...
2025-10-31T02:28:16.5114874Z Unpacking libtwolame0:amd64 (0.4.0-2build3) ...
2025-10-31T02:28:16.5355709Z Selecting previously unselected package libvorbisenc2:amd64.
2025-10-31T02:28:16.5496528Z Preparing to unpack .../034-libvorbisenc2_1.3.7-1build3_amd64.deb ...
2025-10-31T02:28:16.5503723Z Unpacking libvorbisenc2:amd64 (1.3.7-1build3) ...
2025-10-31T02:28:16.5754097Z Selecting previously unselected package libvpx9:amd64.
2025-10-31T02:28:16.5891049Z Preparing to unpack .../035-libvpx9_1.14.0-1ubuntu2.2_amd64.deb ...
2025-10-31T02:28:16.5901199Z Unpacking libvpx9:amd64 (1.14.0-1ubuntu2.2) ...
2025-10-31T02:28:16.6286352Z Selecting previously unselected package libx264-164:amd64.
2025-10-31T02:28:16.6424059Z Preparing to unpack .../036-libx264-164_2%3a0.164.3108+git31e19f9-1_amd64.deb ...
2025-10-31T02:28:16.6430827Z Unpacking libx264-164:amd64 (2:0.164.3108+git31e19f9-1) ...
2025-10-31T02:28:16.6742932Z Selecting previously unselected package libx265-199:amd64.
2025-10-31T02:28:16.6882230Z Preparing to unpack .../037-libx265-199_3.5-2build1_amd64.deb ...
2025-10-31T02:28:16.6889823Z Unpacking libx265-199:amd64 (3.5-2build1) ...
2025-10-31T02:28:16.7662266Z Selecting previously unselected package libxvidcore4:amd64.
2025-10-31T02:28:16.7803928Z Preparing to unpack .../038-libxvidcore4_2%3a1.3.7-1build1_amd64.deb ...
2025-10-31T02:28:16.7811124Z Unpacking libxvidcore4:amd64 (2:1.3.7-1build1) ...
2025-10-31T02:28:16.8052821Z Selecting previously unselected package libzvbi-common.
2025-10-31T02:28:16.8191525Z Preparing to unpack .../039-libzvbi-common_0.2.42-2_all.deb ...
2025-10-31T02:28:16.8198047Z Unpacking libzvbi-common (0.2.42-2) ...
2025-10-31T02:28:16.8492620Z Selecting previously unselected package libzvbi0t64:amd64.
2025-10-31T02:28:16.8629434Z Preparing to unpack .../040-libzvbi0t64_0.2.42-2_amd64.deb ...
2025-10-31T02:28:16.8637125Z Unpacking libzvbi0t64:amd64 (0.2.42-2) ...
2025-10-31T02:28:16.8904021Z Selecting previously unselected package libavcodec60:amd64.
2025-10-31T02:28:16.9043885Z Preparing to unpack .../041-libavcodec60_7%3a6.1.1-3ubuntu5_amd64.deb ...
2025-10-31T02:28:16.9053735Z Unpacking libavcodec60:amd64 (7:6.1.1-3ubuntu5) ...
2025-10-31T02:28:17.0012398Z Selecting previously unselected package libunibreak5:amd64.
2025-10-31T02:28:17.0153493Z Preparing to unpack .../042-libunibreak5_5.1-2build1_amd64.deb ...
2025-10-31T02:28:17.0162814Z Unpacking libunibreak5:amd64 (5.1-2build1) ...
2025-10-31T02:28:17.0392471Z Selecting previously unselected package libass9:amd64.
2025-10-31T02:28:17.0530633Z Preparing to unpack .../043-libass9_1%3a0.17.1-2build1_amd64.deb ...
2025-10-31T02:28:17.0542484Z Unpacking libass9:amd64 (1:0.17.1-2build1) ...
2025-10-31T02:28:17.0787017Z Selecting previously unselected package libudfread0:amd64.
2025-10-31T02:28:17.0923135Z Preparing to unpack .../044-libudfread0_1.1.2-1build1_amd64.deb ...
2025-10-31T02:28:17.0932400Z Unpacking libudfread0:amd64 (1.1.2-1build1) ...
2025-10-31T02:28:17.1163814Z Selecting previously unselected package libbluray2:amd64.
2025-10-31T02:28:17.1302334Z Preparing to unpack .../045-libbluray2_1%3a1.3.4-1build1_amd64.deb ...
2025-10-31T02:28:17.1309731Z Unpacking libbluray2:amd64 (1:1.3.4-1build1) ...
2025-10-31T02:28:17.1563833Z Selecting previously unselected package libchromaprint1:amd64.
2025-10-31T02:28:17.1701328Z Preparing to unpack .../046-libchromaprint1_1.5.1-5_amd64.deb ...
2025-10-31T02:28:17.1709866Z Unpacking libchromaprint1:amd64 (1.5.1-5) ...
2025-10-31T02:28:17.1951277Z Selecting previously unselected package libgme0:amd64.
2025-10-31T02:28:17.2089932Z Preparing to unpack .../047-libgme0_0.6.3-7build1_amd64.deb ...
2025-10-31T02:28:17.2100676Z Unpacking libgme0:amd64 (0.6.3-7build1) ...
2025-10-31T02:28:17.2343909Z Selecting previously unselected package libmpg123-0t64:amd64.
2025-10-31T02:28:17.2482468Z Preparing to unpack .../048-libmpg123-0t64_1.32.5-1ubuntu1.1_amd64.deb ...
2025-10-31T02:28:17.2490789Z Unpacking libmpg123-0t64:amd64 (1.32.5-1ubuntu1.1) ...
2025-10-31T02:28:17.2735003Z Selecting previously unselected package libopenmpt0t64:amd64.
2025-10-31T02:28:17.2872057Z Preparing to unpack .../049-libopenmpt0t64_0.7.3-1.1build3_amd64.deb ...
2025-10-31T02:28:17.2880700Z Unpacking libopenmpt0t64:amd64 (0.7.3-1.1build3) ...
2025-10-31T02:28:17.3185677Z Selecting previously unselected package libcjson1:amd64.
2025-10-31T02:28:17.3321624Z Preparing to unpack .../050-libcjson1_1.7.17-1_amd64.deb ...
2025-10-31T02:28:17.3332410Z Unpacking libcjson1:amd64 (1.7.17-1) ...
2025-10-31T02:28:17.3571845Z Selecting previously unselected package libmbedcrypto7t64:amd64.
2025-10-31T02:28:17.3708426Z Preparing to unpack .../051-libmbedcrypto7t64_2.28.8-1_amd64.deb ...
2025-10-31T02:28:17.3719025Z Unpacking libmbedcrypto7t64:amd64 (2.28.8-1) ...
2025-10-31T02:28:17.3964954Z Selecting previously unselected package librist4:amd64.
2025-10-31T02:28:17.4098557Z Preparing to unpack .../052-librist4_0.2.10+dfsg-2_amd64.deb ...
2025-10-31T02:28:17.4110299Z Unpacking librist4:amd64 (0.2.10+dfsg-2) ...
2025-10-31T02:28:17.4329944Z Selecting previously unselected package libsrt1.5-gnutls:amd64.
2025-10-31T02:28:17.4466165Z Preparing to unpack .../053-libsrt1.5-gnutls_1.5.3-1build2_amd64.deb ...
2025-10-31T02:28:17.4475028Z Unpacking libsrt1.5-gnutls:amd64 (1.5.3-1build2) ...
2025-10-31T02:28:17.4743004Z Selecting previously unselected package libssh-gcrypt-4:amd64.
2025-10-31T02:28:17.4878634Z Preparing to unpack .../054-libssh-gcrypt-4_0.10.6-2ubuntu0.1_amd64.deb ...
2025-10-31T02:28:17.4887162Z Unpacking libssh-gcrypt-4:amd64 (0.10.6-2ubuntu0.1) ...
2025-10-31T02:28:17.5199305Z Selecting previously unselected package libavformat60:amd64.
2025-10-31T02:28:17.5332442Z Preparing to unpack .../055-libavformat60_7%3a6.1.1-3ubuntu5_amd64.deb ...
2025-10-31T02:28:17.5346911Z Unpacking libavformat60:amd64 (7:6.1.1-3ubuntu5) ...
2025-10-31T02:28:17.5711734Z Selecting previously unselected package libbs2b0:amd64.
2025-10-31T02:28:17.5846930Z Preparing to unpack .../056-libbs2b0_3.1.0+dfsg-7build1_amd64.deb ...
2025-10-31T02:28:17.5858691Z Unpacking libbs2b0:amd64 (3.1.0+dfsg-7build1) ...
2025-10-31T02:28:17.6115404Z Selecting previously unselected package libflite1:amd64.
2025-10-31T02:28:17.6253201Z Preparing to unpack .../057-libflite1_2.2-6build3_amd64.deb ...
2025-10-31T02:28:17.6265566Z Unpacking libflite1:amd64 (2.2-6build3) ...
2025-10-31T02:28:17.7546617Z Selecting previously unselected package libserd-0-0:amd64.
2025-10-31T02:28:17.7683421Z Preparing to unpack .../058-libserd-0-0_0.32.2-1_amd64.deb ...
2025-10-31T02:28:17.7692105Z Unpacking libserd-0-0:amd64 (0.32.2-1) ...
2025-10-31T02:28:17.7929811Z Selecting previously unselected package libzix-0-0:amd64.
2025-10-31T02:28:17.8063714Z Preparing to unpack .../059-libzix-0-0_0.4.2-2build1_amd64.deb ...
2025-10-31T02:28:17.8073525Z Unpacking libzix-0-0:amd64 (0.4.2-2build1) ...
2025-10-31T02:28:17.8293641Z Selecting previously unselected package libsord-0-0:amd64.
2025-10-31T02:28:17.8431142Z Preparing to unpack .../060-libsord-0-0_0.16.16-2build1_amd64.deb ...
2025-10-31T02:28:17.8440881Z Unpacking libsord-0-0:amd64 (0.16.16-2build1) ...
2025-10-31T02:28:17.8652606Z Selecting previously unselected package libsratom-0-0:amd64.
2025-10-31T02:28:17.8787744Z Preparing to unpack .../061-libsratom-0-0_0.6.16-1build1_amd64.deb ...
2025-10-31T02:28:17.8796055Z Unpacking libsratom-0-0:amd64 (0.6.16-1build1) ...
2025-10-31T02:28:17.9016204Z Selecting previously unselected package liblilv-0-0:amd64.
2025-10-31T02:28:17.9159325Z Preparing to unpack .../062-liblilv-0-0_0.24.22-1build1_amd64.deb ...
2025-10-31T02:28:17.9169444Z Unpacking liblilv-0-0:amd64 (0.24.22-1build1) ...
2025-10-31T02:28:17.9413600Z Selecting previously unselected package libmysofa1:amd64.
2025-10-31T02:28:17.9555771Z Preparing to unpack .../063-libmysofa1_1.3.2+dfsg-2ubuntu2_amd64.deb ...
2025-10-31T02:28:17.9566129Z Unpacking libmysofa1:amd64 (1.3.2+dfsg-2ubuntu2) ...
2025-10-31T02:28:17.9861815Z Selecting previously unselected package libplacebo338:amd64.
2025-10-31T02:28:18.0000528Z Preparing to unpack .../064-libplacebo338_6.338.2-2build1_amd64.deb ...
2025-10-31T02:28:18.0012201Z Unpacking libplacebo338:amd64 (6.338.2-2build1) ...
2025-10-31T02:28:18.0663419Z Selecting previously unselected package libblas3:amd64.
2025-10-31T02:28:18.0805336Z Preparing to unpack .../065-libblas3_3.12.0-3build1.1_amd64.deb ...
2025-10-31T02:28:18.0842573Z Unpacking libblas3:amd64 (3.12.0-3build1.1) ...
2025-10-31T02:28:18.1117946Z Selecting previously unselected package liblapack3:amd64.
2025-10-31T02:28:18.1254651Z Preparing to unpack .../066-liblapack3_3.12.0-3build1.1_amd64.deb ...
2025-10-31T02:28:18.1308742Z Unpacking liblapack3:amd64 (3.12.0-3build1.1) ...
2025-10-31T02:28:18.1897119Z Selecting previously unselected package libasyncns0:amd64.
2025-10-31T02:28:18.2034285Z Preparing to unpack .../067-libasyncns0_0.8-6build4_amd64.deb ...
2025-10-31T02:28:18.2043575Z Unpacking libasyncns0:amd64 (0.8-6build4) ...
2025-10-31T02:28:18.2277084Z Selecting previously unselected package libflac12t64:amd64.
2025-10-31T02:28:18.2417604Z Preparing to unpack .../068-libflac12t64_1.4.3+ds-2.1ubuntu2_amd64.deb ...
2025-10-31T02:28:18.2426302Z Unpacking libflac12t64:amd64 (1.4.3+ds-2.1ubuntu2) ...
2025-10-31T02:28:18.2690468Z Selecting previously unselected package libsndfile1:amd64.
2025-10-31T02:28:18.2830299Z Preparing to unpack .../069-libsndfile1_1.2.2-1ubuntu5.24.04.1_amd64.deb ...
2025-10-31T02:28:18.2840439Z Unpacking libsndfile1:amd64 (1.2.2-1ubuntu5.24.04.1) ...
2025-10-31T02:28:18.3126362Z Selecting previously unselected package libpulse0:amd64.
2025-10-31T02:28:18.3264000Z Preparing to unpack .../070-libpulse0_1%3a16.1+dfsg1-2ubuntu10.1_amd64.deb ...
2025-10-31T02:28:18.3334643Z Unpacking libpulse0:amd64 (1:16.1+dfsg1-2ubuntu10.1) ...
2025-10-31T02:28:18.3615157Z Selecting previously unselected package libsphinxbase3t64:amd64.
2025-10-31T02:28:18.3755080Z Preparing to unpack .../071-libsphinxbase3t64_0.8+5prealpha+1-17build2_amd64.deb ...
2025-10-31T02:28:18.3762608Z Unpacking libsphinxbase3t64:amd64 (0.8+5prealpha+1-17build2) ...
2025-10-31T02:28:18.4012544Z Selecting previously unselected package libpocketsphinx3:amd64.
2025-10-31T02:28:18.4153292Z Preparing to unpack .../072-libpocketsphinx3_0.8.0+real5prealpha+1-15ubuntu5_amd64.deb ...
2025-10-31T02:28:18.4166530Z Unpacking libpocketsphinx3:amd64 (0.8.0+real5prealpha+1-15ubuntu5) ...
2025-10-31T02:28:18.4418377Z Selecting previously unselected package libpostproc57:amd64.
2025-10-31T02:28:18.4555522Z Preparing to unpack .../073-libpostproc57_7%3a6.1.1-3ubuntu5_amd64.deb ...
2025-10-31T02:28:18.4564456Z Unpacking libpostproc57:amd64 (7:6.1.1-3ubuntu5) ...
2025-10-31T02:28:18.4812019Z Selecting previously unselected package libsamplerate0:amd64.
2025-10-31T02:28:18.4946641Z Preparing to unpack .../074-libsamplerate0_0.2.2-4build1_amd64.deb ...
2025-10-31T02:28:18.4954962Z Unpacking libsamplerate0:amd64 (0.2.2-4build1) ...
2025-10-31T02:28:18.5253583Z Selecting previously unselected package librubberband2:amd64.
2025-10-31T02:28:18.5396025Z Preparing to unpack .../075-librubberband2_3.3.0+dfsg-2build1_amd64.deb ...
2025-10-31T02:28:18.5405314Z Unpacking librubberband2:amd64 (3.3.0+dfsg-2build1) ...
2025-10-31T02:28:18.5656487Z Selecting previously unselected package libswscale7:amd64.
2025-10-31T02:28:18.5796950Z Preparing to unpack .../076-libswscale7_7%3a6.1.1-3ubuntu5_amd64.deb ...
2025-10-31T02:28:18.5807580Z Unpacking libswscale7:amd64 (7:6.1.1-3ubuntu5) ...
2025-10-31T02:28:18.6076187Z Selecting previously unselected package libvidstab1.1:amd64.
2025-10-31T02:28:18.6215524Z Preparing to unpack .../077-libvidstab1.1_1.1.0-2build1_amd64.deb ...
2025-10-31T02:28:18.6229269Z Unpacking libvidstab1.1:amd64 (1.1.0-2build1) ...
2025-10-31T02:28:18.6469820Z Selecting previously unselected package libzimg2:amd64.
2025-10-31T02:28:18.6606227Z Preparing to unpack .../078-libzimg2_3.0.5+ds1-1build1_amd64.deb ...
2025-10-31T02:28:18.6616378Z Unpacking libzimg2:amd64 (3.0.5+ds1-1build1) ...
2025-10-31T02:28:18.6883280Z Selecting previously unselected package libavfilter9:amd64.
2025-10-31T02:28:18.7022373Z Preparing to unpack .../079-libavfilter9_7%3a6.1.1-3ubuntu5_amd64.deb ...
2025-10-31T02:28:18.7036867Z Unpacking libavfilter9:amd64 (7:6.1.1-3ubuntu5) ...
2025-10-31T02:28:18.7842130Z Selecting previously unselected package liborc-0.4-0t64:amd64.
2025-10-31T02:28:18.7978665Z Preparing to unpack .../080-liborc-0.4-0t64_1%3a0.4.38-1ubuntu0.1_amd64.deb ...
2025-10-31T02:28:18.7987160Z Unpacking liborc-0.4-0t64:amd64 (1:0.4.38-1ubuntu0.1) ...
2025-10-31T02:28:18.8259332Z Selecting previously unselected package libgstreamer-plugins-base1.0-0:amd64.
2025-10-31T02:28:18.8395326Z Preparing to unpack .../081-libgstreamer-plugins-base1.0-0_1.24.2-1ubuntu0.3_amd64.deb ...
2025-10-31T02:28:18.8404034Z Unpacking libgstreamer-plugins-base1.0-0:amd64 (1.24.2-1ubuntu0.3) ...
2025-10-31T02:28:18.8917195Z Selecting previously unselected package gstreamer1.0-libav:amd64.
2025-10-31T02:28:18.9054018Z Preparing to unpack .../082-gstreamer1.0-libav_1.24.1-1build1_amd64.deb ...
2025-10-31T02:28:18.9061996Z Unpacking gstreamer1.0-libav:amd64 (1.24.1-1build1) ...
2025-10-31T02:28:18.9317640Z Selecting previously unselected package libcdparanoia0:amd64.
2025-10-31T02:28:18.9454089Z Preparing to unpack .../083-libcdparanoia0_3.10.2+debian-14build3_amd64.deb ...
2025-10-31T02:28:18.9461645Z Unpacking libcdparanoia0:amd64 (3.10.2+debian-14build3) ...
2025-10-31T02:28:18.9693018Z Selecting previously unselected package libvisual-0.4-0:amd64.
2025-10-31T02:28:18.9830989Z Preparing to unpack .../084-libvisual-0.4-0_0.4.2-2build1_amd64.deb ...
2025-10-31T02:28:18.9840007Z Unpacking libvisual-0.4-0:amd64 (0.4.2-2build1) ...
2025-10-31T02:28:19.0085526Z Selecting previously unselected package gstreamer1.0-plugins-base:amd64.
2025-10-31T02:28:19.0223116Z Preparing to unpack .../085-gstreamer1.0-plugins-base_1.24.2-1ubuntu0.3_amd64.deb ...
2025-10-31T02:28:19.0244179Z Unpacking gstreamer1.0-plugins-base:amd64 (1.24.2-1ubuntu0.3) ...
2025-10-31T02:28:19.0613589Z Selecting previously unselected package libaa1:amd64.
2025-10-31T02:28:19.0751782Z Preparing to unpack .../086-libaa1_1.4p5-51.1_amd64.deb ...
2025-10-31T02:28:19.0760229Z Unpacking libaa1:amd64 (1.4p5-51.1) ...
2025-10-31T02:28:19.0990433Z Selecting previously unselected package libraw1394-11:amd64.
2025-10-31T02:28:19.1128172Z Preparing to unpack .../087-libraw1394-11_2.1.2-2build3_amd64.deb ...
2025-10-31T02:28:19.1138671Z Unpacking libraw1394-11:amd64 (2.1.2-2build3) ...
2025-10-31T02:28:19.1423877Z Selecting previously unselected package libavc1394-0:amd64.
2025-10-31T02:28:19.1561283Z Preparing to unpack .../088-libavc1394-0_0.5.4-5build3_amd64.deb ...
2025-10-31T02:28:19.1568843Z Unpacking libavc1394-0:amd64 (0.5.4-5build3) ...
2025-10-31T02:28:19.1794323Z Selecting previously unselected package libcaca0:amd64.
2025-10-31T02:28:19.1930956Z Preparing to unpack .../089-libcaca0_0.99.beta20-4build2_amd64.deb ...
2025-10-31T02:28:19.1942732Z Unpacking libcaca0:amd64 (0.99.beta20-4build2) ...
2025-10-31T02:28:19.2224578Z Selecting previously unselected package libdv4t64:amd64.
2025-10-31T02:28:19.2362604Z Preparing to unpack .../090-libdv4t64_1.0.0-17.1build1_amd64.deb ...
2025-10-31T02:28:19.2372184Z Unpacking libdv4t64:amd64 (1.0.0-17.1build1) ...
2025-10-31T02:28:19.2632990Z Selecting previously unselected package libgstreamer-plugins-good1.0-0:amd64.
2025-10-31T02:28:19.2771031Z Preparing to unpack .../091-libgstreamer-plugins-good1.0-0_1.24.2-1ubuntu1.2_amd64.deb ...
2025-10-31T02:28:19.2781203Z Unpacking libgstreamer-plugins-good1.0-0:amd64 (1.24.2-1ubuntu1.2) ...
2025-10-31T02:28:19.3025032Z Selecting previously unselected package libiec61883-0:amd64.
2025-10-31T02:28:19.3161001Z Preparing to unpack .../092-libiec61883-0_1.2.0-6build1_amd64.deb ...
2025-10-31T02:28:19.3170256Z Unpacking libiec61883-0:amd64 (1.2.0-6build1) ...
2025-10-31T02:28:19.3405420Z Selecting previously unselected package libshout3:amd64.
2025-10-31T02:28:19.3542069Z Preparing to unpack .../093-libshout3_2.4.6-1build2_amd64.deb ...
2025-10-31T02:28:19.3551730Z Unpacking libshout3:amd64 (2.4.6-1build2) ...
2025-10-31T02:28:19.3820891Z Selecting previously unselected package libtag1v5-vanilla:amd64.
2025-10-31T02:28:19.3964189Z Preparing to unpack .../094-libtag1v5-vanilla_1.13.1-1build1_amd64.deb ...
2025-10-31T02:28:19.3974261Z Unpacking libtag1v5-vanilla:amd64 (1.13.1-1build1) ...
2025-10-31T02:28:19.4256382Z Selecting previously unselected package libtag1v5:amd64.
2025-10-31T02:28:19.4400138Z Preparing to unpack .../095-libtag1v5_1.13.1-1build1_amd64.deb ...
2025-10-31T02:28:19.4411184Z Unpacking libtag1v5:amd64 (1.13.1-1build1) ...
2025-10-31T02:28:19.4642047Z Selecting previously unselected package libv4lconvert0t64:amd64.
2025-10-31T02:28:19.4782842Z Preparing to unpack .../096-libv4lconvert0t64_1.26.1-4build3_amd64.deb ...
2025-10-31T02:28:19.4791231Z Unpacking libv4lconvert0t64:amd64 (1.26.1-4build3) ...
2025-10-31T02:28:19.5050467Z Selecting previously unselected package libv4l-0t64:amd64.
2025-10-31T02:28:19.5192922Z Preparing to unpack .../097-libv4l-0t64_1.26.1-4build3_amd64.deb ...
2025-10-31T02:28:19.5203492Z Unpacking libv4l-0t64:amd64 (1.26.1-4build3) ...
2025-10-31T02:28:19.5465766Z Selecting previously unselected package libwavpack1:amd64.
2025-10-31T02:28:19.5645191Z Preparing to unpack .../098-libwavpack1_5.6.0-1build1_amd64.deb ...
2025-10-31T02:28:19.5709204Z Unpacking libwavpack1:amd64 (5.6.0-1build1) ...
2025-10-31T02:28:19.6158634Z Selecting previously unselected package libsoup-3.0-common.
2025-10-31T02:28:19.6401222Z Preparing to unpack .../099-libsoup-3.0-common_3.4.4-5ubuntu0.5_all.deb ...
2025-10-31T02:28:19.6469701Z Unpacking libsoup-3.0-common (3.4.4-5ubuntu0.5) ...
2025-10-31T02:28:19.6685056Z Selecting previously unselected package libsoup-3.0-0:amd64.
2025-10-31T02:28:19.6821429Z Preparing to unpack .../100-libsoup-3.0-0_3.4.4-5ubuntu0.5_amd64.deb ...
2025-10-31T02:28:19.6831119Z Unpacking libsoup-3.0-0:amd64 (3.4.4-5ubuntu0.5) ...
2025-10-31T02:28:19.7083329Z Selecting previously unselected package gstreamer1.0-plugins-good:amd64.
2025-10-31T02:28:19.7218873Z Preparing to unpack .../101-gstreamer1.0-plugins-good_1.24.2-1ubuntu1.2_amd64.deb ...
2025-10-31T02:28:19.7226836Z Unpacking gstreamer1.0-plugins-good:amd64 (1.24.2-1ubuntu1.2) ...
2025-10-31T02:28:19.7891475Z Selecting previously unselected package libabsl20220623t64:amd64.
2025-10-31T02:28:19.8029945Z Preparing to unpack .../102-libabsl20220623t64_20220623.1-3.1ubuntu3.2_amd64.deb ...
2025-10-31T02:28:19.8038427Z Unpacking libabsl20220623t64:amd64 (20220623.1-3.1ubuntu3.2) ...
2025-10-31T02:28:19.8538669Z Selecting previously unselected package libgav1-1:amd64.
2025-10-31T02:28:19.8675833Z Preparing to unpack .../103-libgav1-1_0.18.0-1build3_amd64.deb ...
2025-10-31T02:28:19.8686121Z Unpacking libgav1-1:amd64 (0.18.0-1build3) ...
2025-10-31T02:28:19.8958665Z Selecting previously unselected package libyuv0:amd64.
2025-10-31T02:28:19.9098558Z Preparing to unpack .../104-libyuv0_0.0~git202401110.af6ac82-1_amd64.deb ...
2025-10-31T02:28:19.9107689Z Unpacking libyuv0:amd64 (0.0~git202401110.af6ac82-1) ...
2025-10-31T02:28:19.9394851Z Selecting previously unselected package libavif16:amd64.
2025-10-31T02:28:19.9534784Z Preparing to unpack .../105-libavif16_1.0.4-1ubuntu3_amd64.deb ...
2025-10-31T02:28:19.9542740Z Unpacking libavif16:amd64 (1.0.4-1ubuntu3) ...
2025-10-31T02:28:19.9786818Z Selecting previously unselected package libavtp0:amd64.
2025-10-31T02:28:19.9927647Z Preparing to unpack .../106-libavtp0_0.2.0-1build1_amd64.deb ...
2025-10-31T02:28:19.9936822Z Unpacking libavtp0:amd64 (0.2.0-1build1) ...
2025-10-31T02:28:20.0178627Z Selecting previously unselected package libcairo-script-interpreter2:amd64.
2025-10-31T02:28:20.0323046Z Preparing to unpack .../107-libcairo-script-interpreter2_1.18.0-3build1_amd64.deb ...
2025-10-31T02:28:20.0331548Z Unpacking libcairo-script-interpreter2:amd64 (1.18.0-3build1) ...
2025-10-31T02:28:20.0644303Z Selecting previously unselected package libdc1394-25:amd64.
2025-10-31T02:28:20.0782489Z Preparing to unpack .../108-libdc1394-25_2.2.6-4build1_amd64.deb ...
2025-10-31T02:28:20.0790911Z Unpacking libdc1394-25:amd64 (2.2.6-4build1) ...
2025-10-31T02:28:20.1039116Z Selecting previously unselected package libdecor-0-0:amd64.
2025-10-31T02:28:20.1180868Z Preparing to unpack .../109-libdecor-0-0_0.2.2-1build2_amd64.deb ...
2025-10-31T02:28:20.1190913Z Unpacking libdecor-0-0:amd64 (0.2.2-1build2) ...
2025-10-31T02:28:20.1427023Z Selecting previously unselected package libgles2:amd64.
2025-10-31T02:28:20.1566943Z Preparing to unpack .../110-libgles2_1.7.0-1build1_amd64.deb ...
2025-10-31T02:28:20.1578315Z Unpacking libgles2:amd64 (1.7.0-1build1) ...
2025-10-31T02:28:20.1806210Z Selecting previously unselected package libdirectfb-1.7-7t64:amd64.
2025-10-31T02:28:20.1944801Z Preparing to unpack .../111-libdirectfb-1.7-7t64_1.7.7-11.1ubuntu2_amd64.deb ...
2025-10-31T02:28:20.1956325Z Unpacking libdirectfb-1.7-7t64:amd64 (1.7.7-11.1ubuntu2) ...
2025-10-31T02:28:20.2432201Z Selecting previously unselected package libdvdread8t64:amd64.
2025-10-31T02:28:20.2568608Z Preparing to unpack .../112-libdvdread8t64_6.1.3-1.1build1_amd64.deb ...
2025-10-31T02:28:20.2582534Z Unpacking libdvdread8t64:amd64 (6.1.3-1.1build1) ...
2025-10-31T02:28:20.2830027Z Selecting previously unselected package libdvdnav4:amd64.
2025-10-31T02:28:20.2967895Z Preparing to unpack .../113-libdvdnav4_6.1.1-3build1_amd64.deb ...
2025-10-31T02:28:20.2975309Z Unpacking libdvdnav4:amd64 (6.1.1-3build1) ...
2025-10-31T02:28:20.3220148Z Selecting previously unselected package libegl-mesa0:amd64.
2025-10-31T02:28:20.3358112Z Preparing to unpack .../114-libegl-mesa0_25.0.7-0ubuntu0.24.04.2_amd64.deb ...
2025-10-31T02:28:20.3369795Z Unpacking libegl-mesa0:amd64 (25.0.7-0ubuntu0.24.04.2) ...
2025-10-31T02:28:20.3629208Z Selecting previously unselected package libevent-2.1-7t64:amd64.
2025-10-31T02:28:20.3767972Z Preparing to unpack .../115-libevent-2.1-7t64_2.1.12-stable-9ubuntu2_amd64.deb ...
2025-10-31T02:28:20.3777114Z Unpacking libevent-2.1-7t64:amd64 (2.1.12-stable-9ubuntu2) ...
2025-10-31T02:28:20.4055191Z Selecting previously unselected package libfaad2:amd64.
2025-10-31T02:28:20.4195673Z Preparing to unpack .../116-libfaad2_2.11.1-1build1_amd64.deb ...
2025-10-31T02:28:20.4206704Z Unpacking libfaad2:amd64 (2.11.1-1build1) ...
2025-10-31T02:28:20.4481082Z Selecting previously unselected package libinstpatch-1.0-2:amd64.
2025-10-31T02:28:20.4619577Z Preparing to unpack .../117-libinstpatch-1.0-2_1.1.6-1build2_amd64.deb ...
2025-10-31T02:28:20.4629589Z Unpacking libinstpatch-1.0-2:amd64 (1.1.6-1build2) ...
2025-10-31T02:28:20.4889949Z Selecting previously unselected package libjack-jackd2-0:amd64.
2025-10-31T02:28:20.5070555Z Preparing to unpack .../118-libjack-jackd2-0_1.9.21~dfsg-3ubuntu3_amd64.deb ...
2025-10-31T02:28:20.5118435Z Unpacking libjack-jackd2-0:amd64 (1.9.21~dfsg-3ubuntu3) ...
2025-10-31T02:28:20.5436966Z Selecting previously unselected package libwebrtc-audio-processing1:amd64.
2025-10-31T02:28:20.5576460Z Preparing to unpack .../119-libwebrtc-audio-processing1_0.3.1-0ubuntu6_amd64.deb ...
2025-10-31T02:28:20.5585709Z Unpacking libwebrtc-audio-processing1:amd64 (0.3.1-0ubuntu6) ...
2025-10-31T02:28:20.5842480Z Selecting previously unselected package libspa-0.2-modules:amd64.
2025-10-31T02:28:20.5990355Z Preparing to unpack .../120-libspa-0.2-modules_1.0.5-1ubuntu3.1_amd64.deb ...
2025-10-31T02:28:20.5996495Z Unpacking libspa-0.2-modules:amd64 (1.0.5-1ubuntu3.1) ...
2025-10-31T02:28:20.6367172Z Selecting previously unselected package libpipewire-0.3-0t64:amd64.
2025-10-31T02:28:20.6507273Z Preparing to unpack .../121-libpipewire-0.3-0t64_1.0.5-1ubuntu3.1_amd64.deb ...
2025-10-31T02:28:20.6517127Z Unpacking libpipewire-0.3-0t64:amd64 (1.0.5-1ubuntu3.1) ...
2025-10-31T02:28:20.6785919Z Selecting previously unselected package libsdl2-2.0-0:amd64.
2025-10-31T02:28:20.6921851Z Preparing to unpack .../122-libsdl2-2.0-0_2.30.0+dfsg-1ubuntu3.1_amd64.deb ...
2025-10-31T02:28:20.6930483Z Unpacking libsdl2-2.0-0:amd64 (2.30.0+dfsg-1ubuntu3.1) ...
2025-10-31T02:28:20.7256268Z Selecting previously unselected package timgm6mb-soundfont.
2025-10-31T02:28:20.7393804Z Preparing to unpack .../123-timgm6mb-soundfont_1.3-5_all.deb ...
2025-10-31T02:28:20.7402737Z Unpacking timgm6mb-soundfont (1.3-5) ...
2025-10-31T02:28:21.0899440Z Selecting previously unselected package libfluidsynth3:amd64.
2025-10-31T02:28:21.1039183Z Preparing to unpack .../124-libfluidsynth3_2.3.4-1build3_amd64.deb ...
2025-10-31T02:28:21.1047675Z Unpacking libfluidsynth3:amd64 (2.3.4-1build3) ...
2025-10-31T02:28:21.1318320Z Selecting previously unselected package libfreeaptx0:amd64.
2025-10-31T02:28:21.1459546Z Preparing to unpack .../125-libfreeaptx0_0.1.1-2build1_amd64.deb ...
2025-10-31T02:28:21.1469888Z Unpacking libfreeaptx0:amd64 (0.1.1-2build1) ...
2025-10-31T02:28:21.1690765Z Selecting previously unselected package libgraphene-1.0-0:amd64.
2025-10-31T02:28:21.1827739Z Preparing to unpack .../126-libgraphene-1.0-0_1.10.8-3build2_amd64.deb ...
2025-10-31T02:28:21.1836895Z Unpacking libgraphene-1.0-0:amd64 (1.10.8-3build2) ...
2025-10-31T02:28:21.2075797Z Selecting previously unselected package libgssdp-1.6-0:amd64.
2025-10-31T02:28:21.2214563Z Preparing to unpack .../127-libgssdp-1.6-0_1.6.3-1build3_amd64.deb ...
2025-10-31T02:28:21.2223170Z Unpacking libgssdp-1.6-0:amd64 (1.6.3-1build3) ...
2025-10-31T02:28:21.2455841Z Selecting previously unselected package libegl1:amd64.
2025-10-31T02:28:21.2591750Z Preparing to unpack .../128-libegl1_1.7.0-1build1_amd64.deb ...
2025-10-31T02:28:21.2600752Z Unpacking libegl1:amd64 (1.7.0-1build1) ...
2025-10-31T02:28:21.2837989Z Selecting previously unselected package libgstreamer-gl1.0-0:amd64.
2025-10-31T02:28:21.2979088Z Preparing to unpack .../129-libgstreamer-gl1.0-0_1.24.2-1ubuntu0.3_amd64.deb ...
2025-10-31T02:28:21.2990012Z Unpacking libgstreamer-gl1.0-0:amd64 (1.24.2-1ubuntu0.3) ...
2025-10-31T02:28:21.3263159Z Selecting previously unselected package libgtk-4-common.
2025-10-31T02:28:21.3401523Z Preparing to unpack .../130-libgtk-4-common_4.14.5+ds-0ubuntu0.5_all.deb ...
2025-10-31T02:28:21.3410172Z Unpacking libgtk-4-common (4.14.5+ds-0ubuntu0.5) ...
2025-10-31T02:28:21.3975941Z Selecting previously unselected package libgtk-4-1:amd64.
2025-10-31T02:28:21.4111810Z Preparing to unpack .../131-libgtk-4-1_4.14.5+ds-0ubuntu0.5_amd64.deb ...
2025-10-31T02:28:21.4123133Z Unpacking libgtk-4-1:amd64 (4.14.5+ds-0ubuntu0.5) ...
2025-10-31T02:28:21.4859223Z Selecting previously unselected package libgupnp-1.6-0:amd64.
2025-10-31T02:28:21.4998015Z Preparing to unpack .../132-libgupnp-1.6-0_1.6.6-1build3_amd64.deb ...
2025-10-31T02:28:21.5009271Z Unpacking libgupnp-1.6-0:amd64 (1.6.6-1build3) ...
2025-10-31T02:28:21.5264583Z Selecting previously unselected package libgupnp-igd-1.6-0:amd64.
2025-10-31T02:28:21.5401679Z Preparing to unpack .../133-libgupnp-igd-1.6-0_1.6.0-3build3_amd64.deb ...
2025-10-31T02:28:21.5414136Z Unpacking libgupnp-igd-1.6-0:amd64 (1.6.0-3build3) ...
2025-10-31T02:28:21.5641815Z Selecting previously unselected package libharfbuzz-icu0:amd64.
2025-10-31T02:28:21.5790091Z Preparing to unpack .../134-libharfbuzz-icu0_8.3.0-2build2_amd64.deb ...
2025-10-31T02:28:21.5802446Z Unpacking libharfbuzz-icu0:amd64 (8.3.0-2build2) ...
2025-10-31T02:28:21.6045973Z Selecting previously unselected package libhyphen0:amd64.
2025-10-31T02:28:21.6186481Z Preparing to unpack .../135-libhyphen0_2.8.8-7build3_amd64.deb ...
2025-10-31T02:28:21.6202381Z Unpacking libhyphen0:amd64 (2.8.8-7build3) ...
2025-10-31T02:28:21.6434007Z Selecting previously unselected package libimath-3-1-29t64:amd64.
2025-10-31T02:28:21.6569838Z Preparing to unpack .../136-libimath-3-1-29t64_3.1.9-3.1ubuntu2_amd64.deb ...
2025-10-31T02:28:21.6583877Z Unpacking libimath-3-1-29t64:amd64 (3.1.9-3.1ubuntu2) ...
2025-10-31T02:28:21.6837187Z Selecting previously unselected package liblc3-1:amd64.
2025-10-31T02:28:21.6973748Z Preparing to unpack .../137-liblc3-1_1.0.4-3build1_amd64.deb ...
2025-10-31T02:28:21.6984412Z Unpacking liblc3-1:amd64 (1.0.4-3build1) ...
2025-10-31T02:28:21.7222985Z Selecting previously unselected package libldacbt-enc2:amd64.
2025-10-31T02:28:21.7360314Z Preparing to unpack .../138-libldacbt-enc2_2.0.2.3+git20200429+ed310a0-4ubuntu2_amd64.deb ...
2025-10-31T02:28:21.7370025Z Unpacking libldacbt-enc2:amd64 (2.0.2.3+git20200429+ed310a0-4ubuntu2) ...
2025-10-31T02:28:21.7604831Z Selecting previously unselected package libraptor2-0:amd64.
2025-10-31T02:28:21.7745090Z Preparing to unpack .../139-libraptor2-0_2.0.16-3ubuntu0.1_amd64.deb ...
2025-10-31T02:28:21.7753590Z Unpacking libraptor2-0:amd64 (2.0.16-3ubuntu0.1) ...
2025-10-31T02:28:21.8002026Z Selecting previously unselected package liblrdf0:amd64.
2025-10-31T02:28:21.8142203Z Preparing to unpack .../140-liblrdf0_0.6.1-4build1_amd64.deb ...
2025-10-31T02:28:21.8150829Z Unpacking liblrdf0:amd64 (0.6.1-4build1) ...
2025-10-31T02:28:21.8392386Z Selecting previously unselected package libltc11:amd64.
2025-10-31T02:28:21.8529994Z Preparing to unpack .../141-libltc11_1.3.2-1build1_amd64.deb ...
2025-10-31T02:28:21.8538415Z Unpacking libltc11:amd64 (1.3.2-1build1) ...
2025-10-31T02:28:21.8770793Z Selecting previously unselected package libmanette-0.2-0:amd64.
2025-10-31T02:28:21.8909485Z Preparing to unpack .../142-libmanette-0.2-0_0.2.7-1build2_amd64.deb ...
2025-10-31T02:28:21.8918027Z Unpacking libmanette-0.2-0:amd64 (0.2.7-1build2) ...
2025-10-31T02:28:21.9190502Z Selecting previously unselected package libmfx1:amd64.
2025-10-31T02:28:21.9327573Z Preparing to unpack .../143-libmfx1_22.5.4-1_amd64.deb ...
2025-10-31T02:28:21.9336913Z Unpacking libmfx1:amd64 (22.5.4-1) ...
2025-10-31T02:28:22.0433043Z Selecting previously unselected package libmjpegutils-2.1-0t64:amd64.
2025-10-31T02:28:22.0571906Z Preparing to unpack .../144-libmjpegutils-2.1-0t64_1%3a2.1.0+debian-8.1build1_amd64.deb ...
2025-10-31T02:28:22.0582302Z Unpacking libmjpegutils-2.1-0t64:amd64 (1:2.1.0+debian-8.1build1) ...
2025-10-31T02:28:22.0838998Z Selecting previously unselected package libmodplug1:amd64.
2025-10-31T02:28:22.0978568Z Preparing to unpack .../145-libmodplug1_1%3a0.8.9.0-3build1_amd64.deb ...
2025-10-31T02:28:22.0989466Z Unpacking libmodplug1:amd64 (1:0.8.9.0-3build1) ...
2025-10-31T02:28:22.1261303Z Selecting previously unselected package libmpcdec6:amd64.
2025-10-31T02:28:22.1400192Z Preparing to unpack .../146-libmpcdec6_2%3a0.1~r495-2build1_amd64.deb ...
2025-10-31T02:28:22.1410737Z Unpacking libmpcdec6:amd64 (2:0.1~r495-2build1) ...
2025-10-31T02:28:22.1643903Z Selecting previously unselected package libmpeg2encpp-2.1-0t64:amd64.
2025-10-31T02:28:22.1785090Z Preparing to unpack .../147-libmpeg2encpp-2.1-0t64_1%3a2.1.0+debian-8.1build1_amd64.deb ...
2025-10-31T02:28:22.1792065Z Unpacking libmpeg2encpp-2.1-0t64:amd64 (1:2.1.0+debian-8.1build1) ...
2025-10-31T02:28:22.2041643Z Selecting previously unselected package libmplex2-2.1-0t64:amd64.
2025-10-31T02:28:22.2179497Z Preparing to unpack .../148-libmplex2-2.1-0t64_1%3a2.1.0+debian-8.1build1_amd64.deb ...
2025-10-31T02:28:22.2191057Z Unpacking libmplex2-2.1-0t64:amd64 (1:2.1.0+debian-8.1build1) ...
2025-10-31T02:28:22.2442209Z Selecting previously unselected package libneon27t64:amd64.
2025-10-31T02:28:22.2592289Z Preparing to unpack .../149-libneon27t64_0.33.0-1.1build3_amd64.deb ...
2025-10-31T02:28:22.2604412Z Unpacking libneon27t64:amd64 (0.33.0-1.1build3) ...
2025-10-31T02:28:22.2872485Z Selecting previously unselected package libnice10:amd64.
2025-10-31T02:28:22.3008741Z Preparing to unpack .../150-libnice10_0.1.21-2build3_amd64.deb ...
2025-10-31T02:28:22.3020304Z Unpacking libnice10:amd64 (0.1.21-2build3) ...
2025-10-31T02:28:22.3268493Z Selecting previously unselected package libopenal-data.
2025-10-31T02:28:22.3403228Z Preparing to unpack .../151-libopenal-data_1%3a1.23.1-4build1_all.deb ...
2025-10-31T02:28:22.3413657Z Unpacking libopenal-data (1:1.23.1-4build1) ...
2025-10-31T02:28:22.3675179Z Selecting previously unselected package libopenexr-3-1-30:amd64.
2025-10-31T02:28:22.3816369Z Preparing to unpack .../152-libopenexr-3-1-30_3.1.5-5.1build3_amd64.deb ...
2025-10-31T02:28:22.3826938Z Unpacking libopenexr-3-1-30:amd64 (3.1.5-5.1build3) ...
2025-10-31T02:28:22.4252379Z Selecting previously unselected package libopenh264-7:amd64.
2025-10-31T02:28:22.4389688Z Preparing to unpack .../153-libopenh264-7_2.4.1+dfsg-1_amd64.deb ...
2025-10-31T02:28:22.4401231Z Unpacking libopenh264-7:amd64 (2.4.1+dfsg-1) ...
2025-10-31T02:28:22.4708864Z Selecting previously unselected package libopenni2-0:amd64.
2025-10-31T02:28:22.4846787Z Preparing to unpack .../154-libopenni2-0_2.2.0.33+dfsg-18_amd64.deb ...
2025-10-31T02:28:22.4882691Z Unpacking libopenni2-0:amd64 (2.2.0.33+dfsg-18) ...
2025-10-31T02:28:22.5191580Z Selecting previously unselected package libqrencode4:amd64.
2025-10-31T02:28:22.5325955Z Preparing to unpack .../155-libqrencode4_4.1.1-1build2_amd64.deb ...
2025-10-31T02:28:22.5337139Z Unpacking libqrencode4:amd64 (4.1.1-1build2) ...
2025-10-31T02:28:22.5574815Z Selecting previously unselected package libsecret-common.
2025-10-31T02:28:22.5714519Z Preparing to unpack .../156-libsecret-common_0.21.4-1build3_all.deb ...
2025-10-31T02:28:22.5741208Z Unpacking libsecret-common (0.21.4-1build3) ...
2025-10-31T02:28:22.5989809Z Selecting previously unselected package libsecret-1-0:amd64.
2025-10-31T02:28:22.6129169Z Preparing to unpack .../157-libsecret-1-0_0.21.4-1build3_amd64.deb ...
2025-10-31T02:28:22.6137816Z Unpacking libsecret-1-0:amd64 (0.21.4-1build3) ...
2025-10-31T02:28:22.6414730Z Selecting previously unselected package libsndio7.0:amd64.
2025-10-31T02:28:22.6554301Z Preparing to unpack .../158-libsndio7.0_1.9.0-0.3build3_amd64.deb ...
2025-10-31T02:28:22.6563198Z Unpacking libsndio7.0:amd64 (1.9.0-0.3build3) ...
2025-10-31T02:28:22.6816041Z Selecting previously unselected package libsoundtouch1:amd64.
2025-10-31T02:28:22.6954733Z Preparing to unpack .../159-libsoundtouch1_2.3.2+ds1-1build1_amd64.deb ...
2025-10-31T02:28:22.6968403Z Unpacking libsoundtouch1:amd64 (2.3.2+ds1-1build1) ...
2025-10-31T02:28:22.7219087Z Selecting previously unselected package libspandsp2t64:amd64.
2025-10-31T02:28:22.7355644Z Preparing to unpack .../160-libspandsp2t64_0.0.6+dfsg-2.1build1_amd64.deb ...
2025-10-31T02:28:22.7364678Z Unpacking libspandsp2t64:amd64 (0.0.6+dfsg-2.1build1) ...
2025-10-31T02:28:22.7655415Z Selecting previously unselected package libsrtp2-1:amd64.
2025-10-31T02:28:22.7794496Z Preparing to unpack .../161-libsrtp2-1_2.5.0-3build1_amd64.deb ...
2025-10-31T02:28:22.7804046Z Unpacking libsrtp2-1:amd64 (2.5.0-3build1) ...
2025-10-31T02:28:22.8055014Z Selecting previously unselected package libwildmidi2:amd64.
2025-10-31T02:28:22.8194127Z Preparing to unpack .../162-libwildmidi2_0.4.3-1build3_amd64.deb ...
2025-10-31T02:28:22.8205597Z Unpacking libwildmidi2:amd64 (0.4.3-1build3) ...
2025-10-31T02:28:22.8465428Z Selecting previously unselected package libwoff1:amd64.
2025-10-31T02:28:22.8603125Z Preparing to unpack .../163-libwoff1_1.0.2-2build1_amd64.deb ...
2025-10-31T02:28:22.8613804Z Unpacking libwoff1:amd64 (1.0.2-2build1) ...
2025-10-31T02:28:22.8868751Z Selecting previously unselected package libxcb-xkb1:amd64.
2025-10-31T02:28:22.9004818Z Preparing to unpack .../164-libxcb-xkb1_1.15-1ubuntu2_amd64.deb ...
2025-10-31T02:28:22.9015349Z Unpacking libxcb-xkb1:amd64 (1.15-1ubuntu2) ...
2025-10-31T02:28:22.9418790Z Selecting previously unselected package libxkbcommon-x11-0:amd64.
2025-10-31T02:28:22.9565120Z Preparing to unpack .../165-libxkbcommon-x11-0_1.6.0-1build1_amd64.deb ...
2025-10-31T02:28:22.9576921Z Unpacking libxkbcommon-x11-0:amd64 (1.6.0-1build1) ...
2025-10-31T02:28:22.9826245Z Selecting previously unselected package libzbar0t64:amd64.
2025-10-31T02:28:22.9966496Z Preparing to unpack .../166-libzbar0t64_0.23.93-4build3_amd64.deb ...
2025-10-31T02:28:22.9977844Z Unpacking libzbar0t64:amd64 (0.23.93-4build3) ...
2025-10-31T02:28:23.0258026Z Selecting previously unselected package libzxing3:amd64.
2025-10-31T02:28:23.0395147Z Preparing to unpack .../167-libzxing3_2.2.1-3_amd64.deb ...
2025-10-31T02:28:23.0404607Z Unpacking libzxing3:amd64 (2.2.1-3) ...
2025-10-31T02:28:23.0709800Z Selecting previously unselected package xfonts-encodings.
2025-10-31T02:28:23.0846992Z Preparing to unpack .../168-xfonts-encodings_1%3a1.0.5-0ubuntu2_all.deb ...
2025-10-31T02:28:23.0858390Z Unpacking xfonts-encodings (1:1.0.5-0ubuntu2) ...
2025-10-31T02:28:23.1188298Z Selecting previously unselected package xfonts-utils.
2025-10-31T02:28:23.1325679Z Preparing to unpack .../169-xfonts-utils_1%3a7.7+6build3_amd64.deb ...
2025-10-31T02:28:23.1333841Z Unpacking xfonts-utils (1:7.7+6build3) ...
2025-10-31T02:28:23.1716073Z Selecting previously unselected package xfonts-cyrillic.
2025-10-31T02:28:23.1852560Z Preparing to unpack .../170-xfonts-cyrillic_1%3a1.0.5+nmu1_all.deb ...
2025-10-31T02:28:23.1863394Z Unpacking xfonts-cyrillic (1:1.0.5+nmu1) ...
2025-10-31T02:28:23.2268516Z Selecting previously unselected package xfonts-scalable.
2025-10-31T02:28:23.2408594Z Preparing to unpack .../171-xfonts-scalable_1%3a1.0.3-1.3_all.deb ...
2025-10-31T02:28:23.2417931Z Unpacking xfonts-scalable (1:1.0.3-1.3) ...
2025-10-31T02:28:23.2710011Z Selecting previously unselected package libgstreamer-plugins-bad1.0-0:amd64.
2025-10-31T02:28:23.2848323Z Preparing to unpack .../172-libgstreamer-plugins-bad1.0-0_1.24.2-1ubuntu4_amd64.deb ...
2025-10-31T02:28:23.2857522Z Unpacking libgstreamer-plugins-bad1.0-0:amd64 (1.24.2-1ubuntu4) ...
2025-10-31T02:28:23.3298385Z Selecting previously unselected package libdca0:amd64.
2025-10-31T02:28:23.3438690Z Preparing to unpack .../173-libdca0_0.0.7-2build1_amd64.deb ...
2025-10-31T02:28:23.3451465Z Unpacking libdca0:amd64 (0.0.7-2build1) ...
2025-10-31T02:28:23.3711546Z Selecting previously unselected package libopenal1:amd64.
2025-10-31T02:28:23.3849146Z Preparing to unpack .../174-libopenal1_1%3a1.23.1-4build1_amd64.deb ...
2025-10-31T02:28:23.3860417Z Unpacking libopenal1:amd64 (1:1.23.1-4build1) ...
2025-10-31T02:28:23.4150583Z Selecting previously unselected package libsbc1:amd64.
2025-10-31T02:28:23.4288147Z Preparing to unpack .../175-libsbc1_2.0-1build1_amd64.deb ...
2025-10-31T02:28:23.4299314Z Unpacking libsbc1:amd64 (2.0-1build1) ...
2025-10-31T02:28:23.4522824Z Selecting previously unselected package libvo-aacenc0:amd64.
2025-10-31T02:28:23.4660791Z Preparing to unpack .../176-libvo-aacenc0_0.1.3-2build1_amd64.deb ...
2025-10-31T02:28:23.4671418Z Unpacking libvo-aacenc0:amd64 (0.1.3-2build1) ...
2025-10-31T02:28:23.4916091Z Selecting previously unselected package libvo-amrwbenc0:amd64.
2025-10-31T02:28:23.5051772Z Preparing to unpack .../177-libvo-amrwbenc0_0.1.3-2build1_amd64.deb ...
2025-10-31T02:28:23.5061810Z Unpacking libvo-amrwbenc0:amd64 (0.1.3-2build1) ...
2025-10-31T02:28:23.5293176Z Selecting previously unselected package gstreamer1.0-plugins-bad:amd64.
2025-10-31T02:28:23.5430324Z Preparing to unpack .../178-gstreamer1.0-plugins-bad_1.24.2-1ubuntu4_amd64.deb ...
2025-10-31T02:28:23.5439861Z Unpacking gstreamer1.0-plugins-bad:amd64 (1.24.2-1ubuntu4) ...
2025-10-31T02:28:23.7193238Z Setting up libgme0:amd64 (0.6.3-7build1) ...
2025-10-31T02:28:23.7223586Z Setting up libchromaprint1:amd64 (1.5.1-5) ...
2025-10-31T02:28:23.7245304Z Setting up libssh-gcrypt-4:amd64 (0.10.6-2ubuntu0.1) ...
2025-10-31T02:28:23.7269432Z Setting up libhwy1t64:amd64 (1.0.7-8.1build1) ...
2025-10-31T02:28:23.7294109Z Setting up libcairo-script-interpreter2:amd64 (1.18.0-3build1) ...
2025-10-31T02:28:23.7317038Z Setting up libfreeaptx0:amd64 (0.1.1-2build1) ...
2025-10-31T02:28:23.7340132Z Setting up libdvdread8t64:amd64 (6.1.3-1.1build1) ...
2025-10-31T02:28:23.7360889Z Setting up libudfread0:amd64 (1.1.2-1build1) ...
2025-10-31T02:28:23.7381983Z Setting up libmodplug1:amd64 (1:0.8.9.0-3build1) ...
2025-10-31T02:28:23.7410054Z Setting up libcdparanoia0:amd64 (3.10.2+debian-14build3) ...
2025-10-31T02:28:23.7431347Z Setting up libvo-amrwbenc0:amd64 (0.1.3-2build1) ...
2025-10-31T02:28:23.7455551Z Setting up session-migration (0.3.9build1) ...
2025-10-31T02:28:23.8600116Z Created symlink /etc/systemd/user/graphical-session-pre.target.wants/session-migration.service → /usr/lib/systemd/user/session-migration.service.
2025-10-31T02:28:23.8601635Z 
2025-10-31T02:28:23.8630694Z Setting up libraw1394-11:amd64 (2.1.2-2build3) ...
2025-10-31T02:28:23.8652310Z Setting up libsbc1:amd64 (2.0-1build1) ...
2025-10-31T02:28:23.8675061Z Setting up libproxy1v5:amd64 (0.5.4-4build1) ...
2025-10-31T02:28:23.8695243Z Setting up libneon27t64:amd64 (0.33.0-1.1build3) ...
2025-10-31T02:28:23.8719789Z Setting up libtag1v5-vanilla:amd64 (1.13.1-1build1) ...
2025-10-31T02:28:23.8742044Z Setting up libharfbuzz-icu0:amd64 (8.3.0-2build2) ...
2025-10-31T02:28:23.8763857Z Setting up libopenni2-0:amd64 (2.2.0.33+dfsg-18) ...
2025-10-31T02:28:23.8941454Z Setting up libspeex1:amd64 (1.2.1-2ubuntu2.24.04.1) ...
2025-10-31T02:28:23.8965958Z Setting up libshine3:amd64 (3.1.1-2build1) ...
2025-10-31T02:28:23.8987231Z Setting up libcaca0:amd64 (0.99.beta20-4build2) ...
2025-10-31T02:28:23.9009453Z Setting up libvpl2 (2023.3.0-1build1) ...
2025-10-31T02:28:23.9032675Z Setting up libv4lconvert0t64:amd64 (1.26.1-4build3) ...
2025-10-31T02:28:23.9053804Z Setting up libx264-164:amd64 (2:0.164.3108+git31e19f9-1) ...
2025-10-31T02:28:23.9079181Z Setting up libtwolame0:amd64 (0.4.0-2build3) ...
2025-10-31T02:28:23.9099029Z Setting up libmbedcrypto7t64:amd64 (2.28.8-1) ...
2025-10-31T02:28:23.9119834Z Setting up libwoff1:amd64 (1.0.2-2build1) ...
2025-10-31T02:28:23.9145233Z Setting up liblc3-1:amd64 (1.0.4-3build1) ...
2025-10-31T02:28:23.9168458Z Setting up libqrencode4:amd64 (4.1.1-1build2) ...
2025-10-31T02:28:23.9194505Z Setting up libhyphen0:amd64 (2.8.8-7build3) ...
2025-10-31T02:28:23.9241219Z Setting up libgsm1:amd64 (1.0.22-1build1) ...
2025-10-31T02:28:23.9264319Z Setting up libvisual-0.4-0:amd64 (0.4.2-2build1) ...
2025-10-31T02:28:23.9288153Z Setting up libsoxr0:amd64 (0.1.3-4build3) ...
2025-10-31T02:28:23.9316245Z Setting up libzix-0-0:amd64 (0.4.2-2build1) ...
2025-10-31T02:28:23.9338935Z Setting up libcodec2-1.2:amd64 (1.2.0-2build1) ...
2025-10-31T02:28:23.9360147Z Setting up libmanette-0.2-0:amd64 (0.2.7-1build2) ...
2025-10-31T02:28:23.9391188Z Setting up libsrtp2-1:amd64 (2.5.0-3build1) ...
2025-10-31T02:28:23.9415018Z Setting up libmysofa1:amd64 (1.3.2+dfsg-2ubuntu2) ...
2025-10-31T02:28:23.9436569Z Setting up libraptor2-0:amd64 (2.0.16-3ubuntu0.1) ...
2025-10-31T02:28:23.9462422Z Setting up libldacbt-enc2:amd64 (2.0.2.3+git20200429+ed310a0-4ubuntu2) ...
2025-10-31T02:28:23.9482312Z Setting up fonts-wqy-zenhei (0.9.45-8) ...
2025-10-31T02:28:23.9616182Z Setting up libwebrtc-audio-processing1:amd64 (0.3.1-0ubuntu6) ...
2025-10-31T02:28:23.9639500Z Setting up fonts-freefont-ttf (20211204+svn4273-2) ...
2025-10-31T02:28:23.9665638Z Setting up libevent-2.1-7t64:amd64 (2.1.12-stable-9ubuntu2) ...
2025-10-31T02:28:23.9691879Z Setting up libsvtav1enc1d1:amd64 (1.7.0+dfsg-2build1) ...
2025-10-31T02:28:23.9714542Z Setting up libsoup-3.0-common (3.4.4-5ubuntu0.5) ...
2025-10-31T02:28:23.9738216Z Setting up libmpg123-0t64:amd64 (1.32.5-1ubuntu1.1) ...
2025-10-31T02:28:23.9758110Z Setting up libcjson1:amd64 (1.7.17-1) ...
2025-10-31T02:28:23.9778367Z Setting up libxvidcore4:amd64 (2:1.3.7-1build1) ...
2025-10-31T02:28:23.9802582Z Setting up libmpcdec6:amd64 (2:0.1~r495-2build1) ...
2025-10-31T02:28:23.9823465Z Setting up libmjpegutils-2.1-0t64:amd64 (1:2.1.0+debian-8.1build1) ...
2025-10-31T02:28:23.9853246Z Setting up librav1e0:amd64 (0.7.1-2) ...
2025-10-31T02:28:23.9881484Z Setting up liborc-0.4-0t64:amd64 (1:0.4.38-1ubuntu0.1) ...
2025-10-31T02:28:23.9903344Z Setting up libxcb-xkb1:amd64 (1.15-1ubuntu2) ...
2025-10-31T02:28:23.9928403Z Setting up libvo-aacenc0:amd64 (0.1.3-2build1) ...
2025-10-31T02:28:23.9950666Z Setting up librist4:amd64 (0.2.10+dfsg-2) ...
2025-10-31T02:28:23.9971909Z Setting up librsvg2-2:amd64 (2.58.0+dfsg-1build1) ...
2025-10-31T02:28:23.9998446Z Setting up libblas3:amd64 (3.12.0-3build1.1) ...
2025-10-31T02:28:24.0062448Z update-alternatives: using /usr/lib/x86_64-linux-gnu/blas/libblas.so.3 to provide /usr/lib/x86_64-linux-gnu/libblas.so.3 (libblas.so.3-x86_64-linux-gnu) in auto mode
2025-10-31T02:28:24.0082265Z Setting up libegl-mesa0:amd64 (25.0.7-0ubuntu0.24.04.2) ...
2025-10-31T02:28:24.0105878Z Setting up libsoundtouch1:amd64 (2.3.2+ds1-1build1) ...
2025-10-31T02:28:24.0130219Z Setting up libplacebo338:amd64 (6.338.2-2build1) ...
2025-10-31T02:28:24.0151004Z Setting up libgles2:amd64 (1.7.0-1build1) ...
2025-10-31T02:28:24.0178258Z Setting up fonts-tlwg-loma-otf (1:0.7.3-1) ...
2025-10-31T02:28:24.0200973Z Setting up libva2:amd64 (2.20.0-2build1) ...
2025-10-31T02:28:24.0226133Z Setting up libspa-0.2-modules:amd64 (1.0.5-1ubuntu3.1) ...
2025-10-31T02:28:24.0259768Z Setting up libzxing3:amd64 (2.2.1-3) ...
2025-10-31T02:28:24.0283756Z Setting up xfonts-encodings (1:1.0.5-0ubuntu2) ...
2025-10-31T02:28:24.0307085Z Setting up libopus0:amd64 (1.4-1build1) ...
2025-10-31T02:28:24.0335393Z Setting up libfaad2:amd64 (2.11.1-1build1) ...
2025-10-31T02:28:24.0358414Z Setting up libxkbcommon-x11-0:amd64 (1.6.0-1build1) ...
2025-10-31T02:28:24.0380303Z Setting up libdc1394-25:amd64 (2.2.6-4build1) ...
2025-10-31T02:28:24.0407829Z Setting up libimath-3-1-29t64:amd64 (3.1.9-3.1ubuntu2) ...
2025-10-31T02:28:24.0429417Z Setting up libunibreak5:amd64 (5.1-2build1) ...
2025-10-31T02:28:24.0452831Z Setting up libdv4t64:amd64 (1.0.0-17.1build1) ...
2025-10-31T02:28:24.0479999Z Setting up libjxl0.7:amd64 (0.7.0-10.2ubuntu6.1) ...
2025-10-31T02:28:24.0504577Z Setting up libopenh264-7:amd64 (2.4.1+dfsg-1) ...
2025-10-31T02:28:24.0526629Z Setting up libltc11:amd64 (1.3.2-1build1) ...
2025-10-31T02:28:24.0550205Z Setting up libx265-199:amd64 (3.5-2build1) ...
2025-10-31T02:28:24.0571714Z Setting up libv4l-0t64:amd64 (1.26.1-4build3) ...
2025-10-31T02:28:24.0595027Z Setting up libavtp0:amd64 (0.2.0-1build1) ...
2025-10-31T02:28:24.0620639Z Setting up libsndio7.0:amd64 (1.9.0-0.3build3) ...
2025-10-31T02:28:24.0644139Z Setting up libdirectfb-1.7-7t64:amd64 (1.7.7-11.1ubuntu2) ...
2025-10-31T02:28:24.0786390Z Setting up libspandsp2t64:amd64 (0.0.6+dfsg-2.1build1) ...
2025-10-31T02:28:24.0808221Z Setting up libvidstab1.1:amd64 (1.1.0-2build1) ...
2025-10-31T02:28:24.0833090Z Setting up libvpx9:amd64 (1.14.0-1ubuntu2.2) ...
2025-10-31T02:28:24.0856859Z Setting up libsrt1.5-gnutls:amd64 (1.5.3-1build2) ...
2025-10-31T02:28:24.0876962Z Setting up libtag1v5:amd64 (1.13.1-1build1) ...
2025-10-31T02:28:24.0900369Z Setting up libflite1:amd64 (2.2-6build3) ...
2025-10-31T02:28:24.0920001Z Setting up libdav1d7:amd64 (1.4.1-1build1) ...
2025-10-31T02:28:24.0941252Z Setting up libva-drm2:amd64 (2.20.0-2build1) ...
2025-10-31T02:28:24.0964843Z Setting up fonts-ipafont-gothic (00303-21ubuntu1) ...
2025-10-31T02:28:24.1035361Z update-alternatives: using /usr/share/fonts/opentype/ipafont-gothic/ipag.ttf to provide /usr/share/fonts/truetype/fonts-japanese-gothic.ttf (fonts-japanese-gothic.ttf) in auto mode
2025-10-31T02:28:24.1055371Z Setting up ocl-icd-libopencl1:amd64 (2.3.2-1build1) ...
2025-10-31T02:28:24.1078589Z Setting up libasyncns0:amd64 (0.8-6build4) ...
2025-10-31T02:28:24.1099065Z Setting up libwildmidi2:amd64 (0.4.3-1build3) ...
2025-10-31T02:28:24.1122263Z Setting up libvdpau1:amd64 (1.5-2build1) ...
2025-10-31T02:28:24.1152068Z Setting up libwavpack1:amd64 (5.6.0-1build1) ...
2025-10-31T02:28:24.1175282Z Setting up libbs2b0:amd64 (3.1.0+dfsg-7build1) ...
2025-10-31T02:28:24.1201880Z Setting up libtheora0:amd64 (1.1.1+dfsg.1-16.1build3) ...
2025-10-31T02:28:24.1227072Z Setting up libegl1:amd64 (1.7.0-1build1) ...
2025-10-31T02:28:24.1251491Z Setting up libdecor-0-0:amd64 (0.2.2-1build2) ...
2025-10-31T02:28:24.1275050Z Setting up libdca0:amd64 (0.0.7-2build1) ...
2025-10-31T02:28:24.1314818Z Setting up libzimg2:amd64 (3.0.5+ds1-1build1) ...
2025-10-31T02:28:24.1340526Z Setting up libopenal-data (1:1.23.1-4build1) ...
2025-10-31T02:28:24.1369228Z Setting up libabsl20220623t64:amd64 (20220623.1-3.1ubuntu3.2) ...
2025-10-31T02:28:24.1391111Z Setting up libflac12t64:amd64 (1.4.3+ds-2.1ubuntu2) ...
2025-10-31T02:28:24.1414075Z Setting up libgtk-4-common (4.14.5+ds-0ubuntu0.5) ...
2025-10-31T02:28:24.1435402Z Setting up libmpeg2encpp-2.1-0t64:amd64 (1:2.1.0+debian-8.1build1) ...
2025-10-31T02:28:24.1459379Z Setting up glib-networking-common (2.80.0-1build1) ...
2025-10-31T02:28:24.1484859Z Setting up libmfx1:amd64 (22.5.4-1) ...
2025-10-31T02:28:24.1508892Z Setting up libbluray2:amd64 (1:1.3.4-1build1) ...
2025-10-31T02:28:24.1530617Z Setting up libsamplerate0:amd64 (0.2.2-4build1) ...
2025-10-31T02:28:24.1558124Z Setting up timgm6mb-soundfont (1.3-5) ...
2025-10-31T02:28:24.1644678Z update-alternatives: using /usr/share/sounds/sf2/TimGM6mb.sf2 to provide /usr/share/sounds/sf2/default-GM.sf2 (default-GM.sf2) in auto mode
2025-10-31T02:28:24.1688889Z update-alternatives: using /usr/share/sounds/sf2/TimGM6mb.sf2 to provide /usr/share/sounds/sf3/default-GM.sf3 (default-GM.sf3) in auto mode
2025-10-31T02:28:24.1708018Z Setting up libva-x11-2:amd64 (2.20.0-2build1) ...
2025-10-31T02:28:24.1729331Z Setting up libyuv0:amd64 (0.0~git202401110.af6ac82-1) ...
2025-10-31T02:28:24.1753178Z Setting up libmplex2-2.1-0t64:amd64 (1:2.1.0+debian-8.1build1) ...
2025-10-31T02:28:24.1885788Z Setting up libpipewire-0.3-0t64:amd64 (1.0.5-1ubuntu3.1) ...
2025-10-31T02:28:24.1907115Z Setting up libopenmpt0t64:amd64 (0.7.3-1.1build3) ...
2025-10-31T02:28:24.1930688Z Setting up libzvbi-common (0.2.42-2) ...
2025-10-31T02:28:24.1956813Z Setting up libsecret-common (0.21.4-1build3) ...
2025-10-31T02:28:24.1979213Z Setting up libmp3lame0:amd64 (3.100-6build1) ...
2025-10-31T02:28:24.2006303Z Setting up libgraphene-1.0-0:amd64 (1.10.8-3build2) ...
2025-10-31T02:28:24.2028115Z Setting up libvorbisenc2:amd64 (1.3.7-1build3) ...
2025-10-31T02:28:24.2049489Z Setting up libdvdnav4:amd64 (6.1.1-3build1) ...
2025-10-31T02:28:24.2073733Z Setting up fonts-unifont (1:15.1.01-1build1) ...
2025-10-31T02:28:24.2094596Z Setting up libaa1:amd64 (1.4p5-51.1) ...
2025-10-31T02:28:24.2119997Z Setting up libiec61883-0:amd64 (1.2.0-6build1) ...
2025-10-31T02:28:24.2141046Z Setting up libserd-0-0:amd64 (0.32.2-1) ...
2025-10-31T02:28:24.2167112Z Setting up libavc1394-0:amd64 (0.5.4-5build3) ...
2025-10-31T02:28:24.2193428Z Setting up gsettings-desktop-schemas (46.1-0ubuntu1) ...
2025-10-31T02:28:24.2215623Z Setting up glib-networking-services (2.80.0-1build1) ...
2025-10-31T02:28:24.2239863Z Setting up liblapack3:amd64 (3.12.0-3build1.1) ...
2025-10-31T02:28:24.2305878Z update-alternatives: using /usr/lib/x86_64-linux-gnu/lapack/liblapack.so.3 to provide /usr/lib/x86_64-linux-gnu/liblapack.so.3 (liblapack.so.3-x86_64-linux-gnu) in auto mode
2025-10-31T02:28:24.2325345Z Setting up libzvbi0t64:amd64 (0.2.42-2) ...
2025-10-31T02:28:24.2351948Z Setting up liblrdf0:amd64 (0.6.1-4build1) ...
2025-10-31T02:28:24.2375161Z Setting up libzbar0t64:amd64 (0.23.93-4build3) ...
2025-10-31T02:28:24.2401788Z Setting up libgstreamer-plugins-base1.0-0:amd64 (1.24.2-1ubuntu0.3) ...
2025-10-31T02:28:24.2446859Z Setting up libavutil58:amd64 (7:6.1.1-3ubuntu5) ...
2025-10-31T02:28:24.2470063Z Setting up libopenal1:amd64 (1:1.23.1-4build1) ...
2025-10-31T02:28:24.2495630Z Setting up xfonts-utils (1:7.7+6build3) ...
2025-10-31T02:28:24.2540721Z Setting up libsecret-1-0:amd64 (0.21.4-1build3) ...
2025-10-31T02:28:24.2569706Z Setting up libgstreamer-plugins-good1.0-0:amd64 (1.24.2-1ubuntu1.2) ...
2025-10-31T02:28:24.2593342Z Setting up libgstreamer-gl1.0-0:amd64 (1.24.2-1ubuntu0.3) ...
2025-10-31T02:28:24.2617897Z Setting up gstreamer1.0-plugins-base:amd64 (1.24.2-1ubuntu0.3) ...
2025-10-31T02:28:24.2645293Z Setting up libass9:amd64 (1:0.17.1-2build1) ...
2025-10-31T02:28:24.2668720Z Setting up libswresample4:amd64 (7:6.1.1-3ubuntu5) ...
2025-10-31T02:28:24.2691807Z Setting up libopenexr-3-1-30:amd64 (3.1.5-5.1build3) ...
2025-10-31T02:28:24.2717590Z Setting up libshout3:amd64 (2.4.6-1build2) ...
2025-10-31T02:28:24.2737991Z Setting up libgav1-1:amd64 (0.18.0-1build3) ...
2025-10-31T02:28:24.2763627Z Setting up libavcodec60:amd64 (7:6.1.1-3ubuntu5) ...
2025-10-31T02:28:24.2787753Z Setting up librubberband2:amd64 (3.3.0+dfsg-2build1) ...
2025-10-31T02:28:24.2812185Z Setting up libjack-jackd2-0:amd64 (1.9.21~dfsg-3ubuntu3) ...
2025-10-31T02:28:24.2838534Z Setting up libsord-0-0:amd64 (0.16.16-2build1) ...
2025-10-31T02:28:24.2864278Z Setting up xfonts-cyrillic (1:1.0.5+nmu1) ...
2025-10-31T02:28:24.3185190Z Setting up libpostproc57:amd64 (7:6.1.1-3ubuntu5) ...
2025-10-31T02:28:24.3210887Z Setting up libsratom-0-0:amd64 (0.6.16-1build1) ...
2025-10-31T02:28:24.3236998Z Setting up libsndfile1:amd64 (1.2.2-1ubuntu5.24.04.1) ...
2025-10-31T02:28:24.3264520Z Setting up liblilv-0-0:amd64 (0.24.22-1build1) ...
2025-10-31T02:28:24.3290164Z Setting up libinstpatch-1.0-2:amd64 (1.1.6-1build2) ...
2025-10-31T02:28:24.3314274Z Setting up xfonts-scalable (1:1.0.3-1.3) ...
2025-10-31T02:28:24.3615722Z Setting up libswscale7:amd64 (7:6.1.1-3ubuntu5) ...
2025-10-31T02:28:24.3640496Z Setting up libavif16:amd64 (1.0.4-1ubuntu3) ...
2025-10-31T02:28:24.3670341Z Setting up libpulse0:amd64 (1:16.1+dfsg1-2ubuntu10.1) ...
2025-10-31T02:28:24.3750922Z Setting up libavformat60:amd64 (7:6.1.1-3ubuntu5) ...
2025-10-31T02:28:24.3774186Z Setting up libsphinxbase3t64:amd64 (0.8+5prealpha+1-17build2) ...
2025-10-31T02:28:24.3919369Z Setting up libsdl2-2.0-0:amd64 (2.30.0+dfsg-1ubuntu3.1) ...
2025-10-31T02:28:24.3943177Z Setting up libfluidsynth3:amd64 (2.3.4-1build3) ...
2025-10-31T02:28:24.3968857Z Setting up libpocketsphinx3:amd64 (0.8.0+real5prealpha+1-15ubuntu5) ...
2025-10-31T02:28:24.3993688Z Setting up libavfilter9:amd64 (7:6.1.1-3ubuntu5) ...
2025-10-31T02:28:24.4017567Z Setting up gstreamer1.0-libav:amd64 (1.24.1-1build1) ...
2025-10-31T02:28:24.4276446Z Processing triggers for fontconfig (2.15.0-1.1ubuntu2) ...
2025-10-31T02:28:24.5345960Z Processing triggers for libc-bin (2.39-0ubuntu8.6) ...
2025-10-31T02:28:25.0223290Z Processing triggers for man-db (2.12.0-4build2) ...
2025-10-31T02:28:36.0233264Z Processing triggers for libglib2.0-0t64:amd64 (2.80.0-6ubuntu3.4) ...
2025-10-31T02:28:36.0506693Z Setting up libgtk-4-1:amd64 (4.14.5+ds-0ubuntu0.5) ...
2025-10-31T02:28:36.0816008Z Setting up glib-networking:amd64 (2.80.0-1build1) ...
2025-10-31T02:28:36.0859451Z Setting up libsoup-3.0-0:amd64 (3.4.4-5ubuntu0.5) ...
2025-10-31T02:28:36.0894343Z Setting up libgssdp-1.6-0:amd64 (1.6.3-1build3) ...
2025-10-31T02:28:36.0971245Z Setting up gstreamer1.0-plugins-good:amd64 (1.24.2-1ubuntu1.2) ...
2025-10-31T02:28:36.1002563Z Setting up libgupnp-1.6-0:amd64 (1.6.6-1build3) ...
2025-10-31T02:28:36.1068075Z Setting up libgupnp-igd-1.6-0:amd64 (1.6.0-3build3) ...
2025-10-31T02:28:36.1104567Z Setting up libnice10:amd64 (0.1.21-2build3) ...
2025-10-31T02:28:36.1158986Z Setting up libgstreamer-plugins-bad1.0-0:amd64 (1.24.2-1ubuntu4) ...
2025-10-31T02:28:36.1204863Z Setting up gstreamer1.0-plugins-bad:amd64 (1.24.2-1ubuntu4) ...
2025-10-31T02:28:36.1230668Z Processing triggers for libc-bin (2.39-0ubuntu8.6) ...
2025-10-31T02:28:36.8132943Z 
2025-10-31T02:28:36.8134941Z Running kernel seems to be up-to-date.
2025-10-31T02:28:36.8135312Z 
2025-10-31T02:28:36.8135493Z Restarting services...
2025-10-31T02:28:36.8205554Z 
2025-10-31T02:28:36.8206859Z Service restarts being deferred:
2025-10-31T02:28:36.8228109Z  systemctl restart hosted-compute-agent.service
2025-10-31T02:28:36.8229020Z 
2025-10-31T02:28:36.8229847Z No containers need to be restarted.
2025-10-31T02:28:36.8231526Z 
2025-10-31T02:28:36.8233213Z No user sessions are running outdated binaries.
2025-10-31T02:28:36.8235052Z 
2025-10-31T02:28:36.8237167Z No VM guests are running outdated hypervisor (qemu) binaries on this host.
2025-10-31T02:28:37.8349419Z Downloading Chromium 141.0.7390.37 (playwright build v1194) from https://cdn.playwright.dev/dbazure/download/playwright/builds/chromium/1194/chromium-linux.zip
2025-10-31T02:28:38.0956066Z |                                                                                |   0% of 173.9 MiB
2025-10-31T02:28:38.3955999Z |■■■■■■■■                                                                        |  10% of 173.9 MiB
2025-10-31T02:28:38.5824834Z |■■■■■■■■■■■■■■■■                                                                |  20% of 173.9 MiB
2025-10-31T02:28:38.7610610Z |■■■■■■■■■■■■■■■■■■■■■■■■                                                        |  30% of 173.9 MiB
2025-10-31T02:28:38.9566969Z |■■■■■■■■■■■■■■■■■■■■■■■■■■■■■■■■                                                |  40% of 173.9 MiB
2025-10-31T02:28:39.1409874Z |■■■■■■■■■■■■■■■■■■■■■■■■■■■■■■■■■■■■■■■■                                        |  50% of 173.9 MiB
2025-10-31T02:28:39.2904270Z |■■■■■■■■■■■■■■■■■■■■■■■■■■■■■■■■■■■■■■■■■■■■■■■■                                |  60% of 173.9 MiB
2025-10-31T02:28:39.4919944Z |■■■■■■■■■■■■■■■■■■■■■■■■■■■■■■■■■■■■■■■■■■■■■■■■■■■■■■■■                        |  70% of 173.9 MiB
2025-10-31T02:28:39.6313095Z |■■■■■■■■■■■■■■■■■■■■■■■■■■■■■■■■■■■■■■■■■■■■■■■■■■■■■■■■■■■■■■■■                |  80% of 173.9 MiB
2025-10-31T02:28:39.7633758Z |■■■■■■■■■■■■■■■■■■■■■■■■■■■■■■■■■■■■■■■■■■■■■■■■■■■■■■■■■■■■■■■■■■■■■■■■        |  90% of 173.9 MiB
2025-10-31T02:28:39.8927090Z |■■■■■■■■■■■■■■■■■■■■■■■■■■■■■■■■■■■■■■■■■■■■■■■■■■■■■■■■■■■■■■■■■■■■■■■■■■■■■■■■| 100% of 173.9 MiB
2025-10-31T02:28:45.1896323Z Chromium 141.0.7390.37 (playwright build v1194) downloaded to /home/runner/.cache/ms-playwright/chromium-1194
2025-10-31T02:28:45.1906902Z Downloading Chromium Headless Shell 141.0.7390.37 (playwright build v1194) from https://cdn.playwright.dev/dbazure/download/playwright/builds/chromium/1194/chromium-headless-shell-linux.zip
2025-10-31T02:28:45.5066664Z |                                                                                |   0% of 104.3 MiB
2025-10-31T02:28:45.7736367Z |■■■■■■■■                                                                        |  10% of 104.3 MiB
2025-10-31T02:28:45.9124400Z |■■■■■■■■■■■■■■■■                                                                |  20% of 104.3 MiB
2025-10-31T02:28:46.0547244Z |■■■■■■■■■■■■■■■■■■■■■■■■                                                        |  30% of 104.3 MiB
2025-10-31T02:28:46.2051983Z |■■■■■■■■■■■■■■■■■■■■■■■■■■■■■■■■                                                |  40% of 104.3 MiB
2025-10-31T02:28:46.3829462Z |■■■■■■■■■■■■■■■■■■■■■■■■■■■■■■■■■■■■■■■■                                        |  50% of 104.3 MiB
2025-10-31T02:28:46.5727561Z |■■■■■■■■■■■■■■■■■■■■■■■■■■■■■■■■■■■■■■■■■■■■■■■■                                |  60% of 104.3 MiB
2025-10-31T02:28:46.7001496Z |■■■■■■■■■■■■■■■■■■■■■■■■■■■■■■■■■■■■■■■■■■■■■■■■■■■■■■■■                        |  70% of 104.3 MiB
2025-10-31T02:28:46.8571957Z |■■■■■■■■■■■■■■■■■■■■■■■■■■■■■■■■■■■■■■■■■■■■■■■■■■■■■■■■■■■■■■■■                |  80% of 104.3 MiB
2025-10-31T02:28:47.0561295Z |■■■■■■■■■■■■■■■■■■■■■■■■■■■■■■■■■■■■■■■■■■■■■■■■■■■■■■■■■■■■■■■■■■■■■■■■        |  90% of 104.3 MiB
2025-10-31T02:28:47.1992271Z |■■■■■■■■■■■■■■■■■■■■■■■■■■■■■■■■■■■■■■■■■■■■■■■■■■■■■■■■■■■■■■■■■■■■■■■■■■■■■■■■| 100% of 104.3 MiB
2025-10-31T02:28:50.0147884Z Chromium Headless Shell 141.0.7390.37 (playwright build v1194) downloaded to /home/runner/.cache/ms-playwright/chromium_headless_shell-1194
2025-10-31T02:28:50.0152246Z Downloading Firefox 142.0.1 (playwright build v1495) from https://cdn.playwright.dev/dbazure/download/playwright/builds/firefox/1495/firefox-ubuntu-24.04.zip
2025-10-31T02:28:50.2378637Z |                                                                                |   0% of 96.7 MiB
2025-10-31T02:28:50.4453187Z |■■■■■■■■                                                                        |  10% of 96.7 MiB
2025-10-31T02:28:50.5524928Z |■■■■■■■■■■■■■■■■                                                                |  20% of 96.7 MiB
2025-10-31T02:28:50.6609451Z |■■■■■■■■■■■■■■■■■■■■■■■■                                                        |  30% of 96.7 MiB
2025-10-31T02:28:50.7600550Z |■■■■■■■■■■■■■■■■■■■■■■■■■■■■■■■■                                                |  40% of 96.7 MiB
2025-10-31T02:28:50.8419316Z |■■■■■■■■■■■■■■■■■■■■■■■■■■■■■■■■■■■■■■■■                                        |  50% of 96.7 MiB
2025-10-31T02:28:50.9223728Z |■■■■■■■■■■■■■■■■■■■■■■■■■■■■■■■■■■■■■■■■■■■■■■■■                                |  60% of 96.7 MiB
2025-10-31T02:28:51.0006622Z |■■■■■■■■■■■■■■■■■■■■■■■■■■■■■■■■■■■■■■■■■■■■■■■■■■■■■■■■                        |  70% of 96.7 MiB
2025-10-31T02:28:51.0804943Z |■■■■■■■■■■■■■■■■■■■■■■■■■■■■■■■■■■■■■■■■■■■■■■■■■■■■■■■■■■■■■■■■                |  80% of 96.7 MiB
2025-10-31T02:28:51.1540752Z |■■■■■■■■■■■■■■■■■■■■■■■■■■■■■■■■■■■■■■■■■■■■■■■■■■■■■■■■■■■■■■■■■■■■■■■■        |  90% of 96.7 MiB
2025-10-31T02:28:51.2272325Z |■■■■■■■■■■■■■■■■■■■■■■■■■■■■■■■■■■■■■■■■■■■■■■■■■■■■■■■■■■■■■■■■■■■■■■■■■■■■■■■■| 100% of 96.7 MiB
2025-10-31T02:28:53.6165941Z Firefox 142.0.1 (playwright build v1495) downloaded to /home/runner/.cache/ms-playwright/firefox-1495
2025-10-31T02:28:53.6172065Z Downloading Webkit 26.0 (playwright build v2215) from https://cdn.playwright.dev/dbazure/download/playwright/builds/webkit/2215/webkit-ubuntu-24.04.zip
2025-10-31T02:28:53.8539183Z |                                                                                |   0% of 94.6 MiB
2025-10-31T02:28:54.0857539Z |■■■■■■■■                                                                        |  10% of 94.6 MiB
2025-10-31T02:28:54.1847218Z |■■■■■■■■■■■■■■■■                                                                |  20% of 94.6 MiB
2025-10-31T02:28:54.2810336Z |■■■■■■■■■■■■■■■■■■■■■■■■                                                        |  30% of 94.6 MiB
2025-10-31T02:28:54.3803174Z |■■■■■■■■■■■■■■■■■■■■■■■■■■■■■■■■                                                |  40% of 94.6 MiB
2025-10-31T02:28:54.4590049Z |■■■■■■■■■■■■■■■■■■■■■■■■■■■■■■■■■■■■■■■■                                        |  50% of 94.6 MiB
2025-10-31T02:28:54.5380580Z |■■■■■■■■■■■■■■■■■■■■■■■■■■■■■■■■■■■■■■■■■■■■■■■■                                |  60% of 94.6 MiB
2025-10-31T02:28:54.6142496Z |■■■■■■■■■■■■■■■■■■■■■■■■■■■■■■■■■■■■■■■■■■■■■■■■■■■■■■■■                        |  70% of 94.6 MiB
2025-10-31T02:28:54.6888591Z |■■■■■■■■■■■■■■■■■■■■■■■■■■■■■■■■■■■■■■■■■■■■■■■■■■■■■■■■■■■■■■■■                |  80% of 94.6 MiB
2025-10-31T02:28:54.7601436Z |■■■■■■■■■■■■■■■■■■■■■■■■■■■■■■■■■■■■■■■■■■■■■■■■■■■■■■■■■■■■■■■■■■■■■■■■        |  90% of 94.6 MiB
2025-10-31T02:28:54.8427069Z |■■■■■■■■■■■■■■■■■■■■■■■■■■■■■■■■■■■■■■■■■■■■■■■■■■■■■■■■■■■■■■■■■■■■■■■■■■■■■■■■| 100% of 94.6 MiB
2025-10-31T02:28:57.2057815Z Webkit 26.0 (playwright build v2215) downloaded to /home/runner/.cache/ms-playwright/webkit-2215
2025-10-31T02:28:57.2062739Z Downloading FFMPEG playwright build v1011 from https://cdn.playwright.dev/dbazure/download/playwright/builds/ffmpeg/1011/ffmpeg-linux.zip
2025-10-31T02:28:57.4469595Z |                                                                                |   0% of 2.3 MiB
2025-10-31T02:28:57.4829071Z |■■■■■■■■                                                                        |  10% of 2.3 MiB
2025-10-31T02:28:57.5005999Z |■■■■■■■■■■■■■■■■                                                                |  20% of 2.3 MiB
2025-10-31T02:28:57.5102449Z |■■■■■■■■■■■■■■■■■■■■■■■■                                                        |  30% of 2.3 MiB
2025-10-31T02:28:57.5173925Z |■■■■■■■■■■■■■■■■■■■■■■■■■■■■■■■■                                                |  40% of 2.3 MiB
2025-10-31T02:28:57.5236504Z |■■■■■■■■■■■■■■■■■■■■■■■■■■■■■■■■■■■■■■■■                                        |  50% of 2.3 MiB
2025-10-31T02:28:57.5284301Z |■■■■■■■■■■■■■■■■■■■■■■■■■■■■■■■■■■■■■■■■■■■■■■■■                                |  60% of 2.3 MiB
2025-10-31T02:28:57.5325733Z |■■■■■■■■■■■■■■■■■■■■■■■■■■■■■■■■■■■■■■■■■■■■■■■■■■■■■■■■                        |  70% of 2.3 MiB
2025-10-31T02:28:57.5359513Z |■■■■■■■■■■■■■■■■■■■■■■■■■■■■■■■■■■■■■■■■■■■■■■■■■■■■■■■■■■■■■■■■                |  80% of 2.3 MiB
2025-10-31T02:28:57.5450132Z |■■■■■■■■■■■■■■■■■■■■■■■■■■■■■■■■■■■■■■■■■■■■■■■■■■■■■■■■■■■■■■■■■■■■■■■■        |  90% of 2.3 MiB
2025-10-31T02:28:57.5487113Z |■■■■■■■■■■■■■■■■■■■■■■■■■■■■■■■■■■■■■■■■■■■■■■■■■■■■■■■■■■■■■■■■■■■■■■■■■■■■■■■■| 100% of 2.3 MiB
2025-10-31T02:28:57.6392742Z FFMPEG playwright build v1011 downloaded to /home/runner/.cache/ms-playwright/ffmpeg-1011
2025-10-31T02:28:59.4394014Z ##[group]Run # start server in background and capture logs
2025-10-31T02:28:59.4394415Z [36;1m# start server in background and capture logs[0m
2025-10-31T02:28:59.4394936Z [36;1mnohup node tools/llm-mock/server.js > tools/llm-mock/server.log 2>&1 & echo $! > tools/llm-mock/server.pid || true[0m
2025-10-31T02:28:59.4395487Z [36;1m# install wait-on and wait for server to accept connections[0m
2025-10-31T02:28:59.4395807Z [36;1mnpm i -g wait-on || true[0m
2025-10-31T02:28:59.4396210Z [36;1mnpx wait-on http://127.0.0.1:8010 --timeout 30000 || (cat tools/llm-mock/server.log && exit 1)[0m
2025-10-31T02:28:59.4440388Z shell: /usr/bin/bash -e {0}
2025-10-31T02:28:59.4440625Z ##[endgroup]
2025-10-31T02:29:02.3148817Z npm warn EBADENGINE Unsupported engine {
2025-10-31T02:29:02.3149872Z npm warn EBADENGINE   package: 'joi@18.0.1',
2025-10-31T02:29:02.3151798Z npm warn EBADENGINE   required: { node: '>= 20' },
2025-10-31T02:29:02.3152684Z npm warn EBADENGINE   current: { node: 'v18.20.8', npm: '10.8.2' }
2025-10-31T02:29:02.3153315Z npm warn EBADENGINE }
2025-10-31T02:29:03.9008376Z 
2025-10-31T02:29:03.9009238Z added 36 packages in 4s
2025-10-31T02:29:03.9009952Z 
2025-10-31T02:29:03.9011630Z 7 packages are looking for funding
2025-10-31T02:29:03.9013577Z   run `npm fund` for details
2025-10-31T02:29:34.5836079Z Error: Timed out waiting for: http://127.0.0.1:8010
2025-10-31T02:29:34.5838129Z     at /opt/hostedtoolcache/node/18.20.8/x64/lib/node_modules/wait-on/lib/wait-on.js:131:31
2025-10-31T02:29:34.5842742Z     at doInnerSub (/opt/hostedtoolcache/node/18.20.8/x64/lib/node_modules/wait-on/node_modules/rxjs/dist/cjs/internal/operators/mergeInternals.js:22:31)
2025-10-31T02:29:34.5844514Z     at outerNext (/opt/hostedtoolcache/node/18.20.8/x64/lib/node_modules/wait-on/node_modules/rxjs/dist/cjs/internal/operators/mergeInternals.js:17:70)
2025-10-31T02:29:34.5846658Z     at OperatorSubscriber._this._next (/opt/hostedtoolcache/node/18.20.8/x64/lib/node_modules/wait-on/node_modules/rxjs/dist/cjs/internal/operators/OperatorSubscriber.js:33:21)
2025-10-31T02:29:34.5849554Z     at Subscriber.next (/opt/hostedtoolcache/node/18.20.8/x64/lib/node_modules/wait-on/node_modules/rxjs/dist/cjs/internal/Subscriber.js:51:18)
2025-10-31T02:29:34.5851219Z     at AsyncAction.work (/opt/hostedtoolcache/node/18.20.8/x64/lib/node_modules/wait-on/node_modules/rxjs/dist/cjs/internal/observable/timer.js:28:28)
2025-10-31T02:29:34.5852965Z     at AsyncAction._execute (/opt/hostedtoolcache/node/18.20.8/x64/lib/node_modules/wait-on/node_modules/rxjs/dist/cjs/internal/scheduler/AsyncAction.js:79:18)
2025-10-31T02:29:34.5854803Z     at AsyncAction.execute (/opt/hostedtoolcache/node/18.20.8/x64/lib/node_modules/wait-on/node_modules/rxjs/dist/cjs/internal/scheduler/AsyncAction.js:67:26)
2025-10-31T02:29:34.5856690Z     at AsyncScheduler.flush (/opt/hostedtoolcache/node/18.20.8/x64/lib/node_modules/wait-on/node_modules/rxjs/dist/cjs/internal/scheduler/AsyncScheduler.js:38:33)
2025-10-31T02:29:34.5861052Z     at listOnTimeout (node:internal/timers:569:17)
2025-10-31T02:29:34.5998529Z node:internal/modules/cjs/loader:1143
2025-10-31T02:29:34.6002750Z   throw err;
2025-10-31T02:29:34.6003107Z   ^
2025-10-31T02:29:34.6003258Z 
2025-10-31T02:29:34.6003501Z Error: Cannot find module 'pino'
2025-10-31T02:29:34.6003877Z Require stack:
2025-10-31T02:29:34.6004495Z - /home/runner/work/meu-repo/meu-repo/tools/llm-mock/lib/mock-core.js
2025-10-31T02:29:34.6005352Z - /home/runner/work/meu-repo/meu-repo/tools/llm-mock/server.js
2025-10-31T02:29:34.6006127Z     at Module._resolveFilename (node:internal/modules/cjs/loader:1140:15)
2025-10-31T02:29:34.6006846Z     at Module._load (node:internal/modules/cjs/loader:981:27)
2025-10-31T02:29:34.6009752Z     at Module.require (node:internal/modules/cjs/loader:1231:19)
2025-10-31T02:29:34.6010758Z     at require (node:internal/modules/helpers:177:18)
2025-10-31T02:29:34.6011604Z     at Object.<anonymous> (/home/runner/work/meu-repo/meu-repo/tools/llm-mock/lib/mock-core.js:4:14)
2025-10-31T02:29:34.6012791Z     at Module._compile (node:internal/modules/cjs/loader:1364:14)
2025-10-31T02:29:34.6013597Z     at Module._extensions..js (node:internal/modules/cjs/loader:1422:10)
2025-10-31T02:29:34.6014251Z     at Module.load (node:internal/modules/cjs/loader:1203:32)
2025-10-31T02:29:34.6014845Z     at Module._load (node:internal/modules/cjs/loader:1019:12)
2025-10-31T02:29:34.6015479Z     at Module.require (node:internal/modules/cjs/loader:1231:19) {
2025-10-31T02:29:34.6015992Z   code: 'MODULE_NOT_FOUND',
2025-10-31T02:29:34.6016324Z   requireStack: [
2025-10-31T02:29:34.6016877Z     '/home/runner/work/meu-repo/meu-repo/tools/llm-mock/lib/mock-core.js',
2025-10-31T02:29:34.6017913Z     '/home/runner/work/meu-repo/meu-repo/tools/llm-mock/server.js'
2025-10-31T02:29:34.6018248Z   ]
2025-10-31T02:29:34.6018410Z }
2025-10-31T02:29:34.6018496Z 
2025-10-31T02:29:34.6018570Z Node.js v18.20.8
2025-10-31T02:29:34.6030496Z ##[error]Process completed with exit code 1.
2025-10-31T02:29:34.6105050Z ##[group]Run actions/upload-artifact@v4
2025-10-31T02:29:34.6105329Z with:
2025-10-31T02:29:34.6105493Z   name: server-log
2025-10-31T02:29:34.6105688Z   path: tools/llm-mock/server.log
2025-10-31T02:29:34.6105916Z   if-no-files-found: warn
2025-10-31T02:29:34.6106118Z   compression-level: 6
2025-10-31T02:29:34.6106303Z   overwrite: false
2025-10-31T02:29:34.6106489Z   include-hidden-files: false
2025-10-31T02:29:34.6106693Z ##[endgroup]
2025-10-31T02:29:34.8503731Z With the provided path, there will be 1 file uploaded
2025-10-31T02:29:34.8512122Z Artifact name is valid!
2025-10-31T02:29:34.8514819Z Root directory input is valid!
2025-10-31T02:29:35.1450278Z Beginning upload of artifact content to blob storage
2025-10-31T02:29:35.4321839Z Uploaded bytes 497
2025-10-31T02:29:35.5061357Z Finished uploading artifact content to blob storage!
2025-10-31T02:29:35.5066059Z SHA256 digest of uploaded artifact zip is 9c14ffd8d83663534c6506afaf45711dcc088b8fa2669c65ca2e560e918612f4
2025-10-31T02:29:35.5069647Z Finalizing artifact upload
2025-10-31T02:29:35.6374356Z Artifact server-log.zip successfully finalized. Artifact ID 4425270088
2025-10-31T02:29:35.6376859Z Artifact server-log has been successfully uploaded! Final size is 497 bytes. Artifact ID is 4425270088
2025-10-31T02:29:35.6385459Z Artifact download URL: https://github.com/wilianflima321-glitch/meu-repo/actions/runs/18960815502/artifacts/4425270088
2025-10-31T02:29:35.6500500Z ##[group]Run actions/upload-artifact@v4
2025-10-31T02:29:35.6500768Z with:
2025-10-31T02:29:35.6500953Z   name: playwright-report
2025-10-31T02:29:35.6501181Z   path: playwright-report
2025-10-31T02:29:35.6501391Z   if-no-files-found: warn
2025-10-31T02:29:35.6501596Z   compression-level: 6
2025-10-31T02:29:35.6501788Z   overwrite: false
2025-10-31T02:29:35.6501992Z   include-hidden-files: false
2025-10-31T02:29:35.6502207Z ##[endgroup]
2025-10-31T02:29:35.9041150Z ##[warning]No files were found with the provided path: playwright-report. No artifacts will be uploaded.
2025-10-31T02:29:35.9186952Z Post job cleanup.
2025-10-31T02:29:36.0143545Z [command]/usr/bin/git version
2025-10-31T02:29:36.0184520Z git version 2.51.0
2025-10-31T02:29:36.0231403Z Temporarily overriding HOME='/home/runner/work/_temp/6acde1d3-f217-4f4f-986b-77ddf91b1a7e' before making global git config changes
2025-10-31T02:29:36.0243843Z Adding repository directory to the temporary git global config as a safe directory
2025-10-31T02:29:36.0245006Z [command]/usr/bin/git config --global --add safe.directory /home/runner/work/meu-repo/meu-repo
2025-10-31T02:29:36.0286307Z [command]/usr/bin/git config --local --name-only --get-regexp core\.sshCommand
2025-10-31T02:29:36.0321280Z [command]/usr/bin/git submodule foreach --recursive sh -c "git config --local --name-only --get-regexp 'core\.sshCommand' && git config --local --unset-all 'core.sshCommand' || :"
2025-10-31T02:29:36.0563221Z [command]/usr/bin/git config --local --name-only --get-regexp http\.https\:\/\/github\.com\/\.extraheader
2025-10-31T02:29:36.0589188Z http.https://github.com/.extraheader
2025-10-31T02:29:36.0602369Z [command]/usr/bin/git config --local --unset-all http.https://github.com/.extraheader
2025-10-31T02:29:36.0637190Z [command]/usr/bin/git submodule foreach --recursive sh -c "git config --local --name-only --get-regexp 'http\.https\:\/\/github\.com\/\.extraheader' && git config --local --unset-all 'http.https://github.com/.extraheader' || :"
2025-10-31T02:29:36.0996608Z Cleaning up orphan processes
